Component: ARM Compiler 5.06 update 4 (build 422) Tool: armlink [4d35d2]

==============================================================================

Small function inlining results

Inlined function __aeabi_idiv0 from aeabi_idiv0.o at offset 0x154 in aeabi_sdiv.o(.text).
Inlined Instruction: BX       lr
Inlined function __aeabi_idiv0 from aeabi_idiv0.o at offset 0x154 in aeabi_sdiv_div0.o(.text).
Inlined Instruction: BX       lr
Inlined function _platform_pre_stackheap_init from boardinit1.o at offset 0x0 in __rtentry2.o(.ARM.Collect$$rtentry$$00000001).
Inlined Instruction: BX       lr
Inlined function _fp_init from fpinit.o at offset 0x0 in libinit2.o(.ARM.Collect$$libinit$$00000001).
Inlined Instruction: BX       lr
Inlined function _platform_pre_lib_shutdown from boardshut.o at offset 0x0 in rtexit2.o(.ARM.Collect$$rtexit$$00000001).
Inlined Instruction: BX       lr
Inlined function __ARM_get_argv from no_argv.o at offset 0x2 in argv_veneer.o(.text).
Inlined Instruction: BX       lr
Inlined total of 6 calls.

==============================================================================

Memory Map of the image

  Image Entry point : 0x00000175

  Load Region LR_1 (Base: 0x00000000, Size: 0x00003ed4, Max: 0xffffffff, ABSOLUTE)

    Execution Region ER_RO (Base: 0x00000000, Size: 0x00003e80, Max: 0xffffffff, ABSOLUTE)

    Base Addr    Size         Type   Attr      Idx    E Section Name        Object

    0x00000000   0x000000c0   Data   RO           55    RESET               startup_nuc1xx.o
    0x000000c0   0x00000008   Code   RO         2052  * !!!main             c_p.l(__main.o)
    0x000000c8   0x0000003c   Code   RO         2263    !!!scatter          c_p.l(__scatter.o)
    0x00000104   0x0000001a   Code   RO         2265    !!handler_copy      c_p.l(__scatter_copy.o)
    0x0000011e   0x00000002   PAD
    0x00000120   0x0000001c   Code   RO         2267    !!handler_zi        c_p.l(__scatter_zi.o)
    0x0000013c   0x00000002   Code   RO         2043    .ARM.Collect$$_printf_percent$$00000000  c_p.l(_printf_percent.o)
    0x0000013e   0x0000000a   Code   RO         2042    .ARM.Collect$$_printf_percent$$00000013  c_p.l(_printf_c.o)
    0x00000148   0x00000004   Code   RO         2091    .ARM.Collect$$_printf_percent$$00000017  c_p.l(_printf_percent_end.o)
    0x0000014c   0x00000002   Code   RO         2132    .ARM.Collect$$libinit$$00000000  c_p.l(libinit.o)
    0x0000014e   0x00000000   Code   RO         2148    .ARM.Collect$$libinit$$00000002  c_p.l(libinit2.o)
    0x0000014e   0x00000000   Code   RO         2150    .ARM.Collect$$libinit$$00000004  c_p.l(libinit2.o)
    0x0000014e   0x00000000   Code   RO         2153    .ARM.Collect$$libinit$$0000000A  c_p.l(libinit2.o)
    0x0000014e   0x00000000   Code   RO         2155    .ARM.Collect$$libinit$$0000000C  c_p.l(libinit2.o)
    0x0000014e   0x00000000   Code   RO         2157    .ARM.Collect$$libinit$$0000000E  c_p.l(libinit2.o)
    0x0000014e   0x00000000   Code   RO         2160    .ARM.Collect$$libinit$$00000011  c_p.l(libinit2.o)
    0x0000014e   0x00000000   Code   RO         2162    .ARM.Collect$$libinit$$00000013  c_p.l(libinit2.o)
    0x0000014e   0x00000000   Code   RO         2164    .ARM.Collect$$libinit$$00000015  c_p.l(libinit2.o)
    0x0000014e   0x00000000   Code   RO         2166    .ARM.Collect$$libinit$$00000017  c_p.l(libinit2.o)
    0x0000014e   0x00000000   Code   RO         2168    .ARM.Collect$$libinit$$00000019  c_p.l(libinit2.o)
    0x0000014e   0x00000000   Code   RO         2170    .ARM.Collect$$libinit$$0000001B  c_p.l(libinit2.o)
    0x0000014e   0x00000000   Code   RO         2172    .ARM.Collect$$libinit$$0000001D  c_p.l(libinit2.o)
    0x0000014e   0x00000000   Code   RO         2174    .ARM.Collect$$libinit$$0000001F  c_p.l(libinit2.o)
    0x0000014e   0x00000000   Code   RO         2176    .ARM.Collect$$libinit$$00000021  c_p.l(libinit2.o)
    0x0000014e   0x00000000   Code   RO         2178    .ARM.Collect$$libinit$$00000023  c_p.l(libinit2.o)
    0x0000014e   0x00000000   Code   RO         2180    .ARM.Collect$$libinit$$00000025  c_p.l(libinit2.o)
    0x0000014e   0x00000000   Code   RO         2184    .ARM.Collect$$libinit$$0000002C  c_p.l(libinit2.o)
    0x0000014e   0x00000000   Code   RO         2186    .ARM.Collect$$libinit$$0000002E  c_p.l(libinit2.o)
    0x0000014e   0x00000000   Code   RO         2188    .ARM.Collect$$libinit$$00000030  c_p.l(libinit2.o)
    0x0000014e   0x00000000   Code   RO         2190    .ARM.Collect$$libinit$$00000032  c_p.l(libinit2.o)
    0x0000014e   0x00000002   Code   RO         2191    .ARM.Collect$$libinit$$00000033  c_p.l(libinit2.o)
    0x00000150   0x00000002   Code   RO         2220    .ARM.Collect$$libshutdown$$00000000  c_p.l(libshutdown.o)
    0x00000152   0x00000000   Code   RO         2246    .ARM.Collect$$libshutdown$$00000002  c_p.l(libshutdown2.o)
    0x00000152   0x00000000   Code   RO         2248    .ARM.Collect$$libshutdown$$00000004  c_p.l(libshutdown2.o)
    0x00000152   0x00000000   Code   RO         2251    .ARM.Collect$$libshutdown$$00000007  c_p.l(libshutdown2.o)
    0x00000152   0x00000000   Code   RO         2254    .ARM.Collect$$libshutdown$$0000000A  c_p.l(libshutdown2.o)
    0x00000152   0x00000000   Code   RO         2256    .ARM.Collect$$libshutdown$$0000000C  c_p.l(libshutdown2.o)
    0x00000152   0x00000000   Code   RO         2259    .ARM.Collect$$libshutdown$$0000000F  c_p.l(libshutdown2.o)
    0x00000152   0x00000002   Code   RO         2260    .ARM.Collect$$libshutdown$$00000010  c_p.l(libshutdown2.o)
    0x00000154   0x00000000   Code   RO         2080    .ARM.Collect$$rtentry$$00000000  c_p.l(__rtentry.o)
    0x00000154   0x00000000   Code   RO         2096    .ARM.Collect$$rtentry$$00000002  c_p.l(__rtentry2.o)
    0x00000154   0x00000006   Code   RO         2108    .ARM.Collect$$rtentry$$00000004  c_p.l(__rtentry4.o)
    0x0000015a   0x00000000   Code   RO         2098    .ARM.Collect$$rtentry$$00000009  c_p.l(__rtentry2.o)
    0x0000015a   0x00000004   Code   RO         2099    .ARM.Collect$$rtentry$$0000000A  c_p.l(__rtentry2.o)
    0x0000015e   0x00000000   Code   RO         2101    .ARM.Collect$$rtentry$$0000000C  c_p.l(__rtentry2.o)
    0x0000015e   0x00000008   Code   RO         2102    .ARM.Collect$$rtentry$$0000000D  c_p.l(__rtentry2.o)
    0x00000166   0x00000002   Code   RO         2139    .ARM.Collect$$rtexit$$00000000  c_p.l(rtexit.o)
    0x00000168   0x00000000   Code   RO         2195    .ARM.Collect$$rtexit$$00000002  c_p.l(rtexit2.o)
    0x00000168   0x00000004   Code   RO         2196    .ARM.Collect$$rtexit$$00000003  c_p.l(rtexit2.o)
    0x0000016c   0x00000006   Code   RO         2197    .ARM.Collect$$rtexit$$00000004  c_p.l(rtexit2.o)
    0x00000172   0x00000002   PAD
    0x00000174   0x00000064   Code   RO           56  * .text               startup_nuc1xx.o
    0x000001d8   0x00000028   Code   RO         2016    .text               c_p.l(noretval__2sprintf.o)
    0x00000200   0x00000052   Code   RO         2020    .text               c_p.l(_printf_str.o)
    0x00000252   0x0000010e   Code   RO         2030    .text               c_p.l(__printf_wp.o)
    0x00000360   0x00000040   Code   RO         2044    .text               c_p.l(rt_memclr.o)
    0x000003a0   0x0000015a   Code   RO         2046    .text               c_p.l(aeabi_sdiv.o)
    0x000004fa   0x00000006   Code   RO         2050    .text               c_p.l(heapauxi.o)
    0x00000500   0x0000007c   Code   RO         2054    .text               fz_ps.l(d2f.o)
    0x0000057c   0x00000358   Code   RO         2056    .text               fz_ps.l(daddsub.o)
    0x000008d4   0x00000448   Code   RO         2058    .text               fz_ps.l(ddiv.o)
    0x00000d1c   0x00000058   Code   RO         2061    .text               fz_ps.l(dflti.o)
    0x00000d74   0x00000248   Code   RO         2063    .text               fz_ps.l(dmul.o)
    0x00000fbc   0x00000054   Code   RO         2065    .text               fz_ps.l(f2d.o)
    0x00001010   0x00000160   Code   RO         2067    .text               fz_ps.l(fdiv.o)
    0x00001170   0x0000004c   Code   RO         2070    .text               fz_ps.l(ffixi.o)
    0x000011bc   0x0000005e   Code   RO         2072    .text               fz_ps.l(fflti.o)
    0x0000121a   0x00000002   PAD
    0x0000121c   0x00000030   Code   RO         2085    .text               c_p.l(_printf_char_common.o)
    0x0000124c   0x0000000a   Code   RO         2087    .text               c_p.l(_sputc.o)
    0x00001256   0x0000002e   Code   RO         2089    .text               c_p.l(_printf_char.o)
    0x00001284   0x00000064   Code   RO         2092    .text               fz_ps.l(fcmpin.o)
    0x000012e8   0x0000002e   Code   RO         2114    .text               fz_ps.l(cmpret.o)
    0x00001316   0x00000002   PAD
    0x00001318   0x00000010   Code   RO         2116    .text               fz_ps.l(fnan2.o)
    0x00001328   0x0000003e   Code   RO         2118    .text               c_p.l(sys_stackheap_outer.o)
    0x00001366   0x00000010   Code   RO         2121    .text               c_p.l(exit.o)
    0x00001376   0x0000005e   Code   RO         2133    .text               fz_ps.l(retnan.o)
    0x000013d4   0x00000008   Code   RO         2135    .text               c_p.l(libspace.o)
    0x000013dc   0x0000000c   Code   RO         2192    .text               c_p.l(sys_exit.o)
    0x000013e8   0x00000002   Code   RO         2209    .text               c_p.l(use_no_semi.o)
    0x000013ea   0x00000000   Code   RO         2211    .text               c_p.l(indicate_semi.o)
    0x000013ea   0x00000002   PAD
    0x000013ec   0x0000009c   Code   RO         1782    i.ADC_IRQHandler    drvadc.o
    0x00001488   0x00000074   Code   RO           60    i.ADC_average       smpl_can.o
    0x000014fc   0x0000001a   Code   RO           61    i.ADC_initialize    smpl_can.o
    0x00001516   0x00000002   PAD
    0x00001518   0x00000028   Code   RO          567    i.BOD_IRQHandler    drvsys.o
    0x00001540   0x000000d4   Code   RO          870    i.BaudRateCalculator  drvuart.o
    0x00001614   0x000000f0   Code   RO         1188    i.CAN0_IRQHandler   drvcan.o
    0x00001704   0x0000005c   Code   RO         1802    i.DrvADC_GetConversionData  drvadc.o
    0x00001760   0x00000018   Code   RO         1806    i.DrvADC_IsConversionDone  drvadc.o
    0x00001778   0x000000e0   Code   RO         1809    i.DrvADC_Open       drvadc.o
    0x00001858   0x00000024   Code   RO         1815    i.DrvADC_StartConvert  drvadc.o
    0x0000187c   0x00000014   Code   RO         1816    i.DrvADC_StopConvert  drvadc.o
    0x00001890   0x00000038   Code   RO         1192    i.DrvCAN_ClrIntPnd  drvcan.o
    0x000018c8   0x0000002c   Code   RO          329    i.DrvGPIO_ClrBit    drvgpio.o
    0x000018f4   0x0000002c   Code   RO          342    i.DrvGPIO_GetBit    drvgpio.o
    0x00001920   0x00000758   Code   RO          351    i.DrvGPIO_InitFunction  drvgpio.o
    0x00002078   0x00000088   Code   RO          352    i.DrvGPIO_Open      drvgpio.o
    0x00002100   0x0000002c   Code   RO          353    i.DrvGPIO_SetBit    drvgpio.o
    0x0000212c   0x00000090   Code   RO         1038    i.DrvI2C_Close      drvi2c.o
    0x000021bc   0x00000054   Code   RO         1039    i.DrvI2C_Ctrl       drvi2c.o
    0x00002210   0x000000c8   Code   RO         1047    i.DrvI2C_Open       drvi2c.o
    0x000022d8   0x0000002c   Code   RO          570    i.DrvSYS_Delay      drvsys.o
    0x00002304   0x00000008   Code   RO          585    i.DrvSYS_GetExtClockFreq  drvsys.o
    0x0000230c   0x00000070   Code   RO          586    i.DrvSYS_GetHCLKFreq  drvsys.o
    0x0000237c   0x00000078   Code   RO          587    i.DrvSYS_GetPLLClockFreq  drvsys.o
    0x000023f4   0x000000c4   Code   RO          588    i.DrvSYS_GetPLLContent  drvsys.o
    0x000024b8   0x00000010   Code   RO          591    i.DrvSYS_IsProtectedRegLocked  drvsys.o
    0x000024c8   0x000000c0   Code   RO          593    i.DrvSYS_Open       drvsys.o
    0x00002588   0x00000038   Code   RO          599    i.DrvSYS_SelectHCLKSource  drvsys.o
    0x000025c0   0x00000080   Code   RO          607    i.DrvSYS_SetOscCtrl  drvsys.o
    0x00002640   0x0000004c   Code   RO          608    i.DrvSYS_SetPLLContent  drvsys.o
    0x0000268c   0x00000268   Code   RO          880    i.DrvUART_Open      drvuart.o
    0x000028f4   0x00000040   Code   RO          886    i.DrvUART_Write     drvuart.o
    0x00002934   0x00000024   Code   RO          359    i.EINT0_IRQHandler  drvgpio.o
    0x00002958   0x00000024   Code   RO          360    i.EINT1_IRQHandler  drvgpio.o
    0x0000297c   0x00000044   Code   RO          361    i.GPAB_IRQHandler   drvgpio.o
    0x000029c0   0x0000004c   Code   RO          362    i.GPCDE_IRQHandler  drvgpio.o
    0x00002a0c   0x00000028   Code   RO         1224    i.GetFreeIF         drvcan.o
    0x00002a34   0x0000004c   Code   RO          887    i.GetUartClk        drvuart.o
    0x00002a80   0x0000007c   Code   RO         1055    i.I2C0_IRQHandler   drvi2c.o
    0x00002afc   0x0000007c   Code   RO         1056    i.I2C1_IRQHandler   drvi2c.o
    0x00002b78   0x00000038   Code   RO           62    i.InitHCLK12M       smpl_can.o
    0x00002bb0   0x00000044   Code   RO           63    i.Init_LED          smpl_can.o
    0x00002bf4   0x00000028   Code   RO          615    i.PWRWU_IRQHandler  drvsys.o
    0x00002c1c   0x00000064   Code   RO         1481    i.SPI0_IRQHandler   drvspi.o
    0x00002c80   0x00000064   Code   RO         1482    i.SPI1_IRQHandler   drvspi.o
    0x00002ce4   0x00000064   Code   RO         1483    i.SPI2_IRQHandler   drvspi.o
    0x00002d48   0x00000064   Code   RO         1484    i.SPI3_IRQHandler   drvspi.o
    0x00002dac   0x000000a0   Code   RO           17    i.SystemCoreClockUpdate  system_nuc1xx.o
    0x00002e4c   0x00000002   Code   RO           18    i.SystemInit        system_nuc1xx.o
    0x00002e4e   0x00000002   PAD
    0x00002e50   0x0000003c   Code   RO          890    i.UART02_IRQHandler  drvuart.o
    0x00002e8c   0x00000020   Code   RO          891    i.UART1_IRQHandler  drvuart.o
    0x00002eac   0x0000001c   Code   RO          143    i.__ARM_common_switch8  smpl_can.o
    0x00002ec8   0x0000000e   Code   RO         2032    i._is_digit         c_p.l(__printf_wp.o)
    0x00002ed6   0x00000002   PAD
    0x00002ed8   0x00000510   Code   RO           64    i.calibrateMPU9250  smpl_can.o
    0x000033e8   0x00000020   Code   RO           65    i.delay_time        smpl_can.o
    0x00003408   0x00000042   Code   RO           66    i.get_ADC_value     smpl_can.o
    0x0000344a   0x00000002   PAD
    0x0000344c   0x000000a8   Code   RO           67    i.initMPU9250       smpl_can.o
    0x000034f4   0x00000496   Code   RO           68    i.main              smpl_can.o
    0x0000398a   0x00000086   Code   RO           69    i.readAccelData     smpl_can.o
    0x00003a10   0x0000012c   Code   RO           70    i.readByte          smpl_can.o
    0x00003b3c   0x0000000e   Code   RO           71    i.resetMPU9250      smpl_can.o
    0x00003b4a   0x00000002   PAD
    0x00003b4c   0x000000e8   Code   RO           72    i.writeByte         smpl_can.o
    0x00003c34   0x00000054   Code   RO         2074    x$fpl$fleqf         fz_ps.l(flef.o)
    0x00003c88   0x000000b0   Code   RO         2076    x$fpl$fmul          fz_ps.l(fmul.o)
    0x00003d38   0x00000058   Code   RO         2078    x$fpl$frleqf        fz_ps.l(frlef.o)
    0x00003d90   0x00000000   Code   RO         2094    x$fpl$usenofp       fz_ps.l(usenofp.o)
    0x00003d90   0x00000010   Data   RO          616    .constdata          drvsys.o
    0x00003da0   0x00000080   Data   RO         2059    .constdata          fz_ps.l(ddiv.o)
    0x00003e20   0x00000040   Data   RO         2068    .constdata          fz_ps.l(fdiv.o)
    0x00003e60   0x00000020   Data   RO         2261    Region$$Table       anon$$obj.o


    Execution Region ER_RW (Base: 0x20000000, Size: 0x00000054, Max: 0xffffffff, ABSOLUTE)

    Base Addr    Size         Type   Attr      Idx    E Section Name        Object

    0x20000000   0x0000001c   Data   RW           19    .data               system_nuc1xx.o
    0x2000001c   0x00000006   Data   RW           74    .data               smpl_can.o
    0x20000022   0x00000002   PAD
    0x20000024   0x00000010   Data   RW          366    .data               drvgpio.o
    0x20000034   0x00000008   Data   RW          617    .data               drvsys.o
    0x2000003c   0x0000000c   Data   RW          892    .data               drvuart.o
    0x20000048   0x0000000c   Data   RW         1820    .data               drvadc.o


    Execution Region ER_ZI (Base: 0x20000054, Size: 0x0000050c, Max: 0xffffffff, ABSOLUTE)

    Base Addr    Size         Type   Attr      Idx    E Section Name        Object

    0x20000054   0x00000018   Zero   RW           73    .bss                smpl_can.o
    0x2000006c   0x00000020   Zero   RW         1060    .bss                drvi2c.o
    0x2000008c   0x00000018   Zero   RW         1226    .bss                drvcan.o
    0x200000a4   0x00000050   Zero   RW         1485    .bss                drvspi.o
    0x200000f4   0x0000000c   Zero   RW         1819    .bss                drvadc.o
    0x20000100   0x00000060   Zero   RW         2136    .bss                c_p.l(libspace.o)
    0x20000160   0x00000000   Zero   RW           54    HEAP                startup_nuc1xx.o
    0x20000160   0x00000400   Zero   RW           53    STACK               startup_nuc1xx.o


==============================================================================

Image component sizes


      Code (inc. data)   RO Data    RW Data    ZI Data      Debug   Object Name

         0          0          0          0          0       4540   core_cm0.o
       552         52          0         12         12       5899   drvadc.o
       336         24          0          0         24       4861   drvcan.o
      2364        154          0         16          0      11848   drvgpio.o
       676         58          0          0         32       4255   drvi2c.o
       400         32          0          0         80       4736   drvspi.o
      1028        134         16          8          0      10670   drvsys.o
      1060         62          0         12          0       7882   drvuart.o
      3710        226          0          6         24     133465   smpl_can.o
       100         46        192          0       1024        740   startup_nuc1xx.o
       162         28          0         28          0     120190   system_nuc1xx.o

    ----------------------------------------------------------------------
     10396        816        240         84       1196     309086   Object Totals
         0          0         32          0          0          0   (incl. Generated)
         8          0          0          2          0          0   (incl. Padding)

    ----------------------------------------------------------------------

      Code (inc. data)   RO Data    RW Data    ZI Data      Debug   Library Member Name

         8          0          0          0          0         68   __main.o
       284          0          0          0          0        136   __printf_wp.o
         0          0          0          0          0          0   __rtentry.o
        12          0          0          0          0          0   __rtentry2.o
         6          0          0          0          0          0   __rtentry4.o
        60          8          0          0          0          0   __scatter.o
        26          0          0          0          0          0   __scatter_copy.o
        28          0          0          0          0          0   __scatter_zi.o
        10          0          0          0          0          0   _printf_c.o
        46          0          0          0          0        100   _printf_char.o
        48          6          0          0          0         88   _printf_char_common.o
         2          0          0          0          0          0   _printf_percent.o
         4          0          0          0          0          0   _printf_percent_end.o
        82          0          0          0          0         72   _printf_str.o
        10          0          0          0          0         60   _sputc.o
       346          0          0          0          0         92   aeabi_sdiv.o
        16          0          0          0          0         68   exit.o
         6          0          0          0          0        136   heapauxi.o
         0          0          0          0          0          0   indicate_semi.o
         2          0          0          0          0          0   libinit.o
         2          0          0          0          0          0   libinit2.o
         2          0          0          0          0          0   libshutdown.o
         2          0          0          0          0          0   libshutdown2.o
         8          4          0          0         96         68   libspace.o
        40          4          0          0          0         84   noretval__2sprintf.o
        64          0          0          0          0        108   rt_memclr.o
         2          0          0          0          0          0   rtexit.o
        10          0          0          0          0          0   rtexit2.o
        12          4          0          0          0         60   sys_exit.o
        62          0          0          0          0         80   sys_stackheap_outer.o
         2          0          0          0          0         68   use_no_semi.o
        46          0          0          0          0         60   cmpret.o
       124          4          0          0          0         72   d2f.o
       856         20          0          0          0        208   daddsub.o
      1096         26        128          0          0        112   ddiv.o
        88          0          0          0          0         92   dflti.o
       584         26          0          0          0         84   dmul.o
        84          4          0          0          0         60   f2d.o
       100          4          0          0          0         68   fcmpin.o
       352         10         64          0          0         92   fdiv.o
        76          0          0          0          0         68   ffixi.o
        94          0          0          0          0         92   fflti.o
        84          4          0          0          0         76   flef.o
       176          4          0          0          0         80   fmul.o
        16          6          0          0          0         68   fnan2.o
        88          4          0          0          0         76   frlef.o
        94          0          0          0          0         68   retnan.o
         0          0          0          0          0          0   usenofp.o

    ----------------------------------------------------------------------
      5172        138        192          0         96       2664   Library Totals
        12          0          0          0          0          0   (incl. Padding)

    ----------------------------------------------------------------------

      Code (inc. data)   RO Data    RW Data    ZI Data      Debug   Library Name

      1202         26          0          0         96       1288   c_p.l
      3958        112        192          0          0       1376   fz_ps.l

    ----------------------------------------------------------------------
      5172        138        192          0         96       2664   Library Totals

    ----------------------------------------------------------------------

==============================================================================


      Code (inc. data)   RO Data    RW Data    ZI Data      Debug   

     15568        954        432         84       1292     308018   Grand Totals
     15568        954        432         84       1292     308018   ELF Image Totals
     15568        954        432         84          0          0   ROM Totals

==============================================================================

    Total RO  Size (Code + RO Data)                16000 (  15.63kB)
    Total RW  Size (RW Data + ZI Data)              1376 (   1.34kB)
    Total ROM Size (Code + RO Data + RW Data)      16084 (  15.71kB)

==============================================================================

