<html>
<body>
<pre>
<h1>µVision Build Log</h1>
<h2>Tool Versions:</h2>
IDE-Version: £gVision V5.23.0.0
Copyright (C) 2017 ARM Ltd and ARM Germany GmbH. All rights reserved.
License Information: asd SA, fds, LIC=----
 
Tool Versions:
Toolchain:       MDK-Lite  Version: 5.23
Toolchain Path:  C:\Keil_v5\ARM\ARMCC\Bin
C Compiler:      Armcc.exe V5.06 update 4 (build 422)
Assembler:       Armasm.exe V5.06 update 4 (build 422)
Linker/Locator:  ArmLink.exe V5.06 update 4 (build 422)
Library Manager: ArmAr.exe V5.06 update 4 (build 422)
Hex Converter:   FromElf.exe V5.06 update 4 (build 422)
CPU DLL:         SARMCM3.DLL V5.23
Dialog DLL:      DARMCM1.DLL V1.17.0.0
Target DLL:      Nu_Link.dll V1.30
Dialog DLL:      TARMCM1.DLL V1.12.0.0
 
<h2>Project:</h2>
C:\Keil\NuvotonPlatform_Keil\Sample\NUC1xx-LB_002\­«¶q´ú¸Õ\Smpl_UART0.uvproj
Project File Date:  06/21/2017

<h2>Output:</h2>
*** Using Compiler 'V5.06 update 4 (build 422)', folder: 'C:\Keil_v5\ARM\ARMCC\Bin'
Build target 'Smpl_UART0'
creating preprocessor file for core_cm0.c...
creating preprocessor file for system_NUC1xx.c...
creating preprocessor file for LCD_Driver.c...
creating preprocessor file for Ascii_Table.C...
creating preprocessor file for Smpl_UART0.c...
creating preprocessor file for DrvSYS.c...
creating preprocessor file for DrvUART.c...
compiling Smpl_UART0.c...
Smpl_UART0.c(75): warning:  #167-D: argument of type "char *" is incompatible with parameter of type "uint8_t *"
  		DrvUART_Write(UART_PORT0,TEXT3,10);
Smpl_UART0.c(78): warning:  #1-D: last line of file ends without a newline
  }
Smpl_UART0.c(15): warning:  #177-D: variable "aa"  was declared but never referenced
  	uint8_t aa[8];
Smpl_UART0.c(17): warning:  #177-D: variable "a"  was declared but never referenced
  	uint8_t a[1];
Smpl_UART0.c: 4 warnings, 0 errors
creating preprocessor file for DrvGPIO.c...
linking...
Program Size: Code=7008 RO-data=240 RW-data=1616 ZI-data=1120  
After Build - User command #1: fromelf --bin ".\obj\Smpl_UART0.axf" --output ".\obj\Smpl_UART0.bin"
After Build - User command #2: fromelf --text -c ".\obj\Smpl_UART0.axf" --output ".\obj\Smpl_UART0.txt"
".\obj\Smpl_UART0.axf" - 0 Error(s), 4 Warning(s).
Build Time Elapsed:  00:00:02
</pre>
</body>
</html>
