<html>
<body>
<pre>
<h1>µVision Build Log</h1>
<h2>Project:</h2>
C:\Keil\NuvotonPlatform_Keil\Sample\NUC1xx-LB_002\Smpl_ADC_PWM\Smpl_ADC_PWM.uvproj
Project File Date:  02/17/2017

<h2>Output:</h2>
Build target 'Smpl_ADC_PWM'
creating preprocessor file for Smpl_ADC_PWM.c...
compiling Smpl_ADC_PWM.c...
linking...
Program Size: Code=2756 RO-data=240 RW-data=1552 ZI-data=1120  
User command #1: fromelf --bin ".\obj\Smpl_ADC_PWM.axf" --output ".\obj\Smpl_ADC_PWM.bin"
User command #2: fromelf --text -c ".\obj\Smpl_ADC_PWM.axf" --output ".\obj\Smpl_ADC_PWM.txt"
".\obj\Smpl_ADC_PWM.axf" - 0 Error(s), 0 Warning(s).
Load "C:\\Keil\\NuvotonPlatform_Keil\\Sample\\NUC1xx-LB_002\\Smpl_ADC_PWM\\obj\\Smpl_ADC_PWM.AXF" 
Load "C:\\Keil\\NuvotonPlatform_Keil\\Sample\\NUC1xx-LB_002\\Smpl_ADC_PWM\\obj\\Smpl_ADC_PWM.AXF" 
Build target 'Smpl_ADC_PWM'
creating preprocessor file for Smpl_ADC_PWM.c...
compiling Smpl_ADC_PWM.c...
creating preprocessor file for DrvUART.c...
compiling DrvUART.c...
linking...
.\obj\Smpl_ADC_PWM.axf: Error: L6218E: Undefined symbol DrvSYS_GetExtClockFreq (referred from drvuart.o).
.\obj\Smpl_ADC_PWM.axf: Error: L6218E: Undefined symbol DrvSYS_GetPLLClockFreq (referred from drvuart.o).
.\obj\Smpl_ADC_PWM.axf: Not enough information to list image symbols.
.\obj\Smpl_ADC_PWM.axf: Finished: 1 information, 0 warning and 2 error messages.
Target not created
Build target 'Smpl_ADC_PWM'
creating preprocessor file for core_cm0.c...
compiling core_cm0.c...
creating preprocessor file for system_NUC1xx.c...
compiling system_NUC1xx.c...
assembling startup_NUC1xx.s...
creating preprocessor file for Smpl_ADC_PWM.c...
compiling Smpl_ADC_PWM.c...
creating preprocessor file for LCD_Driver.c...
compiling LCD_Driver.c...
creating preprocessor file for Ascii_Table.C...
compiling Ascii_Table.C...
creating preprocessor file for DrvGPIO.c...
compiling DrvGPIO.c...
creating preprocessor file for DrvUART.c...
compiling DrvUART.c...
linking...
.\obj\Smpl_ADC_PWM.axf: Error: L6218E: Undefined symbol DrvSYS_GetExtClockFreq (referred from drvuart.o).
.\obj\Smpl_ADC_PWM.axf: Error: L6218E: Undefined symbol DrvSYS_GetPLLClockFreq (referred from drvuart.o).
.\obj\Smpl_ADC_PWM.axf: Not enough information to list image symbols.
.\obj\Smpl_ADC_PWM.axf: Finished: 1 information, 0 warning and 2 error messages.
Target not created
Build target 'Smpl_ADC_PWM'
creating preprocessor file for Smpl_ADC_PWM.c...
compiling Smpl_ADC_PWM.c...
linking...
.\obj\Smpl_ADC_PWM.axf: Error: L6218E: Undefined symbol DrvSYS_GetExtClockFreq (referred from drvuart.o).
.\obj\Smpl_ADC_PWM.axf: Error: L6218E: Undefined symbol DrvSYS_GetPLLClockFreq (referred from drvuart.o).
.\obj\Smpl_ADC_PWM.axf: Not enough information to list image symbols.
.\obj\Smpl_ADC_PWM.axf: Finished: 1 information, 0 warning and 2 error messages.
Target not created
Build target 'Smpl_ADC_PWM'
creating preprocessor file for Smpl_ADC_PWM.c...
compiling Smpl_ADC_PWM.c...
creating preprocessor file for DrvUART.c...
compiling DrvUART.c...
linking...
.\obj\Smpl_ADC_PWM.axf: Error: L6218E: Undefined symbol DrvSYS_GetExtClockFreq (referred from drvuart.o).
.\obj\Smpl_ADC_PWM.axf: Error: L6218E: Undefined symbol DrvSYS_GetPLLClockFreq (referred from drvuart.o).
.\obj\Smpl_ADC_PWM.axf: Not enough information to list image symbols.
.\obj\Smpl_ADC_PWM.axf: Finished: 1 information, 0 warning and 2 error messages.
Target not created
Build target 'Smpl_ADC_PWM'
creating preprocessor file for core_cm0.c...
compiling core_cm0.c...
creating preprocessor file for system_NUC1xx.c...
compiling system_NUC1xx.c...
assembling startup_NUC1xx.s...
creating preprocessor file for Smpl_ADC_PWM.c...
compiling Smpl_ADC_PWM.c...
creating preprocessor file for LCD_Driver.c...
compiling LCD_Driver.c...
creating preprocessor file for Ascii_Table.C...
compiling Ascii_Table.C...
creating preprocessor file for DrvUART.c...
compiling DrvUART.c...
creating preprocessor file for DrvGPIO.c...
compiling DrvGPIO.c...
linking...
.\obj\Smpl_ADC_PWM.axf: Error: L6218E: Undefined symbol DrvSYS_GetExtClockFreq (referred from drvuart.o).
.\obj\Smpl_ADC_PWM.axf: Error: L6218E: Undefined symbol DrvSYS_GetPLLClockFreq (referred from drvuart.o).
.\obj\Smpl_ADC_PWM.axf: Not enough information to list image symbols.
.\obj\Smpl_ADC_PWM.axf: Finished: 1 information, 0 warning and 2 error messages.
Target not created
Build target 'Smpl_ADC_PWM'
creating preprocessor file for Smpl_ADC_PWM.c...
compiling Smpl_ADC_PWM.c...
linking...
.\obj\Smpl_ADC_PWM.axf: Error: L6218E: Undefined symbol DrvSYS_GetExtClockFreq (referred from drvuart.o).
.\obj\Smpl_ADC_PWM.axf: Error: L6218E: Undefined symbol DrvSYS_GetPLLClockFreq (referred from drvuart.o).
.\obj\Smpl_ADC_PWM.axf: Not enough information to list image symbols.
.\obj\Smpl_ADC_PWM.axf: Finished: 1 information, 0 warning and 2 error messages.
Target not created
Build target 'Smpl_ADC_PWM'
creating preprocessor file for core_cm0.c...
compiling core_cm0.c...
creating preprocessor file for system_NUC1xx.c...
compiling system_NUC1xx.c...
assembling startup_NUC1xx.s...
creating preprocessor file for Smpl_ADC_PWM.c...
compiling Smpl_ADC_PWM.c...
creating preprocessor file for LCD_Driver.c...
compiling LCD_Driver.c...
creating preprocessor file for Ascii_Table.C...
compiling Ascii_Table.C...
creating preprocessor file for DrvUART.c...
compiling DrvUART.c...
creating preprocessor file for DrvGPIO.c...
compiling DrvGPIO.c...
linking...
.\obj\Smpl_ADC_PWM.axf: Error: L6218E: Undefined symbol DrvSYS_GetExtClockFreq (referred from drvuart.o).
.\obj\Smpl_ADC_PWM.axf: Error: L6218E: Undefined symbol DrvSYS_GetPLLClockFreq (referred from drvuart.o).
.\obj\Smpl_ADC_PWM.axf: Not enough information to list image symbols.
.\obj\Smpl_ADC_PWM.axf: Finished: 1 information, 0 warning and 2 error messages.
Target not created
Build target 'Smpl_ADC_PWM'
creating preprocessor file for DrvSYS.c...
compiling DrvSYS.c...
linking...
Program Size: Code=2928 RO-data=240 RW-data=1572 ZI-data=1124  
User command #1: fromelf --bin ".\obj\Smpl_ADC_PWM.axf" --output ".\obj\Smpl_ADC_PWM.bin"
User command #2: fromelf --text -c ".\obj\Smpl_ADC_PWM.axf" --output ".\obj\Smpl_ADC_PWM.txt"
".\obj\Smpl_ADC_PWM.axf" - 0 Error(s), 0 Warning(s).
Build target 'Smpl_ADC_PWM'
creating preprocessor file for Smpl_ADC_PWM.c...
compiling Smpl_ADC_PWM.c...
Smpl_ADC_PWM.c(87): warning:  #223-D: function "DrvSYS_Open" declared implicitly
Smpl_ADC_PWM.c:         DrvSYS_Open(48000000);
Smpl_ADC_PWM.c:         ^
Smpl_ADC_PWM.c(92): warning:  #223-D: function "DrvGPIO_InitFunction" declared implicitly
Smpl_ADC_PWM.c:         DrvGPIO_InitFunction(E_FUNC_UART0);             
Smpl_ADC_PWM.c:         ^
Smpl_ADC_PWM.c(92): error:  #20: identifier "E_FUNC_UART0" is undefined
Smpl_ADC_PWM.c:         DrvGPIO_InitFunction(E_FUNC_UART0);             
Smpl_ADC_PWM.c:                              ^
Smpl_ADC_PWM.c(123): error:  #167: argument of type "int" is incompatible with parameter of type "uint8_t *"
Smpl_ADC_PWM.c:                         DrvUART_Write(UART_PORT0,'1',1);
Smpl_ADC_PWM.c:                                                  ^
Smpl_ADC_PWM.c(125): error:  #167: argument of type "int" is incompatible with parameter of type "uint8_t *"
Smpl_ADC_PWM.c:                         DrvUART_Write(UART_PORT0,'0',1);
Smpl_ADC_PWM.c:                                                  ^
Smpl_ADC_PWM.c: Smpl_ADC_PWM.c: 2 warnings, 3 errors
Target not created
Build target 'Smpl_ADC_PWM'
creating preprocessor file for Smpl_ADC_PWM.c...
compiling Smpl_ADC_PWM.c...
Smpl_ADC_PWM.c(88): warning:  #223-D: function "DrvSYS_Open" declared implicitly
Smpl_ADC_PWM.c:         DrvSYS_Open(48000000);
Smpl_ADC_PWM.c:         ^
Smpl_ADC_PWM.c(124): error:  #167: argument of type "int" is incompatible with parameter of type "uint8_t *"
Smpl_ADC_PWM.c:                         DrvUART_Write(UART_PORT0,'1',1);
Smpl_ADC_PWM.c:                                                  ^
Smpl_ADC_PWM.c(126): error:  #167: argument of type "int" is incompatible with parameter of type "uint8_t *"
Smpl_ADC_PWM.c:                         DrvUART_Write(UART_PORT0,'0',1);
Smpl_ADC_PWM.c:                                                  ^
Smpl_ADC_PWM.c: Smpl_ADC_PWM.c: 1 warning, 2 errors
Target not created
Build target 'Smpl_ADC_PWM'
creating preprocessor file for Smpl_ADC_PWM.c...
compiling Smpl_ADC_PWM.c...
Smpl_ADC_PWM.c(88): warning:  #223-D: function "DrvSYS_Open" declared implicitly
Smpl_ADC_PWM.c:         DrvSYS_Open(48000000);
Smpl_ADC_PWM.c:         ^
Smpl_ADC_PWM.c: Smpl_ADC_PWM.c: 1 warning, 0 errors
linking...
Program Size: Code=7032 RO-data=256 RW-data=1600 ZI-data=1120  
User command #1: fromelf --bin ".\obj\Smpl_ADC_PWM.axf" --output ".\obj\Smpl_ADC_PWM.bin"
User command #2: fromelf --text -c ".\obj\Smpl_ADC_PWM.axf" --output ".\obj\Smpl_ADC_PWM.txt"
".\obj\Smpl_ADC_PWM.axf" - 0 Error(s), 1 Warning(s).
Build target 'Smpl_ADC_PWM'
creating preprocessor file for Smpl_ADC_PWM.c...
compiling Smpl_ADC_PWM.c...
Smpl_ADC_PWM.c(88): warning:  #223-D: function "DrvSYS_Open" declared implicitly
Smpl_ADC_PWM.c:         DrvSYS_Open(48000000);
Smpl_ADC_PWM.c:         ^
Smpl_ADC_PWM.c(125): error:  #134: expected a field name
Smpl_ADC_PWM.c:                         PWMA->CMR0=ADC->1000;
Smpl_ADC_PWM.c:                                         ^
Smpl_ADC_PWM.c(127): error:  #134: expected a field name
Smpl_ADC_PWM.c:                         PWMA->CMR0=ADC->0;
Smpl_ADC_PWM.c:                                         ^
Smpl_ADC_PWM.c: Smpl_ADC_PWM.c: 1 warning, 2 errors
Target not created
Build target 'Smpl_ADC_PWM'
creating preprocessor file for Smpl_ADC_PWM.c...
compiling Smpl_ADC_PWM.c...
Smpl_ADC_PWM.c(88): warning:  #223-D: function "DrvSYS_Open" declared implicitly
Smpl_ADC_PWM.c:         DrvSYS_Open(48000000);
Smpl_ADC_PWM.c:         ^
Smpl_ADC_PWM.c(125): error:  #134: expected a field name
Smpl_ADC_PWM.c:                         PWMA->CMR0=ADC->0xff;
Smpl_ADC_PWM.c:                                         ^
Smpl_ADC_PWM.c(127): error:  #134: expected a field name
Smpl_ADC_PWM.c:                         PWMA->CMR0=ADC->0;
Smpl_ADC_PWM.c:                                         ^
Smpl_ADC_PWM.c: Smpl_ADC_PWM.c: 1 warning, 2 errors
Target not created
Build target 'Smpl_ADC_PWM'
creating preprocessor file for Smpl_ADC_PWM.c...
compiling Smpl_ADC_PWM.c...
Smpl_ADC_PWM.c(88): warning:  #223-D: function "DrvSYS_Open" declared implicitly
Smpl_ADC_PWM.c:         DrvSYS_Open(48000000);
Smpl_ADC_PWM.c:         ^
Smpl_ADC_PWM.c: Smpl_ADC_PWM.c: 1 warning, 0 errors
linking...
Program Size: Code=6952 RO-data=256 RW-data=1600 ZI-data=1120  
User command #1: fromelf --bin ".\obj\Smpl_ADC_PWM.axf" --output ".\obj\Smpl_ADC_PWM.bin"
User command #2: fromelf --text -c ".\obj\Smpl_ADC_PWM.axf" --output ".\obj\Smpl_ADC_PWM.txt"
".\obj\Smpl_ADC_PWM.axf" - 0 Error(s), 1 Warning(s).
Load "C:\\Keil\\NuvotonPlatform_Keil\\Sample\\NUC1xx-LB_002\\Smpl_ADC_PWM\\obj\\Smpl_ADC_PWM.AXF" 
Build target 'Smpl_ADC_PWM'
creating preprocessor file for Smpl_ADC_PWM.c...
compiling Smpl_ADC_PWM.c...
Smpl_ADC_PWM.c(88): warning:  #223-D: function "DrvSYS_Open" declared implicitly
Smpl_ADC_PWM.c:         DrvSYS_Open(48000000);
Smpl_ADC_PWM.c:         ^
Smpl_ADC_PWM.c: Smpl_ADC_PWM.c: 1 warning, 0 errors
linking...
Program Size: Code=6956 RO-data=256 RW-data=1600 ZI-data=1120  
User command #1: fromelf --bin ".\obj\Smpl_ADC_PWM.axf" --output ".\obj\Smpl_ADC_PWM.bin"
User command #2: fromelf --text -c ".\obj\Smpl_ADC_PWM.axf" --output ".\obj\Smpl_ADC_PWM.txt"
".\obj\Smpl_ADC_PWM.axf" - 0 Error(s), 1 Warning(s).
Load "C:\\Keil\\NuvotonPlatform_Keil\\Sample\\NUC1xx-LB_002\\Smpl_ADC_PWM\\obj\\Smpl_ADC_PWM.AXF" 
Build target 'Smpl_ADC_PWM'
creating preprocessor file for Smpl_ADC_PWM.c...
compiling Smpl_ADC_PWM.c...
Smpl_ADC_PWM.c(88): warning:  #223-D: function "DrvSYS_Open" declared implicitly
Smpl_ADC_PWM.c:         DrvSYS_Open(48000000);
Smpl_ADC_PWM.c:         ^
Smpl_ADC_PWM.c: Smpl_ADC_PWM.c: 1 warning, 0 errors
linking...
Program Size: Code=7172 RO-data=256 RW-data=1600 ZI-data=1120  
User command #1: fromelf --bin ".\obj\Smpl_ADC_PWM.axf" --output ".\obj\Smpl_ADC_PWM.bin"
User command #2: fromelf --text -c ".\obj\Smpl_ADC_PWM.axf" --output ".\obj\Smpl_ADC_PWM.txt"
".\obj\Smpl_ADC_PWM.axf" - 0 Error(s), 1 Warning(s).
Load "C:\\Keil\\NuvotonPlatform_Keil\\Sample\\NUC1xx-LB_002\\Smpl_ADC_PWM\\obj\\Smpl_ADC_PWM.AXF" 
Build target 'Smpl_ADC_PWM'
creating preprocessor file for Smpl_ADC_PWM.c...
compiling Smpl_ADC_PWM.c...
Smpl_ADC_PWM.c(88): warning:  #223-D: function "DrvSYS_Open" declared implicitly
Smpl_ADC_PWM.c:         DrvSYS_Open(48000000);
Smpl_ADC_PWM.c:         ^
Smpl_ADC_PWM.c: Smpl_ADC_PWM.c: 1 warning, 0 errors
linking...
Program Size: Code=7172 RO-data=256 RW-data=1600 ZI-data=1120  
User command #1: fromelf --bin ".\obj\Smpl_ADC_PWM.axf" --output ".\obj\Smpl_ADC_PWM.bin"
User command #2: fromelf --text -c ".\obj\Smpl_ADC_PWM.axf" --output ".\obj\Smpl_ADC_PWM.txt"
".\obj\Smpl_ADC_PWM.axf" - 0 Error(s), 1 Warning(s).
Load "C:\\Keil\\NuvotonPlatform_Keil\\Sample\\NUC1xx-LB_002\\Smpl_ADC_PWM\\obj\\Smpl_ADC_PWM.AXF" 
