<html>
<body>
<pre>
<h1>猩ision Build Log</h1>
<h2>Tool Versions:</h2>
IDE-Version: μVision V5.23.0.0
Copyright (C) 2017 ARM Ltd and ARM Germany GmbH. All rights reserved.
License Information: asd SA, fds, LIC=----
 
Tool Versions:
Toolchain:       MDK-Lite  Version: 5.23
Toolchain Path:  C:\Keil_v5\ARM\ARMCC\Bin
C Compiler:      Armcc.exe V5.06 update 4 (build 422)
Assembler:       Armasm.exe V5.06 update 4 (build 422)
Linker/Locator:  ArmLink.exe V5.06 update 4 (build 422)
Library Manager: ArmAr.exe V5.06 update 4 (build 422)
Hex Converter:   FromElf.exe V5.06 update 4 (build 422)
CPU DLL:         SARMCM3.DLL V5.23
Dialog DLL:      DARMCM1.DLL V1.17.0.0
Target DLL:      Nu_Link.dll V1.30
Dialog DLL:      TARMCM1.DLL V1.12.0.0
 
<h2>Project:</h2>
C:\Keil\NuvotonPlatform_Keil\Sample\NUC1xx-LB_002\彎曲感測器傳藍芽傳指令(鍵盤)\Smpl_ADC_PWM.uvproj
Project File Date:  05/22/2017

<h2>Output:</h2>
*** Using Compiler 'V5.06 update 4 (build 422)', folder: 'C:\Keil_v5\ARM\ARMCC\Bin'
Build target 'Smpl_ADC_PWM'
creating preprocessor file for core_cm0.c...
creating preprocessor file for system_NUC1xx.c...
creating preprocessor file for Smpl_ADC_PWM.c...
creating preprocessor file for LCD_Driver.c...
creating preprocessor file for Ascii_Table.C...
compiling Smpl_ADC_PWM.c...
Smpl_ADC_PWM.c(82): warning:  #223-D: function "DrvSYS_Open" declared implicitly
  	DrvSYS_Open(48000000);
Smpl_ADC_PWM.c(76): warning:  #177-D: variable "adc_value"  was declared but never referenced
  	char adc_value[15]="            ";	
Smpl_ADC_PWM.c: 2 warnings, 0 errors
creating preprocessor file for DrvUART.c...
creating preprocessor file for DrvSYS.c...
creating preprocessor file for DrvGPIO.c...
creating preprocessor file for DrvADC.c...
linking...
Program Size: Code=6996 RO-data=256 RW-data=92 ZI-data=1132  
After Build - User command #1: fromelf --bin ".\obj\Smpl_ADC_PWM.axf" --output ".\obj\Smpl_ADC_PWM.bin"
After Build - User command #2: fromelf --text -c ".\obj\Smpl_ADC_PWM.axf" --output ".\obj\Smpl_ADC_PWM.txt"
".\obj\Smpl_ADC_PWM.axf" - 0 Error(s), 2 Warning(s).
Build Time Elapsed:  00:00:01
</pre>
</body>
</html>
