<!doctype html public "-//w3c//dtd html 4.0 transitional//en">
<html><head>
<title>Static Call Graph - [.\Objects\control.axf]</title></head>
<body><HR>
<H1>Static Call Graph for image .\Objects\control.axf</H1><HR>
<BR><P>#&#060CALLGRAPH&#062# ARM Linker, 5060422: Last Updated: Fri May 25 14:00:49 2018
<BR><P>
<H3>Maximum Stack Usage =        208 bytes + Unknown(Functions without stacksize, Cycles, Untraceable Function Pointers)</H3><H3>
Call chain for Maximum Stack Depth:</H3>
EINT1Callback &rArr; get_weight &rArr; write_LCD &rArr; send_data &rArr; write_word &rArr; writeByte &rArr; DrvSYS_GetHCLKFreq &rArr; DrvSYS_GetPLLClockFreq
<P>
<H3>
Functions with no stack information
</H3><UL>
 <LI><a href="#[33]">__user_initial_stackheap</a>
</UL>
</UL>
<P>
<H3>
Mutually Recursive functions
</H3> <LI><a href="#[6]">NMI_Handler</a>&nbsp;&nbsp;&nbsp;&rArr;&nbsp;&nbsp;&nbsp;<a href="#[6]">NMI_Handler</a><BR>
 <LI><a href="#[7]">HardFault_Handler</a>&nbsp;&nbsp;&nbsp;&rArr;&nbsp;&nbsp;&nbsp;<a href="#[7]">HardFault_Handler</a><BR>
 <LI><a href="#[8]">SVC_Handler</a>&nbsp;&nbsp;&nbsp;&rArr;&nbsp;&nbsp;&nbsp;<a href="#[8]">SVC_Handler</a><BR>
 <LI><a href="#[9]">PendSV_Handler</a>&nbsp;&nbsp;&nbsp;&rArr;&nbsp;&nbsp;&nbsp;<a href="#[9]">PendSV_Handler</a><BR>
 <LI><a href="#[a]">SysTick_Handler</a>&nbsp;&nbsp;&nbsp;&rArr;&nbsp;&nbsp;&nbsp;<a href="#[a]">SysTick_Handler</a><BR>
 <LI><a href="#[20]">Default_Handler</a>&nbsp;&nbsp;&nbsp;&rArr;&nbsp;&nbsp;&nbsp;<a href="#[20]">Default_Handler</a><BR>
</UL>
<P>
<H3>
Function Pointers
</H3><UL>
 <LI><a href="#[23]">ACMP_IRQHandler</a> from startup_nuc1xx.o(.text) referenced from startup_nuc1xx.o(RESET)
 <LI><a href="#[27]">ADC_IRQHandler</a> from drvadc.o(i.ADC_IRQHandler) referenced from startup_nuc1xx.o(RESET)
 <LI><a href="#[b]">BOD_IRQHandler</a> from drvsys.o(i.BOD_IRQHandler) referenced from startup_nuc1xx.o(RESET)
 <LI><a href="#[1f]">CAN0_IRQHandler</a> from startup_nuc1xx.o(.text) referenced from startup_nuc1xx.o(RESET)
 <LI><a href="#[20]">Default_Handler</a> from startup_nuc1xx.o(.text) referenced 3 times from startup_nuc1xx.o(RESET)
 <LI><a href="#[2d]">EINT0Callback</a> from control.o(i.EINT0Callback) referenced from control.o(i.RGB_value)
 <LI><a href="#[d]">EINT0_IRQHandler</a> from drvgpio.o(i.EINT0_IRQHandler) referenced from startup_nuc1xx.o(RESET)
 <LI><a href="#[30]">EINT1Callback</a> from control.o(i.EINT1Callback) referenced from control.o(i.main)
 <LI><a href="#[e]">EINT1_IRQHandler</a> from drvgpio.o(i.EINT1_IRQHandler) referenced from startup_nuc1xx.o(RESET)
 <LI><a href="#[f]">GPAB_IRQHandler</a> from drvgpio.o(i.GPAB_IRQHandler) referenced from startup_nuc1xx.o(RESET)
 <LI><a href="#[10]">GPCDE_IRQHandler</a> from drvgpio.o(i.GPCDE_IRQHandler) referenced from startup_nuc1xx.o(RESET)
 <LI><a href="#[7]">HardFault_Handler</a> from startup_nuc1xx.o(.text) referenced from startup_nuc1xx.o(RESET)
 <LI><a href="#[1d]">I2C0_IRQHandler</a> from drvi2c.o(i.I2C0_IRQHandler) referenced from startup_nuc1xx.o(RESET)
 <LI><a href="#[1e]">I2C1_IRQHandler</a> from drvi2c.o(i.I2C1_IRQHandler) referenced from startup_nuc1xx.o(RESET)
 <LI><a href="#[25]">I2S_IRQHandler</a> from startup_nuc1xx.o(.text) referenced from startup_nuc1xx.o(RESET)
 <LI><a href="#[6]">NMI_Handler</a> from startup_nuc1xx.o(.text) referenced from startup_nuc1xx.o(RESET)
 <LI><a href="#[24]">PDMA_IRQHandler</a> from startup_nuc1xx.o(.text) referenced from startup_nuc1xx.o(RESET)
 <LI><a href="#[22]">PS2_IRQHandler</a> from startup_nuc1xx.o(.text) referenced from startup_nuc1xx.o(RESET)
 <LI><a href="#[11]">PWMA_IRQHandler</a> from startup_nuc1xx.o(.text) referenced from startup_nuc1xx.o(RESET)
 <LI><a href="#[12]">PWMB_IRQHandler</a> from startup_nuc1xx.o(.text) referenced from startup_nuc1xx.o(RESET)
 <LI><a href="#[26]">PWRWU_IRQHandler</a> from drvsys.o(i.PWRWU_IRQHandler) referenced from startup_nuc1xx.o(RESET)
 <LI><a href="#[9]">PendSV_Handler</a> from startup_nuc1xx.o(.text) referenced from startup_nuc1xx.o(RESET)
 <LI><a href="#[2f]">RFID_UART_INT_HANDLE</a> from control.o(i.RFID_UART_INT_HANDLE) referenced from control.o(i.main)
 <LI><a href="#[28]">RTC_IRQHandler</a> from startup_nuc1xx.o(.text) referenced from startup_nuc1xx.o(RESET)
 <LI><a href="#[31]">Reset_Handler</a> from startup_nuc1xx.o(.text) referenced from startup_nuc1xx.o(RESET)
 <LI><a href="#[19]">SPI0_IRQHandler</a> from startup_nuc1xx.o(.text) referenced from startup_nuc1xx.o(RESET)
 <LI><a href="#[1a]">SPI1_IRQHandler</a> from startup_nuc1xx.o(.text) referenced from startup_nuc1xx.o(RESET)
 <LI><a href="#[1b]">SPI2_IRQHandler</a> from startup_nuc1xx.o(.text) referenced from startup_nuc1xx.o(RESET)
 <LI><a href="#[1c]">SPI3_IRQHandler</a> from startup_nuc1xx.o(.text) referenced from startup_nuc1xx.o(RESET)
 <LI><a href="#[8]">SVC_Handler</a> from startup_nuc1xx.o(.text) referenced from startup_nuc1xx.o(RESET)
 <LI><a href="#[a]">SysTick_Handler</a> from startup_nuc1xx.o(.text) referenced from startup_nuc1xx.o(RESET)
 <LI><a href="#[29]">SystemInit</a> from system_nuc1xx.o(i.SystemInit) referenced from startup_nuc1xx.o(.text)
 <LI><a href="#[13]">TMR0_IRQHandler</a> from timer.o(i.TMR0_IRQHandler) referenced from startup_nuc1xx.o(RESET)
 <LI><a href="#[14]">TMR1_IRQHandler</a> from startup_nuc1xx.o(.text) referenced from startup_nuc1xx.o(RESET)
 <LI><a href="#[15]">TMR2_IRQHandler</a> from startup_nuc1xx.o(.text) referenced from startup_nuc1xx.o(RESET)
 <LI><a href="#[16]">TMR3_IRQHandler</a> from startup_nuc1xx.o(.text) referenced from startup_nuc1xx.o(RESET)
 <LI><a href="#[17]">UART02_IRQHandler</a> from drvuart.o(i.UART02_IRQHandler) referenced from startup_nuc1xx.o(RESET)
 <LI><a href="#[18]">UART1_IRQHandler</a> from drvuart.o(i.UART1_IRQHandler) referenced from startup_nuc1xx.o(RESET)
 <LI><a href="#[21]">USBD_IRQHandler</a> from startup_nuc1xx.o(.text) referenced from startup_nuc1xx.o(RESET)
 <LI><a href="#[c]">WDT_IRQHandler</a> from startup_nuc1xx.o(.text) referenced from startup_nuc1xx.o(RESET)
 <LI><a href="#[2e]">WIFI_UART_INT_HANDLE</a> from control.o(i.WIFI_UART_INT_HANDLE) referenced from control.o(i.main)
 <LI><a href="#[32]">__main</a> from __main.o(!!!main) referenced from startup_nuc1xx.o(.text)
 <LI><a href="#[2c]">_printf_input_char</a> from _printf_char_common.o(.text) referenced from _printf_char_common.o(.text)
 <LI><a href="#[2b]">_sputc</a> from _sputc.o(.text) referenced from noretval__2sprintf.o(.text)
</UL>
<P>
<H3>
Global Symbols
</H3>
<P><STRONG><a name="[32]"></a>__main</STRONG> (Thumb, 8 bytes, Stack size 0 bytes, __main.o(!!!main))
<BR><BR>[Calls]<UL><LI><a href="#[35]">&gt;&gt;</a>&nbsp;&nbsp;&nbsp;__rt_entry
<LI><a href="#[34]">&gt;&gt;</a>&nbsp;&nbsp;&nbsp;__scatterload
</UL>

<P><STRONG><a name="[34]"></a>__scatterload</STRONG> (Thumb, 0 bytes, Stack size unknown bytes, __scatter.o(!!!scatter))
<BR><BR>[Called By]<UL><LI><a href="#[32]">&gt;&gt;</a>&nbsp;&nbsp;&nbsp;__main
</UL>

<P><STRONG><a name="[36]"></a>__scatterload_rt2</STRONG> (Thumb, 52 bytes, Stack size unknown bytes, __scatter.o(!!!scatter), UNUSED)
<BR><BR>[Calls]<UL><LI><a href="#[35]">&gt;&gt;</a>&nbsp;&nbsp;&nbsp;__rt_entry
</UL>

<P><STRONG><a name="[95]"></a>__scatterload_rt2_thumb_only</STRONG> (Thumb, 0 bytes, Stack size unknown bytes, __scatter.o(!!!scatter), UNUSED)

<P><STRONG><a name="[96]"></a>__scatterload_null</STRONG> (Thumb, 0 bytes, Stack size unknown bytes, __scatter.o(!!!scatter), UNUSED)

<P><STRONG><a name="[37]"></a>__scatterload_copy</STRONG> (Thumb, 26 bytes, Stack size unknown bytes, __scatter_copy.o(!!handler_copy), UNUSED)
<BR><BR>[Calls]<UL><LI><a href="#[37]">&gt;&gt;</a>&nbsp;&nbsp;&nbsp;__scatterload_copy
</UL>
<BR>[Called By]<UL><LI><a href="#[37]">&gt;&gt;</a>&nbsp;&nbsp;&nbsp;__scatterload_copy
</UL>

<P><STRONG><a name="[97]"></a>__scatterload_zeroinit</STRONG> (Thumb, 28 bytes, Stack size unknown bytes, __scatter_zi.o(!!handler_zi), UNUSED)

<P><STRONG><a name="[4a]"></a>_printf_percent</STRONG> (Thumb, 0 bytes, Stack size unknown bytes, _printf_percent.o(.ARM.Collect$$_printf_percent$$00000000))
<BR><BR>[Called By]<UL><LI><a href="#[49]">&gt;&gt;</a>&nbsp;&nbsp;&nbsp;__printf
</UL>

<P><STRONG><a name="[38]"></a>_printf_d</STRONG> (Thumb, 0 bytes, Stack size unknown bytes, _printf_d.o(.ARM.Collect$$_printf_percent$$00000009))
<BR><BR>[Stack]<UL><LI>Max Depth = 72 + Unknown Stack Size
<LI>Call Chain = _printf_d &rArr; _printf_u &rArr; _printf_int_dec &rArr; _printf_int_common
</UL>
<BR>[Calls]<UL><LI><a href="#[39]">&gt;&gt;</a>&nbsp;&nbsp;&nbsp;_printf_u
<LI><a href="#[3a]">&gt;&gt;</a>&nbsp;&nbsp;&nbsp;_printf_int_dec
</UL>

<P><STRONG><a name="[39]"></a>_printf_u</STRONG> (Thumb, 0 bytes, Stack size unknown bytes, _printf_u.o(.ARM.Collect$$_printf_percent$$0000000A))
<BR><BR>[Stack]<UL><LI>Max Depth = 72 + Unknown Stack Size
<LI>Call Chain = _printf_u &rArr; _printf_int_dec &rArr; _printf_int_common
</UL>
<BR>[Calls]<UL><LI><a href="#[3b]">&gt;&gt;</a>&nbsp;&nbsp;&nbsp;_printf_percent_end
<LI><a href="#[3a]">&gt;&gt;</a>&nbsp;&nbsp;&nbsp;_printf_int_dec
</UL>
<BR>[Called By]<UL><LI><a href="#[38]">&gt;&gt;</a>&nbsp;&nbsp;&nbsp;_printf_d
</UL>

<P><STRONG><a name="[3b]"></a>_printf_percent_end</STRONG> (Thumb, 0 bytes, Stack size unknown bytes, _printf_percent_end.o(.ARM.Collect$$_printf_percent$$00000017))
<BR><BR>[Called By]<UL><LI><a href="#[39]">&gt;&gt;</a>&nbsp;&nbsp;&nbsp;_printf_u
</UL>

<P><STRONG><a name="[3f]"></a>__rt_lib_init</STRONG> (Thumb, 0 bytes, Stack size unknown bytes, libinit.o(.ARM.Collect$$libinit$$00000000))
<BR><BR>[Called By]<UL><LI><a href="#[3e]">&gt;&gt;</a>&nbsp;&nbsp;&nbsp;__rt_entry_li
</UL>

<P><STRONG><a name="[98]"></a>__rt_lib_init_alloca_1</STRONG> (Thumb, 0 bytes, Stack size unknown bytes, libinit2.o(.ARM.Collect$$libinit$$0000002E))

<P><STRONG><a name="[99]"></a>__rt_lib_init_argv_1</STRONG> (Thumb, 0 bytes, Stack size unknown bytes, libinit2.o(.ARM.Collect$$libinit$$0000002C))

<P><STRONG><a name="[9a]"></a>__rt_lib_init_atexit_1</STRONG> (Thumb, 0 bytes, Stack size unknown bytes, libinit2.o(.ARM.Collect$$libinit$$0000001B))

<P><STRONG><a name="[9b]"></a>__rt_lib_init_clock_1</STRONG> (Thumb, 0 bytes, Stack size unknown bytes, libinit2.o(.ARM.Collect$$libinit$$00000021))

<P><STRONG><a name="[9c]"></a>__rt_lib_init_cpp_1</STRONG> (Thumb, 0 bytes, Stack size unknown bytes, libinit2.o(.ARM.Collect$$libinit$$00000032))

<P><STRONG><a name="[9d]"></a>__rt_lib_init_exceptions_1</STRONG> (Thumb, 0 bytes, Stack size unknown bytes, libinit2.o(.ARM.Collect$$libinit$$00000030))

<P><STRONG><a name="[9e]"></a>__rt_lib_init_fp_1</STRONG> (Thumb, 0 bytes, Stack size unknown bytes, libinit2.o(.ARM.Collect$$libinit$$00000002))

<P><STRONG><a name="[9f]"></a>__rt_lib_init_fp_trap_1</STRONG> (Thumb, 0 bytes, Stack size unknown bytes, libinit2.o(.ARM.Collect$$libinit$$0000001F))

<P><STRONG><a name="[a0]"></a>__rt_lib_init_getenv_1</STRONG> (Thumb, 0 bytes, Stack size unknown bytes, libinit2.o(.ARM.Collect$$libinit$$00000023))

<P><STRONG><a name="[a1]"></a>__rt_lib_init_heap_1</STRONG> (Thumb, 0 bytes, Stack size unknown bytes, libinit2.o(.ARM.Collect$$libinit$$0000000A))

<P><STRONG><a name="[a2]"></a>__rt_lib_init_lc_collate_1</STRONG> (Thumb, 0 bytes, Stack size unknown bytes, libinit2.o(.ARM.Collect$$libinit$$00000011))

<P><STRONG><a name="[a3]"></a>__rt_lib_init_lc_ctype_1</STRONG> (Thumb, 0 bytes, Stack size unknown bytes, libinit2.o(.ARM.Collect$$libinit$$00000013))

<P><STRONG><a name="[a4]"></a>__rt_lib_init_lc_monetary_1</STRONG> (Thumb, 0 bytes, Stack size unknown bytes, libinit2.o(.ARM.Collect$$libinit$$00000015))

<P><STRONG><a name="[a5]"></a>__rt_lib_init_lc_numeric_1</STRONG> (Thumb, 0 bytes, Stack size unknown bytes, libinit2.o(.ARM.Collect$$libinit$$00000017))

<P><STRONG><a name="[a6]"></a>__rt_lib_init_lc_time_1</STRONG> (Thumb, 0 bytes, Stack size unknown bytes, libinit2.o(.ARM.Collect$$libinit$$00000019))

<P><STRONG><a name="[a7]"></a>__rt_lib_init_preinit_1</STRONG> (Thumb, 0 bytes, Stack size unknown bytes, libinit2.o(.ARM.Collect$$libinit$$00000004))

<P><STRONG><a name="[a8]"></a>__rt_lib_init_rand_1</STRONG> (Thumb, 0 bytes, Stack size unknown bytes, libinit2.o(.ARM.Collect$$libinit$$0000000E))

<P><STRONG><a name="[a9]"></a>__rt_lib_init_return</STRONG> (Thumb, 0 bytes, Stack size unknown bytes, libinit2.o(.ARM.Collect$$libinit$$00000033))

<P><STRONG><a name="[aa]"></a>__rt_lib_init_signal_1</STRONG> (Thumb, 0 bytes, Stack size unknown bytes, libinit2.o(.ARM.Collect$$libinit$$0000001D))

<P><STRONG><a name="[ab]"></a>__rt_lib_init_stdio_1</STRONG> (Thumb, 0 bytes, Stack size unknown bytes, libinit2.o(.ARM.Collect$$libinit$$00000025))

<P><STRONG><a name="[ac]"></a>__rt_lib_init_user_alloc_1</STRONG> (Thumb, 0 bytes, Stack size unknown bytes, libinit2.o(.ARM.Collect$$libinit$$0000000C))

<P><STRONG><a name="[44]"></a>__rt_lib_shutdown</STRONG> (Thumb, 0 bytes, Stack size unknown bytes, libshutdown.o(.ARM.Collect$$libshutdown$$00000000))
<BR><BR>[Called By]<UL><LI><a href="#[43]">&gt;&gt;</a>&nbsp;&nbsp;&nbsp;__rt_exit_ls
</UL>

<P><STRONG><a name="[ad]"></a>__rt_lib_shutdown_cpp_1</STRONG> (Thumb, 0 bytes, Stack size unknown bytes, libshutdown2.o(.ARM.Collect$$libshutdown$$00000002))

<P><STRONG><a name="[ae]"></a>__rt_lib_shutdown_fp_trap_1</STRONG> (Thumb, 0 bytes, Stack size unknown bytes, libshutdown2.o(.ARM.Collect$$libshutdown$$00000007))

<P><STRONG><a name="[af]"></a>__rt_lib_shutdown_heap_1</STRONG> (Thumb, 0 bytes, Stack size unknown bytes, libshutdown2.o(.ARM.Collect$$libshutdown$$0000000F))

<P><STRONG><a name="[b0]"></a>__rt_lib_shutdown_return</STRONG> (Thumb, 0 bytes, Stack size unknown bytes, libshutdown2.o(.ARM.Collect$$libshutdown$$00000010))

<P><STRONG><a name="[b1]"></a>__rt_lib_shutdown_signal_1</STRONG> (Thumb, 0 bytes, Stack size unknown bytes, libshutdown2.o(.ARM.Collect$$libshutdown$$0000000A))

<P><STRONG><a name="[b2]"></a>__rt_lib_shutdown_stdio_1</STRONG> (Thumb, 0 bytes, Stack size unknown bytes, libshutdown2.o(.ARM.Collect$$libshutdown$$00000004))

<P><STRONG><a name="[b3]"></a>__rt_lib_shutdown_user_alloc_1</STRONG> (Thumb, 0 bytes, Stack size unknown bytes, libshutdown2.o(.ARM.Collect$$libshutdown$$0000000C))

<P><STRONG><a name="[35]"></a>__rt_entry</STRONG> (Thumb, 0 bytes, Stack size unknown bytes, __rtentry.o(.ARM.Collect$$rtentry$$00000000))
<BR><BR>[Called By]<UL><LI><a href="#[32]">&gt;&gt;</a>&nbsp;&nbsp;&nbsp;__main
<LI><a href="#[36]">&gt;&gt;</a>&nbsp;&nbsp;&nbsp;__scatterload_rt2
</UL>

<P><STRONG><a name="[b4]"></a>__rt_entry_presh_1</STRONG> (Thumb, 0 bytes, Stack size unknown bytes, __rtentry2.o(.ARM.Collect$$rtentry$$00000002))

<P><STRONG><a name="[3c]"></a>__rt_entry_sh</STRONG> (Thumb, 0 bytes, Stack size unknown bytes, __rtentry4.o(.ARM.Collect$$rtentry$$00000004))
<BR><BR>[Stack]<UL><LI>Max Depth = 8 + Unknown Stack Size
<LI>Call Chain = __rt_entry_sh &rArr; __user_setup_stackheap
</UL>
<BR>[Calls]<UL><LI><a href="#[3d]">&gt;&gt;</a>&nbsp;&nbsp;&nbsp;__user_setup_stackheap
</UL>

<P><STRONG><a name="[3e]"></a>__rt_entry_li</STRONG> (Thumb, 0 bytes, Stack size unknown bytes, __rtentry2.o(.ARM.Collect$$rtentry$$0000000A))
<BR><BR>[Calls]<UL><LI><a href="#[3f]">&gt;&gt;</a>&nbsp;&nbsp;&nbsp;__rt_lib_init
</UL>

<P><STRONG><a name="[b5]"></a>__rt_entry_postsh_1</STRONG> (Thumb, 0 bytes, Stack size unknown bytes, __rtentry2.o(.ARM.Collect$$rtentry$$00000009))

<P><STRONG><a name="[40]"></a>__rt_entry_main</STRONG> (Thumb, 0 bytes, Stack size unknown bytes, __rtentry2.o(.ARM.Collect$$rtentry$$0000000D))
<BR><BR>[Stack]<UL><LI>Max Depth = 160 + Unknown Stack Size
<LI>Call Chain = __rt_entry_main &rArr; main &rArr; __2sprintf &rArr; _printf_char_common &rArr; __printf
</UL>
<BR>[Calls]<UL><LI><a href="#[41]">&gt;&gt;</a>&nbsp;&nbsp;&nbsp;main
<LI><a href="#[42]">&gt;&gt;</a>&nbsp;&nbsp;&nbsp;exit
</UL>

<P><STRONG><a name="[b6]"></a>__rt_entry_postli_1</STRONG> (Thumb, 0 bytes, Stack size unknown bytes, __rtentry2.o(.ARM.Collect$$rtentry$$0000000C))

<P><STRONG><a name="[57]"></a>__rt_exit</STRONG> (Thumb, 0 bytes, Stack size unknown bytes, rtexit.o(.ARM.Collect$$rtexit$$00000000))
<BR><BR>[Called By]<UL><LI><a href="#[42]">&gt;&gt;</a>&nbsp;&nbsp;&nbsp;exit
</UL>

<P><STRONG><a name="[43]"></a>__rt_exit_ls</STRONG> (Thumb, 0 bytes, Stack size unknown bytes, rtexit2.o(.ARM.Collect$$rtexit$$00000003))
<BR><BR>[Calls]<UL><LI><a href="#[44]">&gt;&gt;</a>&nbsp;&nbsp;&nbsp;__rt_lib_shutdown
</UL>

<P><STRONG><a name="[b7]"></a>__rt_exit_prels_1</STRONG> (Thumb, 0 bytes, Stack size unknown bytes, rtexit2.o(.ARM.Collect$$rtexit$$00000002))

<P><STRONG><a name="[45]"></a>__rt_exit_exit</STRONG> (Thumb, 0 bytes, Stack size unknown bytes, rtexit2.o(.ARM.Collect$$rtexit$$00000004))
<BR><BR>[Calls]<UL><LI><a href="#[46]">&gt;&gt;</a>&nbsp;&nbsp;&nbsp;_sys_exit
</UL>

<P><STRONG><a name="[31]"></a>Reset_Handler</STRONG> (Thumb, 32 bytes, Stack size 0 bytes, startup_nuc1xx.o(.text))

<P><STRONG><a name="[6]"></a>NMI_Handler</STRONG> (Thumb, 2 bytes, Stack size 0 bytes, startup_nuc1xx.o(.text))
<BR><BR>[Calls]<UL><LI><a href="#[6]">&gt;&gt;</a>&nbsp;&nbsp;&nbsp;NMI_Handler
</UL>
<BR>[Called By]<UL><LI><a href="#[6]">&gt;&gt;</a>&nbsp;&nbsp;&nbsp;NMI_Handler
</UL>
<BR>[Address Reference Count : 1]<UL><LI> startup_nuc1xx.o(RESET)
</UL>
<P><STRONG><a name="[7]"></a>HardFault_Handler</STRONG> (Thumb, 2 bytes, Stack size 0 bytes, startup_nuc1xx.o(.text))
<BR><BR>[Calls]<UL><LI><a href="#[7]">&gt;&gt;</a>&nbsp;&nbsp;&nbsp;HardFault_Handler
</UL>
<BR>[Called By]<UL><LI><a href="#[7]">&gt;&gt;</a>&nbsp;&nbsp;&nbsp;HardFault_Handler
</UL>
<BR>[Address Reference Count : 1]<UL><LI> startup_nuc1xx.o(RESET)
</UL>
<P><STRONG><a name="[8]"></a>SVC_Handler</STRONG> (Thumb, 2 bytes, Stack size 0 bytes, startup_nuc1xx.o(.text))
<BR><BR>[Calls]<UL><LI><a href="#[8]">&gt;&gt;</a>&nbsp;&nbsp;&nbsp;SVC_Handler
</UL>
<BR>[Called By]<UL><LI><a href="#[8]">&gt;&gt;</a>&nbsp;&nbsp;&nbsp;SVC_Handler
</UL>
<BR>[Address Reference Count : 1]<UL><LI> startup_nuc1xx.o(RESET)
</UL>
<P><STRONG><a name="[9]"></a>PendSV_Handler</STRONG> (Thumb, 2 bytes, Stack size 0 bytes, startup_nuc1xx.o(.text))
<BR><BR>[Calls]<UL><LI><a href="#[9]">&gt;&gt;</a>&nbsp;&nbsp;&nbsp;PendSV_Handler
</UL>
<BR>[Called By]<UL><LI><a href="#[9]">&gt;&gt;</a>&nbsp;&nbsp;&nbsp;PendSV_Handler
</UL>
<BR>[Address Reference Count : 1]<UL><LI> startup_nuc1xx.o(RESET)
</UL>
<P><STRONG><a name="[a]"></a>SysTick_Handler</STRONG> (Thumb, 2 bytes, Stack size 0 bytes, startup_nuc1xx.o(.text))
<BR><BR>[Calls]<UL><LI><a href="#[a]">&gt;&gt;</a>&nbsp;&nbsp;&nbsp;SysTick_Handler
</UL>
<BR>[Called By]<UL><LI><a href="#[a]">&gt;&gt;</a>&nbsp;&nbsp;&nbsp;SysTick_Handler
</UL>
<BR>[Address Reference Count : 1]<UL><LI> startup_nuc1xx.o(RESET)
</UL>
<P><STRONG><a name="[23]"></a>ACMP_IRQHandler</STRONG> (Thumb, 0 bytes, Stack size 0 bytes, startup_nuc1xx.o(.text))
<BR>[Address Reference Count : 1]<UL><LI> startup_nuc1xx.o(RESET)
</UL>
<P><STRONG><a name="[1f]"></a>CAN0_IRQHandler</STRONG> (Thumb, 0 bytes, Stack size 0 bytes, startup_nuc1xx.o(.text))
<BR>[Address Reference Count : 1]<UL><LI> startup_nuc1xx.o(RESET)
</UL>
<P><STRONG><a name="[25]"></a>I2S_IRQHandler</STRONG> (Thumb, 0 bytes, Stack size 0 bytes, startup_nuc1xx.o(.text))
<BR>[Address Reference Count : 1]<UL><LI> startup_nuc1xx.o(RESET)
</UL>
<P><STRONG><a name="[24]"></a>PDMA_IRQHandler</STRONG> (Thumb, 0 bytes, Stack size 0 bytes, startup_nuc1xx.o(.text))
<BR>[Address Reference Count : 1]<UL><LI> startup_nuc1xx.o(RESET)
</UL>
<P><STRONG><a name="[22]"></a>PS2_IRQHandler</STRONG> (Thumb, 0 bytes, Stack size 0 bytes, startup_nuc1xx.o(.text))
<BR>[Address Reference Count : 1]<UL><LI> startup_nuc1xx.o(RESET)
</UL>
<P><STRONG><a name="[11]"></a>PWMA_IRQHandler</STRONG> (Thumb, 0 bytes, Stack size 0 bytes, startup_nuc1xx.o(.text))
<BR>[Address Reference Count : 1]<UL><LI> startup_nuc1xx.o(RESET)
</UL>
<P><STRONG><a name="[12]"></a>PWMB_IRQHandler</STRONG> (Thumb, 0 bytes, Stack size 0 bytes, startup_nuc1xx.o(.text))
<BR>[Address Reference Count : 1]<UL><LI> startup_nuc1xx.o(RESET)
</UL>
<P><STRONG><a name="[28]"></a>RTC_IRQHandler</STRONG> (Thumb, 0 bytes, Stack size 0 bytes, startup_nuc1xx.o(.text))
<BR>[Address Reference Count : 1]<UL><LI> startup_nuc1xx.o(RESET)
</UL>
<P><STRONG><a name="[19]"></a>SPI0_IRQHandler</STRONG> (Thumb, 0 bytes, Stack size 0 bytes, startup_nuc1xx.o(.text))
<BR>[Address Reference Count : 1]<UL><LI> startup_nuc1xx.o(RESET)
</UL>
<P><STRONG><a name="[1a]"></a>SPI1_IRQHandler</STRONG> (Thumb, 0 bytes, Stack size 0 bytes, startup_nuc1xx.o(.text))
<BR>[Address Reference Count : 1]<UL><LI> startup_nuc1xx.o(RESET)
</UL>
<P><STRONG><a name="[1b]"></a>SPI2_IRQHandler</STRONG> (Thumb, 0 bytes, Stack size 0 bytes, startup_nuc1xx.o(.text))
<BR>[Address Reference Count : 1]<UL><LI> startup_nuc1xx.o(RESET)
</UL>
<P><STRONG><a name="[1c]"></a>SPI3_IRQHandler</STRONG> (Thumb, 0 bytes, Stack size 0 bytes, startup_nuc1xx.o(.text))
<BR>[Address Reference Count : 1]<UL><LI> startup_nuc1xx.o(RESET)
</UL>
<P><STRONG><a name="[14]"></a>TMR1_IRQHandler</STRONG> (Thumb, 0 bytes, Stack size 0 bytes, startup_nuc1xx.o(.text))
<BR>[Address Reference Count : 1]<UL><LI> startup_nuc1xx.o(RESET)
</UL>
<P><STRONG><a name="[15]"></a>TMR2_IRQHandler</STRONG> (Thumb, 0 bytes, Stack size 0 bytes, startup_nuc1xx.o(.text))
<BR>[Address Reference Count : 1]<UL><LI> startup_nuc1xx.o(RESET)
</UL>
<P><STRONG><a name="[16]"></a>TMR3_IRQHandler</STRONG> (Thumb, 0 bytes, Stack size 0 bytes, startup_nuc1xx.o(.text))
<BR>[Address Reference Count : 1]<UL><LI> startup_nuc1xx.o(RESET)
</UL>
<P><STRONG><a name="[21]"></a>USBD_IRQHandler</STRONG> (Thumb, 0 bytes, Stack size 0 bytes, startup_nuc1xx.o(.text))
<BR>[Address Reference Count : 1]<UL><LI> startup_nuc1xx.o(RESET)
</UL>
<P><STRONG><a name="[c]"></a>WDT_IRQHandler</STRONG> (Thumb, 0 bytes, Stack size 0 bytes, startup_nuc1xx.o(.text))
<BR>[Address Reference Count : 1]<UL><LI> startup_nuc1xx.o(RESET)
</UL>
<P><STRONG><a name="[33]"></a>__user_initial_stackheap</STRONG> (Thumb, 0 bytes, Stack size unknown bytes, startup_nuc1xx.o(.text))
<BR><BR>[Called By]<UL><LI><a href="#[3d]">&gt;&gt;</a>&nbsp;&nbsp;&nbsp;__user_setup_stackheap
</UL>

<P><STRONG><a name="[47]"></a>__2sprintf</STRONG> (Thumb, 36 bytes, Stack size 32 bytes, noretval__2sprintf.o(.text))
<BR><BR>[Stack]<UL><LI>Max Depth = 120 + Unknown Stack Size
<LI>Call Chain = __2sprintf &rArr; _printf_char_common &rArr; __printf
</UL>
<BR>[Calls]<UL><LI><a href="#[2b]">&gt;&gt;</a>&nbsp;&nbsp;&nbsp;_sputc
<LI><a href="#[48]">&gt;&gt;</a>&nbsp;&nbsp;&nbsp;_printf_char_common
</UL>
<BR>[Called By]<UL><LI><a href="#[41]">&gt;&gt;</a>&nbsp;&nbsp;&nbsp;main
<LI><a href="#[7b]">&gt;&gt;</a>&nbsp;&nbsp;&nbsp;hex_to_Decimal
<LI><a href="#[74]">&gt;&gt;</a>&nbsp;&nbsp;&nbsp;get_weight
</UL>

<P><STRONG><a name="[49]"></a>__printf</STRONG> (Thumb, 108 bytes, Stack size 24 bytes, __printf.o(.text))
<BR><BR>[Stack]<UL><LI>Max Depth = 24 + Unknown Stack Size
<LI>Call Chain = __printf
</UL>
<BR>[Calls]<UL><LI><a href="#[4a]">&gt;&gt;</a>&nbsp;&nbsp;&nbsp;_printf_percent
</UL>
<BR>[Called By]<UL><LI><a href="#[48]">&gt;&gt;</a>&nbsp;&nbsp;&nbsp;_printf_char_common
</UL>

<P><STRONG><a name="[3a]"></a>_printf_int_dec</STRONG> (Thumb, 90 bytes, Stack size 32 bytes, _printf_dec.o(.text))
<BR><BR>[Stack]<UL><LI>Max Depth = 72<LI>Call Chain = _printf_int_dec &rArr; _printf_int_common
</UL>
<BR>[Calls]<UL><LI><a href="#[4d]">&gt;&gt;</a>&nbsp;&nbsp;&nbsp;__rt_udiv10
<LI><a href="#[4e]">&gt;&gt;</a>&nbsp;&nbsp;&nbsp;_printf_int_common
<LI><a href="#[4c]">&gt;&gt;</a>&nbsp;&nbsp;&nbsp;_printf_truncate_unsigned (Weak Reference)
<LI><a href="#[4b]">&gt;&gt;</a>&nbsp;&nbsp;&nbsp;_printf_truncate_signed (Weak Reference)
</UL>
<BR>[Called By]<UL><LI><a href="#[39]">&gt;&gt;</a>&nbsp;&nbsp;&nbsp;_printf_u
<LI><a href="#[38]">&gt;&gt;</a>&nbsp;&nbsp;&nbsp;_printf_d
</UL>

<P><STRONG><a name="[94]"></a>strlen</STRONG> (Thumb, 62 bytes, Stack size 12 bytes, strlen.o(.text))
<BR><BR>[Stack]<UL><LI>Max Depth = 12<LI>Call Chain = strlen
</UL>
<BR>[Called By]<UL><LI><a href="#[87]">&gt;&gt;</a>&nbsp;&nbsp;&nbsp;write_LCD
</UL>

<P><STRONG><a name="[50]"></a>_memset_w</STRONG> (Thumb, 26 bytes, Stack size 0 bytes, rt_memclr.o(.text), UNUSED)
<BR><BR>[Called By]<UL><LI><a href="#[52]">&gt;&gt;</a>&nbsp;&nbsp;&nbsp;__rt_memclr_w
<LI><a href="#[4f]">&gt;&gt;</a>&nbsp;&nbsp;&nbsp;_memset
</UL>

<P><STRONG><a name="[4f]"></a>_memset</STRONG> (Thumb, 30 bytes, Stack size 0 bytes, rt_memclr.o(.text), UNUSED)
<BR><BR>[Calls]<UL><LI><a href="#[50]">&gt;&gt;</a>&nbsp;&nbsp;&nbsp;_memset_w
</UL>
<BR>[Called By]<UL><LI><a href="#[51]">&gt;&gt;</a>&nbsp;&nbsp;&nbsp;__aeabi_memclr
</UL>

<P><STRONG><a name="[51]"></a>__aeabi_memclr</STRONG> (Thumb, 4 bytes, Stack size 0 bytes, rt_memclr.o(.text), UNUSED)
<BR><BR>[Calls]<UL><LI><a href="#[4f]">&gt;&gt;</a>&nbsp;&nbsp;&nbsp;_memset
</UL>

<P><STRONG><a name="[b8]"></a>__rt_memclr</STRONG> (Thumb, 0 bytes, Stack size 0 bytes, rt_memclr.o(.text), UNUSED)

<P><STRONG><a name="[59]"></a>__aeabi_memclr4</STRONG> (Thumb, 0 bytes, Stack size 0 bytes, rt_memclr.o(.text))
<BR><BR>[Called By]<UL><LI><a href="#[81]">&gt;&gt;</a>&nbsp;&nbsp;&nbsp;get_ADC_value
<LI><a href="#[58]">&gt;&gt;</a>&nbsp;&nbsp;&nbsp;ADC_average
</UL>

<P><STRONG><a name="[b9]"></a>__aeabi_memclr8</STRONG> (Thumb, 0 bytes, Stack size 0 bytes, rt_memclr.o(.text), UNUSED)

<P><STRONG><a name="[52]"></a>__rt_memclr_w</STRONG> (Thumb, 4 bytes, Stack size 0 bytes, rt_memclr.o(.text), UNUSED)
<BR><BR>[Calls]<UL><LI><a href="#[50]">&gt;&gt;</a>&nbsp;&nbsp;&nbsp;_memset_w
</UL>

<P><STRONG><a name="[ba]"></a>__aeabi_uidiv</STRONG> (Thumb, 0 bytes, Stack size 0 bytes, aeabi_sdiv.o(.text), UNUSED)

<P><STRONG><a name="[5e]"></a>__aeabi_uidivmod</STRONG> (Thumb, 20 bytes, Stack size 0 bytes, aeabi_sdiv.o(.text))
<BR><BR>[Called By]<UL><LI><a href="#[69]">&gt;&gt;</a>&nbsp;&nbsp;&nbsp;DrvSYS_GetPLLClockFreq
<LI><a href="#[68]">&gt;&gt;</a>&nbsp;&nbsp;&nbsp;DrvSYS_GetHCLKFreq
<LI><a href="#[67]">&gt;&gt;</a>&nbsp;&nbsp;&nbsp;DrvI2C_Open
<LI><a href="#[6f]">&gt;&gt;</a>&nbsp;&nbsp;&nbsp;SystemCoreClockUpdate
<LI><a href="#[73]">&gt;&gt;</a>&nbsp;&nbsp;&nbsp;GetUartClk
<LI><a href="#[5d]">&gt;&gt;</a>&nbsp;&nbsp;&nbsp;BaudRateCalculator
<LI><a href="#[6a]">&gt;&gt;</a>&nbsp;&nbsp;&nbsp;DrvSYS_GetPLLContent
</UL>

<P><STRONG><a name="[bb]"></a>__aeabi_idiv</STRONG> (Thumb, 0 bytes, Stack size 8 bytes, aeabi_sdiv.o(.text), UNUSED)

<P><STRONG><a name="[86]"></a>__aeabi_idivmod</STRONG> (Thumb, 326 bytes, Stack size 8 bytes, aeabi_sdiv.o(.text))
<BR><BR>[Stack]<UL><LI>Max Depth = 8<LI>Call Chain = __aeabi_idivmod
</UL>
<BR>[Called By]<UL><LI><a href="#[74]">&gt;&gt;</a>&nbsp;&nbsp;&nbsp;get_weight
</UL>

<P><STRONG><a name="[bc]"></a>__use_two_region_memory</STRONG> (Thumb, 2 bytes, Stack size 0 bytes, heapauxi.o(.text), UNUSED)

<P><STRONG><a name="[bd]"></a>__rt_heap_escrow$2region</STRONG> (Thumb, 2 bytes, Stack size 0 bytes, heapauxi.o(.text), UNUSED)

<P><STRONG><a name="[be]"></a>__rt_heap_expand$2region</STRONG> (Thumb, 2 bytes, Stack size 0 bytes, heapauxi.o(.text), UNUSED)

<P><STRONG><a name="[4e]"></a>_printf_int_common</STRONG> (Thumb, 176 bytes, Stack size 40 bytes, _printf_intcommon.o(.text))
<BR><BR>[Stack]<UL><LI>Max Depth = 40<LI>Call Chain = _printf_int_common
</UL>
<BR>[Calls]<UL><LI><a href="#[53]">&gt;&gt;</a>&nbsp;&nbsp;&nbsp;_printf_pre_padding (Weak Reference)
<LI><a href="#[54]">&gt;&gt;</a>&nbsp;&nbsp;&nbsp;_printf_post_padding (Weak Reference)
</UL>
<BR>[Called By]<UL><LI><a href="#[3a]">&gt;&gt;</a>&nbsp;&nbsp;&nbsp;_printf_int_dec
</UL>

<P><STRONG><a name="[48]"></a>_printf_char_common</STRONG> (Thumb, 32 bytes, Stack size 64 bytes, _printf_char_common.o(.text))
<BR><BR>[Stack]<UL><LI>Max Depth = 88 + Unknown Stack Size
<LI>Call Chain = _printf_char_common &rArr; __printf
</UL>
<BR>[Calls]<UL><LI><a href="#[49]">&gt;&gt;</a>&nbsp;&nbsp;&nbsp;__printf
</UL>
<BR>[Called By]<UL><LI><a href="#[47]">&gt;&gt;</a>&nbsp;&nbsp;&nbsp;__2sprintf
</UL>

<P><STRONG><a name="[2b]"></a>_sputc</STRONG> (Thumb, 10 bytes, Stack size 0 bytes, _sputc.o(.text))
<BR><BR>[Called By]<UL><LI><a href="#[47]">&gt;&gt;</a>&nbsp;&nbsp;&nbsp;__2sprintf
</UL>
<BR>[Address Reference Count : 1]<UL><LI> noretval__2sprintf.o(.text)
</UL>
<P><STRONG><a name="[4d]"></a>__rt_udiv10</STRONG> (Thumb, 40 bytes, Stack size 0 bytes, rtudiv10.o(.text))
<BR><BR>[Called By]<UL><LI><a href="#[3a]">&gt;&gt;</a>&nbsp;&nbsp;&nbsp;_printf_int_dec
</UL>

<P><STRONG><a name="[3d]"></a>__user_setup_stackheap</STRONG> (Thumb, 62 bytes, Stack size 8 bytes, sys_stackheap_outer.o(.text))
<BR><BR>[Stack]<UL><LI>Max Depth = 8 + Unknown Stack Size
<LI>Call Chain = __user_setup_stackheap
</UL>
<BR>[Calls]<UL><LI><a href="#[33]">&gt;&gt;</a>&nbsp;&nbsp;&nbsp;__user_initial_stackheap
<LI><a href="#[55]">&gt;&gt;</a>&nbsp;&nbsp;&nbsp;__user_perproc_libspace
</UL>
<BR>[Called By]<UL><LI><a href="#[3c]">&gt;&gt;</a>&nbsp;&nbsp;&nbsp;__rt_entry_sh
</UL>

<P><STRONG><a name="[42]"></a>exit</STRONG> (Thumb, 16 bytes, Stack size 8 bytes, exit.o(.text))
<BR><BR>[Stack]<UL><LI>Max Depth = 8 + Unknown Stack Size
<LI>Call Chain = exit
</UL>
<BR>[Calls]<UL><LI><a href="#[56]">&gt;&gt;</a>&nbsp;&nbsp;&nbsp;_call_atexit_fns (Weak Reference)
<LI><a href="#[57]">&gt;&gt;</a>&nbsp;&nbsp;&nbsp;__rt_exit
</UL>
<BR>[Called By]<UL><LI><a href="#[40]">&gt;&gt;</a>&nbsp;&nbsp;&nbsp;__rt_entry_main
</UL>

<P><STRONG><a name="[bf]"></a>__user_libspace</STRONG> (Thumb, 8 bytes, Stack size 0 bytes, libspace.o(.text), UNUSED)

<P><STRONG><a name="[55]"></a>__user_perproc_libspace</STRONG> (Thumb, 0 bytes, Stack size 0 bytes, libspace.o(.text))
<BR><BR>[Called By]<UL><LI><a href="#[3d]">&gt;&gt;</a>&nbsp;&nbsp;&nbsp;__user_setup_stackheap
</UL>

<P><STRONG><a name="[c0]"></a>__user_perthread_libspace</STRONG> (Thumb, 0 bytes, Stack size 0 bytes, libspace.o(.text), UNUSED)

<P><STRONG><a name="[46]"></a>_sys_exit</STRONG> (Thumb, 8 bytes, Stack size 0 bytes, sys_exit.o(.text))
<BR><BR>[Called By]<UL><LI><a href="#[45]">&gt;&gt;</a>&nbsp;&nbsp;&nbsp;__rt_exit_exit
</UL>

<P><STRONG><a name="[c1]"></a>__I$use$semihosting</STRONG> (Thumb, 0 bytes, Stack size 0 bytes, use_no_semi.o(.text), UNUSED)

<P><STRONG><a name="[c2]"></a>__use_no_semihosting_swi</STRONG> (Thumb, 2 bytes, Stack size 0 bytes, use_no_semi.o(.text), UNUSED)

<P><STRONG><a name="[c3]"></a>__semihosting_library_function</STRONG> (Thumb, 0 bytes, Stack size unknown bytes, indicate_semi.o(.text), UNUSED)

<P><STRONG><a name="[27]"></a>ADC_IRQHandler</STRONG> (Thumb, 136 bytes, Stack size 8 bytes, drvadc.o(i.ADC_IRQHandler))
<BR><BR>[Stack]<UL><LI>Max Depth = 8<LI>Call Chain = ADC_IRQHandler
</UL>
<BR>[Address Reference Count : 1]<UL><LI> startup_nuc1xx.o(RESET)
</UL>
<P><STRONG><a name="[5a]"></a>ADC_initialize</STRONG> (Thumb, 26 bytes, Stack size 8 bytes, control.o(i.ADC_initialize))
<BR><BR>[Stack]<UL><LI>Max Depth = 28<LI>Call Chain = ADC_initialize &rArr; DrvADC_Open
</UL>
<BR>[Calls]<UL><LI><a href="#[5c]">&gt;&gt;</a>&nbsp;&nbsp;&nbsp;DrvSYS_Delay
<LI><a href="#[5b]">&gt;&gt;</a>&nbsp;&nbsp;&nbsp;DrvADC_Open
</UL>
<BR>[Called By]<UL><LI><a href="#[41]">&gt;&gt;</a>&nbsp;&nbsp;&nbsp;main
</UL>

<P><STRONG><a name="[b]"></a>BOD_IRQHandler</STRONG> (Thumb, 36 bytes, Stack size 8 bytes, drvsys.o(i.BOD_IRQHandler))
<BR><BR>[Stack]<UL><LI>Max Depth = 8<LI>Call Chain = BOD_IRQHandler
</UL>
<BR>[Address Reference Count : 1]<UL><LI> startup_nuc1xx.o(RESET)
</UL>
<P><STRONG><a name="[84]"></a>DrvADC_GetConversionData</STRONG> (Thumb, 82 bytes, Stack size 0 bytes, drvadc.o(i.DrvADC_GetConversionData))
<BR><BR>[Called By]<UL><LI><a href="#[81]">&gt;&gt;</a>&nbsp;&nbsp;&nbsp;get_ADC_value
</UL>

<P><STRONG><a name="[83]"></a>DrvADC_IsConversionDone</STRONG> (Thumb, 18 bytes, Stack size 0 bytes, drvadc.o(i.DrvADC_IsConversionDone))
<BR><BR>[Called By]<UL><LI><a href="#[81]">&gt;&gt;</a>&nbsp;&nbsp;&nbsp;get_ADC_value
</UL>

<P><STRONG><a name="[5b]"></a>DrvADC_Open</STRONG> (Thumb, 216 bytes, Stack size 20 bytes, drvadc.o(i.DrvADC_Open))
<BR><BR>[Stack]<UL><LI>Max Depth = 20<LI>Call Chain = DrvADC_Open
</UL>
<BR>[Called By]<UL><LI><a href="#[5a]">&gt;&gt;</a>&nbsp;&nbsp;&nbsp;ADC_initialize
</UL>

<P><STRONG><a name="[82]"></a>DrvADC_StartConvert</STRONG> (Thumb, 32 bytes, Stack size 0 bytes, drvadc.o(i.DrvADC_StartConvert))
<BR><BR>[Called By]<UL><LI><a href="#[81]">&gt;&gt;</a>&nbsp;&nbsp;&nbsp;get_ADC_value
</UL>

<P><STRONG><a name="[85]"></a>DrvADC_StopConvert</STRONG> (Thumb, 16 bytes, Stack size 0 bytes, drvadc.o(i.DrvADC_StopConvert))
<BR><BR>[Called By]<UL><LI><a href="#[81]">&gt;&gt;</a>&nbsp;&nbsp;&nbsp;get_ADC_value
</UL>

<P><STRONG><a name="[79]"></a>DrvGPIO_ClrBit</STRONG> (Thumb, 36 bytes, Stack size 8 bytes, drvgpio.o(i.DrvGPIO_ClrBit))
<BR><BR>[Stack]<UL><LI>Max Depth = 8<LI>Call Chain = DrvGPIO_ClrBit
</UL>
<BR>[Called By]<UL><LI><a href="#[13]">&gt;&gt;</a>&nbsp;&nbsp;&nbsp;TMR0_IRQHandler
<LI><a href="#[8f]">&gt;&gt;</a>&nbsp;&nbsp;&nbsp;servo_ctrl
<LI><a href="#[41]">&gt;&gt;</a>&nbsp;&nbsp;&nbsp;main
<LI><a href="#[74]">&gt;&gt;</a>&nbsp;&nbsp;&nbsp;get_weight
<LI><a href="#[2e]">&gt;&gt;</a>&nbsp;&nbsp;&nbsp;WIFI_UART_INT_HANDLE
<LI><a href="#[7c]">&gt;&gt;</a>&nbsp;&nbsp;&nbsp;RGB_value
<LI><a href="#[2f]">&gt;&gt;</a>&nbsp;&nbsp;&nbsp;RFID_UART_INT_HANDLE
<LI><a href="#[76]">&gt;&gt;</a>&nbsp;&nbsp;&nbsp;Init_GPIO
</UL>

<P><STRONG><a name="[5f]"></a>DrvGPIO_DisableEINT0</STRONG> (Thumb, 26 bytes, Stack size 8 bytes, drvgpio.o(i.DrvGPIO_DisableEINT0))
<BR><BR>[Stack]<UL><LI>Max Depth = 8<LI>Call Chain = DrvGPIO_DisableEINT0
</UL>
<BR>[Calls]<UL><LI><a href="#[60]">&gt;&gt;</a>&nbsp;&nbsp;&nbsp;NVIC_DisableIRQ
</UL>
<BR>[Called By]<UL><LI><a href="#[7c]">&gt;&gt;</a>&nbsp;&nbsp;&nbsp;RGB_value
</UL>

<P><STRONG><a name="[8c]"></a>DrvGPIO_EnableDebounce</STRONG> (Thumb, 44 bytes, Stack size 8 bytes, drvgpio.o(i.DrvGPIO_EnableDebounce))
<BR><BR>[Stack]<UL><LI>Max Depth = 8<LI>Call Chain = DrvGPIO_EnableDebounce
</UL>
<BR>[Called By]<UL><LI><a href="#[41]">&gt;&gt;</a>&nbsp;&nbsp;&nbsp;main
</UL>

<P><STRONG><a name="[61]"></a>DrvGPIO_EnableEINT0</STRONG> (Thumb, 140 bytes, Stack size 24 bytes, drvgpio.o(i.DrvGPIO_EnableEINT0))
<BR><BR>[Stack]<UL><LI>Max Depth = 32<LI>Call Chain = DrvGPIO_EnableEINT0 &rArr; NVIC_SetPriority
</UL>
<BR>[Calls]<UL><LI><a href="#[62]">&gt;&gt;</a>&nbsp;&nbsp;&nbsp;NVIC_SetPriority
<LI><a href="#[63]">&gt;&gt;</a>&nbsp;&nbsp;&nbsp;NVIC_EnableIRQ
</UL>
<BR>[Called By]<UL><LI><a href="#[7c]">&gt;&gt;</a>&nbsp;&nbsp;&nbsp;RGB_value
</UL>

<P><STRONG><a name="[64]"></a>DrvGPIO_EnableEINT1</STRONG> (Thumb, 140 bytes, Stack size 24 bytes, drvgpio.o(i.DrvGPIO_EnableEINT1))
<BR><BR>[Stack]<UL><LI>Max Depth = 32<LI>Call Chain = DrvGPIO_EnableEINT1 &rArr; NVIC_SetPriority
</UL>
<BR>[Calls]<UL><LI><a href="#[62]">&gt;&gt;</a>&nbsp;&nbsp;&nbsp;NVIC_SetPriority
<LI><a href="#[63]">&gt;&gt;</a>&nbsp;&nbsp;&nbsp;NVIC_EnableIRQ
</UL>
<BR>[Called By]<UL><LI><a href="#[41]">&gt;&gt;</a>&nbsp;&nbsp;&nbsp;main
</UL>

<P><STRONG><a name="[7d]"></a>DrvGPIO_GetBit</STRONG> (Thumb, 36 bytes, Stack size 8 bytes, drvgpio.o(i.DrvGPIO_GetBit))
<BR><BR>[Stack]<UL><LI>Max Depth = 8<LI>Call Chain = DrvGPIO_GetBit
</UL>
<BR>[Called By]<UL><LI><a href="#[13]">&gt;&gt;</a>&nbsp;&nbsp;&nbsp;TMR0_IRQHandler
<LI><a href="#[8f]">&gt;&gt;</a>&nbsp;&nbsp;&nbsp;servo_ctrl
<LI><a href="#[74]">&gt;&gt;</a>&nbsp;&nbsp;&nbsp;get_weight
</UL>

<P><STRONG><a name="[65]"></a>DrvGPIO_InitFunction</STRONG> (Thumb, 1864 bytes, Stack size 8 bytes, drvgpio.o(i.DrvGPIO_InitFunction))
<BR><BR>[Stack]<UL><LI>Max Depth = 16<LI>Call Chain = DrvGPIO_InitFunction &rArr; __ARM_common_switch8
</UL>
<BR>[Calls]<UL><LI><a href="#[66]">&gt;&gt;</a>&nbsp;&nbsp;&nbsp;__ARM_common_switch8
</UL>
<BR>[Called By]<UL><LI><a href="#[41]">&gt;&gt;</a>&nbsp;&nbsp;&nbsp;main
</UL>

<P><STRONG><a name="[77]"></a>DrvGPIO_Open</STRONG> (Thumb, 126 bytes, Stack size 16 bytes, drvgpio.o(i.DrvGPIO_Open))
<BR><BR>[Stack]<UL><LI>Max Depth = 16<LI>Call Chain = DrvGPIO_Open
</UL>
<BR>[Called By]<UL><LI><a href="#[76]">&gt;&gt;</a>&nbsp;&nbsp;&nbsp;Init_GPIO
</UL>

<P><STRONG><a name="[78]"></a>DrvGPIO_SetBit</STRONG> (Thumb, 36 bytes, Stack size 8 bytes, drvgpio.o(i.DrvGPIO_SetBit))
<BR><BR>[Stack]<UL><LI>Max Depth = 8<LI>Call Chain = DrvGPIO_SetBit
</UL>
<BR>[Called By]<UL><LI><a href="#[13]">&gt;&gt;</a>&nbsp;&nbsp;&nbsp;TMR0_IRQHandler
<LI><a href="#[8f]">&gt;&gt;</a>&nbsp;&nbsp;&nbsp;servo_ctrl
<LI><a href="#[74]">&gt;&gt;</a>&nbsp;&nbsp;&nbsp;get_weight
<LI><a href="#[2e]">&gt;&gt;</a>&nbsp;&nbsp;&nbsp;WIFI_UART_INT_HANDLE
<LI><a href="#[7c]">&gt;&gt;</a>&nbsp;&nbsp;&nbsp;RGB_value
<LI><a href="#[2f]">&gt;&gt;</a>&nbsp;&nbsp;&nbsp;RFID_UART_INT_HANDLE
<LI><a href="#[76]">&gt;&gt;</a>&nbsp;&nbsp;&nbsp;Init_GPIO
</UL>

<P><STRONG><a name="[8d]"></a>DrvGPIO_SetDebounceTime</STRONG> (Thumb, 54 bytes, Stack size 8 bytes, drvgpio.o(i.DrvGPIO_SetDebounceTime))
<BR><BR>[Stack]<UL><LI>Max Depth = 8<LI>Call Chain = DrvGPIO_SetDebounceTime
</UL>
<BR>[Called By]<UL><LI><a href="#[41]">&gt;&gt;</a>&nbsp;&nbsp;&nbsp;main
</UL>

<P><STRONG><a name="[93]"></a>DrvI2C_Close</STRONG> (Thumb, 132 bytes, Stack size 0 bytes, drvi2c.o(i.DrvI2C_Close))
<BR><BR>[Called By]<UL><LI><a href="#[8a]">&gt;&gt;</a>&nbsp;&nbsp;&nbsp;writeByte
</UL>

<P><STRONG><a name="[92]"></a>DrvI2C_Ctrl</STRONG> (Thumb, 74 bytes, Stack size 20 bytes, drvi2c.o(i.DrvI2C_Ctrl))
<BR><BR>[Stack]<UL><LI>Max Depth = 20<LI>Call Chain = DrvI2C_Ctrl
</UL>
<BR>[Called By]<UL><LI><a href="#[8a]">&gt;&gt;</a>&nbsp;&nbsp;&nbsp;writeByte
</UL>

<P><STRONG><a name="[67]"></a>DrvI2C_Open</STRONG> (Thumb, 184 bytes, Stack size 24 bytes, drvi2c.o(i.DrvI2C_Open))
<BR><BR>[Stack]<UL><LI>Max Depth = 24<LI>Call Chain = DrvI2C_Open
</UL>
<BR>[Calls]<UL><LI><a href="#[5e]">&gt;&gt;</a>&nbsp;&nbsp;&nbsp;__aeabi_uidivmod
</UL>
<BR>[Called By]<UL><LI><a href="#[8a]">&gt;&gt;</a>&nbsp;&nbsp;&nbsp;writeByte
</UL>

<P><STRONG><a name="[5c]"></a>DrvSYS_Delay</STRONG> (Thumb, 36 bytes, Stack size 0 bytes, drvsys.o(i.DrvSYS_Delay))
<BR><BR>[Called By]<UL><LI><a href="#[91]">&gt;&gt;</a>&nbsp;&nbsp;&nbsp;send_data
<LI><a href="#[7f]">&gt;&gt;</a>&nbsp;&nbsp;&nbsp;send_command
<LI><a href="#[89]">&gt;&gt;</a>&nbsp;&nbsp;&nbsp;init_LCD
<LI><a href="#[8f]">&gt;&gt;</a>&nbsp;&nbsp;&nbsp;servo_ctrl
<LI><a href="#[41]">&gt;&gt;</a>&nbsp;&nbsp;&nbsp;main
<LI><a href="#[74]">&gt;&gt;</a>&nbsp;&nbsp;&nbsp;get_weight
<LI><a href="#[80]">&gt;&gt;</a>&nbsp;&nbsp;&nbsp;delay_s
<LI><a href="#[7c]">&gt;&gt;</a>&nbsp;&nbsp;&nbsp;RGB_value
<LI><a href="#[5a]">&gt;&gt;</a>&nbsp;&nbsp;&nbsp;ADC_initialize
</UL>

<P><STRONG><a name="[75]"></a>DrvSYS_GetExtClockFreq</STRONG> (Thumb, 4 bytes, Stack size 0 bytes, drvsys.o(i.DrvSYS_GetExtClockFreq))
<BR><BR>[Called By]<UL><LI><a href="#[73]">&gt;&gt;</a>&nbsp;&nbsp;&nbsp;GetUartClk
</UL>

<P><STRONG><a name="[68]"></a>DrvSYS_GetHCLKFreq</STRONG> (Thumb, 94 bytes, Stack size 16 bytes, drvsys.o(i.DrvSYS_GetHCLKFreq))
<BR><BR>[Stack]<UL><LI>Max Depth = 48<LI>Call Chain = DrvSYS_GetHCLKFreq &rArr; DrvSYS_GetPLLClockFreq
</UL>
<BR>[Calls]<UL><LI><a href="#[69]">&gt;&gt;</a>&nbsp;&nbsp;&nbsp;DrvSYS_GetPLLClockFreq
<LI><a href="#[5e]">&gt;&gt;</a>&nbsp;&nbsp;&nbsp;__aeabi_uidivmod
</UL>
<BR>[Called By]<UL><LI><a href="#[8a]">&gt;&gt;</a>&nbsp;&nbsp;&nbsp;writeByte
</UL>

<P><STRONG><a name="[69]"></a>DrvSYS_GetPLLClockFreq</STRONG> (Thumb, 104 bytes, Stack size 32 bytes, drvsys.o(i.DrvSYS_GetPLLClockFreq))
<BR><BR>[Stack]<UL><LI>Max Depth = 32<LI>Call Chain = DrvSYS_GetPLLClockFreq
</UL>
<BR>[Calls]<UL><LI><a href="#[5e]">&gt;&gt;</a>&nbsp;&nbsp;&nbsp;__aeabi_uidivmod
</UL>
<BR>[Called By]<UL><LI><a href="#[68]">&gt;&gt;</a>&nbsp;&nbsp;&nbsp;DrvSYS_GetHCLKFreq
<LI><a href="#[73]">&gt;&gt;</a>&nbsp;&nbsp;&nbsp;GetUartClk
</UL>

<P><STRONG><a name="[6a]"></a>DrvSYS_GetPLLContent</STRONG> (Thumb, 168 bytes, Stack size 40 bytes, drvsys.o(i.DrvSYS_GetPLLContent))
<BR><BR>[Stack]<UL><LI>Max Depth = 40<LI>Call Chain = DrvSYS_GetPLLContent
</UL>
<BR>[Calls]<UL><LI><a href="#[5e]">&gt;&gt;</a>&nbsp;&nbsp;&nbsp;__aeabi_uidivmod
</UL>
<BR>[Called By]<UL><LI><a href="#[6b]">&gt;&gt;</a>&nbsp;&nbsp;&nbsp;DrvSYS_Open
</UL>

<P><STRONG><a name="[6c]"></a>DrvSYS_IsProtectedRegLocked</STRONG> (Thumb, 10 bytes, Stack size 0 bytes, drvsys.o(i.DrvSYS_IsProtectedRegLocked))
<BR><BR>[Called By]<UL><LI><a href="#[6b]">&gt;&gt;</a>&nbsp;&nbsp;&nbsp;DrvSYS_Open
</UL>

<P><STRONG><a name="[6b]"></a>DrvSYS_Open</STRONG> (Thumb, 174 bytes, Stack size 24 bytes, drvsys.o(i.DrvSYS_Open))
<BR><BR>[Stack]<UL><LI>Max Depth = 64<LI>Call Chain = DrvSYS_Open &rArr; DrvSYS_GetPLLContent
</UL>
<BR>[Calls]<UL><LI><a href="#[6e]">&gt;&gt;</a>&nbsp;&nbsp;&nbsp;DrvSYS_SelectHCLKSource
<LI><a href="#[6d]">&gt;&gt;</a>&nbsp;&nbsp;&nbsp;DrvSYS_SetPLLContent
<LI><a href="#[6c]">&gt;&gt;</a>&nbsp;&nbsp;&nbsp;DrvSYS_IsProtectedRegLocked
<LI><a href="#[6a]">&gt;&gt;</a>&nbsp;&nbsp;&nbsp;DrvSYS_GetPLLContent
</UL>
<BR>[Called By]<UL><LI><a href="#[41]">&gt;&gt;</a>&nbsp;&nbsp;&nbsp;main
</UL>

<P><STRONG><a name="[6e]"></a>DrvSYS_SelectHCLKSource</STRONG> (Thumb, 46 bytes, Stack size 8 bytes, drvsys.o(i.DrvSYS_SelectHCLKSource))
<BR><BR>[Stack]<UL><LI>Max Depth = 24<LI>Call Chain = DrvSYS_SelectHCLKSource &rArr; SystemCoreClockUpdate
</UL>
<BR>[Calls]<UL><LI><a href="#[6f]">&gt;&gt;</a>&nbsp;&nbsp;&nbsp;SystemCoreClockUpdate
</UL>
<BR>[Called By]<UL><LI><a href="#[6b]">&gt;&gt;</a>&nbsp;&nbsp;&nbsp;DrvSYS_Open
<LI><a href="#[41]">&gt;&gt;</a>&nbsp;&nbsp;&nbsp;main
</UL>

<P><STRONG><a name="[8b]"></a>DrvSYS_SetOscCtrl</STRONG> (Thumb, 118 bytes, Stack size 8 bytes, drvsys.o(i.DrvSYS_SetOscCtrl))
<BR><BR>[Stack]<UL><LI>Max Depth = 8<LI>Call Chain = DrvSYS_SetOscCtrl
</UL>
<BR>[Called By]<UL><LI><a href="#[41]">&gt;&gt;</a>&nbsp;&nbsp;&nbsp;main
</UL>

<P><STRONG><a name="[6d]"></a>DrvSYS_SetPLLContent</STRONG> (Thumb, 72 bytes, Stack size 0 bytes, drvsys.o(i.DrvSYS_SetPLLContent))
<BR><BR>[Called By]<UL><LI><a href="#[6b]">&gt;&gt;</a>&nbsp;&nbsp;&nbsp;DrvSYS_Open
</UL>

<P><STRONG><a name="[70]"></a>DrvUART_EnableInt</STRONG> (Thumb, 236 bytes, Stack size 24 bytes, drvuart.o(i.DrvUART_EnableInt))
<BR><BR>[Stack]<UL><LI>Max Depth = 24<LI>Call Chain = DrvUART_EnableInt
</UL>
<BR>[Calls]<UL><LI><a href="#[71]">&gt;&gt;</a>&nbsp;&nbsp;&nbsp;NVIC_EnableIRQ
</UL>
<BR>[Called By]<UL><LI><a href="#[41]">&gt;&gt;</a>&nbsp;&nbsp;&nbsp;main
</UL>

<P><STRONG><a name="[72]"></a>DrvUART_Open</STRONG> (Thumb, 604 bytes, Stack size 24 bytes, drvuart.o(i.DrvUART_Open))
<BR><BR>[Stack]<UL><LI>Max Depth = 72<LI>Call Chain = DrvUART_Open &rArr; GetUartClk &rArr; DrvSYS_GetPLLClockFreq
</UL>
<BR>[Calls]<UL><LI><a href="#[73]">&gt;&gt;</a>&nbsp;&nbsp;&nbsp;GetUartClk
<LI><a href="#[5d]">&gt;&gt;</a>&nbsp;&nbsp;&nbsp;BaudRateCalculator
</UL>
<BR>[Called By]<UL><LI><a href="#[41]">&gt;&gt;</a>&nbsp;&nbsp;&nbsp;main
</UL>

<P><STRONG><a name="[7a]"></a>DrvUART_Read</STRONG> (Thumb, 56 bytes, Stack size 16 bytes, drvuart.o(i.DrvUART_Read))
<BR><BR>[Stack]<UL><LI>Max Depth = 16<LI>Call Chain = DrvUART_Read
</UL>
<BR>[Called By]<UL><LI><a href="#[2e]">&gt;&gt;</a>&nbsp;&nbsp;&nbsp;WIFI_UART_INT_HANDLE
<LI><a href="#[2f]">&gt;&gt;</a>&nbsp;&nbsp;&nbsp;RFID_UART_INT_HANDLE
</UL>

<P><STRONG><a name="[88]"></a>DrvUART_Write</STRONG> (Thumb, 56 bytes, Stack size 16 bytes, drvuart.o(i.DrvUART_Write))
<BR><BR>[Stack]<UL><LI>Max Depth = 16<LI>Call Chain = DrvUART_Write
</UL>
<BR>[Called By]<UL><LI><a href="#[7b]">&gt;&gt;</a>&nbsp;&nbsp;&nbsp;hex_to_Decimal
</UL>

<P><STRONG><a name="[2d]"></a>EINT0Callback</STRONG> (Thumb, 12 bytes, Stack size 0 bytes, control.o(i.EINT0Callback))
<BR>[Address Reference Count : 1]<UL><LI> control.o(i.RGB_value)
</UL>
<P><STRONG><a name="[d]"></a>EINT0_IRQHandler</STRONG> (Thumb, 26 bytes, Stack size 8 bytes, drvgpio.o(i.EINT0_IRQHandler))
<BR><BR>[Stack]<UL><LI>Max Depth = 8<LI>Call Chain = EINT0_IRQHandler
</UL>
<BR>[Address Reference Count : 1]<UL><LI> startup_nuc1xx.o(RESET)
</UL>
<P><STRONG><a name="[30]"></a>EINT1Callback</STRONG> (Thumb, 8 bytes, Stack size 8 bytes, control.o(i.EINT1Callback))
<BR><BR>[Stack]<UL><LI>Max Depth = 208 + Unknown Stack Size
<LI>Call Chain = EINT1Callback &rArr; get_weight &rArr; write_LCD &rArr; send_data &rArr; write_word &rArr; writeByte &rArr; DrvSYS_GetHCLKFreq &rArr; DrvSYS_GetPLLClockFreq
</UL>
<BR>[Calls]<UL><LI><a href="#[74]">&gt;&gt;</a>&nbsp;&nbsp;&nbsp;get_weight
</UL>
<BR>[Address Reference Count : 1]<UL><LI> control.o(i.main)
</UL>
<P><STRONG><a name="[e]"></a>EINT1_IRQHandler</STRONG> (Thumb, 26 bytes, Stack size 8 bytes, drvgpio.o(i.EINT1_IRQHandler))
<BR><BR>[Stack]<UL><LI>Max Depth = 8<LI>Call Chain = EINT1_IRQHandler
</UL>
<BR>[Address Reference Count : 1]<UL><LI> startup_nuc1xx.o(RESET)
</UL>
<P><STRONG><a name="[f]"></a>GPAB_IRQHandler</STRONG> (Thumb, 60 bytes, Stack size 16 bytes, drvgpio.o(i.GPAB_IRQHandler))
<BR><BR>[Stack]<UL><LI>Max Depth = 16<LI>Call Chain = GPAB_IRQHandler
</UL>
<BR>[Address Reference Count : 1]<UL><LI> startup_nuc1xx.o(RESET)
</UL>
<P><STRONG><a name="[10]"></a>GPCDE_IRQHandler</STRONG> (Thumb, 68 bytes, Stack size 16 bytes, drvgpio.o(i.GPCDE_IRQHandler))
<BR><BR>[Stack]<UL><LI>Max Depth = 16<LI>Call Chain = GPCDE_IRQHandler
</UL>
<BR>[Address Reference Count : 1]<UL><LI> startup_nuc1xx.o(RESET)
</UL>
<P><STRONG><a name="[1d]"></a>I2C0_IRQHandler</STRONG> (Thumb, 114 bytes, Stack size 8 bytes, drvi2c.o(i.I2C0_IRQHandler))
<BR><BR>[Stack]<UL><LI>Max Depth = 8<LI>Call Chain = I2C0_IRQHandler
</UL>
<BR>[Address Reference Count : 1]<UL><LI> startup_nuc1xx.o(RESET)
</UL>
<P><STRONG><a name="[1e]"></a>I2C1_IRQHandler</STRONG> (Thumb, 114 bytes, Stack size 8 bytes, drvi2c.o(i.I2C1_IRQHandler))
<BR><BR>[Stack]<UL><LI>Max Depth = 8<LI>Call Chain = I2C1_IRQHandler
</UL>
<BR>[Address Reference Count : 1]<UL><LI> startup_nuc1xx.o(RESET)
</UL>
<P><STRONG><a name="[8e]"></a>InitPWM</STRONG> (Thumb, 398 bytes, Stack size 0 bytes, control.o(i.InitPWM))
<BR><BR>[Called By]<UL><LI><a href="#[41]">&gt;&gt;</a>&nbsp;&nbsp;&nbsp;main
</UL>

<P><STRONG><a name="[76]"></a>Init_GPIO</STRONG> (Thumb, 324 bytes, Stack size 8 bytes, control.o(i.Init_GPIO))
<BR><BR>[Stack]<UL><LI>Max Depth = 24<LI>Call Chain = Init_GPIO &rArr; DrvGPIO_Open
</UL>
<BR>[Calls]<UL><LI><a href="#[78]">&gt;&gt;</a>&nbsp;&nbsp;&nbsp;DrvGPIO_SetBit
<LI><a href="#[77]">&gt;&gt;</a>&nbsp;&nbsp;&nbsp;DrvGPIO_Open
<LI><a href="#[79]">&gt;&gt;</a>&nbsp;&nbsp;&nbsp;DrvGPIO_ClrBit
</UL>
<BR>[Called By]<UL><LI><a href="#[41]">&gt;&gt;</a>&nbsp;&nbsp;&nbsp;main
</UL>

<P><STRONG><a name="[26]"></a>PWRWU_IRQHandler</STRONG> (Thumb, 32 bytes, Stack size 8 bytes, drvsys.o(i.PWRWU_IRQHandler))
<BR><BR>[Stack]<UL><LI>Max Depth = 8<LI>Call Chain = PWRWU_IRQHandler
</UL>
<BR>[Address Reference Count : 1]<UL><LI> startup_nuc1xx.o(RESET)
</UL>
<P><STRONG><a name="[2f]"></a>RFID_UART_INT_HANDLE</STRONG> (Thumb, 96 bytes, Stack size 24 bytes, control.o(i.RFID_UART_INT_HANDLE))
<BR><BR>[Stack]<UL><LI>Max Depth = 176 + Unknown Stack Size
<LI>Call Chain = RFID_UART_INT_HANDLE &rArr; hex_to_Decimal &rArr; __2sprintf &rArr; _printf_char_common &rArr; __printf
</UL>
<BR>[Calls]<UL><LI><a href="#[7a]">&gt;&gt;</a>&nbsp;&nbsp;&nbsp;DrvUART_Read
<LI><a href="#[78]">&gt;&gt;</a>&nbsp;&nbsp;&nbsp;DrvGPIO_SetBit
<LI><a href="#[79]">&gt;&gt;</a>&nbsp;&nbsp;&nbsp;DrvGPIO_ClrBit
<LI><a href="#[7b]">&gt;&gt;</a>&nbsp;&nbsp;&nbsp;hex_to_Decimal
</UL>
<BR>[Address Reference Count : 1]<UL><LI> control.o(i.main)
</UL>
<P><STRONG><a name="[7c]"></a>RGB_value</STRONG> (Thumb, 158 bytes, Stack size 8 bytes, control.o(i.RGB_value))
<BR><BR>[Stack]<UL><LI>Max Depth = 40<LI>Call Chain = RGB_value &rArr; DrvGPIO_EnableEINT0 &rArr; NVIC_SetPriority
</UL>
<BR>[Calls]<UL><LI><a href="#[5c]">&gt;&gt;</a>&nbsp;&nbsp;&nbsp;DrvSYS_Delay
<LI><a href="#[78]">&gt;&gt;</a>&nbsp;&nbsp;&nbsp;DrvGPIO_SetBit
<LI><a href="#[61]">&gt;&gt;</a>&nbsp;&nbsp;&nbsp;DrvGPIO_EnableEINT0
<LI><a href="#[5f]">&gt;&gt;</a>&nbsp;&nbsp;&nbsp;DrvGPIO_DisableEINT0
<LI><a href="#[79]">&gt;&gt;</a>&nbsp;&nbsp;&nbsp;DrvGPIO_ClrBit
</UL>
<BR>[Called By]<UL><LI><a href="#[41]">&gt;&gt;</a>&nbsp;&nbsp;&nbsp;main
</UL>

<P><STRONG><a name="[6f]"></a>SystemCoreClockUpdate</STRONG> (Thumb, 132 bytes, Stack size 16 bytes, system_nuc1xx.o(i.SystemCoreClockUpdate))
<BR><BR>[Stack]<UL><LI>Max Depth = 16<LI>Call Chain = SystemCoreClockUpdate
</UL>
<BR>[Calls]<UL><LI><a href="#[5e]">&gt;&gt;</a>&nbsp;&nbsp;&nbsp;__aeabi_uidivmod
</UL>
<BR>[Called By]<UL><LI><a href="#[6e]">&gt;&gt;</a>&nbsp;&nbsp;&nbsp;DrvSYS_SelectHCLKSource
</UL>

<P><STRONG><a name="[29]"></a>SystemInit</STRONG> (Thumb, 2 bytes, Stack size 0 bytes, system_nuc1xx.o(i.SystemInit))
<BR>[Address Reference Count : 1]<UL><LI> startup_nuc1xx.o(.text)
</UL>
<P><STRONG><a name="[13]"></a>TMR0_IRQHandler</STRONG> (Thumb, 296 bytes, Stack size 8 bytes, timer.o(i.TMR0_IRQHandler))
<BR><BR>[Stack]<UL><LI>Max Depth = 16<LI>Call Chain = TMR0_IRQHandler &rArr; DrvGPIO_SetBit
</UL>
<BR>[Calls]<UL><LI><a href="#[78]">&gt;&gt;</a>&nbsp;&nbsp;&nbsp;DrvGPIO_SetBit
<LI><a href="#[7d]">&gt;&gt;</a>&nbsp;&nbsp;&nbsp;DrvGPIO_GetBit
<LI><a href="#[79]">&gt;&gt;</a>&nbsp;&nbsp;&nbsp;DrvGPIO_ClrBit
</UL>
<BR>[Address Reference Count : 1]<UL><LI> startup_nuc1xx.o(RESET)
</UL>
<P><STRONG><a name="[17]"></a>UART02_IRQHandler</STRONG> (Thumb, 44 bytes, Stack size 16 bytes, drvuart.o(i.UART02_IRQHandler))
<BR><BR>[Stack]<UL><LI>Max Depth = 16<LI>Call Chain = UART02_IRQHandler
</UL>
<BR>[Address Reference Count : 1]<UL><LI> startup_nuc1xx.o(RESET)
</UL>
<P><STRONG><a name="[18]"></a>UART1_IRQHandler</STRONG> (Thumb, 24 bytes, Stack size 8 bytes, drvuart.o(i.UART1_IRQHandler))
<BR><BR>[Stack]<UL><LI>Max Depth = 8<LI>Call Chain = UART1_IRQHandler
</UL>
<BR>[Address Reference Count : 1]<UL><LI> startup_nuc1xx.o(RESET)
</UL>
<P><STRONG><a name="[2e]"></a>WIFI_UART_INT_HANDLE</STRONG> (Thumb, 310 bytes, Stack size 16 bytes, control.o(i.WIFI_UART_INT_HANDLE))
<BR><BR>[Stack]<UL><LI>Max Depth = 32<LI>Call Chain = WIFI_UART_INT_HANDLE &rArr; DrvUART_Read
</UL>
<BR>[Calls]<UL><LI><a href="#[7a]">&gt;&gt;</a>&nbsp;&nbsp;&nbsp;DrvUART_Read
<LI><a href="#[78]">&gt;&gt;</a>&nbsp;&nbsp;&nbsp;DrvGPIO_SetBit
<LI><a href="#[79]">&gt;&gt;</a>&nbsp;&nbsp;&nbsp;DrvGPIO_ClrBit
</UL>
<BR>[Address Reference Count : 1]<UL><LI> control.o(i.main)
</UL>
<P><STRONG><a name="[66]"></a>__ARM_common_switch8</STRONG> (Thumb, 28 bytes, Stack size 8 bytes, control.o(i.__ARM_common_switch8))
<BR><BR>[Stack]<UL><LI>Max Depth = 8<LI>Call Chain = __ARM_common_switch8
</UL>
<BR>[Called By]<UL><LI><a href="#[65]">&gt;&gt;</a>&nbsp;&nbsp;&nbsp;DrvGPIO_InitFunction
<LI><a href="#[7b]">&gt;&gt;</a>&nbsp;&nbsp;&nbsp;hex_to_Decimal
</UL>

<P><STRONG><a name="[7e]"></a>clear_LCD</STRONG> (Thumb, 10 bytes, Stack size 8 bytes, lcd_i2c.o(i.clear_LCD))
<BR><BR>[Stack]<UL><LI>Max Depth = 112<LI>Call Chain = clear_LCD &rArr; send_command &rArr; write_word &rArr; writeByte &rArr; DrvSYS_GetHCLKFreq &rArr; DrvSYS_GetPLLClockFreq
</UL>
<BR>[Calls]<UL><LI><a href="#[7f]">&gt;&gt;</a>&nbsp;&nbsp;&nbsp;send_command
</UL>
<BR>[Called By]<UL><LI><a href="#[41]">&gt;&gt;</a>&nbsp;&nbsp;&nbsp;main
<LI><a href="#[74]">&gt;&gt;</a>&nbsp;&nbsp;&nbsp;get_weight
</UL>

<P><STRONG><a name="[80]"></a>delay_s</STRONG> (Thumb, 26 bytes, Stack size 16 bytes, control.o(i.delay_s))
<BR><BR>[Stack]<UL><LI>Max Depth = 16<LI>Call Chain = delay_s
</UL>
<BR>[Calls]<UL><LI><a href="#[5c]">&gt;&gt;</a>&nbsp;&nbsp;&nbsp;DrvSYS_Delay
</UL>
<BR>[Called By]<UL><LI><a href="#[41]">&gt;&gt;</a>&nbsp;&nbsp;&nbsp;main
</UL>

<P><STRONG><a name="[74]"></a>get_weight</STRONG> (Thumb, 186 bytes, Stack size 64 bytes, control.o(i.get_weight))
<BR><BR>[Stack]<UL><LI>Max Depth = 200 + Unknown Stack Size
<LI>Call Chain = get_weight &rArr; write_LCD &rArr; send_data &rArr; write_word &rArr; writeByte &rArr; DrvSYS_GetHCLKFreq &rArr; DrvSYS_GetPLLClockFreq
</UL>
<BR>[Calls]<UL><LI><a href="#[87]">&gt;&gt;</a>&nbsp;&nbsp;&nbsp;write_LCD
<LI><a href="#[7e]">&gt;&gt;</a>&nbsp;&nbsp;&nbsp;clear_LCD
<LI><a href="#[5c]">&gt;&gt;</a>&nbsp;&nbsp;&nbsp;DrvSYS_Delay
<LI><a href="#[78]">&gt;&gt;</a>&nbsp;&nbsp;&nbsp;DrvGPIO_SetBit
<LI><a href="#[7d]">&gt;&gt;</a>&nbsp;&nbsp;&nbsp;DrvGPIO_GetBit
<LI><a href="#[79]">&gt;&gt;</a>&nbsp;&nbsp;&nbsp;DrvGPIO_ClrBit
<LI><a href="#[86]">&gt;&gt;</a>&nbsp;&nbsp;&nbsp;__aeabi_idivmod
<LI><a href="#[47]">&gt;&gt;</a>&nbsp;&nbsp;&nbsp;__2sprintf
</UL>
<BR>[Called By]<UL><LI><a href="#[30]">&gt;&gt;</a>&nbsp;&nbsp;&nbsp;EINT1Callback
</UL>

<P><STRONG><a name="[7b]"></a>hex_to_Decimal</STRONG> (Thumb, 198 bytes, Stack size 32 bytes, control.o(i.hex_to_Decimal))
<BR><BR>[Stack]<UL><LI>Max Depth = 152 + Unknown Stack Size
<LI>Call Chain = hex_to_Decimal &rArr; __2sprintf &rArr; _printf_char_common &rArr; __printf
</UL>
<BR>[Calls]<UL><LI><a href="#[88]">&gt;&gt;</a>&nbsp;&nbsp;&nbsp;DrvUART_Write
<LI><a href="#[66]">&gt;&gt;</a>&nbsp;&nbsp;&nbsp;__ARM_common_switch8
<LI><a href="#[47]">&gt;&gt;</a>&nbsp;&nbsp;&nbsp;__2sprintf
</UL>
<BR>[Called By]<UL><LI><a href="#[2f]">&gt;&gt;</a>&nbsp;&nbsp;&nbsp;RFID_UART_INT_HANDLE
</UL>

<P><STRONG><a name="[89]"></a>init_LCD</STRONG> (Thumb, 70 bytes, Stack size 8 bytes, lcd_i2c.o(i.init_LCD))
<BR><BR>[Stack]<UL><LI>Max Depth = 112<LI>Call Chain = init_LCD &rArr; send_command &rArr; write_word &rArr; writeByte &rArr; DrvSYS_GetHCLKFreq &rArr; DrvSYS_GetPLLClockFreq
</UL>
<BR>[Calls]<UL><LI><a href="#[8a]">&gt;&gt;</a>&nbsp;&nbsp;&nbsp;writeByte
<LI><a href="#[7f]">&gt;&gt;</a>&nbsp;&nbsp;&nbsp;send_command
<LI><a href="#[5c]">&gt;&gt;</a>&nbsp;&nbsp;&nbsp;DrvSYS_Delay
</UL>
<BR>[Called By]<UL><LI><a href="#[41]">&gt;&gt;</a>&nbsp;&nbsp;&nbsp;main
</UL>

<P><STRONG><a name="[41]"></a>main</STRONG> (Thumb, 342 bytes, Stack size 40 bytes, control.o(i.main))
<BR><BR>[Stack]<UL><LI>Max Depth = 160 + Unknown Stack Size
<LI>Call Chain = main &rArr; __2sprintf &rArr; _printf_char_common &rArr; __printf
</UL>
<BR>[Calls]<UL><LI><a href="#[89]">&gt;&gt;</a>&nbsp;&nbsp;&nbsp;init_LCD
<LI><a href="#[7e]">&gt;&gt;</a>&nbsp;&nbsp;&nbsp;clear_LCD
<LI><a href="#[72]">&gt;&gt;</a>&nbsp;&nbsp;&nbsp;DrvUART_Open
<LI><a href="#[70]">&gt;&gt;</a>&nbsp;&nbsp;&nbsp;DrvUART_EnableInt
<LI><a href="#[8b]">&gt;&gt;</a>&nbsp;&nbsp;&nbsp;DrvSYS_SetOscCtrl
<LI><a href="#[6e]">&gt;&gt;</a>&nbsp;&nbsp;&nbsp;DrvSYS_SelectHCLKSource
<LI><a href="#[6b]">&gt;&gt;</a>&nbsp;&nbsp;&nbsp;DrvSYS_Open
<LI><a href="#[5c]">&gt;&gt;</a>&nbsp;&nbsp;&nbsp;DrvSYS_Delay
<LI><a href="#[8d]">&gt;&gt;</a>&nbsp;&nbsp;&nbsp;DrvGPIO_SetDebounceTime
<LI><a href="#[65]">&gt;&gt;</a>&nbsp;&nbsp;&nbsp;DrvGPIO_InitFunction
<LI><a href="#[64]">&gt;&gt;</a>&nbsp;&nbsp;&nbsp;DrvGPIO_EnableEINT1
<LI><a href="#[8c]">&gt;&gt;</a>&nbsp;&nbsp;&nbsp;DrvGPIO_EnableDebounce
<LI><a href="#[79]">&gt;&gt;</a>&nbsp;&nbsp;&nbsp;DrvGPIO_ClrBit
<LI><a href="#[8f]">&gt;&gt;</a>&nbsp;&nbsp;&nbsp;servo_ctrl
<LI><a href="#[80]">&gt;&gt;</a>&nbsp;&nbsp;&nbsp;delay_s
<LI><a href="#[7c]">&gt;&gt;</a>&nbsp;&nbsp;&nbsp;RGB_value
<LI><a href="#[76]">&gt;&gt;</a>&nbsp;&nbsp;&nbsp;Init_GPIO
<LI><a href="#[8e]">&gt;&gt;</a>&nbsp;&nbsp;&nbsp;InitPWM
<LI><a href="#[5a]">&gt;&gt;</a>&nbsp;&nbsp;&nbsp;ADC_initialize
<LI><a href="#[81]">&gt;&gt;</a>&nbsp;&nbsp;&nbsp;get_ADC_value
<LI><a href="#[47]">&gt;&gt;</a>&nbsp;&nbsp;&nbsp;__2sprintf
</UL>
<BR>[Called By]<UL><LI><a href="#[40]">&gt;&gt;</a>&nbsp;&nbsp;&nbsp;__rt_entry_main
</UL>

<P><STRONG><a name="[7f]"></a>send_command</STRONG> (Thumb, 72 bytes, Stack size 16 bytes, lcd_i2c.o(i.send_command))
<BR><BR>[Stack]<UL><LI>Max Depth = 104<LI>Call Chain = send_command &rArr; write_word &rArr; writeByte &rArr; DrvSYS_GetHCLKFreq &rArr; DrvSYS_GetPLLClockFreq
</UL>
<BR>[Calls]<UL><LI><a href="#[90]">&gt;&gt;</a>&nbsp;&nbsp;&nbsp;write_word
<LI><a href="#[5c]">&gt;&gt;</a>&nbsp;&nbsp;&nbsp;DrvSYS_Delay
</UL>
<BR>[Called By]<UL><LI><a href="#[87]">&gt;&gt;</a>&nbsp;&nbsp;&nbsp;write_LCD
<LI><a href="#[89]">&gt;&gt;</a>&nbsp;&nbsp;&nbsp;init_LCD
<LI><a href="#[7e]">&gt;&gt;</a>&nbsp;&nbsp;&nbsp;clear_LCD
</UL>

<P><STRONG><a name="[91]"></a>send_data</STRONG> (Thumb, 72 bytes, Stack size 16 bytes, lcd_i2c.o(i.send_data))
<BR><BR>[Stack]<UL><LI>Max Depth = 104<LI>Call Chain = send_data &rArr; write_word &rArr; writeByte &rArr; DrvSYS_GetHCLKFreq &rArr; DrvSYS_GetPLLClockFreq
</UL>
<BR>[Calls]<UL><LI><a href="#[90]">&gt;&gt;</a>&nbsp;&nbsp;&nbsp;write_word
<LI><a href="#[5c]">&gt;&gt;</a>&nbsp;&nbsp;&nbsp;DrvSYS_Delay
</UL>
<BR>[Called By]<UL><LI><a href="#[87]">&gt;&gt;</a>&nbsp;&nbsp;&nbsp;write_LCD
</UL>

<P><STRONG><a name="[8f]"></a>servo_ctrl</STRONG> (Thumb, 1320 bytes, Stack size 8 bytes, control.o(i.servo_ctrl))
<BR><BR>[Stack]<UL><LI>Max Depth = 16<LI>Call Chain = servo_ctrl &rArr; DrvGPIO_SetBit
</UL>
<BR>[Calls]<UL><LI><a href="#[5c]">&gt;&gt;</a>&nbsp;&nbsp;&nbsp;DrvSYS_Delay
<LI><a href="#[78]">&gt;&gt;</a>&nbsp;&nbsp;&nbsp;DrvGPIO_SetBit
<LI><a href="#[7d]">&gt;&gt;</a>&nbsp;&nbsp;&nbsp;DrvGPIO_GetBit
<LI><a href="#[79]">&gt;&gt;</a>&nbsp;&nbsp;&nbsp;DrvGPIO_ClrBit
</UL>
<BR>[Called By]<UL><LI><a href="#[41]">&gt;&gt;</a>&nbsp;&nbsp;&nbsp;main
</UL>

<P><STRONG><a name="[8a]"></a>writeByte</STRONG> (Thumb, 178 bytes, Stack size 24 bytes, lcd_i2c.o(i.writeByte))
<BR><BR>[Stack]<UL><LI>Max Depth = 72<LI>Call Chain = writeByte &rArr; DrvSYS_GetHCLKFreq &rArr; DrvSYS_GetPLLClockFreq
</UL>
<BR>[Calls]<UL><LI><a href="#[68]">&gt;&gt;</a>&nbsp;&nbsp;&nbsp;DrvSYS_GetHCLKFreq
<LI><a href="#[67]">&gt;&gt;</a>&nbsp;&nbsp;&nbsp;DrvI2C_Open
<LI><a href="#[92]">&gt;&gt;</a>&nbsp;&nbsp;&nbsp;DrvI2C_Ctrl
<LI><a href="#[93]">&gt;&gt;</a>&nbsp;&nbsp;&nbsp;DrvI2C_Close
</UL>
<BR>[Called By]<UL><LI><a href="#[90]">&gt;&gt;</a>&nbsp;&nbsp;&nbsp;write_word
<LI><a href="#[89]">&gt;&gt;</a>&nbsp;&nbsp;&nbsp;init_LCD
</UL>

<P><STRONG><a name="[87]"></a>write_LCD</STRONG> (Thumb, 74 bytes, Stack size 32 bytes, lcd_i2c.o(i.write_LCD))
<BR><BR>[Stack]<UL><LI>Max Depth = 136<LI>Call Chain = write_LCD &rArr; send_data &rArr; write_word &rArr; writeByte &rArr; DrvSYS_GetHCLKFreq &rArr; DrvSYS_GetPLLClockFreq
</UL>
<BR>[Calls]<UL><LI><a href="#[91]">&gt;&gt;</a>&nbsp;&nbsp;&nbsp;send_data
<LI><a href="#[7f]">&gt;&gt;</a>&nbsp;&nbsp;&nbsp;send_command
<LI><a href="#[94]">&gt;&gt;</a>&nbsp;&nbsp;&nbsp;strlen
</UL>
<BR>[Called By]<UL><LI><a href="#[74]">&gt;&gt;</a>&nbsp;&nbsp;&nbsp;get_weight
</UL>

<P><STRONG><a name="[90]"></a>write_word</STRONG> (Thumb, 38 bytes, Stack size 16 bytes, lcd_i2c.o(i.write_word))
<BR><BR>[Stack]<UL><LI>Max Depth = 88<LI>Call Chain = write_word &rArr; writeByte &rArr; DrvSYS_GetHCLKFreq &rArr; DrvSYS_GetPLLClockFreq
</UL>
<BR>[Calls]<UL><LI><a href="#[8a]">&gt;&gt;</a>&nbsp;&nbsp;&nbsp;writeByte
</UL>
<BR>[Called By]<UL><LI><a href="#[91]">&gt;&gt;</a>&nbsp;&nbsp;&nbsp;send_data
<LI><a href="#[7f]">&gt;&gt;</a>&nbsp;&nbsp;&nbsp;send_command
</UL>
<P>
<H3>
Local Symbols
</H3>
<P><STRONG><a name="[20]"></a>Default_Handler</STRONG> (Thumb, 2 bytes, Stack size 0 bytes, startup_nuc1xx.o(.text))
<BR><BR>[Calls]<UL><LI><a href="#[20]">&gt;&gt;</a>&nbsp;&nbsp;&nbsp;Default_Handler
</UL>
<BR>[Called By]<UL><LI><a href="#[20]">&gt;&gt;</a>&nbsp;&nbsp;&nbsp;Default_Handler
</UL>
<BR>[Address Reference Count : 1]<UL><LI> startup_nuc1xx.o(RESET)
</UL>
<P><STRONG><a name="[58]"></a>ADC_average</STRONG> (Thumb, 116 bytes, Stack size 64 bytes, control.o(i.ADC_average))
<BR><BR>[Stack]<UL><LI>Max Depth = 64<LI>Call Chain = ADC_average
</UL>
<BR>[Calls]<UL><LI><a href="#[59]">&gt;&gt;</a>&nbsp;&nbsp;&nbsp;__aeabi_memclr4
</UL>
<BR>[Called By]<UL><LI><a href="#[81]">&gt;&gt;</a>&nbsp;&nbsp;&nbsp;get_ADC_value
</UL>

<P><STRONG><a name="[81]"></a>get_ADC_value</STRONG> (Thumb, 66 bytes, Stack size 48 bytes, control.o(i.get_ADC_value))
<BR><BR>[Stack]<UL><LI>Max Depth = 112<LI>Call Chain = get_ADC_value &rArr; ADC_average
</UL>
<BR>[Calls]<UL><LI><a href="#[85]">&gt;&gt;</a>&nbsp;&nbsp;&nbsp;DrvADC_StopConvert
<LI><a href="#[82]">&gt;&gt;</a>&nbsp;&nbsp;&nbsp;DrvADC_StartConvert
<LI><a href="#[83]">&gt;&gt;</a>&nbsp;&nbsp;&nbsp;DrvADC_IsConversionDone
<LI><a href="#[84]">&gt;&gt;</a>&nbsp;&nbsp;&nbsp;DrvADC_GetConversionData
<LI><a href="#[58]">&gt;&gt;</a>&nbsp;&nbsp;&nbsp;ADC_average
<LI><a href="#[59]">&gt;&gt;</a>&nbsp;&nbsp;&nbsp;__aeabi_memclr4
</UL>
<BR>[Called By]<UL><LI><a href="#[41]">&gt;&gt;</a>&nbsp;&nbsp;&nbsp;main
</UL>

<P><STRONG><a name="[60]"></a>NVIC_DisableIRQ</STRONG> (Thumb, 14 bytes, Stack size 0 bytes, drvgpio.o(i.NVIC_DisableIRQ))
<BR><BR>[Called By]<UL><LI><a href="#[5f]">&gt;&gt;</a>&nbsp;&nbsp;&nbsp;DrvGPIO_DisableEINT0
</UL>

<P><STRONG><a name="[63]"></a>NVIC_EnableIRQ</STRONG> (Thumb, 14 bytes, Stack size 0 bytes, drvgpio.o(i.NVIC_EnableIRQ))
<BR><BR>[Called By]<UL><LI><a href="#[64]">&gt;&gt;</a>&nbsp;&nbsp;&nbsp;DrvGPIO_EnableEINT1
<LI><a href="#[61]">&gt;&gt;</a>&nbsp;&nbsp;&nbsp;DrvGPIO_EnableEINT0
</UL>

<P><STRONG><a name="[62]"></a>NVIC_SetPriority</STRONG> (Thumb, 110 bytes, Stack size 8 bytes, drvgpio.o(i.NVIC_SetPriority))
<BR><BR>[Stack]<UL><LI>Max Depth = 8<LI>Call Chain = NVIC_SetPriority
</UL>
<BR>[Called By]<UL><LI><a href="#[64]">&gt;&gt;</a>&nbsp;&nbsp;&nbsp;DrvGPIO_EnableEINT1
<LI><a href="#[61]">&gt;&gt;</a>&nbsp;&nbsp;&nbsp;DrvGPIO_EnableEINT0
</UL>

<P><STRONG><a name="[5d]"></a>BaudRateCalculator</STRONG> (Thumb, 204 bytes, Stack size 40 bytes, drvuart.o(i.BaudRateCalculator))
<BR><BR>[Stack]<UL><LI>Max Depth = 40<LI>Call Chain = BaudRateCalculator
</UL>
<BR>[Calls]<UL><LI><a href="#[5e]">&gt;&gt;</a>&nbsp;&nbsp;&nbsp;__aeabi_uidivmod
</UL>
<BR>[Called By]<UL><LI><a href="#[72]">&gt;&gt;</a>&nbsp;&nbsp;&nbsp;DrvUART_Open
</UL>

<P><STRONG><a name="[73]"></a>GetUartClk</STRONG> (Thumb, 66 bytes, Stack size 16 bytes, drvuart.o(i.GetUartClk))
<BR><BR>[Stack]<UL><LI>Max Depth = 48<LI>Call Chain = GetUartClk &rArr; DrvSYS_GetPLLClockFreq
</UL>
<BR>[Calls]<UL><LI><a href="#[69]">&gt;&gt;</a>&nbsp;&nbsp;&nbsp;DrvSYS_GetPLLClockFreq
<LI><a href="#[5e]">&gt;&gt;</a>&nbsp;&nbsp;&nbsp;__aeabi_uidivmod
<LI><a href="#[75]">&gt;&gt;</a>&nbsp;&nbsp;&nbsp;DrvSYS_GetExtClockFreq
</UL>
<BR>[Called By]<UL><LI><a href="#[72]">&gt;&gt;</a>&nbsp;&nbsp;&nbsp;DrvUART_Open
</UL>

<P><STRONG><a name="[71]"></a>NVIC_EnableIRQ</STRONG> (Thumb, 14 bytes, Stack size 0 bytes, drvuart.o(i.NVIC_EnableIRQ))
<BR><BR>[Called By]<UL><LI><a href="#[70]">&gt;&gt;</a>&nbsp;&nbsp;&nbsp;DrvUART_EnableInt
</UL>

<P><STRONG><a name="[2c]"></a>_printf_input_char</STRONG> (Thumb, 10 bytes, Stack size 0 bytes, _printf_char_common.o(.text))
<BR>[Address Reference Count : 1]<UL><LI> _printf_char_common.o(.text)
</UL><P>
<H3>
Undefined Global Symbols
</H3>
<P><STRONG><a name="[56]"></a>_call_atexit_fns</STRONG> (ARM, 0 bytes, Stack size 0 bytes, UNDEFINED)
<BR><BR>[Called By]<UL><LI><a href="#[42]">&gt;&gt;</a>&nbsp;&nbsp;&nbsp;exit
</UL>

<P><STRONG><a name="[54]"></a>_printf_post_padding</STRONG> (ARM, 0 bytes, Stack size 0 bytes, UNDEFINED)
<BR><BR>[Called By]<UL><LI><a href="#[4e]">&gt;&gt;</a>&nbsp;&nbsp;&nbsp;_printf_int_common
</UL>

<P><STRONG><a name="[53]"></a>_printf_pre_padding</STRONG> (ARM, 0 bytes, Stack size 0 bytes, UNDEFINED)
<BR><BR>[Called By]<UL><LI><a href="#[4e]">&gt;&gt;</a>&nbsp;&nbsp;&nbsp;_printf_int_common
</UL>

<P><STRONG><a name="[4b]"></a>_printf_truncate_signed</STRONG> (ARM, 0 bytes, Stack size 0 bytes, UNDEFINED)
<BR><BR>[Called By]<UL><LI><a href="#[3a]">&gt;&gt;</a>&nbsp;&nbsp;&nbsp;_printf_int_dec
</UL>

<P><STRONG><a name="[4c]"></a>_printf_truncate_unsigned</STRONG> (ARM, 0 bytes, Stack size 0 bytes, UNDEFINED)
<BR><BR>[Called By]<UL><LI><a href="#[3a]">&gt;&gt;</a>&nbsp;&nbsp;&nbsp;_printf_int_dec
</UL>
<HR></body></html>
