<html>
<body>
<pre>
<h1>µVision Build Log</h1>
<h2>Tool Versions:</h2>
IDE-Version: £gVision V5.23.0.0
Copyright (C) 2017 ARM Ltd and ARM Germany GmbH. All rights reserved.
License Information: asd SA, fds, LIC=----
 
Tool Versions:
Toolchain:       MDK-Lite  Version: 5.23
Toolchain Path:  C:\Keil_v5\ARM\ARMCC\Bin
C Compiler:      Armcc.exe V5.06 update 4 (build 422)
Assembler:       Armasm.exe V5.06 update 4 (build 422)
Linker/Locator:  ArmLink.exe V5.06 update 4 (build 422)
Library Manager: ArmAr.exe V5.06 update 4 (build 422)
Hex Converter:   FromElf.exe V5.06 update 4 (build 422)
CPU DLL:         SARMCM3.DLL V5.23
Dialog DLL:      DARMCM1.DLL V1.17.0.0
Target DLL:      UL2CM3.DLL V1.159.7.0
Dialog DLL:      TARMCM1.DLL V1.12.0.0
 
<h2>Project:</h2>
C:\Keil\NuvotonPlatform_Keil\Sample\NUC1xx-LB_002\1¼Ö°ªÂd¤l\a.uvproj
Project File Date:  05/24/2018

<h2>Output:</h2>
*** Using Compiler 'V5.06 update 4 (build 422)', folder: 'C:\Keil_v5\ARM\ARMCC\Bin'
Build target 'Target 1'
compiling control.c...
control.c(12): warning:  #1295-D: Deprecated declaration Init_GPIO - give arg types
  void Init_GPIO();
control.c(82): warning:  #167-D: argument of type "uint8_t *" is incompatible with parameter of type "char *restrict"
  	sprintf(bInChar2,"r=%d c=%d\r\n",row,column);
control.c(83): warning:  #223-D: function "strlen" declared implicitly
  	DrvUART_Write(UART_PORT0,bInChar2,strlen(bInChar2));
control.c(142): warning:  #167-D: argument of type "void (*)(void)" is incompatible with parameter of type "PFN_DRVUART_CALLBACK *"
  	DrvUART_EnableInt(UART_PORT0, DRVUART_RDAINT, UART_INT_HANDLE);
control.c(148): warning:  #1-D: last line of file ends without a newline
  }
control.c: 5 warnings, 0 errors
linking...
Program Size: Code=6868 RO-data=252 RW-data=76 ZI-data=620  
After Build - User command #1: C:\Keil_v5\ARM\ARMCC\bin\fromelf.exe --bin -o ./objects/bin/control.bin ./objects/control.axf
".\Objects\control.axf" - 0 Error(s), 5 Warning(s).
Build Time Elapsed:  00:00:01
</pre>
</body>
</html>
