<html>
<body>
<pre>
<h1>猩ision Build Log</h1>
<h2>Project:</h2>
C:\Keil\NuvotonPlatform_Keil\Sample\NUC1xx-LB_002\ESP8266傳資料\Smpl_UART0.uvproj
Project File Date:  05/17/2017

<h2>Output:</h2>
Load "C:\\Keil\\NuvotonPlatform_Keil\\Sample\\NUC1xx-LB_002\\ESP8266傳資料\\obj\\Smpl_UART0.AXF" 
Build target 'Smpl_UART0'
creating preprocessor file for Smpl_UART0.c...
compiling Smpl_UART0.c...
Smpl_UART0.c(29): warning:  #177-D: variable "i" was declared but never referenced
Smpl_UART0.c:           uint8_t i;
Smpl_UART0.c:                   ^
Smpl_UART0.c(69): warning:  #177-D: variable "i" was declared but never referenced
Smpl_UART0.c:           uint8_t  i =0;
Smpl_UART0.c:                    ^
Smpl_UART0.c(70): warning:  #177-D: variable "dataout" was declared but never referenced
Smpl_UART0.c:           uint8_t  dataout[8] = "UARTTest";
Smpl_UART0.c:                    ^
Smpl_UART0.c(71): warning:  #177-D: variable "aa" was declared but never referenced
Smpl_UART0.c:           uint8_t aa[8];
Smpl_UART0.c:                   ^
Smpl_UART0.c(72): warning:  #177-D: variable "j" was declared but never referenced
Smpl_UART0.c:           uint8_t j=0;
Smpl_UART0.c:                   ^
Smpl_UART0.c(73): warning:  #177-D: variable "a" was declared but never referenced
Smpl_UART0.c:           char a[100];
Smpl_UART0.c:                ^
Smpl_UART0.c(74): warning:  #177-D: variable "bInChar" was declared but never referenced
Smpl_UART0.c:           uint8_t bInChar[10] = {0xFF};
Smpl_UART0.c:                   ^
Smpl_UART0.c(75): warning:  #177-D: variable "bInChar2" was declared but never referenced
Smpl_UART0.c:           uint8_t bInChar2[100] = {0xFF};
Smpl_UART0.c:                   ^
Smpl_UART0.c: Smpl_UART0.c: 8 warnings, 0 errors
linking...
Program Size: Code=6256 RO-data=256 RW-data=1600 ZI-data=1120  
User command #1: fromelf --bin ".\obj\Smpl_UART0.axf" --output ".\obj\Smpl_UART0.bin"
User command #2: fromelf --text -c ".\obj\Smpl_UART0.axf" --output ".\obj\Smpl_UART0.txt"
".\obj\Smpl_UART0.axf" - 0 Error(s), 8 Warning(s).
Load "C:\\Keil\\NuvotonPlatform_Keil\\Sample\\NUC1xx-LB_002\\ESP8266傳資料\\obj\\Smpl_UART0.AXF" 
