<html>
<body>
<pre>
<h1>µVision Build Log</h1>
<h2>Tool Versions:</h2>
IDE-Version: £gVision V5.23.0.0
Copyright (C) 2017 ARM Ltd and ARM Germany GmbH. All rights reserved.
License Information: asd SA, fds, LIC=----
 
Tool Versions:
Toolchain:       MDK-Lite  Version: 5.23
Toolchain Path:  C:\Keil_v5\ARM\ARMCC\Bin
C Compiler:      Armcc.exe V5.06 update 4 (build 422)
Assembler:       Armasm.exe V5.06 update 4 (build 422)
Linker/Locator:  ArmLink.exe V5.06 update 4 (build 422)
Library Manager: ArmAr.exe V5.06 update 4 (build 422)
Hex Converter:   FromElf.exe V5.06 update 4 (build 422)
CPU DLL:         SARMCM3.DLL V5.23
Dialog DLL:      DARMCM1.DLL V1.17.0.0
Target DLL:      Nu_Link.dll V1.30
Dialog DLL:      TARMCM1.DLL V1.12.0.0
 
<h2>Project:</h2>
C:\Keil\NuvotonPlatform_Keil\Sample\NUC1xx-LB_002\Ås¦±·P´ú¾¹¶Çuart\Smpl_ADC_PWM.uvproj
Project File Date:  05/22/2017

<h2>Output:</h2>
*** Using Compiler 'V5.06 update 4 (build 422)', folder: 'C:\Keil_v5\ARM\ARMCC\Bin'
Build target 'Smpl_ADC_PWM'
creating preprocessor file for core_cm0.c...
creating preprocessor file for system_NUC1xx.c...
creating preprocessor file for Smpl_ADC_PWM.c...
creating preprocessor file for LCD_Driver.c...
creating preprocessor file for Ascii_Table.C...
compiling Smpl_ADC_PWM.c...
Smpl_ADC_PWM.c(83): warning:  #223-D: function "DrvSYS_Open" declared implicitly
  	DrvSYS_Open(48000000);
Smpl_ADC_PWM.c(117): warning:  #223-D: function "strlen" declared implicitly
  		DrvUART_Write(UART_PORT0,adc_value1,strlen(adc_value1)); 
Smpl_ADC_PWM.c(117): warning:  #167-D: argument of type "char *" is incompatible with parameter of type "uint8_t *"
  		DrvUART_Write(UART_PORT0,adc_value1,strlen(adc_value1)); 
Smpl_ADC_PWM.c(119): warning:  #167-D: argument of type "char *" is incompatible with parameter of type "uint8_t *"
  		DrvUART_Write(UART_PORT0,adc_value2,strlen(adc_value2)); 
Smpl_ADC_PWM.c(121): warning:  #167-D: argument of type "char *" is incompatible with parameter of type "uint8_t *"
  		DrvUART_Write(UART_PORT0,adc_value3,strlen(adc_value3)); 
Smpl_ADC_PWM.c: 5 warnings, 0 errors
creating preprocessor file for DrvUART.c...
creating preprocessor file for DrvSYS.c...
creating preprocessor file for DrvGPIO.c...
creating preprocessor file for DrvADC.c...
linking...
Program Size: Code=7804 RO-data=288 RW-data=1612 ZI-data=1132  
After Build - User command #1: fromelf --bin ".\obj\Smpl_ADC_PWM.axf" --output ".\obj\Smpl_ADC_PWM.bin"
After Build - User command #2: fromelf --text -c ".\obj\Smpl_ADC_PWM.axf" --output ".\obj\Smpl_ADC_PWM.txt"
".\obj\Smpl_ADC_PWM.axf" - 0 Error(s), 5 Warning(s).
Build Time Elapsed:  00:00:02
</pre>
</body>
</html>
