Component: ARM Compiler 5.06 update 4 (build 422) Tool: armlink [4d35d2]

==============================================================================

Small function inlining results

Inlined function __aeabi_idiv0 from aeabi_idiv0.o at offset 0x154 in aeabi_sdiv.o(.text).
Inlined Instruction: BX       lr
Inlined function __aeabi_idiv0 from aeabi_idiv0.o at offset 0x154 in aeabi_sdiv_div0.o(.text).
Inlined Instruction: BX       lr
Inlined function _platform_pre_stackheap_init from boardinit1.o at offset 0x0 in __rtentry2.o(.ARM.Collect$$rtentry$$00000001).
Inlined Instruction: BX       lr
Inlined function _fp_init from fpinit.o at offset 0x0 in libinit2.o(.ARM.Collect$$libinit$$00000001).
Inlined Instruction: BX       lr
Inlined function _platform_pre_lib_shutdown from boardshut.o at offset 0x0 in rtexit2.o(.ARM.Collect$$rtexit$$00000001).
Inlined Instruction: BX       lr
Inlined function __ARM_get_argv from no_argv.o at offset 0x2 in argv_veneer.o(.text).
Inlined Instruction: BX       lr
Inlined total of 6 calls.

==============================================================================

Memory Map of the image

  Image Entry point : 0x00000165

  Load Region LR_1 (Base: 0x00000000, Size: 0x00002090, Max: 0xffffffff, ABSOLUTE)

    Execution Region ER_RO (Base: 0x00000000, Size: 0x00001a50, Max: 0xffffffff, ABSOLUTE)

    Base Addr    Size         Type   Attr      Idx    E Section Name        Object

    0x00000000   0x000000c0   Data   RO           55    RESET               startup_nuc1xx.o
    0x000000c0   0x00000008   Code   RO          912  * !!!main             c_p.l(__main.o)
    0x000000c8   0x0000003c   Code   RO         1090    !!!scatter          c_p.l(__scatter.o)
    0x00000104   0x0000001a   Code   RO         1092    !!handler_copy      c_p.l(__scatter_copy.o)
    0x0000011e   0x00000002   PAD
    0x00000120   0x0000001c   Code   RO         1094    !!handler_zi        c_p.l(__scatter_zi.o)
    0x0000013c   0x00000002   Code   RO          959    .ARM.Collect$$libinit$$00000000  c_p.l(libinit.o)
    0x0000013e   0x00000000   Code   RO          973    .ARM.Collect$$libinit$$00000002  c_p.l(libinit2.o)
    0x0000013e   0x00000000   Code   RO          975    .ARM.Collect$$libinit$$00000004  c_p.l(libinit2.o)
    0x0000013e   0x00000000   Code   RO          978    .ARM.Collect$$libinit$$0000000A  c_p.l(libinit2.o)
    0x0000013e   0x00000000   Code   RO          980    .ARM.Collect$$libinit$$0000000C  c_p.l(libinit2.o)
    0x0000013e   0x00000000   Code   RO          982    .ARM.Collect$$libinit$$0000000E  c_p.l(libinit2.o)
    0x0000013e   0x00000000   Code   RO          985    .ARM.Collect$$libinit$$00000011  c_p.l(libinit2.o)
    0x0000013e   0x00000000   Code   RO          987    .ARM.Collect$$libinit$$00000013  c_p.l(libinit2.o)
    0x0000013e   0x00000000   Code   RO          989    .ARM.Collect$$libinit$$00000015  c_p.l(libinit2.o)
    0x0000013e   0x00000000   Code   RO          991    .ARM.Collect$$libinit$$00000017  c_p.l(libinit2.o)
    0x0000013e   0x00000000   Code   RO          993    .ARM.Collect$$libinit$$00000019  c_p.l(libinit2.o)
    0x0000013e   0x00000000   Code   RO          995    .ARM.Collect$$libinit$$0000001B  c_p.l(libinit2.o)
    0x0000013e   0x00000000   Code   RO          997    .ARM.Collect$$libinit$$0000001D  c_p.l(libinit2.o)
    0x0000013e   0x00000000   Code   RO          999    .ARM.Collect$$libinit$$0000001F  c_p.l(libinit2.o)
    0x0000013e   0x00000000   Code   RO         1001    .ARM.Collect$$libinit$$00000021  c_p.l(libinit2.o)
    0x0000013e   0x00000000   Code   RO         1003    .ARM.Collect$$libinit$$00000023  c_p.l(libinit2.o)
    0x0000013e   0x00000000   Code   RO         1005    .ARM.Collect$$libinit$$00000025  c_p.l(libinit2.o)
    0x0000013e   0x00000000   Code   RO         1009    .ARM.Collect$$libinit$$0000002C  c_p.l(libinit2.o)
    0x0000013e   0x00000000   Code   RO         1011    .ARM.Collect$$libinit$$0000002E  c_p.l(libinit2.o)
    0x0000013e   0x00000000   Code   RO         1013    .ARM.Collect$$libinit$$00000030  c_p.l(libinit2.o)
    0x0000013e   0x00000000   Code   RO         1015    .ARM.Collect$$libinit$$00000032  c_p.l(libinit2.o)
    0x0000013e   0x00000002   Code   RO         1016    .ARM.Collect$$libinit$$00000033  c_p.l(libinit2.o)
    0x00000140   0x00000002   Code   RO         1047    .ARM.Collect$$libshutdown$$00000000  c_p.l(libshutdown.o)
    0x00000142   0x00000000   Code   RO         1073    .ARM.Collect$$libshutdown$$00000002  c_p.l(libshutdown2.o)
    0x00000142   0x00000000   Code   RO         1075    .ARM.Collect$$libshutdown$$00000004  c_p.l(libshutdown2.o)
    0x00000142   0x00000000   Code   RO         1078    .ARM.Collect$$libshutdown$$00000007  c_p.l(libshutdown2.o)
    0x00000142   0x00000000   Code   RO         1081    .ARM.Collect$$libshutdown$$0000000A  c_p.l(libshutdown2.o)
    0x00000142   0x00000000   Code   RO         1083    .ARM.Collect$$libshutdown$$0000000C  c_p.l(libshutdown2.o)
    0x00000142   0x00000000   Code   RO         1086    .ARM.Collect$$libshutdown$$0000000F  c_p.l(libshutdown2.o)
    0x00000142   0x00000002   Code   RO         1087    .ARM.Collect$$libshutdown$$00000010  c_p.l(libshutdown2.o)
    0x00000144   0x00000000   Code   RO          914    .ARM.Collect$$rtentry$$00000000  c_p.l(__rtentry.o)
    0x00000144   0x00000000   Code   RO          927    .ARM.Collect$$rtentry$$00000002  c_p.l(__rtentry2.o)
    0x00000144   0x00000006   Code   RO          939    .ARM.Collect$$rtentry$$00000004  c_p.l(__rtentry4.o)
    0x0000014a   0x00000000   Code   RO          929    .ARM.Collect$$rtentry$$00000009  c_p.l(__rtentry2.o)
    0x0000014a   0x00000004   Code   RO          930    .ARM.Collect$$rtentry$$0000000A  c_p.l(__rtentry2.o)
    0x0000014e   0x00000000   Code   RO          932    .ARM.Collect$$rtentry$$0000000C  c_p.l(__rtentry2.o)
    0x0000014e   0x00000008   Code   RO          933    .ARM.Collect$$rtentry$$0000000D  c_p.l(__rtentry2.o)
    0x00000156   0x00000002   Code   RO          964    .ARM.Collect$$rtexit$$00000000  c_p.l(rtexit.o)
    0x00000158   0x00000000   Code   RO         1020    .ARM.Collect$$rtexit$$00000002  c_p.l(rtexit2.o)
    0x00000158   0x00000004   Code   RO         1021    .ARM.Collect$$rtexit$$00000003  c_p.l(rtexit2.o)
    0x0000015c   0x00000006   Code   RO         1022    .ARM.Collect$$rtexit$$00000004  c_p.l(rtexit2.o)
    0x00000162   0x00000002   PAD
    0x00000164   0x00000064   Code   RO           56  * .text               startup_nuc1xx.o
    0x000001c8   0x00000040   Code   RO          904    .text               c_p.l(rt_memclr.o)
    0x00000208   0x0000015a   Code   RO          906    .text               c_p.l(aeabi_sdiv.o)
    0x00000362   0x00000006   Code   RO          910    .text               c_p.l(heapauxi.o)
    0x00000368   0x0000003e   Code   RO          945    .text               c_p.l(sys_stackheap_outer.o)
    0x000003a6   0x00000010   Code   RO          948    .text               c_p.l(exit.o)
    0x000003b6   0x00000002   PAD
    0x000003b8   0x00000008   Code   RO          960    .text               c_p.l(libspace.o)
    0x000003c0   0x0000000c   Code   RO         1017    .text               c_p.l(sys_exit.o)
    0x000003cc   0x00000002   Code   RO         1036    .text               c_p.l(use_no_semi.o)
    0x000003ce   0x00000000   Code   RO         1038    .text               c_p.l(indicate_semi.o)
    0x000003ce   0x00000002   PAD
    0x000003d0   0x00000028   Code   RO          185    i.BOD_IRQHandler    drvsys.o
    0x000003f8   0x000000d4   Code   RO          493    i.BaudRateCalculator  drvuart.o
    0x000004cc   0x00000758   Code   RO          661    i.DrvGPIO_InitFunction  drvgpio.o
    0x00000c24   0x0000002c   Code   RO          188    i.DrvSYS_Delay      drvsys.o
    0x00000c50   0x00000008   Code   RO          203    i.DrvSYS_GetExtClockFreq  drvsys.o
    0x00000c58   0x00000078   Code   RO          205    i.DrvSYS_GetPLLClockFreq  drvsys.o
    0x00000cd0   0x000000c4   Code   RO          206    i.DrvSYS_GetPLLContent  drvsys.o
    0x00000d94   0x00000010   Code   RO          209    i.DrvSYS_IsProtectedRegLocked  drvsys.o
    0x00000da4   0x000000c0   Code   RO          211    i.DrvSYS_Open       drvsys.o
    0x00000e64   0x00000038   Code   RO          217    i.DrvSYS_SelectHCLKSource  drvsys.o
    0x00000e9c   0x0000004c   Code   RO          226    i.DrvSYS_SetPLLContent  drvsys.o
    0x00000ee8   0x00000268   Code   RO          503    i.DrvUART_Open      drvuart.o
    0x00001150   0x00000040   Code   RO          504    i.DrvUART_Read      drvuart.o
    0x00001190   0x00000040   Code   RO          509    i.DrvUART_Write     drvuart.o
    0x000011d0   0x00000024   Code   RO          669    i.EINT0_IRQHandler  drvgpio.o
    0x000011f4   0x00000024   Code   RO          670    i.EINT1_IRQHandler  drvgpio.o
    0x00001218   0x00000044   Code   RO          671    i.GPAB_IRQHandler   drvgpio.o
    0x0000125c   0x0000004c   Code   RO          672    i.GPCDE_IRQHandler  drvgpio.o
    0x000012a8   0x0000004c   Code   RO          510    i.GetUartClk        drvuart.o
    0x000012f4   0x00000218   Code   RO           61    i.Initial_pannel    lcd_driver.o
    0x0000150c   0x00000028   Code   RO          233    i.PWRWU_IRQHandler  drvsys.o
    0x00001534   0x000000f4   Code   RO           62    i.SetPACA           lcd_driver.o
    0x00001628   0x00000078   Code   RO           63    i.Show_Word         lcd_driver.o
    0x000016a0   0x000000a0   Code   RO           17    i.SystemCoreClockUpdate  system_nuc1xx.o
    0x00001740   0x00000002   Code   RO           18    i.SystemInit        system_nuc1xx.o
    0x00001742   0x00000002   PAD
    0x00001744   0x0000003c   Code   RO          513    i.UART02_IRQHandler  drvuart.o
    0x00001780   0x00000020   Code   RO          514    i.UART1_IRQHandler  drvuart.o
    0x000017a0   0x00000058   Code   RO           65    i.WriteData         lcd_driver.o
    0x000017f8   0x0000001c   Code   RO          482    i.__ARM_common_switch8  drvsys.o
    0x00001814   0x00000028   Code   RO           66    i.clr_all_pannal    lcd_driver.o
    0x0000183c   0x00000020   Code   RO          142    i.delay_time        smpl_uart0.o
    0x0000185c   0x0000018c   Code   RO          143    i.main              smpl_uart0.o
    0x000019e8   0x00000028   Code   RO           67    i.print_lcd         lcd_driver.o
    0x00001a10   0x00000010   Data   RO          144    .constdata          smpl_uart0.o
    0x00001a20   0x00000010   Data   RO          234    .constdata          drvsys.o
    0x00001a30   0x00000020   Data   RO         1088    Region$$Table       anon$$obj.o


    Execution Region ER_RW (Base: 0x20000000, Size: 0x00000640, Max: 0xffffffff, ABSOLUTE)

    Base Addr    Size         Type   Attr      Idx    E Section Name        Object

    0x20000000   0x0000001c   Data   RW           19    .data               system_nuc1xx.o
    0x2000001c   0x00000010   Data   RW           68    .data               lcd_driver.o
    0x2000002c   0x000005f0   Data   RW          134    .data               ascii_table.o
    0x2000061c   0x00000008   Data   RW          235    .data               drvsys.o
    0x20000624   0x0000000c   Data   RW          515    .data               drvuart.o
    0x20000630   0x00000010   Data   RW          676    .data               drvgpio.o


    Execution Region ER_ZI (Base: 0x20000640, Size: 0x00000460, Max: 0xffffffff, ABSOLUTE)

    Base Addr    Size         Type   Attr      Idx    E Section Name        Object

    0x20000640   0x00000060   Zero   RW          961    .bss                c_p.l(libspace.o)
    0x200006a0   0x00000000   Zero   RW           54    HEAP                startup_nuc1xx.o
    0x200006a0   0x00000400   Zero   RW           53    STACK               startup_nuc1xx.o


==============================================================================

Image component sizes


      Code (inc. data)   RO Data    RW Data    ZI Data      Debug   Object Name

         0          0          0       1520          0        484   ascii_table.o
         0          0          0          0          0       4540   core_cm0.o
      2096        120          0         16          0       9186   drvgpio.o
       816        106         16          8          0       9533   drvsys.o
      1124         70          0         12          0       8729   drvuart.o
      1068         24          0         16          0       4579   lcd_driver.o
       428        110         16          0          0     122404   smpl_uart0.o
       100         46        192          0       1024        744   startup_nuc1xx.o
       162         28          0         28          0     120198   system_nuc1xx.o

    ----------------------------------------------------------------------
      5796        504        256       1600       1024     280397   Object Totals
         0          0         32          0          0          0   (incl. Generated)
         2          0          0          0          0          0   (incl. Padding)

    ----------------------------------------------------------------------

      Code (inc. data)   RO Data    RW Data    ZI Data      Debug   Library Member Name

         8          0          0          0          0         68   __main.o
         0          0          0          0          0          0   __rtentry.o
        12          0          0          0          0          0   __rtentry2.o
         6          0          0          0          0          0   __rtentry4.o
        60          8          0          0          0          0   __scatter.o
        26          0          0          0          0          0   __scatter_copy.o
        28          0          0          0          0          0   __scatter_zi.o
       346          0          0          0          0         92   aeabi_sdiv.o
        16          0          0          0          0         68   exit.o
         6          0          0          0          0        136   heapauxi.o
         0          0          0          0          0          0   indicate_semi.o
         2          0          0          0          0          0   libinit.o
         2          0          0          0          0          0   libinit2.o
         2          0          0          0          0          0   libshutdown.o
         2          0          0          0          0          0   libshutdown2.o
         8          4          0          0         96         68   libspace.o
        64          0          0          0          0        108   rt_memclr.o
         2          0          0          0          0          0   rtexit.o
        10          0          0          0          0          0   rtexit2.o
        12          4          0          0          0         60   sys_exit.o
        62          0          0          0          0         80   sys_stackheap_outer.o
         2          0          0          0          0         68   use_no_semi.o

    ----------------------------------------------------------------------
       684         16          0          0         96        748   Library Totals
         8          0          0          0          0          0   (incl. Padding)

    ----------------------------------------------------------------------

      Code (inc. data)   RO Data    RW Data    ZI Data      Debug   Library Name

       676         16          0          0         96        748   c_p.l

    ----------------------------------------------------------------------
       684         16          0          0         96        748   Library Totals

    ----------------------------------------------------------------------

==============================================================================


      Code (inc. data)   RO Data    RW Data    ZI Data      Debug   

      6480        520        256       1600       1120     279681   Grand Totals
      6480        520        256       1600       1120     279681   ELF Image Totals
      6480        520        256       1600          0          0   ROM Totals

==============================================================================

    Total RO  Size (Code + RO Data)                 6736 (   6.58kB)
    Total RW  Size (RW Data + ZI Data)              2720 (   2.66kB)
    Total ROM Size (Code + RO Data + RW Data)       8336 (   8.14kB)

==============================================================================

