<html>
<body>
<pre>
<h1>猩ision Build Log</h1>
<h2>Tool Versions:</h2>
IDE-Version: μVision V5.23.0.0
Copyright (C) 2017 ARM Ltd and ARM Germany GmbH. All rights reserved.
License Information: asd SA, fds, LIC=----
 
Tool Versions:
Toolchain:       MDK-Lite  Version: 5.23
Toolchain Path:  C:\Keil_v5\ARM\ARMCC\Bin
C Compiler:      Armcc.exe V5.06 update 4 (build 422)
Assembler:       Armasm.exe V5.06 update 4 (build 422)
Linker/Locator:  ArmLink.exe V5.06 update 4 (build 422)
Library Manager: ArmAr.exe V5.06 update 4 (build 422)
Hex Converter:   FromElf.exe V5.06 update 4 (build 422)
CPU DLL:         SARMCM3.DLL V5.23
Dialog DLL:      DARMCM1.DLL V1.17.0.0
Target DLL:      UL2CM3.DLL V1.159.7.0
Dialog DLL:      TARMCM1.DLL V1.12.0.0
 
<h2>Project:</h2>
C:\Keil\NuvotonPlatform_Keil\Sample\NUC1xx-LB_002\1車子(有重量LCD)\a.uvproj
Project File Date:  03/05/2018

<h2>Output:</h2>
*** Using Compiler 'V5.06 update 4 (build 422)', folder: 'C:\Keil_v5\ARM\ARMCC\Bin'
Build target 'Target 1'
compiling control.c...
LCD_i2c.h(4): warning:  #1295-D: Deprecated declaration init_LCD - give arg types
  void init_LCD();
LCD_i2c.h(6): warning:  #1-D: last line of file ends without a newline
  void clear_LCD();
LCD_i2c.h(6): warning:  #1295-D: Deprecated declaration clear_LCD - give arg types
  void clear_LCD();
control.c(20): warning:  #1295-D: Deprecated declaration Init_GPIO - give arg types
  void Init_GPIO();
control.c(22): warning:  #1295-D: Deprecated declaration Stop_Move - give arg types
  void Stop_Move();
control.c(23): warning:  #1295-D: Deprecated declaration Start_Move - give arg types
  void Start_Move();
control.c(83): warning:  #177-D: variable "i"  was declared but never referenced
  	uint8_t i,j,x=1;
control.c(83): warning:  #177-D: variable "j"  was declared but never referenced
  	uint8_t i,j,x=1;
control.c(83): warning:  #177-D: variable "x"  was declared but never referenced
  	uint8_t i,j,x=1;
control.c(197): warning:  #167-D: argument of type "char *" is incompatible with parameter of type "uint8_t *"
  	DrvUART_Write(UART_PORT0,TEXT3,7);
control.c(203): warning:  #177-D: variable "i"  was declared but never referenced
  	uint8_t i,j,x=1;
control.c(203): warning:  #177-D: variable "j"  was declared but never referenced
  	uint8_t i,j,x=1;
control.c(203): warning:  #177-D: variable "x"  was declared but never referenced
  	uint8_t i,j,x=1;
control.c(334): warning:  #177-D: variable "TEXT3"  was declared but never referenced
  	char TEXT3[16] = "                ";
control.c(441): warning:  #167-D: argument of type "void (*)(void)" is incompatible with parameter of type "PFN_DRVUART_CALLBACK *"
  	DrvUART_EnableInt(UART_PORT0, DRVUART_RDAINT, WIFI_UART_INT_HANDLE);
control.c(442): warning:  #167-D: argument of type "void (*)(void)" is incompatible with parameter of type "PFN_DRVUART_CALLBACK *"
  	DrvUART_EnableInt(UART_PORT1, DRVUART_RDAINT, RFID_UART_INT_HANDLE);
control.c(543): warning:  #1-D: last line of file ends without a newline
  }
control.c(466): warning:  #128-D: loop is not reachable
  	while(1)
control.c(392): warning:  #177-D: variable "i"  was declared but never referenced
  	int i =10;
control.c(393): warning:  #177-D: variable "g"  was declared but never referenced
  	int g=0,f=0;
control.c(393): warning:  #177-D: variable "f"  was declared but never referenced
  	int g=0,f=0;
control.c(395): warning:  #177-D: variable "bInChar"  was declared but never referenced
  	uint8_t bInChar[2];
control.c: 22 warnings, 0 errors
linking...
Program Size: Code=10632 RO-data=252 RW-data=108 ZI-data=652  
".\Objects\control.axf" - 0 Error(s), 22 Warning(s).
Build Time Elapsed:  00:00:05
</pre>
</body>
</html>
