Component: ARM Compiler 5.06 update 4 (build 422) Tool: armlink [4d35d2]

==============================================================================

Small function inlining results

Inlined function __aeabi_idiv0 from aeabi_idiv0.o at offset 0x154 in aeabi_sdiv.o(.text).
Inlined Instruction: BX       lr
Inlined function __aeabi_idiv0 from aeabi_idiv0.o at offset 0x154 in aeabi_sdiv_div0.o(.text).
Inlined Instruction: BX       lr
Inlined function _platform_pre_stackheap_init from boardinit1.o at offset 0x0 in __rtentry2.o(.ARM.Collect$$rtentry$$00000001).
Inlined Instruction: BX       lr
Inlined function _fp_init from fpinit.o at offset 0x0 in libinit2.o(.ARM.Collect$$libinit$$00000001).
Inlined Instruction: BX       lr
Inlined function _platform_pre_lib_shutdown from boardshut.o at offset 0x0 in rtexit2.o(.ARM.Collect$$rtexit$$00000001).
Inlined Instruction: BX       lr
Inlined function __ARM_get_argv from no_argv.o at offset 0x2 in argv_veneer.o(.text).
Inlined Instruction: BX       lr
Inlined total of 6 calls.

==============================================================================

Memory Map of the image

  Image Entry point : 0x00000165

  Load Region LR_1 (Base: 0x00000000, Size: 0x000039bc, Max: 0xffffffff, ABSOLUTE)

    Execution Region ER_RO (Base: 0x00000000, Size: 0x00003710, Max: 0xffffffff, ABSOLUTE)

    Base Addr    Size         Type   Attr      Idx    E Section Name        Object

    0x00000000   0x000000c0   Data   RO           55    RESET               startup_nuc1xx.o
    0x000000c0   0x00000008   Code   RO         2617  * !!!main             c_p.l(__main.o)
    0x000000c8   0x0000003c   Code   RO         2807    !!!scatter          c_p.l(__scatter.o)
    0x00000104   0x0000001a   Code   RO         2809    !!handler_copy      c_p.l(__scatter_copy.o)
    0x0000011e   0x00000002   PAD
    0x00000120   0x0000001c   Code   RO         2811    !!handler_zi        c_p.l(__scatter_zi.o)
    0x0000013c   0x00000002   Code   RO         2679    .ARM.Collect$$libinit$$00000000  c_p.l(libinit.o)
    0x0000013e   0x00000000   Code   RO         2692    .ARM.Collect$$libinit$$00000002  c_p.l(libinit2.o)
    0x0000013e   0x00000000   Code   RO         2694    .ARM.Collect$$libinit$$00000004  c_p.l(libinit2.o)
    0x0000013e   0x00000000   Code   RO         2697    .ARM.Collect$$libinit$$0000000A  c_p.l(libinit2.o)
    0x0000013e   0x00000000   Code   RO         2699    .ARM.Collect$$libinit$$0000000C  c_p.l(libinit2.o)
    0x0000013e   0x00000000   Code   RO         2701    .ARM.Collect$$libinit$$0000000E  c_p.l(libinit2.o)
    0x0000013e   0x00000000   Code   RO         2704    .ARM.Collect$$libinit$$00000011  c_p.l(libinit2.o)
    0x0000013e   0x00000000   Code   RO         2706    .ARM.Collect$$libinit$$00000013  c_p.l(libinit2.o)
    0x0000013e   0x00000000   Code   RO         2708    .ARM.Collect$$libinit$$00000015  c_p.l(libinit2.o)
    0x0000013e   0x00000000   Code   RO         2710    .ARM.Collect$$libinit$$00000017  c_p.l(libinit2.o)
    0x0000013e   0x00000000   Code   RO         2712    .ARM.Collect$$libinit$$00000019  c_p.l(libinit2.o)
    0x0000013e   0x00000000   Code   RO         2714    .ARM.Collect$$libinit$$0000001B  c_p.l(libinit2.o)
    0x0000013e   0x00000000   Code   RO         2716    .ARM.Collect$$libinit$$0000001D  c_p.l(libinit2.o)
    0x0000013e   0x00000000   Code   RO         2718    .ARM.Collect$$libinit$$0000001F  c_p.l(libinit2.o)
    0x0000013e   0x00000000   Code   RO         2720    .ARM.Collect$$libinit$$00000021  c_p.l(libinit2.o)
    0x0000013e   0x00000000   Code   RO         2722    .ARM.Collect$$libinit$$00000023  c_p.l(libinit2.o)
    0x0000013e   0x00000000   Code   RO         2724    .ARM.Collect$$libinit$$00000025  c_p.l(libinit2.o)
    0x0000013e   0x00000000   Code   RO         2728    .ARM.Collect$$libinit$$0000002C  c_p.l(libinit2.o)
    0x0000013e   0x00000000   Code   RO         2730    .ARM.Collect$$libinit$$0000002E  c_p.l(libinit2.o)
    0x0000013e   0x00000000   Code   RO         2732    .ARM.Collect$$libinit$$00000030  c_p.l(libinit2.o)
    0x0000013e   0x00000000   Code   RO         2734    .ARM.Collect$$libinit$$00000032  c_p.l(libinit2.o)
    0x0000013e   0x00000002   Code   RO         2735    .ARM.Collect$$libinit$$00000033  c_p.l(libinit2.o)
    0x00000140   0x00000002   Code   RO         2764    .ARM.Collect$$libshutdown$$00000000  c_p.l(libshutdown.o)
    0x00000142   0x00000000   Code   RO         2790    .ARM.Collect$$libshutdown$$00000002  c_p.l(libshutdown2.o)
    0x00000142   0x00000000   Code   RO         2792    .ARM.Collect$$libshutdown$$00000004  c_p.l(libshutdown2.o)
    0x00000142   0x00000000   Code   RO         2795    .ARM.Collect$$libshutdown$$00000007  c_p.l(libshutdown2.o)
    0x00000142   0x00000000   Code   RO         2798    .ARM.Collect$$libshutdown$$0000000A  c_p.l(libshutdown2.o)
    0x00000142   0x00000000   Code   RO         2800    .ARM.Collect$$libshutdown$$0000000C  c_p.l(libshutdown2.o)
    0x00000142   0x00000000   Code   RO         2803    .ARM.Collect$$libshutdown$$0000000F  c_p.l(libshutdown2.o)
    0x00000142   0x00000002   Code   RO         2804    .ARM.Collect$$libshutdown$$00000010  c_p.l(libshutdown2.o)
    0x00000144   0x00000000   Code   RO         2619    .ARM.Collect$$rtentry$$00000000  c_p.l(__rtentry.o)
    0x00000144   0x00000000   Code   RO         2635    .ARM.Collect$$rtentry$$00000002  c_p.l(__rtentry2.o)
    0x00000144   0x00000006   Code   RO         2647    .ARM.Collect$$rtentry$$00000004  c_p.l(__rtentry4.o)
    0x0000014a   0x00000000   Code   RO         2637    .ARM.Collect$$rtentry$$00000009  c_p.l(__rtentry2.o)
    0x0000014a   0x00000004   Code   RO         2638    .ARM.Collect$$rtentry$$0000000A  c_p.l(__rtentry2.o)
    0x0000014e   0x00000000   Code   RO         2640    .ARM.Collect$$rtentry$$0000000C  c_p.l(__rtentry2.o)
    0x0000014e   0x00000008   Code   RO         2641    .ARM.Collect$$rtentry$$0000000D  c_p.l(__rtentry2.o)
    0x00000156   0x00000002   Code   RO         2681    .ARM.Collect$$rtexit$$00000000  c_p.l(rtexit.o)
    0x00000158   0x00000000   Code   RO         2739    .ARM.Collect$$rtexit$$00000002  c_p.l(rtexit2.o)
    0x00000158   0x00000004   Code   RO         2740    .ARM.Collect$$rtexit$$00000003  c_p.l(rtexit2.o)
    0x0000015c   0x00000006   Code   RO         2741    .ARM.Collect$$rtexit$$00000004  c_p.l(rtexit2.o)
    0x00000162   0x00000002   PAD
    0x00000164   0x00000064   Code   RO           56  * .text               startup_nuc1xx.o
    0x000001c8   0x0000015a   Code   RO         2611    .text               c_p.l(aeabi_sdiv.o)
    0x00000322   0x00000006   Code   RO         2615    .text               c_p.l(heapauxi.o)
    0x00000328   0x00000008   Code   RO         2631    .text               c_p.l(libspace.o)
    0x00000330   0x0000003e   Code   RO         2655    .text               c_p.l(sys_stackheap_outer.o)
    0x0000036e   0x00000010   Code   RO         2668    .text               c_p.l(exit.o)
    0x0000037e   0x00000002   PAD
    0x00000380   0x0000000c   Code   RO         2736    .text               c_p.l(sys_exit.o)
    0x0000038c   0x00000002   Code   RO         2753    .text               c_p.l(use_no_semi.o)
    0x0000038e   0x00000000   Code   RO         2755    .text               c_p.l(indicate_semi.o)
    0x0000038e   0x00000002   PAD
    0x00000390   0x0000009c   Code   RO         1861    i.ADC_IRQHandler    drvadc.o
    0x0000042c   0x00000028   Code   RO          637    i.BOD_IRQHandler    drvsys.o
    0x00000454   0x000000d4   Code   RO          943    i.BaudRateCalculator  drvuart.o
    0x00000528   0x000000f0   Code   RO         1264    i.CAN0_IRQHandler   drvcan.o
    0x00000618   0x00000038   Code   RO         1268    i.DrvCAN_ClrIntPnd  drvcan.o
    0x00000650   0x0000002c   Code   RO          397    i.DrvGPIO_ClrBit    drvgpio.o
    0x0000067c   0x00000758   Code   RO          419    i.DrvGPIO_InitFunction  drvgpio.o
    0x00000dd4   0x0000002c   Code   RO          421    i.DrvGPIO_SetBit    drvgpio.o
    0x00000e00   0x0000002c   Code   RO          640    i.DrvSYS_Delay      drvsys.o
    0x00000e2c   0x00000058   Code   RO          653    i.DrvSYS_GetChipClockSourceStatus  drvsys.o
    0x00000e84   0x00000008   Code   RO          655    i.DrvSYS_GetExtClockFreq  drvsys.o
    0x00000e8c   0x00000078   Code   RO          657    i.DrvSYS_GetPLLClockFreq  drvsys.o
    0x00000f04   0x00000038   Code   RO          669    i.DrvSYS_SelectHCLKSource  drvsys.o
    0x00000f3c   0x00000160   Code   RO          670    i.DrvSYS_SelectIPClockSource  drvsys.o
    0x0000109c   0x00000080   Code   RO          677    i.DrvSYS_SetOscCtrl  drvsys.o
    0x0000111c   0x0000004c   Code   RO          678    i.DrvSYS_SetPLLContent  drvsys.o
    0x00001168   0x00000034   Code   RO          679    i.DrvSYS_SetPLLMode  drvsys.o
    0x0000119c   0x000000fc   Code   RO          948    i.DrvUART_EnableInt  drvuart.o
    0x00001298   0x00000268   Code   RO          953    i.DrvUART_Open      drvuart.o
    0x00001500   0x00000040   Code   RO          954    i.DrvUART_Read      drvuart.o
    0x00001540   0x00000098   Code   RO         2253    i.DrvUSB_BusResetCallback  drvusb.o
    0x000015d8   0x00000014   Code   RO          227    i.DrvUSB_BusResumeCallback  hid_api.o
    0x000015ec   0x00000014   Code   RO          228    i.DrvUSB_BusSuspendCallback  hid_api.o
    0x00001600   0x00000044   Code   RO         2255    i.DrvUSB_ClrCtrlReady  drvusb.o
    0x00001644   0x00000044   Code   RO         2256    i.DrvUSB_ClrCtrlReadyAndTrigStall  drvusb.o
    0x00001688   0x00000050   Code   RO         2257    i.DrvUSB_CtrlDataInAck  drvusb.o
    0x000016d8   0x00000020   Code   RO         2258    i.DrvUSB_CtrlDataInDefault  drvusb.o
    0x000016f8   0x0000003c   Code   RO         2259    i.DrvUSB_CtrlDataInSetAddress  drvusb.o
    0x00001734   0x00000050   Code   RO         2260    i.DrvUSB_CtrlDataOutAck  drvusb.o
    0x00001784   0x00000024   Code   RO         2261    i.DrvUSB_CtrlDataOutDefault  drvusb.o
    0x000017a8   0x000000a4   Code   RO         2262    i.DrvUSB_CtrlSetupAck  drvusb.o
    0x0000184c   0x000000bc   Code   RO         2263    i.DrvUSB_CtrlSetupClearSetFeature  drvusb.o
    0x00001908   0x00000014   Code   RO         2264    i.DrvUSB_CtrlSetupGetConfiguration  drvusb.o
    0x0000191c   0x00000012   Code   RO         2265    i.DrvUSB_CtrlSetupGetInterface  drvusb.o
    0x0000192e   0x00000002   PAD
    0x00001930   0x00000080   Code   RO         2266    i.DrvUSB_CtrlSetupGetStatus  drvusb.o
    0x000019b0   0x00000040   Code   RO         2267    i.DrvUSB_CtrlSetupSetAddress  drvusb.o
    0x000019f0   0x00000074   Code   RO         2268    i.DrvUSB_CtrlSetupSetConfiguration  drvusb.o
    0x00001a64   0x00000028   Code   RO         2269    i.DrvUSB_CtrlSetupSetInterface  drvusb.o
    0x00001a8c   0x000000d8   Code   RO         2270    i.DrvUSB_DataIn     drvusb.o
    0x00001b64   0x0000005c   Code   RO         2271    i.DrvUSB_DataOutTrigger  drvusb.o
    0x00001bc0   0x0000000c   Code   RO         2272    i.DrvUSB_DisableRemoteWakeup  drvusb.o
    0x00001bcc   0x00000010   Code   RO         2274    i.DrvUSB_DisableUsb  drvusb.o
    0x00001bdc   0x00000048   Code   RO         2275    i.DrvUSB_DispatchEPEvent  drvusb.o
    0x00001c24   0x00000014   Code   RO         2276    i.DrvUSB_DispatchEvent  drvusb.o
    0x00001c38   0x00000048   Code   RO         2277    i.DrvUSB_DispatchMiscEvent  drvusb.o
    0x00001c80   0x0000000c   Code   RO         2279    i.DrvUSB_EnableRemoteWakeup  drvusb.o
    0x00001c8c   0x00000010   Code   RO         2281    i.DrvUSB_EnableUsb  drvusb.o
    0x00001c9c   0x00000030   Code   RO         2282    i.DrvUSB_GetEpId    drvusb.o
    0x00001ccc   0x00000034   Code   RO         2283    i.DrvUSB_GetEpIdentity  drvusb.o
    0x00001d00   0x00000030   Code   RO         2286    i.DrvUSB_GetOutData  drvusb.o
    0x00001d30   0x0000000c   Code   RO         2287    i.DrvUSB_GetSetupBuffer  drvusb.o
    0x00001d3c   0x0000000c   Code   RO         2288    i.DrvUSB_GetUsbState  drvusb.o
    0x00001d48   0x0000008c   Code   RO         2290    i.DrvUSB_Init       drvusb.o
    0x00001dd4   0x00000010   Code   RO         2291    i.DrvUSB_InstallClassDevice  drvusb.o
    0x00001de4   0x00000054   Code   RO         2292    i.DrvUSB_InstallCtrlHandler  drvusb.o
    0x00001e38   0x0000000c   Code   RO         2294    i.DrvUSB_IsRemoteWakeupEnabled  drvusb.o
    0x00001e44   0x000001ac   Code   RO         2296    i.DrvUSB_Open       drvusb.o
    0x00001ff0   0x0000008c   Code   RO         2297    i.DrvUSB_PreDispatchBusEvent  drvusb.o
    0x0000207c   0x0000016c   Code   RO         2298    i.DrvUSB_PreDispatchEPEvent  drvusb.o
    0x000021e8   0x00000090   Code   RO         2299    i.DrvUSB_PreDispatchEvent  drvusb.o
    0x00002278   0x00000044   Code   RO         2300    i.DrvUSB_PreDispatchFDTEvent  drvusb.o
    0x000022bc   0x00000002   Code   RO         2301    i.DrvUSB_PreDispatchWakeupEvent  drvusb.o
    0x000022be   0x00000002   PAD
    0x000022c0   0x00000068   Code   RO         2302    i.DrvUSB_Reset      drvusb.o
    0x00002328   0x0000000c   Code   RO         2304    i.DrvUSB_SetUsbState  drvusb.o
    0x00002334   0x00000024   Code   RO          427    i.EINT0_IRQHandler  drvgpio.o
    0x00002358   0x00000024   Code   RO          428    i.EINT1_IRQHandler  drvgpio.o
    0x0000237c   0x00000044   Code   RO          429    i.GPAB_IRQHandler   drvgpio.o
    0x000023c0   0x0000004c   Code   RO          430    i.GPCDE_IRQHandler  drvgpio.o
    0x0000240c   0x00000028   Code   RO         1300    i.GetFreeIF         drvcan.o
    0x00002434   0x0000004c   Code   RO          960    i.GetUartClk        drvuart.o
    0x00002480   0x00000090   Code   RO         2094    i.HID_CtrlGetDescriptorIn  hidsys.o
    0x00002510   0x0000003c   Code   RO         2096    i.HID_CtrlSetupDataOutReport  hidsys.o
    0x0000254c   0x0000013c   Code   RO         2097    i.HID_CtrlSetupGetDescriptor  hidsys.o
    0x00002688   0x00000014   Code   RO         2098    i.HID_CtrlSetupGetProtocol  hidsys.o
    0x0000269c   0x00000018   Code   RO         2099    i.HID_CtrlSetupSetIdle  hidsys.o
    0x000026b4   0x00000028   Code   RO         2100    i.HID_CtrlSetupSetProtocol  hidsys.o
    0x000026dc   0x00000078   Code   RO         2101    i.HID_CtrlSetupSetReport  hidsys.o
    0x00002754   0x00000020   Code   RO          230    i.HID_Init          hid_api.o
    0x00002774   0x0000000a   Code   RO         2103    i.HID_IntInCallback_KB  hidsys.o
    0x0000277e   0x0000000a   Code   RO         2104    i.HID_IntInCallback_MS  hidsys.o
    0x00002788   0x00000018   Code   RO         2105    i.HID_IsConfigureValue  hidsys.o
    0x000027a0   0x000000a0   Code   RO          231    i.HID_MainProcess   hid_api.o
    0x00002840   0x00000074   Code   RO         2106    i.HID_Open          hidsys.o
    0x000028b4   0x00000070   Code   RO         2107    i.HID_PrepareDescriptors  hidsys.o
    0x00002924   0x00000012   Code   RO         2108    i.HID_Reset         hidsys.o
    0x00002936   0x00000002   PAD
    0x00002938   0x00000284   Code   RO          234    i.HID_SetInReport_KB  hid_api.o
    0x00002bbc   0x00000028   Code   RO         2109    i.HID_SetReportBuf_KB  hidsys.o
    0x00002be4   0x00000018   Code   RO         2111    i.HID_SetReportDescriptor_KB  hidsys.o
    0x00002bfc   0x00000024   Code   RO         2114    i.HID_Start         hidsys.o
    0x00002c20   0x00000012   Code   RO         2115    i.HID_UsbStartCallBack  hidsys.o
    0x00002c32   0x00000002   PAD
    0x00002c34   0x0000007c   Code   RO         1131    i.I2C0_IRQHandler   drvi2c.o
    0x00002cb0   0x0000007c   Code   RO         1132    i.I2C1_IRQHandler   drvi2c.o
    0x00002d2c   0x00000038   Code   RO           61    i.InitHCLK12M       smpl_can.o
    0x00002d64   0x00000010   Code   RO          324    i.IsDebugFifoEmpty  retarget.o
    0x00002d74   0x0000000e   Code   RO         2116    i.Minimum           hidsys.o
    0x00002d82   0x00000002   PAD
    0x00002d84   0x00000014   Code   RO          962    i.NVIC_EnableIRQ    drvuart.o
    0x00002d98   0x00000078   Code   RO         2307    i.NVIC_SetPriority  drvusb.o
    0x00002e10   0x00000028   Code   RO          685    i.PWRWU_IRQHandler  drvsys.o
    0x00002e38   0x000000b4   Code   RO          236    i.PowerDown         hid_api.o
    0x00002eec   0x00000064   Code   RO         1557    i.SPI0_IRQHandler   drvspi.o
    0x00002f50   0x00000064   Code   RO         1558    i.SPI1_IRQHandler   drvspi.o
    0x00002fb4   0x00000064   Code   RO         1559    i.SPI2_IRQHandler   drvspi.o
    0x00003018   0x00000064   Code   RO         1560    i.SPI3_IRQHandler   drvspi.o
    0x0000307c   0x000000a0   Code   RO           17    i.SystemCoreClockUpdate  system_nuc1xx.o
    0x0000311c   0x00000002   Code   RO           18    i.SystemInit        system_nuc1xx.o
    0x0000311e   0x00000002   PAD
    0x00003120   0x0000003c   Code   RO          963    i.UART02_IRQHandler  drvuart.o
    0x0000315c   0x00000020   Code   RO          964    i.UART1_IRQHandler  drvuart.o
    0x0000317c   0x00000024   Code   RO          237    i.UART_INT_HANDLE   hid_api.o
    0x000031a0   0x00000020   Code   RO         2308    i.USBD_IRQHandler   drvusb.o
    0x000031c0   0x00000018   Code   RO         2309    i.WordsCpy          drvusb.o
    0x000031d8   0x0000001c   Code   RO          626    i.__ARM_common_switch8  drvgpio.o
    0x000031f4   0x000000a4   Code   RO           62    i.main              smpl_can.o
    0x00003298   0x00000448   Data   RO          241    .constdata          hid_api.o
    0x000036e0   0x00000010   Data   RO          686    .constdata          drvsys.o
    0x000036f0   0x00000020   Data   RO         2805    Region$$Table       anon$$obj.o


    Execution Region ER_RW (Base: 0x20000000, Size: 0x000002ac, Max: 0xffffffff, ABSOLUTE)

    Base Addr    Size         Type   Attr      Idx    E Section Name        Object

    0x20000000   0x0000001c   Data   RW           19    .data               system_nuc1xx.o
    0x2000001c   0x0000006a   Data   RW          242    .data               hid_api.o
    0x20000086   0x00000002   PAD
    0x20000088   0x00000010   Data   RW          434    .data               drvgpio.o
    0x20000098   0x00000008   Data   RW          687    .data               drvsys.o
    0x200000a0   0x0000000c   Data   RW          965    .data               drvuart.o
    0x200000ac   0x0000000c   Data   RW         1899    .data               drvadc.o
    0x200000b8   0x000001e9   Data   RW         2118    .data               hidsys.o
    0x200002a1   0x00000003   PAD
    0x200002a4   0x00000008   Data   RW         2311    .data               drvusb.o


    Execution Region ER_ZI (Base: 0x200002ac, Size: 0x00000604, Max: 0xffffffff, ABSOLUTE)

    Base Addr    Size         Type   Attr      Idx    E Section Name        Object

    0x200002ac   0x00000009   Zero   RW          240    .bss                hid_api.o
    0x200002b5   0x00000003   PAD
    0x200002b8   0x00000020   Zero   RW         1136    .bss                drvi2c.o
    0x200002d8   0x00000018   Zero   RW         1302    .bss                drvcan.o
    0x200002f0   0x00000050   Zero   RW         1561    .bss                drvspi.o
    0x20000340   0x0000000c   Zero   RW         1898    .bss                drvadc.o
    0x2000034c   0x00000044   Zero   RW         2117    .bss                hidsys.o
    0x20000390   0x000000c0   Zero   RW         2310    .bss                drvusb.o
    0x20000450   0x00000060   Zero   RW         2632    .bss                c_p.l(libspace.o)
    0x200004b0   0x00000000   Zero   RW           54    HEAP                startup_nuc1xx.o
    0x200004b0   0x00000400   Zero   RW           53    STACK               startup_nuc1xx.o


==============================================================================

Image component sizes


      Code (inc. data)   RO Data    RW Data    ZI Data      Debug   Object Name

         0          0          0          0          0       4540   core_cm0.o
       156         20          0         12         12       3093   drvadc.o
       336         24          0          0         24       4857   drvcan.o
      2212        136          0         16          0      10452   drvgpio.o
       248         20          0          0         32       2260   drvi2c.o
       400         32          0          0         80       4724   drvspi.o
      1004        114         16          8          0       9197   drvsys.o
      1332         84          0         12          0      16717   drvuart.o
      3704        352          0          8        192      46439   drvusb.o
      1092         68       1096        106          9      14704   hid_api.o
      1146        136          0        489         68      22030   hidsys.o
        16          6          0          0          0        479   retarget.o
       220         24          0          0          0     132217   smpl_can.o
       100         46        192          0       1024        740   startup_nuc1xx.o
       162         28          0         28          0     120178   system_nuc1xx.o

    ----------------------------------------------------------------------
     12140       1090       1336        684       1444     392627   Object Totals
         0          0         32          0          0          0   (incl. Generated)
        12          0          0          5          3          0   (incl. Padding)

    ----------------------------------------------------------------------

      Code (inc. data)   RO Data    RW Data    ZI Data      Debug   Library Member Name

         8          0          0          0          0         68   __main.o
         0          0          0          0          0          0   __rtentry.o
        12          0          0          0          0          0   __rtentry2.o
         6          0          0          0          0          0   __rtentry4.o
        60          8          0          0          0          0   __scatter.o
        26          0          0          0          0          0   __scatter_copy.o
        28          0          0          0          0          0   __scatter_zi.o
       346          0          0          0          0         92   aeabi_sdiv.o
        16          0          0          0          0         68   exit.o
         6          0          0          0          0        136   heapauxi.o
         0          0          0          0          0          0   indicate_semi.o
         2          0          0          0          0          0   libinit.o
         2          0          0          0          0          0   libinit2.o
         2          0          0          0          0          0   libshutdown.o
         2          0          0          0          0          0   libshutdown2.o
         8          4          0          0         96         68   libspace.o
         2          0          0          0          0          0   rtexit.o
        10          0          0          0          0          0   rtexit2.o
        12          4          0          0          0         60   sys_exit.o
        62          0          0          0          0         80   sys_stackheap_outer.o
         2          0          0          0          0         68   use_no_semi.o

    ----------------------------------------------------------------------
       620         16          0          0         96        640   Library Totals
         8          0          0          0          0          0   (incl. Padding)

    ----------------------------------------------------------------------

      Code (inc. data)   RO Data    RW Data    ZI Data      Debug   Library Name

       612         16          0          0         96        640   c_p.l

    ----------------------------------------------------------------------
       620         16          0          0         96        640   Library Totals

    ----------------------------------------------------------------------

==============================================================================


      Code (inc. data)   RO Data    RW Data    ZI Data      Debug   

     12760       1106       1336        684       1540     388371   Grand Totals
     12760       1106       1336        684       1540     388371   ELF Image Totals
     12760       1106       1336        684          0          0   ROM Totals

==============================================================================

    Total RO  Size (Code + RO Data)                14096 (  13.77kB)
    Total RW  Size (RW Data + ZI Data)              2224 (   2.17kB)
    Total ROM Size (Code + RO Data + RW Data)      14780 (  14.43kB)

==============================================================================

