Component: ARM Compiler 5.06 update 4 (build 422) Tool: armlink [4d35d2]

==============================================================================

Small function inlining results

Inlined function __aeabi_idiv0 from aeabi_idiv0.o at offset 0x154 in aeabi_sdiv.o(.text).
Inlined Instruction: BX       lr
Inlined function __aeabi_idiv0 from aeabi_idiv0.o at offset 0x154 in aeabi_sdiv_div0.o(.text).
Inlined Instruction: BX       lr
Inlined function __ieee_status from ieee_status.o at offset 0x1c in _printf_fp_dec.o(.text).
Inlined Instruction: MOVS     r0,#0
Inlined function _platform_pre_stackheap_init from boardinit1.o at offset 0x0 in __rtentry2.o(.ARM.Collect$$rtentry$$00000001).
Inlined Instruction: BX       lr
Inlined function __ieee_status from ieee_status.o at offset 0x1ec in btod.o(.text).
Inlined Instruction: MOVS     r0,#0
Inlined function __ieee_status from ieee_status.o at offset 0x3d2 in btod.o(.text).
Inlined Instruction: MOVS     r0,#0
Inlined function __ieee_status from ieee_status.o at offset 0x450 in btod.o(.text).
Inlined Instruction: MOVS     r0,#0
Inlined function _fp_init from fpinit.o at offset 0x0 in libinit2.o(.ARM.Collect$$libinit$$00000001).
Inlined Instruction: BX       lr
Inlined function __ARM_get_argv from no_argv.o at offset 0x2 in argv_veneer.o(.text).
Inlined Instruction: BX       lr
Inlined function _platform_pre_lib_shutdown from boardshut.o at offset 0x0 in rtexit2.o(.ARM.Collect$$rtexit$$00000001).
Inlined Instruction: BX       lr
Inlined total of 10 calls.

==============================================================================

Memory Map of the image

  Image Entry point : 0x0000018d

  Load Region LR_1 (Base: 0x00000000, Size: 0x000068e0, Max: 0xffffffff, ABSOLUTE)

    Execution Region ER_RO (Base: 0x00000000, Size: 0x000061f8, Max: 0xffffffff, ABSOLUTE)

    Base Addr    Size         Type   Attr      Idx    E Section Name        Object

    0x00000000   0x000000c0   Data   RO           55    RESET               startup_nuc1xx.o
    0x000000c0   0x00000008   Code   RO         1838  * !!!main             c_p.l(__main.o)
    0x000000c8   0x0000003c   Code   RO         2180    !!!scatter          c_p.l(__scatter.o)
    0x00000104   0x0000001a   Code   RO         2182    !!handler_copy      c_p.l(__scatter_copy.o)
    0x0000011e   0x00000002   PAD
    0x00000120   0x0000001c   Code   RO         2184    !!handler_zi        c_p.l(__scatter_zi.o)
    0x0000013c   0x00000002   Code   RO         1829    .ARM.Collect$$_printf_percent$$00000000  c_p.l(_printf_percent.o)
    0x0000013e   0x0000000a   Code   RO         1828    .ARM.Collect$$_printf_percent$$00000003  c_p.l(_printf_f.o)
    0x00000148   0x0000000a   Code   RO         1827    .ARM.Collect$$_printf_percent$$00000009  c_p.l(_printf_d.o)
    0x00000152   0x00000004   Code   RO         1921    .ARM.Collect$$_printf_percent$$00000017  c_p.l(_printf_percent_end.o)
    0x00000156   0x00000002   Code   RO         2051    .ARM.Collect$$libinit$$00000000  c_p.l(libinit.o)
    0x00000158   0x00000000   Code   RO         2053    .ARM.Collect$$libinit$$00000002  c_p.l(libinit2.o)
    0x00000158   0x00000000   Code   RO         2055    .ARM.Collect$$libinit$$00000004  c_p.l(libinit2.o)
    0x00000158   0x00000000   Code   RO         2058    .ARM.Collect$$libinit$$0000000A  c_p.l(libinit2.o)
    0x00000158   0x00000000   Code   RO         2060    .ARM.Collect$$libinit$$0000000C  c_p.l(libinit2.o)
    0x00000158   0x00000000   Code   RO         2062    .ARM.Collect$$libinit$$0000000E  c_p.l(libinit2.o)
    0x00000158   0x00000006   Code   RO         2063    .ARM.Collect$$libinit$$0000000F  c_p.l(libinit2.o)
    0x0000015e   0x00000000   Code   RO         2065    .ARM.Collect$$libinit$$00000011  c_p.l(libinit2.o)
    0x0000015e   0x00000000   Code   RO         2067    .ARM.Collect$$libinit$$00000013  c_p.l(libinit2.o)
    0x0000015e   0x00000000   Code   RO         2069    .ARM.Collect$$libinit$$00000015  c_p.l(libinit2.o)
    0x0000015e   0x0000000a   Code   RO         2070    .ARM.Collect$$libinit$$00000016  c_p.l(libinit2.o)
    0x00000168   0x00000000   Code   RO         2071    .ARM.Collect$$libinit$$00000017  c_p.l(libinit2.o)
    0x00000168   0x00000000   Code   RO         2073    .ARM.Collect$$libinit$$00000019  c_p.l(libinit2.o)
    0x00000168   0x00000000   Code   RO         2075    .ARM.Collect$$libinit$$0000001B  c_p.l(libinit2.o)
    0x00000168   0x00000000   Code   RO         2077    .ARM.Collect$$libinit$$0000001D  c_p.l(libinit2.o)
    0x00000168   0x00000000   Code   RO         2079    .ARM.Collect$$libinit$$0000001F  c_p.l(libinit2.o)
    0x00000168   0x00000000   Code   RO         2081    .ARM.Collect$$libinit$$00000021  c_p.l(libinit2.o)
    0x00000168   0x00000000   Code   RO         2083    .ARM.Collect$$libinit$$00000023  c_p.l(libinit2.o)
    0x00000168   0x00000000   Code   RO         2085    .ARM.Collect$$libinit$$00000025  c_p.l(libinit2.o)
    0x00000168   0x00000000   Code   RO         2089    .ARM.Collect$$libinit$$0000002C  c_p.l(libinit2.o)
    0x00000168   0x00000000   Code   RO         2091    .ARM.Collect$$libinit$$0000002E  c_p.l(libinit2.o)
    0x00000168   0x00000000   Code   RO         2093    .ARM.Collect$$libinit$$00000030  c_p.l(libinit2.o)
    0x00000168   0x00000000   Code   RO         2095    .ARM.Collect$$libinit$$00000032  c_p.l(libinit2.o)
    0x00000168   0x00000002   Code   RO         2096    .ARM.Collect$$libinit$$00000033  c_p.l(libinit2.o)
    0x0000016a   0x00000002   Code   RO         2146    .ARM.Collect$$libshutdown$$00000000  c_p.l(libshutdown.o)
    0x0000016c   0x00000000   Code   RO         2164    .ARM.Collect$$libshutdown$$00000002  c_p.l(libshutdown2.o)
    0x0000016c   0x00000000   Code   RO         2166    .ARM.Collect$$libshutdown$$00000004  c_p.l(libshutdown2.o)
    0x0000016c   0x00000000   Code   RO         2169    .ARM.Collect$$libshutdown$$00000007  c_p.l(libshutdown2.o)
    0x0000016c   0x00000000   Code   RO         2172    .ARM.Collect$$libshutdown$$0000000A  c_p.l(libshutdown2.o)
    0x0000016c   0x00000000   Code   RO         2174    .ARM.Collect$$libshutdown$$0000000C  c_p.l(libshutdown2.o)
    0x0000016c   0x00000000   Code   RO         2177    .ARM.Collect$$libshutdown$$0000000F  c_p.l(libshutdown2.o)
    0x0000016c   0x00000002   Code   RO         2178    .ARM.Collect$$libshutdown$$00000010  c_p.l(libshutdown2.o)
    0x0000016e   0x00000000   Code   RO         1906    .ARM.Collect$$rtentry$$00000000  c_p.l(__rtentry.o)
    0x0000016e   0x00000000   Code   RO         1973    .ARM.Collect$$rtentry$$00000002  c_p.l(__rtentry2.o)
    0x0000016e   0x00000006   Code   RO         1985    .ARM.Collect$$rtentry$$00000004  c_p.l(__rtentry4.o)
    0x00000174   0x00000000   Code   RO         1975    .ARM.Collect$$rtentry$$00000009  c_p.l(__rtentry2.o)
    0x00000174   0x00000004   Code   RO         1976    .ARM.Collect$$rtentry$$0000000A  c_p.l(__rtentry2.o)
    0x00000178   0x00000000   Code   RO         1978    .ARM.Collect$$rtentry$$0000000C  c_p.l(__rtentry2.o)
    0x00000178   0x00000008   Code   RO         1979    .ARM.Collect$$rtentry$$0000000D  c_p.l(__rtentry2.o)
    0x00000180   0x00000002   Code   RO         2102    .ARM.Collect$$rtexit$$00000000  c_p.l(rtexit.o)
    0x00000182   0x00000000   Code   RO         2117    .ARM.Collect$$rtexit$$00000002  c_p.l(rtexit2.o)
    0x00000182   0x00000004   Code   RO         2118    .ARM.Collect$$rtexit$$00000003  c_p.l(rtexit2.o)
    0x00000186   0x00000006   Code   RO         2119    .ARM.Collect$$rtexit$$00000004  c_p.l(rtexit2.o)
    0x0000018c   0x00000064   Code   RO           56  * .text               startup_nuc1xx.o
    0x000001f0   0x00000028   Code   RO         1801    .text               c_p.l(noretval__2sprintf.o)
    0x00000218   0x0000006c   Code   RO         1805    .text               c_p.l(_printf_dec.o)
    0x00000284   0x0000010e   Code   RO         1815    .text               c_p.l(__printf_wp.o)
    0x00000392   0x00000002   PAD
    0x00000394   0x00000044   Code   RO         1830    .text               c_p.l(strlen.o)
    0x000003d8   0x0000015a   Code   RO         1832    .text               c_p.l(aeabi_sdiv.o)
    0x00000532   0x00000006   Code   RO         1836    .text               c_p.l(heapauxi.o)
    0x00000538   0x0000007c   Code   RO         1840    .text               fz_ps.l(d2f.o)
    0x000005b4   0x00000358   Code   RO         1842    .text               fz_ps.l(daddsub.o)
    0x0000090c   0x00000448   Code   RO         1844    .text               fz_ps.l(ddiv.o)
    0x00000d54   0x00000058   Code   RO         1847    .text               fz_ps.l(dflti.o)
    0x00000dac   0x00000248   Code   RO         1849    .text               fz_ps.l(dmul.o)
    0x00000ff4   0x00000054   Code   RO         1851    .text               fz_ps.l(f2d.o)
    0x00001048   0x00000160   Code   RO         1859    .text               fz_ps.l(fdiv.o)
    0x000011a8   0x0000004c   Code   RO         1864    .text               fz_ps.l(ffixi.o)
    0x000011f4   0x0000005e   Code   RO         1866    .text               fz_ps.l(fflti.o)
    0x00001252   0x00000016   Code   RO         1911    .text               c_p.l(_rserrno.o)
    0x00001268   0x000000b0   Code   RO         1913    .text               c_p.l(_printf_intcommon.o)
    0x00001318   0x00000414   Code   RO         1915    .text               c_p.l(_printf_fp_dec.o)
    0x0000172c   0x00000030   Code   RO         1917    .text               c_p.l(_printf_char_common.o)
    0x0000175c   0x0000000a   Code   RO         1919    .text               c_p.l(_sputc.o)
    0x00001766   0x00000028   Code   RO         1922    .text               c_p.l(rtudiv10.o)
    0x0000178e   0x00000002   PAD
    0x00001790   0x00000100   Code   RO         1926    .text               fz_ps.l(dsqrt.o)
    0x00001890   0x00000064   Code   RO         1928    .text               fz_ps.l(fcmpin.o)
    0x000018f4   0x00000008   Code   RO         1992    .text               c_p.l(rt_locale_intlibspace.o)
    0x000018fc   0x00000008   Code   RO         1997    .text               c_p.l(rt_errno_addr_intlibspace.o)
    0x00001904   0x0000007a   Code   RO         1999    .text               c_p.l(lludiv10.o)
    0x0000197e   0x00000002   PAD
    0x00001980   0x00000088   Code   RO         2001    .text               c_p.l(_printf_fp_infnan.o)
    0x00001a08   0x000000c8   Code   RO         2005    .text               c_p.l(bigflt0.o)
    0x00001ad0   0x000004c8   Code   RO         2008    .text               c_p.l(btod.o)
    0x00001f98   0x0000002e   Code   RO         2016    .text               fz_ps.l(cmpret.o)
    0x00001fc6   0x00000002   PAD
    0x00001fc8   0x0000006c   Code   RO         2020    .text               fz_ps.l(dfixi.o)
    0x00002034   0x00000060   Code   RO         2022    .text               fz_ps.l(dscalbn.o)
    0x00002094   0x00000010   Code   RO         2024    .text               fz_ps.l(fnan2.o)
    0x000020a4   0x00000008   Code   RO         2032    .text               c_p.l(libspace.o)
    0x000020ac   0x0000003e   Code   RO         2035    .text               c_p.l(sys_stackheap_outer.o)
    0x000020ea   0x00000010   Code   RO         2038    .text               c_p.l(exit.o)
    0x000020fa   0x00000002   PAD
    0x000020fc   0x00000088   Code   RO         2044    .text               c_p.l(strcmp.o)
    0x00002184   0x0000005e   Code   RO         2099    .text               fz_ps.l(retnan.o)
    0x000021e2   0x00000002   PAD
    0x000021e4   0x0000000c   Code   RO         2114    .text               c_p.l(sys_exit.o)
    0x000021f0   0x00000002   Code   RO         2133    .text               c_p.l(use_no_semi.o)
    0x000021f2   0x00000000   Code   RO         2135    .text               c_p.l(indicate_semi.o)
    0x000021f2   0x00000002   PAD
    0x000021f4   0x00000028   Code   RO          584    i.BOD_IRQHandler    drvsys.o
    0x0000221c   0x000000d4   Code   RO          887    i.BaudRateCalculator  drvuart.o
    0x000022f0   0x000000f0   Code   RO         1205    i.CAN0_IRQHandler   drvcan.o
    0x000023e0   0x00000038   Code   RO         1209    i.DrvCAN_ClrIntPnd  drvcan.o
    0x00002418   0x00000758   Code   RO          366    i.DrvGPIO_InitFunction  drvgpio.o
    0x00002b70   0x00000090   Code   RO         1055    i.DrvI2C_Close      drvi2c.o
    0x00002c00   0x00000054   Code   RO         1056    i.DrvI2C_Ctrl       drvi2c.o
    0x00002c54   0x000000c8   Code   RO         1064    i.DrvI2C_Open       drvi2c.o
    0x00002d1c   0x0000002c   Code   RO          587    i.DrvSYS_Delay      drvsys.o
    0x00002d48   0x00000008   Code   RO          602    i.DrvSYS_GetExtClockFreq  drvsys.o
    0x00002d50   0x00000070   Code   RO          603    i.DrvSYS_GetHCLKFreq  drvsys.o
    0x00002dc0   0x00000078   Code   RO          604    i.DrvSYS_GetPLLClockFreq  drvsys.o
    0x00002e38   0x000000c4   Code   RO          605    i.DrvSYS_GetPLLContent  drvsys.o
    0x00002efc   0x00000010   Code   RO          608    i.DrvSYS_IsProtectedRegLocked  drvsys.o
    0x00002f0c   0x000000c0   Code   RO          610    i.DrvSYS_Open       drvsys.o
    0x00002fcc   0x00000038   Code   RO          616    i.DrvSYS_SelectHCLKSource  drvsys.o
    0x00003004   0x00000080   Code   RO          624    i.DrvSYS_SetOscCtrl  drvsys.o
    0x00003084   0x0000004c   Code   RO          625    i.DrvSYS_SetPLLContent  drvsys.o
    0x000030d0   0x000000fc   Code   RO          892    i.DrvUART_EnableInt  drvuart.o
    0x000031cc   0x00000268   Code   RO          897    i.DrvUART_Open      drvuart.o
    0x00003434   0x00000040   Code   RO          898    i.DrvUART_Read      drvuart.o
    0x00003474   0x00000040   Code   RO          903    i.DrvUART_Write     drvuart.o
    0x000034b4   0x00000024   Code   RO          374    i.EINT0_IRQHandler  drvgpio.o
    0x000034d8   0x00000024   Code   RO          375    i.EINT1_IRQHandler  drvgpio.o
    0x000034fc   0x00000044   Code   RO          376    i.GPAB_IRQHandler   drvgpio.o
    0x00003540   0x0000004c   Code   RO          377    i.GPCDE_IRQHandler  drvgpio.o
    0x0000358c   0x00000028   Code   RO         1241    i.GetFreeIF         drvcan.o
    0x000035b4   0x0000004c   Code   RO          904    i.GetUartClk        drvuart.o
    0x00003600   0x0000007c   Code   RO         1072    i.I2C0_IRQHandler   drvi2c.o
    0x0000367c   0x0000007c   Code   RO         1073    i.I2C1_IRQHandler   drvi2c.o
    0x000036f8   0x00000218   Code   RO          212    i.Initial_pannel    lcd_driver.o
    0x00003910   0x00000014   Code   RO          906    i.NVIC_EnableIRQ    drvuart.o
    0x00003924   0x00000028   Code   RO          632    i.PWRWU_IRQHandler  drvsys.o
    0x0000394c   0x00000064   Code   RO         1498    i.SPI0_IRQHandler   drvspi.o
    0x000039b0   0x00000064   Code   RO         1499    i.SPI1_IRQHandler   drvspi.o
    0x00003a14   0x00000064   Code   RO         1500    i.SPI2_IRQHandler   drvspi.o
    0x00003a78   0x00000064   Code   RO         1501    i.SPI3_IRQHandler   drvspi.o
    0x00003adc   0x000000f4   Code   RO          213    i.SetPACA           lcd_driver.o
    0x00003bd0   0x00000078   Code   RO          214    i.Show_Word         lcd_driver.o
    0x00003c48   0x000000a0   Code   RO           17    i.SystemCoreClockUpdate  system_nuc1xx.o
    0x00003ce8   0x00000002   Code   RO           18    i.SystemInit        system_nuc1xx.o
    0x00003cea   0x00000002   PAD
    0x00003cec   0x0000003c   Code   RO          907    i.UART02_IRQHandler  drvuart.o
    0x00003d28   0x00000020   Code   RO          908    i.UART1_IRQHandler  drvuart.o
    0x00003d48   0x00000048   Code   RO           64    i.UART_INT_HANDLE   smpl_can.o
    0x00003d90   0x00000058   Code   RO          216    i.WriteData         lcd_driver.o
    0x00003de8   0x00000030   Code   RO         2011    i.__ARM_common_ll_muluu  c_p.l(btod.o)
    0x00003e18   0x0000001c   Code   RO          573    i.__ARM_common_switch8  drvgpio.o
    0x00003e34   0x0000002c   Code   RO         2028    i.__ARM_fpclassify  m_ps.l(fpclassify.o)
    0x00003e60   0x0000039c   Code   RO         1959    i.__ieee754_rem_pio2  m_ps.l(rred.o)
    0x000041fc   0x000000f4   Code   RO         1941    i.__kernel_cos      m_ps.l(cos_i.o)
    0x000042f0   0x000000ac   Code   RO         2030    i.__kernel_poly     m_ps.l(poly.o)
    0x0000439c   0x000000ec   Code   RO         1966    i.__kernel_sin      m_ps.l(sin_i.o)
    0x00004488   0x0000000a   Code   RO         1945    i.__mathlib_dbl_infnan  m_ps.l(dunder.o)
    0x00004492   0x00000008   Code   RO         1946    i.__mathlib_dbl_infnan2  m_ps.l(dunder.o)
    0x0000449a   0x00000010   Code   RO         1947    i.__mathlib_dbl_invalid  m_ps.l(dunder.o)
    0x000044aa   0x00000002   PAD
    0x000044ac   0x00000014   Code   RO         1950    i.__mathlib_dbl_underflow  m_ps.l(dunder.o)
    0x000044c0   0x0000000e   Code   RO         1817    i._is_digit         c_p.l(__printf_wp.o)
    0x000044ce   0x00000002   PAD
    0x000044d0   0x0000021c   Code   RO         1932    i.atan              m_ps.l(atan.o)
    0x000046ec   0x00000178   Code   RO         1875    i.atan2             m_ps.l(atan2.o)
    0x00004864   0x00000510   Code   RO           65    i.calibrateMPU9250  smpl_can.o
    0x00004d74   0x00000028   Code   RO          217    i.clr_all_pannal    lcd_driver.o
    0x00004d9c   0x00000098   Code   RO         1883    i.cos               m_ps.l(cos.o)
    0x00004e34   0x000000d8   Code   RO           66    i.initAK8963        smpl_can.o
    0x00004f0c   0x000000a8   Code   RO           67    i.initMPU9250       smpl_can.o
    0x00004fb4   0x00000728   Code   RO           68    i.main              smpl_can.o
    0x000056dc   0x00000028   Code   RO          218    i.print_lcd         lcd_driver.o
    0x00005704   0x00000086   Code   RO           69    i.readAccelData     smpl_can.o
    0x0000578a   0x00000002   PAD
    0x0000578c   0x0000012c   Code   RO           70    i.readByte          smpl_can.o
    0x000058b8   0x00000086   Code   RO           71    i.readGyroData      smpl_can.o
    0x0000593e   0x000000b0   Code   RO           72    i.readMagData       smpl_can.o
    0x000059ee   0x0000002a   Code   RO           73    i.readTempData      smpl_can.o
    0x00005a18   0x0000000e   Code   RO           74    i.resetMPU9250      smpl_can.o
    0x00005a26   0x00000002   PAD
    0x00005a28   0x0000009c   Code   RO         1891    i.sin               m_ps.l(sin.o)
    0x00005ac4   0x00000048   Code   RO         1899    i.sqrt              m_ps.l(sqrt.o)
    0x00005b0c   0x000000e8   Code   RO           75    i.writeByte         smpl_can.o
    0x00005bf4   0x0000002c   Code   RO         2014    locale$$code        c_p.l(lc_numeric_c.o)
    0x00005c20   0x0000008c   Code   RO         1853    x$fpl$fadd          fz_ps.l(faddsub.o)
    0x00005cac   0x000000b0   Code   RO         1868    x$fpl$fmul          fz_ps.l(fmul.o)
    0x00005d5c   0x00000058   Code   RO         1870    x$fpl$frleqf        fz_ps.l(frlef.o)
    0x00005db4   0x000000d0   Code   RO         1855    x$fpl$fsub          fz_ps.l(faddsub.o)
    0x00005e84   0x00000010   Code   RO         1872    x$fpl$printf1       fz_ps.l(printf1.o)
    0x00005e94   0x00000000   Code   RO         1930    x$fpl$usenofp       fz_ps.l(usenofp.o)
    0x00005e94   0x00000010   Data   RO          633    .constdata          drvsys.o
    0x00005ea4   0x00000080   Data   RO         1845    .constdata          fz_ps.l(ddiv.o)
    0x00005f24   0x00000040   Data   RO         1860    .constdata          fz_ps.l(fdiv.o)
    0x00005f64   0x00000004   PAD
    0x00005f68   0x00000098   Data   RO         1933    .constdata          m_ps.l(atan.o)
    0x00006000   0x00000030   Data   RO         1942    .constdata          m_ps.l(cos_i.o)
    0x00006030   0x00000008   Data   RO         1958    .constdata          m_ps.l(qnan.o)
    0x00006038   0x000000c8   Data   RO         1961    .constdata          m_ps.l(rred.o)
    0x00006100   0x00000028   Data   RO         1967    .constdata          m_ps.l(sin_i.o)
    0x00006128   0x00000094   Data   RO         2006    .constdata          c_p.l(bigflt0.o)
    0x000061bc   0x00000020   Data   RO         2179    Region$$Table       anon$$obj.o
    0x000061dc   0x0000001c   Data   RO         2013    locale$$data        c_p.l(lc_numeric_c.o)


    Execution Region ER_RW (Base: 0x20000000, Size: 0x000006e8, Max: 0xffffffff, ABSOLUTE)

    Base Addr    Size         Type   Attr      Idx    E Section Name        Object

    0x20000000   0x0000001c   Data   RW           19    .data               system_nuc1xx.o
    0x2000001c   0x000000a6   Data   RW           77    .data               smpl_can.o
    0x200000c2   0x00000002   PAD
    0x200000c4   0x00000010   Data   RW          219    .data               lcd_driver.o
    0x200000d4   0x000005f0   Data   RW          269    .data               ascii_table.o
    0x200006c4   0x00000010   Data   RW          381    .data               drvgpio.o
    0x200006d4   0x00000008   Data   RW          634    .data               drvsys.o
    0x200006dc   0x0000000c   Data   RW          909    .data               drvuart.o


    Execution Region ER_ZI (Base: 0x200006e8, Size: 0x00000548, Max: 0xffffffff, ABSOLUTE)

    Base Addr    Size         Type   Attr      Idx    E Section Name        Object

    0x200006e8   0x0000005a   Zero   RW           76    .bss                smpl_can.o
    0x20000742   0x00000002   PAD
    0x20000744   0x00000020   Zero   RW         1077    .bss                drvi2c.o
    0x20000764   0x00000018   Zero   RW         1243    .bss                drvcan.o
    0x2000077c   0x00000050   Zero   RW         1502    .bss                drvspi.o
    0x200007cc   0x00000060   Zero   RW         2033    .bss                c_p.l(libspace.o)
    0x2000082c   0x00000004   PAD
    0x20000830   0x00000000   Zero   RW           54    HEAP                startup_nuc1xx.o
    0x20000830   0x00000400   Zero   RW           53    STACK               startup_nuc1xx.o


==============================================================================

Image component sizes


      Code (inc. data)   RO Data    RW Data    ZI Data      Debug   Object Name

         0          0          0       1520          0        452   ascii_table.o
         0          0          0          0          0       4540   core_cm0.o
       336         24          0          0         24       4801   drvcan.o
      2124        120          0         16          0       9150   drvgpio.o
       676         58          0          0         32       4171   drvi2c.o
       400         32          0          0         80       4652   drvspi.o
      1028        134         16          8          0      10490   drvsys.o
      1396         92          0         12          0      17525   drvuart.o
      1068         24          0         16          0       4467   lcd_driver.o
      4616        244          0        166         90     133535   smpl_can.o
       100         46        192          0       1024        732   startup_nuc1xx.o
       162         28          0         28          0     120130   system_nuc1xx.o

    ----------------------------------------------------------------------
     11912        802        240       1768       1252     314645   Object Totals
         0          0         32          0          0          0   (incl. Generated)
         6          0          0          2          2          0   (incl. Padding)

    ----------------------------------------------------------------------

      Code (inc. data)   RO Data    RW Data    ZI Data      Debug   Library Member Name

         8          0          0          0          0         68   __main.o
       284          0          0          0          0        136   __printf_wp.o
         0          0          0          0          0          0   __rtentry.o
        12          0          0          0          0          0   __rtentry2.o
         6          0          0          0          0          0   __rtentry4.o
        60          8          0          0          0          0   __scatter.o
        26          0          0          0          0          0   __scatter_copy.o
        28          0          0          0          0          0   __scatter_zi.o
        48          6          0          0          0         88   _printf_char_common.o
        10          0          0          0          0          0   _printf_d.o
       108         18          0          0          0         76   _printf_dec.o
        10          0          0          0          0          0   _printf_f.o
      1044         14          0          0          0        176   _printf_fp_dec.o
       136         16          0          0          0         76   _printf_fp_infnan.o
       176          0          0          0          0         84   _printf_intcommon.o
         2          0          0          0          0          0   _printf_percent.o
         4          0          0          0          0          0   _printf_percent_end.o
        22          0          0          0          0         92   _rserrno.o
        10          0          0          0          0         60   _sputc.o
       346          0          0          0          0         92   aeabi_sdiv.o
       200          4        148          0          0         80   bigflt0.o
      1272         16          0          0          0        328   btod.o
        16          0          0          0          0         68   exit.o
         6          0          0          0          0        136   heapauxi.o
         0          0          0          0          0          0   indicate_semi.o
        44         10         28          0          0         76   lc_numeric_c.o
         2          0          0          0          0          0   libinit.o
        18          0          0          0          0          0   libinit2.o
         2          0          0          0          0          0   libshutdown.o
         2          0          0          0          0          0   libshutdown2.o
         8          4          0          0         96         68   libspace.o
       122          0          0          0          0         72   lludiv10.o
        40          4          0          0          0         84   noretval__2sprintf.o
         8          4          0          0          0         68   rt_errno_addr_intlibspace.o
         8          4          0          0          0         68   rt_locale_intlibspace.o
         2          0          0          0          0          0   rtexit.o
        10          0          0          0          0          0   rtexit2.o
        40          0          0          0          0         60   rtudiv10.o
       136          4          0          0          0         72   strcmp.o
        68          6          0          0          0         72   strlen.o
        12          4          0          0          0         60   sys_exit.o
        62          0          0          0          0         80   sys_stackheap_outer.o
         2          0          0          0          0         68   use_no_semi.o
        46          0          0          0          0         60   cmpret.o
       124          4          0          0          0         72   d2f.o
       856         20          0          0          0        208   daddsub.o
      1096         26        128          0          0        112   ddiv.o
       108         10          0          0          0         72   dfixi.o
        88          0          0          0          0         92   dflti.o
       584         26          0          0          0         84   dmul.o
        96         12          0          0          0         72   dscalbn.o
       256          8          0          0          0         76   dsqrt.o
        84          4          0          0          0         60   f2d.o
       348          8          0          0          0        160   faddsub.o
       100          4          0          0          0         68   fcmpin.o
       352         10         64          0          0         92   fdiv.o
        76          0          0          0          0         68   ffixi.o
        94          0          0          0          0         92   fflti.o
       176          4          0          0          0         80   fmul.o
        16          6          0          0          0         68   fnan2.o
        88          4          0          0          0         76   frlef.o
        16          4          0          0          0         76   printf1.o
        94          0          0          0          0         68   retnan.o
         0          0          0          0          0          0   usenofp.o
       540         68        152          0          0        112   atan.o
       376         42          0          0          0        144   atan2.o
       152         10          0          0          0        104   cos.o
       244         20         48          0          0         92   cos_i.o
        54          6          0          0          0        272   dunder.o
        44          4          0          0          0         60   fpclassify.o
       172          0          0          0          0         76   poly.o
         0          0          8          0          0          0   qnan.o
       924         86        200          0          0        120   rred.o
       156         10          0          0          0        104   sin.o
       236         14         40          0          0        100   sin_i.o
        72          6          0          0          0         76   sqrt.o

    ----------------------------------------------------------------------
     12108        538        820          0        100       5424   Library Totals
        20          0          4          0          4          0   (incl. Padding)

    ----------------------------------------------------------------------

      Code (inc. data)   RO Data    RW Data    ZI Data      Debug   Library Name

      4420        122        176          0         96       2408   c_p.l
      4698        150        192          0          0       1756   fz_ps.l
      2970        266        448          0          0       1260   m_ps.l

    ----------------------------------------------------------------------
     12108        538        820          0        100       5424   Library Totals

    ----------------------------------------------------------------------

==============================================================================


      Code (inc. data)   RO Data    RW Data    ZI Data      Debug   

     24020       1340       1060       1768       1352     314977   Grand Totals
     24020       1340       1060       1768       1352     314977   ELF Image Totals
     24020       1340       1060       1768          0          0   ROM Totals

==============================================================================

    Total RO  Size (Code + RO Data)                25080 (  24.49kB)
    Total RW  Size (RW Data + ZI Data)              3120 (   3.05kB)
    Total ROM Size (Code + RO Data + RW Data)      26848 (  26.22kB)

==============================================================================

