ARM Linker, 4.1 [Build 894] [Evaluation]

==============================================================================

Small function inlining results

Inlined function __aeabi_idiv0 from aeabi_idiv0.o at offset 0x154 in aeabi_sdiv.o(.text).
Inlined Instruction: BX       lr
Inlined function __aeabi_idiv0 from aeabi_idiv0.o at offset 0x154 in aeabi_sdiv_div0.o(.text).
Inlined Instruction: BX       lr
Inlined function _platform_pre_stackheap_init from boardinit1.o at offset 0x0 in rtentry2.o(.ARM.Collect$$rtentry$$00000001).
Inlined Instruction: BX       lr
Inlined function _fp_init from fpinit.o at offset 0x2 in libinit.o(.ARM.Collect$$libinit$$00000000).
Inlined Instruction: BX       lr
Inlined function _platform_pre_lib_shutdown from boardshut.o at offset 0x0 in rtexit2.o(.ARM.Collect$$rtexit$$00000001).
Inlined Instruction: BX       lr
Inlined function __ARM_get_argv from no_argv.o at offset 0x2 in argv_veneer.o(.text).
Inlined Instruction: BX       lr
Inlined total of 6 calls.

==============================================================================

Memory Map of the image

  Image Entry point : 0x00000179

  Load Region LR_1 (Base: 0x00000000, Size: 0x0000122c, Max: 0xffffffff, ABSOLUTE)

    Execution Region ER_RO (Base: 0x00000000, Size: 0x00000c04, Max: 0xffffffff, ABSOLUTE)

    Base Addr    Size         Type   Attr      Idx    E Section Name        Object

    0x00000000   0x000000c0   Data   RO           55    RESET               startup_nuc1xx.o
    0x000000c0   0x00000008   Code   RO          985  * !!!main             c_p.l(__main.o)
    0x000000c8   0x0000003c   Code   RO         1158    !!!scatter          c_p.l(__scatter.o)
    0x00000104   0x0000001a   Code   RO         1160    !!handler_copy      c_p.l(__scatter_copy.o)
    0x0000011e   0x00000002   PAD
    0x00000120   0x0000001c   Code   RO         1162    !!handler_zi        c_p.l(__scatter_zi.o)
    0x0000013c   0x00000002   Code   RO          978    .ARM.Collect$$_printf_percent$$00000000  c_p.l(_printf_percent.o)
    0x0000013e   0x0000000a   Code   RO          977    .ARM.Collect$$_printf_percent$$00000009  c_p.l(_printf_d.o)
    0x00000148   0x00000004   Code   RO          998    .ARM.Collect$$_printf_percent$$00000017  c_p.l(_printf_percent_end.o)
    0x0000014c   0x00000006   Code   RO         1034    .ARM.Collect$$libinit$$00000000  c_p.l(libinit.o)
    0x00000152   0x00000000   Code   RO         1049    .ARM.Collect$$libinit$$00000006  c_p.l(libinit2.o)
    0x00000152   0x00000000   Code   RO         1051    .ARM.Collect$$libinit$$00000008  c_p.l(libinit2.o)
    0x00000152   0x00000000   Code   RO         1053    .ARM.Collect$$libinit$$0000000A  c_p.l(libinit2.o)
    0x00000152   0x00000000   Code   RO         1056    .ARM.Collect$$libinit$$0000000D  c_p.l(libinit2.o)
    0x00000152   0x00000000   Code   RO         1058    .ARM.Collect$$libinit$$0000000F  c_p.l(libinit2.o)
    0x00000152   0x00000000   Code   RO         1060    .ARM.Collect$$libinit$$00000011  c_p.l(libinit2.o)
    0x00000152   0x00000000   Code   RO         1062    .ARM.Collect$$libinit$$00000013  c_p.l(libinit2.o)
    0x00000152   0x00000000   Code   RO         1064    .ARM.Collect$$libinit$$00000015  c_p.l(libinit2.o)
    0x00000152   0x00000000   Code   RO         1066    .ARM.Collect$$libinit$$00000017  c_p.l(libinit2.o)
    0x00000152   0x00000000   Code   RO         1068    .ARM.Collect$$libinit$$00000019  c_p.l(libinit2.o)
    0x00000152   0x00000000   Code   RO         1070    .ARM.Collect$$libinit$$0000001B  c_p.l(libinit2.o)
    0x00000152   0x00000000   Code   RO         1072    .ARM.Collect$$libinit$$0000001D  c_p.l(libinit2.o)
    0x00000152   0x00000000   Code   RO         1074    .ARM.Collect$$libinit$$0000001F  c_p.l(libinit2.o)
    0x00000152   0x00000000   Code   RO         1076    .ARM.Collect$$libinit$$00000021  c_p.l(libinit2.o)
    0x00000152   0x00000000   Code   RO         1080    .ARM.Collect$$libinit$$00000028  c_p.l(libinit2.o)
    0x00000152   0x00000000   Code   RO         1082    .ARM.Collect$$libinit$$0000002A  c_p.l(libinit2.o)
    0x00000152   0x00000000   Code   RO         1084    .ARM.Collect$$libinit$$0000002C  c_p.l(libinit2.o)
    0x00000152   0x00000000   Code   RO         1086    .ARM.Collect$$libinit$$0000002E  c_p.l(libinit2.o)
    0x00000152   0x00000002   Code   RO         1087    .ARM.Collect$$libinit$$0000002F  c_p.l(libinit2.o)
    0x00000154   0x00000002   Code   RO         1116    .ARM.Collect$$libshutdown$$00000000  c_p.l(libshutdown.o)
    0x00000156   0x00000000   Code   RO         1143    .ARM.Collect$$libshutdown$$00000003  c_p.l(libshutdown2.o)
    0x00000156   0x00000000   Code   RO         1146    .ARM.Collect$$libshutdown$$00000006  c_p.l(libshutdown2.o)
    0x00000156   0x00000000   Code   RO         1149    .ARM.Collect$$libshutdown$$00000009  c_p.l(libshutdown2.o)
    0x00000156   0x00000000   Code   RO         1151    .ARM.Collect$$libshutdown$$0000000B  c_p.l(libshutdown2.o)
    0x00000156   0x00000000   Code   RO         1154    .ARM.Collect$$libshutdown$$0000000E  c_p.l(libshutdown2.o)
    0x00000156   0x00000002   Code   RO         1155    .ARM.Collect$$libshutdown$$0000000F  c_p.l(libshutdown2.o)
    0x00000158   0x00000000   Code   RO          987    .ARM.Collect$$rtentry$$00000000  c_p.l(rtentry.o)
    0x00000158   0x00000000   Code   RO         1002    .ARM.Collect$$rtentry$$00000002  c_p.l(rtentry2.o)
    0x00000158   0x00000006   Code   RO         1014    .ARM.Collect$$rtentry$$00000004  c_p.l(rtentry4.o)
    0x0000015e   0x00000000   Code   RO         1004    .ARM.Collect$$rtentry$$00000009  c_p.l(rtentry2.o)
    0x0000015e   0x00000004   Code   RO         1005    .ARM.Collect$$rtentry$$0000000A  c_p.l(rtentry2.o)
    0x00000162   0x00000000   Code   RO         1007    .ARM.Collect$$rtentry$$0000000C  c_p.l(rtentry2.o)
    0x00000162   0x00000008   Code   RO         1008    .ARM.Collect$$rtentry$$0000000D  c_p.l(rtentry2.o)
    0x0000016a   0x00000002   Code   RO         1039    .ARM.Collect$$rtexit$$00000000  c_p.l(rtexit.o)
    0x0000016c   0x00000000   Code   RO         1093    .ARM.Collect$$rtexit$$00000002  c_p.l(rtexit2.o)
    0x0000016c   0x00000004   Code   RO         1094    .ARM.Collect$$rtexit$$00000003  c_p.l(rtexit2.o)
    0x00000170   0x00000006   Code   RO         1095    .ARM.Collect$$rtexit$$00000004  c_p.l(rtexit2.o)
    0x00000176   0x00000002   PAD
    0x00000178   0x00000064   Code   RO           56  * .text               startup_nuc1xx.o
    0x000001dc   0x00000028   Code   RO          951    .text               c_p.l(noretval__2sprintf.o)
    0x00000204   0x0000006c   Code   RO          955    .text               c_p.l(_printf_dec.o)
    0x00000270   0x00000110   Code   RO          965    .text               c_p.l(__printf_wp.o)
    0x00000380   0x00000006   Code   RO          983    .text               c_p.l(heapauxi.o)
    0x00000386   0x000000b0   Code   RO          992    .text               c_p.l(_printf_intcommon.o)
    0x00000436   0x00000002   PAD
    0x00000438   0x00000030   Code   RO          994    .text               c_p.l(_printf_char_common.o)
    0x00000468   0x0000000a   Code   RO          996    .text               c_p.l(_sputc.o)
    0x00000472   0x00000028   Code   RO          999    .text               c_p.l(rtudiv10.o)
    0x0000049a   0x0000003e   Code   RO         1020    .text               c_p.l(sys_stackheap_outer.o)
    0x000004d8   0x0000000c   Code   RO         1023    .text               c_p.l(exit.o)
    0x000004e4   0x00000008   Code   RO         1035    .text               c_p.l(libspace.o)
    0x000004ec   0x0000000c   Code   RO         1090    .text               c_p.l(sys_exit.o)
    0x000004f8   0x00000002   Code   RO         1105    .text               c_p.l(use_no_semi.o)
    0x000004fa   0x00000000   Code   RO         1107    .text               c_p.l(indicate_semi.o)
    0x000004fa   0x00000002   PAD
    0x000004fc   0x00000028   Code   RO          501    i.BOD_IRQHandler    drvsys.o
    0x00000524   0x00000024   Code   RO          291    i.EINT0_IRQHandler  drvgpio.o
    0x00000548   0x00000024   Code   RO          292    i.EINT1_IRQHandler  drvgpio.o
    0x0000056c   0x0000003c   Code   RO          293    i.GPAB_IRQHandler   drvgpio.o
    0x000005a8   0x00000040   Code   RO          294    i.GPCDE_IRQHandler  drvgpio.o
    0x000005e8   0x00000098   Code   RO           60    i.InitTIMER1        smpl_can.o
    0x00000680   0x00000218   Code   RO          123    i.Initial_pannel    lcd_driver.o
    0x00000898   0x00000028   Code   RO          549    i.PWRWU_IRQHandler  drvsys.o
    0x000008c0   0x000000f4   Code   RO          124    i.SetPACA           lcd_driver.o
    0x000009b4   0x00000078   Code   RO          125    i.Show_Word         lcd_driver.o
    0x00000a2c   0x00000002   Code   RO           18    i.SystemInit        system_nuc1xx.o
    0x00000a2e   0x00000002   PAD
    0x00000a30   0x0000004c   Code   RO           61    i.TMR1_IRQHandler   smpl_can.o
    0x00000a7c   0x0000003c   Code   RO          824    i.UART02_IRQHandler  drvuart.o
    0x00000ab8   0x00000020   Code   RO          825    i.UART1_IRQHandler  drvuart.o
    0x00000ad8   0x00000058   Code   RO          127    i.WriteData         lcd_driver.o
    0x00000b30   0x0000000e   Code   RO          967    i._is_digit         c_p.l(__printf_wp.o)
    0x00000b3e   0x00000028   Code   RO          128    i.clr_all_pannal    lcd_driver.o
    0x00000b66   0x00000002   PAD
    0x00000b68   0x00000048   Code   RO           62    i.main              smpl_can.o
    0x00000bb0   0x00000028   Code   RO          129    i.print_lcd         lcd_driver.o
    0x00000bd8   0x0000000c   Data   RO           63    .constdata          smpl_can.o
    0x00000be4   0x00000020   Data   RO         1156    Region$$Table       anon$$obj.o


    Execution Region ER_RW (Base: 0x20000000, Size: 0x00000628, Max: 0xffffffff, ABSOLUTE)

    Base Addr    Size         Type   Attr      Idx    E Section Name        Object

    0x20000000   0x00000002   Data   RW           64    .data               smpl_can.o
    0x20000002   0x00000002   PAD
    0x20000004   0x00000010   Data   RW          130    .data               lcd_driver.o
    0x20000014   0x000005f0   Data   RW          183    .data               ascii_table.o
    0x20000604   0x00000010   Data   RW          298    .data               drvgpio.o
    0x20000614   0x00000008   Data   RW          551    .data               drvsys.o
    0x2000061c   0x0000000c   Data   RW          826    .data               drvuart.o


    Execution Region ER_ZI (Base: 0x20000628, Size: 0x00000460, Max: 0xffffffff, ABSOLUTE)

    Base Addr    Size         Type   Attr      Idx    E Section Name        Object

    0x20000628   0x00000060   Zero   RW         1036    .bss                c_p.l(libspace.o)
    0x20000688   0x00000000   Zero   RW           54    HEAP                startup_nuc1xx.o
    0x20000688   0x00000400   Zero   RW           53    STACK               startup_nuc1xx.o


==============================================================================

Image component sizes


      Code (inc. data)   RO Data    RW Data    ZI Data      Debug   Object Name

         0          0          0       1520          0        484   ascii_table.o
         0          0          0          0          0       4188   core_cm0.o
       196         36          0         16          0       3027   drvgpio.o
        80         12          0          8          0       3976   drvsys.o
        92         24          0         12          0       5047   drvuart.o
      1068         26          0         16          0       4603   lcd_driver.o
       300         46         12          2          0     126690   smpl_can.o
       100         46        192          0       1024        744   startup_nuc1xx.o
         2          0          0          0          0     117745   system_nuc1xx.o

    ----------------------------------------------------------------------
      1842        190        236       1576       1024     266504   Object Totals
         0          0         32          0          0          0   (incl. Generated)
         4          0          0          2          0          0   (incl. Padding)

    ----------------------------------------------------------------------

      Code (inc. data)   RO Data    RW Data    ZI Data      Debug   Library Member Name

         8          0          0          0          0         68   __main.o
       286          0          0          0          0        136   __printf_wp.o
        60          8          0          0          0          0   __scatter.o
        26          0          0          0          0          0   __scatter_copy.o
        28          0          0          0          0          0   __scatter_zi.o
        48          6          0          0          0         88   _printf_char_common.o
        10          0          0          0          0          0   _printf_d.o
       108         18          0          0          0         76   _printf_dec.o
       176          0          0          0          0         84   _printf_intcommon.o
         2          0          0          0          0          0   _printf_percent.o
         4          0          0          0          0          0   _printf_percent_end.o
        10          0          0          0          0         60   _sputc.o
        12          0          0          0          0         64   exit.o
         6          0          0          0          0        136   heapauxi.o
         0          0          0          0          0          0   indicate_semi.o
         6          0          0          0          0          0   libinit.o
         2          0          0          0          0          0   libinit2.o
         2          0          0          0          0          0   libshutdown.o
         2          0          0          0          0          0   libshutdown2.o
         8          4          0          0         96         68   libspace.o
        40          4          0          0          0         84   noretval__2sprintf.o
         0          0          0          0          0          0   rtentry.o
        12          0          0          0          0          0   rtentry2.o
         6          0          0          0          0          0   rtentry4.o
         2          0          0          0          0          0   rtexit.o
        10          0          0          0          0          0   rtexit2.o
        40          0          0          0          0         60   rtudiv10.o
        12          4          0          0          0         60   sys_exit.o
        62          0          0          0          0         80   sys_stackheap_outer.o
         2          0          0          0          0         68   use_no_semi.o

    ----------------------------------------------------------------------
       998         44          0          0         96       1132   Library Totals
         8          0          0          0          0          0   (incl. Padding)

    ----------------------------------------------------------------------

      Code (inc. data)   RO Data    RW Data    ZI Data      Debug   Library Name

       990         44          0          0         96       1132   c_p.l

    ----------------------------------------------------------------------
       998         44          0          0         96       1132   Library Totals

    ----------------------------------------------------------------------

==============================================================================


      Code (inc. data)   RO Data    RW Data    ZI Data      Debug   

      2840        234        236       1576       1120     266328   Grand Totals
      2840        234        236       1576       1120     266328   ELF Image Totals
      2840        234        236       1576          0          0   ROM Totals

==============================================================================

    Total RO  Size (Code + RO Data)                 3076 (   3.00kB)
    Total RW  Size (RW Data + ZI Data)              2696 (   2.63kB)
    Total ROM Size (Code + RO Data + RW Data)       4652 (   4.54kB)

==============================================================================

