<html>
<body>
<pre>
<h1>µVision Build Log</h1>
<h2>Tool Versions:</h2>
IDE-Version: £gVision V5.23.0.0
Copyright (C) 2017 ARM Ltd and ARM Germany GmbH. All rights reserved.
License Information: asd SA, fds, LIC=----
 
Tool Versions:
Toolchain:       MDK-Lite  Version: 5.23
Toolchain Path:  C:\Keil_v5\ARM\ARMCC\Bin
C Compiler:      Armcc.exe V5.06 update 4 (build 422)
Assembler:       Armasm.exe V5.06 update 4 (build 422)
Linker/Locator:  ArmLink.exe V5.06 update 4 (build 422)
Library Manager: ArmAr.exe V5.06 update 4 (build 422)
Hex Converter:   FromElf.exe V5.06 update 4 (build 422)
CPU DLL:         SARMCM3.DLL V5.23
Dialog DLL:      DARMCM1.DLL V1.17.0.0
Target DLL:      Nu_Link.dll V1.30
Dialog DLL:      TARMCM1.DLL V1.12.0.0
 
<h2>Project:</h2>
C:\Keil\NuvotonPlatform_Keil\Sample\NUC1xx-LB_002\wifi¥ª¤â¤â®M\Smpl_CAN.uvproj
Project File Date:  05/22/2017

<h2>Output:</h2>
*** Using Compiler 'V5.06 update 4 (build 422)', folder: 'C:\Keil_v5\ARM\ARMCC\Bin'
Build target 'Smpl_CAN'
creating preprocessor file for core_cm0.c...
creating preprocessor file for system_NUC1xx.c...
creating preprocessor file for Smpl_CAN.c...
creating preprocessor file for LCD_Driver.c...
creating preprocessor file for Ascii_Table.C...
creating preprocessor file for retarget.c...
creating preprocessor file for DrvGPIO.c...
compiling Smpl_CAN.c...
Smpl_CAN.c(590): warning:  #167-D: argument of type "char *" is incompatible with parameter of type "uint8_t *"
  			DrvUART_Write(UART_PORT0,textout,3); 
Smpl_CAN.c(598): warning:  #1-D: last line of file ends without a newline
  }
Smpl_CAN.c(472): warning:  #550-D: variable "az"  was set but never used
  	float ax,ay,az;
Smpl_CAN.c: 3 warnings, 0 errors
creating preprocessor file for DrvSYS.c...
creating preprocessor file for DrvUART.c...
creating preprocessor file for EEPROM_24LC64.c...
creating preprocessor file for DrvI2C.c...
creating preprocessor file for DrvCAN.c...
creating preprocessor file for DrvSPI.c...
creating preprocessor file for DrvADC.c...
linking...
Program Size: Code=15568 RO-data=432 RW-data=84 ZI-data=1292  
After Build - User command #1: fromelf --bin ".\obj\Smpl_CAN.axf" --output ".\obj\Smpl_CAN.bin"
After Build - User command #2: fromelf --text -c ".\obj\Smpl_CAN.axf" --output ".\obj\Smpl_CAN.txt"
".\obj\Smpl_CAN.axf" - 0 Error(s), 3 Warning(s).
Build Time Elapsed:  00:00:09
</pre>
</body>
</html>
