<html>
<body>
<pre>
<h1>µVision Build Log</h1>
<h2>Project:</h2>
C:\nuvoton\NUC100SeriesBSP_v1.05.002\NuvotonPlatform_Keil\Sample\Driver\BT_70791CK\Smpl_CAN.uvproj
Project File Date:  08/17/2016

<h2>Output:</h2>
Rebuild target 'Smpl_CAN'
creating preprocessor file for core_cm0.c...
compiling core_cm0.c...
creating preprocessor file for system_NUC1xx.c...
compiling system_NUC1xx.c...
assembling startup_NUC1xx.s...
creating preprocessor file for Smpl_CAN.c...
Smpl_CAN.c(288): warning:  #1-D: last line of file ends without a newline
  }
Smpl_CAN.c: 1 warning, 0 errors
compiling Smpl_CAN.c...
Smpl_CAN.c(288): warning:  #1-D: last line of file ends without a newline
  }
Smpl_CAN.c(258): warning:  #177-D: variable "read1" was declared but never referenced
        uint16_t        read    = 0,read1       = 0;
Smpl_CAN.c(259): warning:  #177-D: variable "HB" was declared but never referenced
        uint16_t        HB      = 0;
Smpl_CAN.c(260): warning:  #177-D: variable "LB" was declared but never referenced
        uint16_t        LB      = 0;
Smpl_CAN.c(261): warning:  #550-D: variable "VoltageValue" was set but never used
        uint16_t        VoltageValue            = 0.0;
Smpl_CAN.c(262): warning:  #177-D: variable "VoltageValue1" was declared but never referenced
        uint16_t        VoltageValue1           = 0.0;
Smpl_CAN.c(263): warning:  #177-D: variable "open" was declared but never referenced
        int open = 0,open_common = 0,read_common = 0;
Smpl_CAN.c(263): warning:  #177-D: variable "open_common" was declared but never referenced
        int open = 0,open_common = 0,read_common = 0;
Smpl_CAN.c(263): warning:  #177-D: variable "read_common" was declared but never referenced
        int open = 0,open_common = 0,read_common = 0;
Smpl_CAN.c: 9 warnings, 0 errors
creating preprocessor file for LCD_Driver.c...
compiling LCD_Driver.c...
creating preprocessor file for Ascii_Table.C...
compiling Ascii_Table.C...
creating preprocessor file for retarget.c...
compiling retarget.c...
creating preprocessor file for DrvGPIO.c...
compiling DrvGPIO.c...
creating preprocessor file for DrvSYS.c...
compiling DrvSYS.c...
creating preprocessor file for DrvUART.c...
compiling DrvUART.c...
creating preprocessor file for EEPROM_24LC64.c...
compiling EEPROM_24LC64.c...
creating preprocessor file for DrvI2C.c...
compiling DrvI2C.c...
creating preprocessor file for DrvCAN.c...
compiling DrvCAN.c...
creating preprocessor file for DrvSPI.c...
compiling DrvSPI.c...
linking...
Program Size: Code=6124 RO-data=240 RW-data=64 ZI-data=1256  
After Build - User command #1: fromelf --bin ".\obj\Smpl_CAN.axf" --output ".\obj\Smpl_CAN.bin"
After Build - User command #2: fromelf --text -c ".\obj\Smpl_CAN.axf" --output ".\obj\Smpl_CAN.txt"
".\obj\Smpl_CAN.axf" - 0 Error(s), 10 Warning(s).
</pre>
</body>
</html>
