<html>
<body>
<pre>
<h1>猩ision Build Log</h1>
<h2>Project:</h2>
C:\Keil\NuvotonPlatform_Keil\Sample\NUC1xx-LB_002\藍牙接收指令模擬走路\Smpl_CAN.uvproj
Project File Date:  03/01/2017

<h2>Output:</h2>
Build target 'Smpl_CAN'
creating preprocessor file for HID_API.c...
compiling HID_API.c...
HID_API.c(806): warning:  #167-D: argument of type "void (*)(void)" is incompatible with parameter of type "PFN_DRVUART_CALLBACK *"
HID_API.c:      DrvUART_EnableInt(UART_PORT0, DRVUART_RDAINT, UART_INT_HANDLE);  
HID_API.c:                                                    ^
HID_API.c: HID_API.c: 1 warning, 0 errors
linking...
Program Size: Code=13624 RO-data=1348 RW-data=2192 ZI-data=1528  
User command #1: fromelf --bin ".\obj\Smpl_CAN.axf" --output ".\obj\Smpl_CAN.bin"
User command #2: fromelf --text -c ".\obj\Smpl_CAN.axf" --output ".\obj\Smpl_CAN.txt"
".\obj\Smpl_CAN.axf" - 0 Error(s), 1 Warning(s).
Load "C:\\Keil\\NuvotonPlatform_Keil\\Sample\\NUC1xx-LB_002\\藍牙接收指令模擬走路\\obj\\Smpl_CAN.AXF" 
