<html>
<body>
<pre>
<h1>µVision Build Log</h1>
<h2>Tool Versions:</h2>
IDE-Version: £gVision V5.23.0.0
Copyright (C) 2017 ARM Ltd and ARM Germany GmbH. All rights reserved.
License Information: asd SA, fds, LIC=----
 
Tool Versions:
Toolchain:       MDK-Lite  Version: 5.23
Toolchain Path:  C:\Keil_v5\ARM\ARMCC\Bin
C Compiler:      Armcc.exe V5.06 update 4 (build 422)
Assembler:       Armasm.exe V5.06 update 4 (build 422)
Linker/Locator:  ArmLink.exe V5.06 update 4 (build 422)
Library Manager: ArmAr.exe V5.06 update 4 (build 422)
Hex Converter:   FromElf.exe V5.06 update 4 (build 422)
CPU DLL:         SARMCM3.DLL V5.23
Dialog DLL:      DARMCM1.DLL V1.17.0.0
Target DLL:      Nu_Link.dll V1.30
Dialog DLL:      TARMCM1.DLL V1.12.0.0
 
<h2>Project:</h2>
C:\Keil\NuvotonPlatform_Keil\Sample\NUC1xx-LB_002\Smpl_Capture\Smpl_Capture.uvproj
Project File Date:  08/26/2011

<h2>Output:</h2>
*** Using Compiler 'V5.06 update 4 (build 422)', folder: 'C:\Keil_v5\ARM\ARMCC\Bin'
Build target 'Smpl_Capture'
creating preprocessor file for core_cm0.c...
creating preprocessor file for system_NUC1xx.c...
compiling core_cm0.c...
assembling startup_NUC1xx.s...
creating preprocessor file for Smpl_Capture.c...
compiling system_NUC1xx.c...
creating preprocessor file for LCD_Driver.c...
compiling Smpl_Capture.c...
creating preprocessor file for Ascii_Table.C...
compiling Ascii_Table.C...
creating preprocessor file for DrvGPIO.c...
compiling LCD_Driver.c...
compiling DrvGPIO.c...
linking...
Program Size: Code=3716 RO-data=224 RW-data=1564 ZI-data=1124  
After Build - User command #1: fromelf --bin ".\obj\Smpl_Capture.axf" --output ".\obj\Smpl_Capture.bin"
After Build - User command #2: fromelf --text -c ".\obj\Smpl_Capture.axf" --output ".\obj\Smpl_Capture.txt"
".\obj\Smpl_Capture.axf" - 0 Error(s), 0 Warning(s).
Build Time Elapsed:  00:00:03
</pre>
</body>
</html>
