Component: ARM Compiler 5.06 update 4 (build 422) Tool: armlink [4d35d2]

==============================================================================

Small function inlining results

Inlined function __aeabi_idiv0 from aeabi_idiv0.o at offset 0x154 in aeabi_sdiv.o(.text).
Inlined Instruction: BX       lr
Inlined function __aeabi_idiv0 from aeabi_idiv0.o at offset 0x154 in aeabi_sdiv_div0.o(.text).
Inlined Instruction: BX       lr
Inlined function _platform_pre_stackheap_init from boardinit1.o at offset 0x0 in __rtentry2.o(.ARM.Collect$$rtentry$$00000001).
Inlined Instruction: BX       lr
Inlined function _fp_init from fpinit.o at offset 0x0 in libinit2.o(.ARM.Collect$$libinit$$00000001).
Inlined Instruction: BX       lr
Inlined function _platform_pre_lib_shutdown from boardshut.o at offset 0x0 in rtexit2.o(.ARM.Collect$$rtexit$$00000001).
Inlined Instruction: BX       lr
Inlined function __ARM_get_argv from no_argv.o at offset 0x2 in argv_veneer.o(.text).
Inlined Instruction: BX       lr
Inlined total of 6 calls.

==============================================================================

Memory Map of the image

  Image Entry point : 0x00000175

  Load Region LR_1 (Base: 0x00000000, Size: 0x000022a0, Max: 0xffffffff, ABSOLUTE)

    Execution Region ER_RO (Base: 0x00000000, Size: 0x00001c50, Max: 0xffffffff, ABSOLUTE)

    Base Addr    Size         Type   Attr      Idx    E Section Name        Object

    0x00000000   0x000000c0   Data   RO           55    RESET               startup_nuc1xx.o
    0x000000c0   0x00000008   Code   RO          916  * !!!main             c_p.l(__main.o)
    0x000000c8   0x0000003c   Code   RO         1096    !!!scatter          c_p.l(__scatter.o)
    0x00000104   0x0000001a   Code   RO         1098    !!handler_copy      c_p.l(__scatter_copy.o)
    0x0000011e   0x00000002   PAD
    0x00000120   0x0000001c   Code   RO         1100    !!handler_zi        c_p.l(__scatter_zi.o)
    0x0000013c   0x00000002   Code   RO          909    .ARM.Collect$$_printf_percent$$00000000  c_p.l(_printf_percent.o)
    0x0000013e   0x0000000a   Code   RO          908    .ARM.Collect$$_printf_percent$$00000009  c_p.l(_printf_d.o)
    0x00000148   0x00000004   Code   RO          929    .ARM.Collect$$_printf_percent$$00000017  c_p.l(_printf_percent_end.o)
    0x0000014c   0x00000002   Code   RO          965    .ARM.Collect$$libinit$$00000000  c_p.l(libinit.o)
    0x0000014e   0x00000000   Code   RO          979    .ARM.Collect$$libinit$$00000002  c_p.l(libinit2.o)
    0x0000014e   0x00000000   Code   RO          981    .ARM.Collect$$libinit$$00000004  c_p.l(libinit2.o)
    0x0000014e   0x00000000   Code   RO          984    .ARM.Collect$$libinit$$0000000A  c_p.l(libinit2.o)
    0x0000014e   0x00000000   Code   RO          986    .ARM.Collect$$libinit$$0000000C  c_p.l(libinit2.o)
    0x0000014e   0x00000000   Code   RO          988    .ARM.Collect$$libinit$$0000000E  c_p.l(libinit2.o)
    0x0000014e   0x00000000   Code   RO          991    .ARM.Collect$$libinit$$00000011  c_p.l(libinit2.o)
    0x0000014e   0x00000000   Code   RO          993    .ARM.Collect$$libinit$$00000013  c_p.l(libinit2.o)
    0x0000014e   0x00000000   Code   RO          995    .ARM.Collect$$libinit$$00000015  c_p.l(libinit2.o)
    0x0000014e   0x00000000   Code   RO          997    .ARM.Collect$$libinit$$00000017  c_p.l(libinit2.o)
    0x0000014e   0x00000000   Code   RO          999    .ARM.Collect$$libinit$$00000019  c_p.l(libinit2.o)
    0x0000014e   0x00000000   Code   RO         1001    .ARM.Collect$$libinit$$0000001B  c_p.l(libinit2.o)
    0x0000014e   0x00000000   Code   RO         1003    .ARM.Collect$$libinit$$0000001D  c_p.l(libinit2.o)
    0x0000014e   0x00000000   Code   RO         1005    .ARM.Collect$$libinit$$0000001F  c_p.l(libinit2.o)
    0x0000014e   0x00000000   Code   RO         1007    .ARM.Collect$$libinit$$00000021  c_p.l(libinit2.o)
    0x0000014e   0x00000000   Code   RO         1009    .ARM.Collect$$libinit$$00000023  c_p.l(libinit2.o)
    0x0000014e   0x00000000   Code   RO         1011    .ARM.Collect$$libinit$$00000025  c_p.l(libinit2.o)
    0x0000014e   0x00000000   Code   RO         1015    .ARM.Collect$$libinit$$0000002C  c_p.l(libinit2.o)
    0x0000014e   0x00000000   Code   RO         1017    .ARM.Collect$$libinit$$0000002E  c_p.l(libinit2.o)
    0x0000014e   0x00000000   Code   RO         1019    .ARM.Collect$$libinit$$00000030  c_p.l(libinit2.o)
    0x0000014e   0x00000000   Code   RO         1021    .ARM.Collect$$libinit$$00000032  c_p.l(libinit2.o)
    0x0000014e   0x00000002   Code   RO         1022    .ARM.Collect$$libinit$$00000033  c_p.l(libinit2.o)
    0x00000150   0x00000002   Code   RO         1053    .ARM.Collect$$libshutdown$$00000000  c_p.l(libshutdown.o)
    0x00000152   0x00000000   Code   RO         1079    .ARM.Collect$$libshutdown$$00000002  c_p.l(libshutdown2.o)
    0x00000152   0x00000000   Code   RO         1081    .ARM.Collect$$libshutdown$$00000004  c_p.l(libshutdown2.o)
    0x00000152   0x00000000   Code   RO         1084    .ARM.Collect$$libshutdown$$00000007  c_p.l(libshutdown2.o)
    0x00000152   0x00000000   Code   RO         1087    .ARM.Collect$$libshutdown$$0000000A  c_p.l(libshutdown2.o)
    0x00000152   0x00000000   Code   RO         1089    .ARM.Collect$$libshutdown$$0000000C  c_p.l(libshutdown2.o)
    0x00000152   0x00000000   Code   RO         1092    .ARM.Collect$$libshutdown$$0000000F  c_p.l(libshutdown2.o)
    0x00000152   0x00000002   Code   RO         1093    .ARM.Collect$$libshutdown$$00000010  c_p.l(libshutdown2.o)
    0x00000154   0x00000000   Code   RO          918    .ARM.Collect$$rtentry$$00000000  c_p.l(__rtentry.o)
    0x00000154   0x00000000   Code   RO          933    .ARM.Collect$$rtentry$$00000002  c_p.l(__rtentry2.o)
    0x00000154   0x00000006   Code   RO          945    .ARM.Collect$$rtentry$$00000004  c_p.l(__rtentry4.o)
    0x0000015a   0x00000000   Code   RO          935    .ARM.Collect$$rtentry$$00000009  c_p.l(__rtentry2.o)
    0x0000015a   0x00000004   Code   RO          936    .ARM.Collect$$rtentry$$0000000A  c_p.l(__rtentry2.o)
    0x0000015e   0x00000000   Code   RO          938    .ARM.Collect$$rtentry$$0000000C  c_p.l(__rtentry2.o)
    0x0000015e   0x00000008   Code   RO          939    .ARM.Collect$$rtentry$$0000000D  c_p.l(__rtentry2.o)
    0x00000166   0x00000002   Code   RO          970    .ARM.Collect$$rtexit$$00000000  c_p.l(rtexit.o)
    0x00000168   0x00000000   Code   RO         1026    .ARM.Collect$$rtexit$$00000002  c_p.l(rtexit2.o)
    0x00000168   0x00000004   Code   RO         1027    .ARM.Collect$$rtexit$$00000003  c_p.l(rtexit2.o)
    0x0000016c   0x00000006   Code   RO         1028    .ARM.Collect$$rtexit$$00000004  c_p.l(rtexit2.o)
    0x00000172   0x00000002   PAD
    0x00000174   0x00000064   Code   RO           56  * .text               startup_nuc1xx.o
    0x000001d8   0x00000028   Code   RO          882    .text               c_p.l(noretval__2sprintf.o)
    0x00000200   0x0000006c   Code   RO          884    .text               c_p.l(__printf.o)
    0x0000026c   0x0000006c   Code   RO          886    .text               c_p.l(_printf_dec.o)
    0x000002d8   0x0000015a   Code   RO          910    .text               c_p.l(aeabi_sdiv.o)
    0x00000432   0x00000006   Code   RO          914    .text               c_p.l(heapauxi.o)
    0x00000438   0x000000b0   Code   RO          923    .text               c_p.l(_printf_intcommon.o)
    0x000004e8   0x00000030   Code   RO          925    .text               c_p.l(_printf_char_common.o)
    0x00000518   0x0000000a   Code   RO          927    .text               c_p.l(_sputc.o)
    0x00000522   0x00000028   Code   RO          930    .text               c_p.l(rtudiv10.o)
    0x0000054a   0x0000003e   Code   RO          951    .text               c_p.l(sys_stackheap_outer.o)
    0x00000588   0x00000010   Code   RO          954    .text               c_p.l(exit.o)
    0x00000598   0x00000008   Code   RO          966    .text               c_p.l(libspace.o)
    0x000005a0   0x0000000c   Code   RO         1023    .text               c_p.l(sys_exit.o)
    0x000005ac   0x00000002   Code   RO         1042    .text               c_p.l(use_no_semi.o)
    0x000005ae   0x00000000   Code   RO         1044    .text               c_p.l(indicate_semi.o)
    0x000005ae   0x00000002   PAD
    0x000005b0   0x00000028   Code   RO          188    i.BOD_IRQHandler    drvsys.o
    0x000005d8   0x000000d4   Code   RO          499    i.BaudRateCalculator  drvuart.o
    0x000006ac   0x0000002c   Code   RO          645    i.DrvGPIO_ClrBit    drvgpio.o
    0x000006d8   0x0000002c   Code   RO          658    i.DrvGPIO_GetBit    drvgpio.o
    0x00000704   0x00000758   Code   RO          667    i.DrvGPIO_InitFunction  drvgpio.o
    0x00000e5c   0x00000088   Code   RO          668    i.DrvGPIO_Open      drvgpio.o
    0x00000ee4   0x0000002c   Code   RO          669    i.DrvGPIO_SetBit    drvgpio.o
    0x00000f10   0x0000002c   Code   RO          191    i.DrvSYS_Delay      drvsys.o
    0x00000f3c   0x00000008   Code   RO          206    i.DrvSYS_GetExtClockFreq  drvsys.o
    0x00000f44   0x00000078   Code   RO          208    i.DrvSYS_GetPLLClockFreq  drvsys.o
    0x00000fbc   0x000000c4   Code   RO          209    i.DrvSYS_GetPLLContent  drvsys.o
    0x00001080   0x00000010   Code   RO          212    i.DrvSYS_IsProtectedRegLocked  drvsys.o
    0x00001090   0x000000c0   Code   RO          214    i.DrvSYS_Open       drvsys.o
    0x00001150   0x00000038   Code   RO          220    i.DrvSYS_SelectHCLKSource  drvsys.o
    0x00001188   0x0000004c   Code   RO          229    i.DrvSYS_SetPLLContent  drvsys.o
    0x000011d4   0x00000268   Code   RO          509    i.DrvUART_Open      drvuart.o
    0x0000143c   0x00000040   Code   RO          515    i.DrvUART_Write     drvuart.o
    0x0000147c   0x00000024   Code   RO          675    i.EINT0_IRQHandler  drvgpio.o
    0x000014a0   0x00000024   Code   RO          676    i.EINT1_IRQHandler  drvgpio.o
    0x000014c4   0x00000044   Code   RO          677    i.GPAB_IRQHandler   drvgpio.o
    0x00001508   0x0000004c   Code   RO          678    i.GPCDE_IRQHandler  drvgpio.o
    0x00001554   0x0000004c   Code   RO          516    i.GetUartClk        drvuart.o
    0x000015a0   0x00000218   Code   RO           61    i.Initial_pannel    lcd_driver.o
    0x000017b8   0x00000028   Code   RO          236    i.PWRWU_IRQHandler  drvsys.o
    0x000017e0   0x000000f4   Code   RO           62    i.SetPACA           lcd_driver.o
    0x000018d4   0x00000078   Code   RO           63    i.Show_Word         lcd_driver.o
    0x0000194c   0x000000a0   Code   RO           17    i.SystemCoreClockUpdate  system_nuc1xx.o
    0x000019ec   0x00000002   Code   RO           18    i.SystemInit        system_nuc1xx.o
    0x000019ee   0x00000002   PAD
    0x000019f0   0x0000003c   Code   RO          519    i.UART02_IRQHandler  drvuart.o
    0x00001a2c   0x00000020   Code   RO          520    i.UART1_IRQHandler  drvuart.o
    0x00001a4c   0x00000058   Code   RO           65    i.WriteData         lcd_driver.o
    0x00001aa4   0x0000001c   Code   RO          485    i.__ARM_common_switch8  drvsys.o
    0x00001ac0   0x00000028   Code   RO           66    i.clr_all_pannal    lcd_driver.o
    0x00001ae8   0x00000110   Code   RO          141    i.main              smpl_uart0.o
    0x00001bf8   0x00000028   Code   RO           67    i.print_lcd         lcd_driver.o
    0x00001c20   0x00000010   Data   RO          237    .constdata          drvsys.o
    0x00001c30   0x00000020   Data   RO         1094    Region$$Table       anon$$obj.o


    Execution Region ER_RW (Base: 0x20000000, Size: 0x00000650, Max: 0xffffffff, ABSOLUTE)

    Base Addr    Size         Type   Attr      Idx    E Section Name        Object

    0x20000000   0x0000001c   Data   RW           19    .data               system_nuc1xx.o
    0x2000001c   0x00000010   Data   RW           68    .data               lcd_driver.o
    0x2000002c   0x000005f0   Data   RW          134    .data               ascii_table.o
    0x2000061c   0x00000010   Data   RW          142    .data               smpl_uart0.o
    0x2000062c   0x00000008   Data   RW          238    .data               drvsys.o
    0x20000634   0x0000000c   Data   RW          521    .data               drvuart.o
    0x20000640   0x00000010   Data   RW          682    .data               drvgpio.o


    Execution Region ER_ZI (Base: 0x20000650, Size: 0x00000460, Max: 0xffffffff, ABSOLUTE)

    Base Addr    Size         Type   Attr      Idx    E Section Name        Object

    0x20000650   0x00000060   Zero   RW          967    .bss                c_p.l(libspace.o)
    0x200006b0   0x00000000   Zero   RW           54    HEAP                startup_nuc1xx.o
    0x200006b0   0x00000400   Zero   RW           53    STACK               startup_nuc1xx.o


==============================================================================

Image component sizes


      Code (inc. data)   RO Data    RW Data    ZI Data      Debug   Object Name

         0          0          0       1520          0        468   ascii_table.o
         0          0          0          0          0       4540   core_cm0.o
      2364        154          0         16          0      11812   drvgpio.o
       816        106         16          8          0     127609   drvsys.o
      1060         62          0         12          0       7798   drvuart.o
      1068         24          0         16          0       4539   lcd_driver.o
       272         20          0         16          0     122547   smpl_uart0.o
       100         46        192          0       1024        740   startup_nuc1xx.o
       162         28          0         28          0     120178   system_nuc1xx.o

    ----------------------------------------------------------------------
      5844        440        240       1616       1024     400231   Object Totals
         0          0         32          0          0          0   (incl. Generated)
         2          0          0          0          0          0   (incl. Padding)

    ----------------------------------------------------------------------

      Code (inc. data)   RO Data    RW Data    ZI Data      Debug   Library Member Name

         8          0          0          0          0         68   __main.o
       108          0          0          0          0         76   __printf.o
         0          0          0          0          0          0   __rtentry.o
        12          0          0          0          0          0   __rtentry2.o
         6          0          0          0          0          0   __rtentry4.o
        60          8          0          0          0          0   __scatter.o
        26          0          0          0          0          0   __scatter_copy.o
        28          0          0          0          0          0   __scatter_zi.o
        48          6          0          0          0         88   _printf_char_common.o
        10          0          0          0          0          0   _printf_d.o
       108         18          0          0          0         76   _printf_dec.o
       176          0          0          0          0         84   _printf_intcommon.o
         2          0          0          0          0          0   _printf_percent.o
         4          0          0          0          0          0   _printf_percent_end.o
        10          0          0          0          0         60   _sputc.o
       346          0          0          0          0         92   aeabi_sdiv.o
        16          0          0          0          0         68   exit.o
         6          0          0          0          0        136   heapauxi.o
         0          0          0          0          0          0   indicate_semi.o
         2          0          0          0          0          0   libinit.o
         2          0          0          0          0          0   libinit2.o
         2          0          0          0          0          0   libshutdown.o
         2          0          0          0          0          0   libshutdown2.o
         8          4          0          0         96         68   libspace.o
        40          4          0          0          0         84   noretval__2sprintf.o
         2          0          0          0          0          0   rtexit.o
        10          0          0          0          0          0   rtexit2.o
        40          0          0          0          0         60   rtudiv10.o
        12          4          0          0          0         60   sys_exit.o
        62          0          0          0          0         80   sys_stackheap_outer.o
         2          0          0          0          0         68   use_no_semi.o

    ----------------------------------------------------------------------
      1164         44          0          0         96       1168   Library Totals
         6          0          0          0          0          0   (incl. Padding)

    ----------------------------------------------------------------------

      Code (inc. data)   RO Data    RW Data    ZI Data      Debug   Library Name

      1158         44          0          0         96       1168   c_p.l

    ----------------------------------------------------------------------
      1164         44          0          0         96       1168   Library Totals

    ----------------------------------------------------------------------

==============================================================================


      Code (inc. data)   RO Data    RW Data    ZI Data      Debug   

      7008        484        240       1616       1120     399583   Grand Totals
      7008        484        240       1616       1120     399583   ELF Image Totals
      7008        484        240       1616          0          0   ROM Totals

==============================================================================

    Total RO  Size (Code + RO Data)                 7248 (   7.08kB)
    Total RW  Size (RW Data + ZI Data)              2736 (   2.67kB)
    Total ROM Size (Code + RO Data + RW Data)       8864 (   8.66kB)

==============================================================================

