ARM Linker, 4.1 [Build 481] [Professional]

==============================================================================

Small function inlining results

Inlined function __aeabi_idiv0 from aeabi_idiv0.o at offset 0x154 in aeabi_sdiv.o(.text).
Inlined Instruction: BX       lr
Inlined function __aeabi_idiv0 from aeabi_idiv0.o at offset 0x154 in aeabi_sdiv_div0.o(.text).
Inlined Instruction: BX       lr
Inlined function _platform_pre_stackheap_init from boardinit1.o at offset 0x0 in rtentry2.o(.ARM.Collect$$rtentry$$00000001).
Inlined Instruction: BX       lr
Inlined function _fp_init from fpinit.o at offset 0x2 in libinit.o(.ARM.Collect$$libinit$$00000000).
Inlined Instruction: BX       lr
Inlined function _platform_pre_lib_shutdown from boardshut.o at offset 0x0 in rtexit2.o(.ARM.Collect$$rtexit$$00000001).
Inlined Instruction: BX       lr
Inlined function __ARM_get_argv from no_argv.o at offset 0x2 in argv_veneer.o(.text).
Inlined Instruction: BX       lr
Inlined total of 6 calls.

==============================================================================

Memory Map of the image

  Image Entry point : 0x00000179

  Load Region LR_1 (Base: 0x00000000, Size: 0x00004324, Max: 0xffffffff, ABSOLUTE)

    Execution Region ER_RO (Base: 0x00000000, Size: 0x00003a94, Max: 0xffffffff, ABSOLUTE)

    Base Addr    Size         Type   Attr      Idx    E Section Name        Object

    0x00000000   0x000000c0   Data   RO           55    RESET               startup_nuc1xx.o
    0x000000c0   0x00000008   Code   RO         2612  * !!!main             c_p.l(__main.o)(c_p.l)
    0x000000c8   0x0000003c   Code   RO         2790    !!!scatter          c_p.l(__scatter.o)(c_p.l)
    0x00000104   0x0000001a   Code   RO         2792    !!handler_copy      c_p.l(__scatter_copy.o)(c_p.l)
    0x0000011e   0x00000002   PAD
    0x00000120   0x0000001c   Code   RO         2794    !!handler_zi        c_p.l(__scatter_zi.o)(c_p.l)
    0x0000013c   0x00000002   Code   RO         2605    .ARM.Collect$$_printf_percent$$00000000  c_p.l(_printf_percent.o)(c_p.l)
    0x0000013e   0x0000000a   Code   RO         2604    .ARM.Collect$$_printf_percent$$00000014  c_p.l(_printf_s.o)(c_p.l)
    0x00000148   0x00000004   Code   RO         2628    .ARM.Collect$$_printf_percent$$00000017  c_p.l(_printf_percent_end.o)(c_p.l)
    0x0000014c   0x00000006   Code   RO         2666    .ARM.Collect$$libinit$$00000000  c_p.l(libinit.o)(c_p.l)
    0x00000152   0x00000000   Code   RO         2681    .ARM.Collect$$libinit$$00000006  c_p.l(libinit2.o)(c_p.l)
    0x00000152   0x00000000   Code   RO         2683    .ARM.Collect$$libinit$$00000008  c_p.l(libinit2.o)(c_p.l)
    0x00000152   0x00000000   Code   RO         2685    .ARM.Collect$$libinit$$0000000A  c_p.l(libinit2.o)(c_p.l)
    0x00000152   0x00000000   Code   RO         2688    .ARM.Collect$$libinit$$0000000D  c_p.l(libinit2.o)(c_p.l)
    0x00000152   0x00000000   Code   RO         2690    .ARM.Collect$$libinit$$0000000F  c_p.l(libinit2.o)(c_p.l)
    0x00000152   0x00000000   Code   RO         2692    .ARM.Collect$$libinit$$00000011  c_p.l(libinit2.o)(c_p.l)
    0x00000152   0x00000000   Code   RO         2694    .ARM.Collect$$libinit$$00000013  c_p.l(libinit2.o)(c_p.l)
    0x00000152   0x00000000   Code   RO         2696    .ARM.Collect$$libinit$$00000015  c_p.l(libinit2.o)(c_p.l)
    0x00000152   0x00000000   Code   RO         2698    .ARM.Collect$$libinit$$00000017  c_p.l(libinit2.o)(c_p.l)
    0x00000152   0x00000000   Code   RO         2700    .ARM.Collect$$libinit$$00000019  c_p.l(libinit2.o)(c_p.l)
    0x00000152   0x00000000   Code   RO         2702    .ARM.Collect$$libinit$$0000001B  c_p.l(libinit2.o)(c_p.l)
    0x00000152   0x00000000   Code   RO         2704    .ARM.Collect$$libinit$$0000001D  c_p.l(libinit2.o)(c_p.l)
    0x00000152   0x00000000   Code   RO         2706    .ARM.Collect$$libinit$$0000001F  c_p.l(libinit2.o)(c_p.l)
    0x00000152   0x00000000   Code   RO         2708    .ARM.Collect$$libinit$$00000021  c_p.l(libinit2.o)(c_p.l)
    0x00000152   0x00000000   Code   RO         2712    .ARM.Collect$$libinit$$00000028  c_p.l(libinit2.o)(c_p.l)
    0x00000152   0x00000000   Code   RO         2714    .ARM.Collect$$libinit$$0000002A  c_p.l(libinit2.o)(c_p.l)
    0x00000152   0x00000000   Code   RO         2716    .ARM.Collect$$libinit$$0000002C  c_p.l(libinit2.o)(c_p.l)
    0x00000152   0x00000000   Code   RO         2718    .ARM.Collect$$libinit$$0000002E  c_p.l(libinit2.o)(c_p.l)
    0x00000152   0x00000002   Code   RO         2719    .ARM.Collect$$libinit$$0000002F  c_p.l(libinit2.o)(c_p.l)
    0x00000154   0x00000002   Code   RO         2748    .ARM.Collect$$libshutdown$$00000000  c_p.l(libshutdown.o)(c_p.l)
    0x00000156   0x00000000   Code   RO         2775    .ARM.Collect$$libshutdown$$00000003  c_p.l(libshutdown2.o)(c_p.l)
    0x00000156   0x00000000   Code   RO         2778    .ARM.Collect$$libshutdown$$00000006  c_p.l(libshutdown2.o)(c_p.l)
    0x00000156   0x00000000   Code   RO         2781    .ARM.Collect$$libshutdown$$00000009  c_p.l(libshutdown2.o)(c_p.l)
    0x00000156   0x00000000   Code   RO         2783    .ARM.Collect$$libshutdown$$0000000B  c_p.l(libshutdown2.o)(c_p.l)
    0x00000156   0x00000000   Code   RO         2786    .ARM.Collect$$libshutdown$$0000000E  c_p.l(libshutdown2.o)(c_p.l)
    0x00000156   0x00000002   Code   RO         2787    .ARM.Collect$$libshutdown$$0000000F  c_p.l(libshutdown2.o)(c_p.l)
    0x00000158   0x00000000   Code   RO         2614    .ARM.Collect$$rtentry$$00000000  c_p.l(rtentry.o)(c_p.l)
    0x00000158   0x00000000   Code   RO         2630    .ARM.Collect$$rtentry$$00000002  c_p.l(rtentry2.o)(c_p.l)
    0x00000158   0x00000006   Code   RO         2645    .ARM.Collect$$rtentry$$00000004  c_p.l(rtentry4.o)(c_p.l)
    0x0000015e   0x00000000   Code   RO         2632    .ARM.Collect$$rtentry$$00000009  c_p.l(rtentry2.o)(c_p.l)
    0x0000015e   0x00000004   Code   RO         2633    .ARM.Collect$$rtentry$$0000000A  c_p.l(rtentry2.o)(c_p.l)
    0x00000162   0x00000000   Code   RO         2635    .ARM.Collect$$rtentry$$0000000C  c_p.l(rtentry2.o)(c_p.l)
    0x00000162   0x00000008   Code   RO         2636    .ARM.Collect$$rtentry$$0000000D  c_p.l(rtentry2.o)(c_p.l)
    0x0000016a   0x00000002   Code   RO         2671    .ARM.Collect$$rtexit$$00000000  c_p.l(rtexit.o)(c_p.l)
    0x0000016c   0x00000000   Code   RO         2725    .ARM.Collect$$rtexit$$00000002  c_p.l(rtexit2.o)(c_p.l)
    0x0000016c   0x00000004   Code   RO         2726    .ARM.Collect$$rtexit$$00000003  c_p.l(rtexit2.o)(c_p.l)
    0x00000170   0x00000006   Code   RO         2727    .ARM.Collect$$rtexit$$00000004  c_p.l(rtexit2.o)(c_p.l)
    0x00000176   0x00000002   PAD
    0x00000178   0x00000064   Code   RO           56  * .text               startup_nuc1xx.o
    0x000001dc   0x0000001c   Code   RO         2578    .text               c_p.l(noretval__2printf.o)(c_p.l)
    0x000001f8   0x00000028   Code   RO         2580    .text               c_p.l(noretval__2sprintf.o)(c_p.l)
    0x00000220   0x00000052   Code   RO         2584    .text               c_p.l(_printf_str.o)(c_p.l)
    0x00000272   0x00000118   Code   RO         2594    .text               c_p.l(__printf_wp.o)(c_p.l)
    0x0000038a   0x0000015a   Code   RO         2606    .text               c_p.l(aeabi_sdiv.o)(c_p.l)
    0x000004e4   0x00000006   Code   RO         2610    .text               c_p.l(heapauxi.o)(c_p.l)
    0x000004ea   0x00000002   PAD
    0x000004ec   0x00000030   Code   RO         2620    .text               c_p.l(_printf_char_common.o)(c_p.l)
    0x0000051c   0x0000000a   Code   RO         2622    .text               c_p.l(_sputc.o)(c_p.l)
    0x00000526   0x0000002e   Code   RO         2624    .text               c_p.l(_printf_char.o)(c_p.l)
    0x00000554   0x00000028   Code   RO         2626    .text               c_p.l(_printf_char_file.o)(c_p.l)
    0x0000057c   0x0000003e   Code   RO         2651    .text               c_p.l(sys_stackheap_outer.o)(c_p.l)
    0x000005ba   0x0000000c   Code   RO         2654    .text               c_p.l(exit.o)(c_p.l)
    0x000005c6   0x00000002   PAD
    0x000005c8   0x00000008   Code   RO         2667    .text               c_p.l(libspace.o)(c_p.l)
    0x000005d0   0x0000000c   Code   RO         2722    .text               c_p.l(sys_exit.o)(c_p.l)
    0x000005dc   0x00000002   Code   RO         2738    .text               c_p.l(use_no_semi.o)(c_p.l)
    0x000005de   0x00000002   PAD
    0x000005e0   0x0000009c   Code   RO         1843    i.ADC_IRQHandler    drvadc.o
    0x0000067c   0x00000028   Code   RO          625    i.BOD_IRQHandler    drvsys.o
    0x000006a4   0x000000d4   Code   RO          928    i.BaudRateCalculator  drvuart.o
    0x00000778   0x000000f0   Code   RO         1249    i.CAN0_IRQHandler   drvcan.o
    0x00000868   0x00000038   Code   RO         1253    i.DrvCAN_ClrIntPnd  drvcan.o
    0x000008a0   0x00000758   Code   RO          407    i.DrvGPIO_InitFunction  drvgpio.o
    0x00000ff8   0x0000002c   Code   RO          628    i.DrvSYS_Delay      drvsys.o
    0x00001024   0x00000058   Code   RO          641    i.DrvSYS_GetChipClockSourceStatus  drvsys.o
    0x0000107c   0x00000008   Code   RO          643    i.DrvSYS_GetExtClockFreq  drvsys.o
    0x00001084   0x00000078   Code   RO          645    i.DrvSYS_GetPLLClockFreq  drvsys.o
    0x000010fc   0x00000038   Code   RO          657    i.DrvSYS_SelectHCLKSource  drvsys.o
    0x00001134   0x00000160   Code   RO          658    i.DrvSYS_SelectIPClockSource  drvsys.o
    0x00001294   0x00000080   Code   RO          665    i.DrvSYS_SetOscCtrl  drvsys.o
    0x00001314   0x0000004c   Code   RO          666    i.DrvSYS_SetPLLContent  drvsys.o
    0x00001360   0x00000034   Code   RO          667    i.DrvSYS_SetPLLMode  drvsys.o
    0x00001394   0x000000fc   Code   RO          933    i.DrvUART_EnableInt  drvuart.o
    0x00001490   0x00000264   Code   RO          938    i.DrvUART_Open      drvuart.o
    0x000016f4   0x00000040   Code   RO          939    i.DrvUART_Read      drvuart.o
    0x00001734   0x00000098   Code   RO         2218    i.DrvUSB_BusResetCallback  drvusb.o
    0x000017cc   0x00000014   Code   RO          233    i.DrvUSB_BusResumeCallback  hid_api.o
    0x000017e0   0x00000014   Code   RO          234    i.DrvUSB_BusSuspendCallback  hid_api.o
    0x000017f4   0x00000044   Code   RO         2220    i.DrvUSB_ClrCtrlReady  drvusb.o
    0x00001838   0x00000044   Code   RO         2221    i.DrvUSB_ClrCtrlReadyAndTrigStall  drvusb.o
    0x0000187c   0x00000050   Code   RO         2222    i.DrvUSB_CtrlDataInAck  drvusb.o
    0x000018cc   0x00000020   Code   RO         2223    i.DrvUSB_CtrlDataInDefault  drvusb.o
    0x000018ec   0x0000003c   Code   RO         2224    i.DrvUSB_CtrlDataInSetAddress  drvusb.o
    0x00001928   0x00000050   Code   RO         2225    i.DrvUSB_CtrlDataOutAck  drvusb.o
    0x00001978   0x00000020   Code   RO         2226    i.DrvUSB_CtrlDataOutDefault  drvusb.o
    0x00001998   0x0000009c   Code   RO         2227    i.DrvUSB_CtrlSetupAck  drvusb.o
    0x00001a34   0x000000bc   Code   RO         2228    i.DrvUSB_CtrlSetupClearSetFeature  drvusb.o
    0x00001af0   0x00000014   Code   RO         2229    i.DrvUSB_CtrlSetupGetConfiguration  drvusb.o
    0x00001b04   0x00000012   Code   RO         2230    i.DrvUSB_CtrlSetupGetInterface  drvusb.o
    0x00001b16   0x00000002   PAD
    0x00001b18   0x00000080   Code   RO         2231    i.DrvUSB_CtrlSetupGetStatus  drvusb.o
    0x00001b98   0x00000040   Code   RO         2232    i.DrvUSB_CtrlSetupSetAddress  drvusb.o
    0x00001bd8   0x00000074   Code   RO         2233    i.DrvUSB_CtrlSetupSetConfiguration  drvusb.o
    0x00001c4c   0x00000028   Code   RO         2234    i.DrvUSB_CtrlSetupSetInterface  drvusb.o
    0x00001c74   0x000000d8   Code   RO         2235    i.DrvUSB_DataIn     drvusb.o
    0x00001d4c   0x0000000c   Code   RO         2237    i.DrvUSB_DisableRemoteWakeup  drvusb.o
    0x00001d58   0x00000010   Code   RO         2239    i.DrvUSB_DisableUsb  drvusb.o
    0x00001d68   0x00000048   Code   RO         2240    i.DrvUSB_DispatchEPEvent  drvusb.o
    0x00001db0   0x00000014   Code   RO         2241    i.DrvUSB_DispatchEvent  drvusb.o
    0x00001dc4   0x00000048   Code   RO         2242    i.DrvUSB_DispatchMiscEvent  drvusb.o
    0x00001e0c   0x0000000c   Code   RO         2244    i.DrvUSB_EnableRemoteWakeup  drvusb.o
    0x00001e18   0x00000010   Code   RO         2246    i.DrvUSB_EnableUsb  drvusb.o
    0x00001e28   0x00000030   Code   RO         2247    i.DrvUSB_GetEpId    drvusb.o
    0x00001e58   0x00000034   Code   RO         2248    i.DrvUSB_GetEpIdentity  drvusb.o
    0x00001e8c   0x0000000c   Code   RO         2252    i.DrvUSB_GetSetupBuffer  drvusb.o
    0x00001e98   0x0000000c   Code   RO         2253    i.DrvUSB_GetUsbState  drvusb.o
    0x00001ea4   0x00000084   Code   RO         2255    i.DrvUSB_Init       drvusb.o
    0x00001f28   0x00000010   Code   RO         2256    i.DrvUSB_InstallClassDevice  drvusb.o
    0x00001f38   0x00000054   Code   RO         2257    i.DrvUSB_InstallCtrlHandler  drvusb.o
    0x00001f8c   0x000001a8   Code   RO         2261    i.DrvUSB_Open       drvusb.o
    0x00002134   0x00000084   Code   RO         2262    i.DrvUSB_PreDispatchBusEvent  drvusb.o
    0x000021b8   0x00000168   Code   RO         2263    i.DrvUSB_PreDispatchEPEvent  drvusb.o
    0x00002320   0x00000088   Code   RO         2264    i.DrvUSB_PreDispatchEvent  drvusb.o
    0x000023a8   0x00000042   Code   RO         2265    i.DrvUSB_PreDispatchFDTEvent  drvusb.o
    0x000023ea   0x00000002   Code   RO         2266    i.DrvUSB_PreDispatchWakeupEvent  drvusb.o
    0x000023ec   0x00000068   Code   RO         2267    i.DrvUSB_Reset      drvusb.o
    0x00002454   0x0000000c   Code   RO         2269    i.DrvUSB_SetUsbState  drvusb.o
    0x00002460   0x00000024   Code   RO          415    i.EINT0_IRQHandler  drvgpio.o
    0x00002484   0x00000024   Code   RO          416    i.EINT1_IRQHandler  drvgpio.o
    0x000024a8   0x0000003c   Code   RO          417    i.GPAB_IRQHandler   drvgpio.o
    0x000024e4   0x00000040   Code   RO          418    i.GPCDE_IRQHandler  drvgpio.o
    0x00002524   0x00000024   Code   RO         1285    i.GetFreeIF         drvcan.o
    0x00002548   0x00000048   Code   RO          945    i.GetUartClk        drvuart.o
    0x00002590   0x00000090   Code   RO         2076    i.HID_CtrlGetDescriptorIn  hidsys.o
    0x00002620   0x00000134   Code   RO         2078    i.HID_CtrlSetupGetDescriptor  hidsys.o
    0x00002754   0x00000014   Code   RO         2079    i.HID_CtrlSetupGetProtocol  hidsys.o
    0x00002768   0x00000018   Code   RO         2080    i.HID_CtrlSetupSetIdle  hidsys.o
    0x00002780   0x00000028   Code   RO         2081    i.HID_CtrlSetupSetProtocol  hidsys.o
    0x000027a8   0x00000078   Code   RO         2082    i.HID_CtrlSetupSetReport  hidsys.o
    0x00002820   0x00000020   Code   RO          236    i.HID_Init          hid_api.o
    0x00002840   0x0000000a   Code   RO         2084    i.HID_IntInCallback  hidsys.o
    0x0000284a   0x00000002   PAD
    0x0000284c   0x00000018   Code   RO         2085    i.HID_IsConfigureValue  hidsys.o
    0x00002864   0x00000094   Code   RO          237    i.HID_MainProcess   hid_api.o
    0x000028f8   0x00000074   Code   RO         2086    i.HID_Open          hidsys.o
    0x0000296c   0x00000070   Code   RO         2087    i.HID_PrepareDescriptors  hidsys.o
    0x000029dc   0x0000000c   Code   RO         2088    i.HID_Reset         hidsys.o
    0x000029e8   0x000000a8   Code   RO          240    i.HID_SetInReport   hid_api.o
    0x00002a90   0x00000028   Code   RO         2089    i.HID_SetReportBuf  hidsys.o
    0x00002ab8   0x00000018   Code   RO         2090    i.HID_SetReportDescriptor  hidsys.o
    0x00002ad0   0x00000024   Code   RO         2092    i.HID_Start         hidsys.o
    0x00002af4   0x00000012   Code   RO         2093    i.HID_UsbStartCallBack  hidsys.o
    0x00002b06   0x00000002   PAD
    0x00002b08   0x00000078   Code   RO         1116    i.I2C0_IRQHandler   drvi2c.o
    0x00002b80   0x00000078   Code   RO         1117    i.I2C1_IRQHandler   drvi2c.o
    0x00002bf8   0x00000038   Code   RO           61    i.InitHCLK12M       smpl_can.o
    0x00002c30   0x00000218   Code   RO          153    i.Initial_pannel    lcd_driver.o
    0x00002e48   0x00000044   Code   RO         2094    i.MS_OS_CtrlSetup   hidsys.o
    0x00002e8c   0x0000000e   Code   RO         2095    i.Minimum           hidsys.o
    0x00002e9a   0x00000002   PAD
    0x00002e9c   0x00000014   Code   RO          947    i.NVIC_EnableIRQ    drvuart.o
    0x00002eb0   0x00000078   Code   RO         2272    i.NVIC_SetPriority  drvusb.o
    0x00002f28   0x00000028   Code   RO          673    i.PWRWU_IRQHandler  drvsys.o
    0x00002f50   0x00000064   Code   RO         1542    i.SPI0_IRQHandler   drvspi.o
    0x00002fb4   0x00000064   Code   RO         1543    i.SPI1_IRQHandler   drvspi.o
    0x00003018   0x00000064   Code   RO         1544    i.SPI2_IRQHandler   drvspi.o
    0x0000307c   0x00000064   Code   RO         1545    i.SPI3_IRQHandler   drvspi.o
    0x000030e0   0x0000000c   Code   RO          313    i.SendChar          retarget.o
    0x000030ec   0x00000030   Code   RO          314    i.SendChar_ToUART   retarget.o
    0x0000311c   0x000000f4   Code   RO          154    i.SetPACA           lcd_driver.o
    0x00003210   0x00000078   Code   RO          155    i.Show_Word         lcd_driver.o
    0x00003288   0x000000a0   Code   RO           17    i.SystemCoreClockUpdate  system_nuc1xx.o
    0x00003328   0x00000002   Code   RO           18    i.SystemInit        system_nuc1xx.o
    0x0000332a   0x00000002   PAD
    0x0000332c   0x0000003c   Code   RO          948    i.UART02_IRQHandler  drvuart.o
    0x00003368   0x00000020   Code   RO          949    i.UART1_IRQHandler  drvuart.o
    0x00003388   0x00000078   Code   RO          242    i.UART_INT_HANDLE   hid_api.o
    0x00003400   0x00000020   Code   RO         2273    i.USBD_IRQHandler   drvusb.o
    0x00003420   0x00000018   Code   RO         2274    i.WordsCpy          drvusb.o
    0x00003438   0x00000058   Code   RO          157    i.WriteData         lcd_driver.o
    0x00003490   0x0000001a   Code   RO          614    i.__ARM_common_switch8  drvgpio.o
    0x000034aa   0x00000028   Code   RO          158    i.clr_all_pannal    lcd_driver.o
    0x000034d2   0x00000008   Code   RO          316    i.ferror            retarget.o
    0x000034da   0x00000010   Code   RO          318    i.fputc             retarget.o
    0x000034ea   0x00000002   PAD
    0x000034ec   0x000000d0   Code   RO           62    i.main              smpl_can.o
    0x000035bc   0x00000028   Code   RO          159    i.print_lcd         lcd_driver.o
    0x000035e4   0x0000002a   Code   RO           63    i.show_string       smpl_can.o
    0x0000360e   0x00000002   PAD
    0x00003610   0x000003f2   Data   RO          244    .constdata          hid_api.o
    0x00003a02   0x00000002   PAD
    0x00003a04   0x00000010   Data   RO          674    .constdata          drvsys.o
    0x00003a14   0x0000005e   Data   RO         2097    .constdata          hidsys.o
    0x00003a72   0x00000002   PAD
    0x00003a74   0x00000020   Data   RO         2788    Region$$Table       anon$$obj.o


    Execution Region ER_RW (Base: 0x20000000, Size: 0x00000890, Max: 0xffffffff, ABSOLUTE)

    Base Addr    Size         Type   Attr      Idx    E Section Name        Object

    0x20000000   0x0000001c   Data   RW           19    .data               system_nuc1xx.o
    0x2000001c   0x00000010   Data   RW          160    .data               lcd_driver.o
    0x2000002c   0x000005f0   Data   RW          226    .data               ascii_table.o
    0x2000061c   0x0000003e   Data   RW          245    .data               hid_api.o
    0x2000065a   0x00000002   PAD
    0x2000065c   0x00000008   Data   RW          320    .data               retarget.o
    0x20000664   0x00000010   Data   RW          422    .data               drvgpio.o
    0x20000674   0x00000008   Data   RW          675    .data               drvsys.o
    0x2000067c   0x0000000c   Data   RW          950    .data               drvuart.o
    0x20000688   0x0000000c   Data   RW         1881    .data               drvadc.o
    0x20000694   0x000001f1   Data   RW         2098    .data               hidsys.o
    0x20000885   0x00000003   PAD
    0x20000888   0x00000008   Data   RW         2276    .data               drvusb.o


    Execution Region ER_ZI (Base: 0x20000890, Size: 0x000005f8, Max: 0xffffffff, ABSOLUTE)

    Base Addr    Size         Type   Attr      Idx    E Section Name        Object

    0x20000890   0x00000009   Zero   RW          243    .bss                hid_api.o
    0x20000899   0x00000003   PAD
    0x2000089c   0x00000020   Zero   RW         1121    .bss                drvi2c.o
    0x200008bc   0x00000018   Zero   RW         1287    .bss                drvcan.o
    0x200008d4   0x00000050   Zero   RW         1546    .bss                drvspi.o
    0x20000924   0x0000000c   Zero   RW         1880    .bss                drvadc.o
    0x20000930   0x00000034   Zero   RW         2096    .bss                hidsys.o
    0x20000964   0x000000c0   Zero   RW         2275    .bss                drvusb.o
    0x20000a24   0x00000060   Zero   RW         2668    .bss                c_p.l(libspace.o)(c_p.l)
    0x20000a84   0x00000004   PAD
    0x20000a88   0x00000000   Zero   RW           54    HEAP                startup_nuc1xx.o
    0x20000a88   0x00000400   Zero   RW           53    STACK               startup_nuc1xx.o


==============================================================================

Image component sizes


      Code (inc. data)   RO Data    RW Data    ZI Data      Debug   Object Name

         0          0          0       1520          0          0   ascii_table.o
         0          0          0          0          0          0   core_cm0.o
       156         20          0         12         12          0   drvadc.o
       332         24          0          0         24          0   drvcan.o
      2102        120          0         16          0          0   drvgpio.o
       240         16          0          0         32          0   drvi2c.o
       400         32          0          0         80          0   drvspi.o
      1004        116         16          8          0          0   drvsys.o
      1324         84          0         12          0          0   drvuart.o
      3506        316          0          8        192          0   drvusb.o
       508         76       1010         62          9          0   hid_api.o
      1130        156         94        497         52          0   hidsys.o
      1068         26          0         16          0          0   lcd_driver.o
        84          4          0          8          0          0   retarget.o
       306         44          0          0          0          0   smpl_can.o
       100         46        192          0       1024          0   startup_nuc1xx.o
       162         30          0         28          0          0   system_nuc1xx.o

    ----------------------------------------------------------------------
     12436       1110       1348       2192       1428          0   Object Totals
         0          0         32          0          0          0   (incl. Generated)
        14          0          4          5          3          0   (incl. Padding)

    ----------------------------------------------------------------------

      Code (inc. data)   RO Data    RW Data    ZI Data      Debug   Library Member Name

         8          0          0          0          0          0   __main.o
       280          0          0          0          0          0   __printf_wp.o
        60          8          0          0          0          0   __scatter.o
        26          0          0          0          0          0   __scatter_copy.o
        28          0          0          0          0          0   __scatter_zi.o
        46          0          0          0          0          0   _printf_char.o
        48          6          0          0          0          0   _printf_char_common.o
        40          6          0          0          0          0   _printf_char_file.o
         2          0          0          0          0          0   _printf_percent.o
         4          0          0          0          0          0   _printf_percent_end.o
        10          0          0          0          0          0   _printf_s.o
        82          0          0          0          0          0   _printf_str.o
        10          0          0          0          0          0   _sputc.o
       346          0          0          0          0          0   aeabi_sdiv.o
        12          0          0          0          0          0   exit.o
         6          0          0          0          0          0   heapauxi.o
         6          0          0          0          0          0   libinit.o
         2          0          0          0          0          0   libinit2.o
         2          0          0          0          0          0   libshutdown.o
         2          0          0          0          0          0   libshutdown2.o
         8          4          0          0         96          0   libspace.o
        28          6          0          0          0          0   noretval__2printf.o
        40          4          0          0          0          0   noretval__2sprintf.o
         0          0          0          0          0          0   rtentry.o
        12          0          0          0          0          0   rtentry2.o
         6          0          0          0          0          0   rtentry4.o
         2          0          0          0          0          0   rtexit.o
        10          0          0          0          0          0   rtexit2.o
        12          4          0          0          0          0   sys_exit.o
        62          0          0          0          0          0   sys_stackheap_outer.o
         2          0          0          0          0          0   use_no_semi.o

    ----------------------------------------------------------------------
      1212         38          0          0        100          0   Library Totals
        10          0          0          0          4          0   (incl. Padding)

    ----------------------------------------------------------------------

      Code (inc. data)   RO Data    RW Data    ZI Data      Debug   Library Name

      1202         38          0          0         96       1268   c_p.l

    ----------------------------------------------------------------------
      1212         38          0          0        100          0   Library Totals

    ----------------------------------------------------------------------

==============================================================================


      Code (inc. data)   RO Data    RW Data    ZI Data      Debug   

     13648       1148       1348       2192       1528     502644   Grand Totals
     13648       1148       1348       2192       1528     502644   ELF Image Totals
     13648       1148       1348       2192          0          0   ROM Totals

==============================================================================

    Total RO  Size (Code + RO Data)                14996 (  14.64kB)
    Total RW  Size (RW Data + ZI Data)              3720 (   3.63kB)
    Total ROM Size (Code + RO Data + RW Data)      17188 (  16.79kB)

==============================================================================

