Component: ARM Compiler 5.06 update 4 (build 422) Tool: armlink [4d35d2]

==============================================================================

Small function inlining results

Inlined function __aeabi_idiv0 from aeabi_idiv0.o at offset 0x154 in aeabi_sdiv.o(.text).
Inlined Instruction: BX       lr
Inlined function __aeabi_idiv0 from aeabi_idiv0.o at offset 0x154 in aeabi_sdiv_div0.o(.text).
Inlined Instruction: BX       lr
Inlined function _platform_pre_stackheap_init from boardinit1.o at offset 0x0 in __rtentry2.o(.ARM.Collect$$rtentry$$00000001).
Inlined Instruction: BX       lr
Inlined function _fp_init from fpinit.o at offset 0x0 in libinit2.o(.ARM.Collect$$libinit$$00000001).
Inlined Instruction: BX       lr
Inlined function _platform_pre_lib_shutdown from boardshut.o at offset 0x0 in rtexit2.o(.ARM.Collect$$rtexit$$00000001).
Inlined Instruction: BX       lr
Inlined function __ARM_get_argv from no_argv.o at offset 0x2 in argv_veneer.o(.text).
Inlined Instruction: BX       lr
Inlined total of 6 calls.

==============================================================================

Memory Map of the image

  Image Entry point : 0x00000165

  Load Region LR_1 (Base: 0x00000000, Size: 0x00003638, Max: 0xffffffff, ABSOLUTE)

    Execution Region ER_RO (Base: 0x00000000, Size: 0x00003580, Max: 0xffffffff, ABSOLUTE)

    Base Addr    Size         Type   Attr      Idx    E Section Name        Object

    0x00000000   0x000000c0   Data   RO           55    RESET               startup_nuc1xx.o
    0x000000c0   0x00000008   Code   RO         2050  * !!!main             c_p.l(__main.o)
    0x000000c8   0x0000003c   Code   RO         2254    !!!scatter          c_p.l(__scatter.o)
    0x00000104   0x0000001a   Code   RO         2256    !!handler_copy      c_p.l(__scatter_copy.o)
    0x0000011e   0x00000002   PAD
    0x00000120   0x0000001c   Code   RO         2258    !!handler_zi        c_p.l(__scatter_zi.o)
    0x0000013c   0x00000002   Code   RO         2123    .ARM.Collect$$libinit$$00000000  c_p.l(libinit.o)
    0x0000013e   0x00000000   Code   RO         2139    .ARM.Collect$$libinit$$00000002  c_p.l(libinit2.o)
    0x0000013e   0x00000000   Code   RO         2141    .ARM.Collect$$libinit$$00000004  c_p.l(libinit2.o)
    0x0000013e   0x00000000   Code   RO         2144    .ARM.Collect$$libinit$$0000000A  c_p.l(libinit2.o)
    0x0000013e   0x00000000   Code   RO         2146    .ARM.Collect$$libinit$$0000000C  c_p.l(libinit2.o)
    0x0000013e   0x00000000   Code   RO         2148    .ARM.Collect$$libinit$$0000000E  c_p.l(libinit2.o)
    0x0000013e   0x00000000   Code   RO         2151    .ARM.Collect$$libinit$$00000011  c_p.l(libinit2.o)
    0x0000013e   0x00000000   Code   RO         2153    .ARM.Collect$$libinit$$00000013  c_p.l(libinit2.o)
    0x0000013e   0x00000000   Code   RO         2155    .ARM.Collect$$libinit$$00000015  c_p.l(libinit2.o)
    0x0000013e   0x00000000   Code   RO         2157    .ARM.Collect$$libinit$$00000017  c_p.l(libinit2.o)
    0x0000013e   0x00000000   Code   RO         2159    .ARM.Collect$$libinit$$00000019  c_p.l(libinit2.o)
    0x0000013e   0x00000000   Code   RO         2161    .ARM.Collect$$libinit$$0000001B  c_p.l(libinit2.o)
    0x0000013e   0x00000000   Code   RO         2163    .ARM.Collect$$libinit$$0000001D  c_p.l(libinit2.o)
    0x0000013e   0x00000000   Code   RO         2165    .ARM.Collect$$libinit$$0000001F  c_p.l(libinit2.o)
    0x0000013e   0x00000000   Code   RO         2167    .ARM.Collect$$libinit$$00000021  c_p.l(libinit2.o)
    0x0000013e   0x00000000   Code   RO         2169    .ARM.Collect$$libinit$$00000023  c_p.l(libinit2.o)
    0x0000013e   0x00000000   Code   RO         2171    .ARM.Collect$$libinit$$00000025  c_p.l(libinit2.o)
    0x0000013e   0x00000000   Code   RO         2175    .ARM.Collect$$libinit$$0000002C  c_p.l(libinit2.o)
    0x0000013e   0x00000000   Code   RO         2177    .ARM.Collect$$libinit$$0000002E  c_p.l(libinit2.o)
    0x0000013e   0x00000000   Code   RO         2179    .ARM.Collect$$libinit$$00000030  c_p.l(libinit2.o)
    0x0000013e   0x00000000   Code   RO         2181    .ARM.Collect$$libinit$$00000032  c_p.l(libinit2.o)
    0x0000013e   0x00000002   Code   RO         2182    .ARM.Collect$$libinit$$00000033  c_p.l(libinit2.o)
    0x00000140   0x00000002   Code   RO         2211    .ARM.Collect$$libshutdown$$00000000  c_p.l(libshutdown.o)
    0x00000142   0x00000000   Code   RO         2237    .ARM.Collect$$libshutdown$$00000002  c_p.l(libshutdown2.o)
    0x00000142   0x00000000   Code   RO         2239    .ARM.Collect$$libshutdown$$00000004  c_p.l(libshutdown2.o)
    0x00000142   0x00000000   Code   RO         2242    .ARM.Collect$$libshutdown$$00000007  c_p.l(libshutdown2.o)
    0x00000142   0x00000000   Code   RO         2245    .ARM.Collect$$libshutdown$$0000000A  c_p.l(libshutdown2.o)
    0x00000142   0x00000000   Code   RO         2247    .ARM.Collect$$libshutdown$$0000000C  c_p.l(libshutdown2.o)
    0x00000142   0x00000000   Code   RO         2250    .ARM.Collect$$libshutdown$$0000000F  c_p.l(libshutdown2.o)
    0x00000142   0x00000002   Code   RO         2251    .ARM.Collect$$libshutdown$$00000010  c_p.l(libshutdown2.o)
    0x00000144   0x00000000   Code   RO         2080    .ARM.Collect$$rtentry$$00000000  c_p.l(__rtentry.o)
    0x00000144   0x00000000   Code   RO         2089    .ARM.Collect$$rtentry$$00000002  c_p.l(__rtentry2.o)
    0x00000144   0x00000006   Code   RO         2101    .ARM.Collect$$rtentry$$00000004  c_p.l(__rtentry4.o)
    0x0000014a   0x00000000   Code   RO         2091    .ARM.Collect$$rtentry$$00000009  c_p.l(__rtentry2.o)
    0x0000014a   0x00000004   Code   RO         2092    .ARM.Collect$$rtentry$$0000000A  c_p.l(__rtentry2.o)
    0x0000014e   0x00000000   Code   RO         2094    .ARM.Collect$$rtentry$$0000000C  c_p.l(__rtentry2.o)
    0x0000014e   0x00000008   Code   RO         2095    .ARM.Collect$$rtentry$$0000000D  c_p.l(__rtentry2.o)
    0x00000156   0x00000002   Code   RO         2130    .ARM.Collect$$rtexit$$00000000  c_p.l(rtexit.o)
    0x00000158   0x00000000   Code   RO         2186    .ARM.Collect$$rtexit$$00000002  c_p.l(rtexit2.o)
    0x00000158   0x00000004   Code   RO         2187    .ARM.Collect$$rtexit$$00000003  c_p.l(rtexit2.o)
    0x0000015c   0x00000006   Code   RO         2188    .ARM.Collect$$rtexit$$00000004  c_p.l(rtexit2.o)
    0x00000162   0x00000002   PAD
    0x00000164   0x00000064   Code   RO           56  * .text               startup_nuc1xx.o
    0x000001c8   0x0000015a   Code   RO         2044    .text               c_p.l(aeabi_sdiv.o)
    0x00000322   0x00000006   Code   RO         2048    .text               c_p.l(heapauxi.o)
    0x00000328   0x0000007c   Code   RO         2052    .text               fz_ps.l(d2f.o)
    0x000003a4   0x00000358   Code   RO         2054    .text               fz_ps.l(daddsub.o)
    0x000006fc   0x00000448   Code   RO         2056    .text               fz_ps.l(ddiv.o)
    0x00000b44   0x00000058   Code   RO         2059    .text               fz_ps.l(dflti.o)
    0x00000b9c   0x00000248   Code   RO         2063    .text               fz_ps.l(dmul.o)
    0x00000de4   0x00000054   Code   RO         2067    .text               fz_ps.l(f2d.o)
    0x00000e38   0x00000160   Code   RO         2075    .text               fz_ps.l(fdiv.o)
    0x00000f98   0x0000005e   Code   RO         2078    .text               fz_ps.l(fflti.o)
    0x00000ff6   0x00000002   PAD
    0x00000ff8   0x00000090   Code   RO         2085    .text               fz_ps.l(dcmpin.o)
    0x00001088   0x0000002e   Code   RO         2105    .text               fz_ps.l(cmpret.o)
    0x000010b6   0x00000002   PAD
    0x000010b8   0x00000014   Code   RO         2107    .text               fz_ps.l(dnan2.o)
    0x000010cc   0x0000003e   Code   RO         2109    .text               c_p.l(sys_stackheap_outer.o)
    0x0000110a   0x00000010   Code   RO         2112    .text               c_p.l(exit.o)
    0x0000111a   0x0000005e   Code   RO         2124    .text               fz_ps.l(retnan.o)
    0x00001178   0x00000008   Code   RO         2126    .text               c_p.l(libspace.o)
    0x00001180   0x0000000c   Code   RO         2183    .text               c_p.l(sys_exit.o)
    0x0000118c   0x00000002   Code   RO         2200    .text               c_p.l(use_no_semi.o)
    0x0000118e   0x00000000   Code   RO         2202    .text               c_p.l(indicate_semi.o)
    0x0000118e   0x00000002   PAD
    0x00001190   0x0000009c   Code   RO         1812    i.ADC_IRQHandler    drvadc.o
    0x0000122c   0x00000028   Code   RO          591    i.BOD_IRQHandler    drvsys.o
    0x00001254   0x000000d4   Code   RO          894    i.BaudRateCalculator  drvuart.o
    0x00001328   0x000000f0   Code   RO         1215    i.CAN0_IRQHandler   drvcan.o
    0x00001418   0x00000038   Code   RO         1219    i.DrvCAN_ClrIntPnd  drvcan.o
    0x00001450   0x00000758   Code   RO          373    i.DrvGPIO_InitFunction  drvgpio.o
    0x00001ba8   0x0000002c   Code   RO          375    i.DrvGPIO_SetBit    drvgpio.o
    0x00001bd4   0x00000090   Code   RO         1065    i.DrvI2C_Close      drvi2c.o
    0x00001c64   0x00000054   Code   RO         1066    i.DrvI2C_Ctrl       drvi2c.o
    0x00001cb8   0x000000c8   Code   RO         1074    i.DrvI2C_Open       drvi2c.o
    0x00001d80   0x0000002c   Code   RO          594    i.DrvSYS_Delay      drvsys.o
    0x00001dac   0x00000008   Code   RO          609    i.DrvSYS_GetExtClockFreq  drvsys.o
    0x00001db4   0x00000070   Code   RO          610    i.DrvSYS_GetHCLKFreq  drvsys.o
    0x00001e24   0x00000078   Code   RO          611    i.DrvSYS_GetPLLClockFreq  drvsys.o
    0x00001e9c   0x000000c4   Code   RO          612    i.DrvSYS_GetPLLContent  drvsys.o
    0x00001f60   0x00000010   Code   RO          615    i.DrvSYS_IsProtectedRegLocked  drvsys.o
    0x00001f70   0x000000c0   Code   RO          617    i.DrvSYS_Open       drvsys.o
    0x00002030   0x00000038   Code   RO          623    i.DrvSYS_SelectHCLKSource  drvsys.o
    0x00002068   0x00000080   Code   RO          631    i.DrvSYS_SetOscCtrl  drvsys.o
    0x000020e8   0x0000004c   Code   RO          632    i.DrvSYS_SetPLLContent  drvsys.o
    0x00002134   0x00000268   Code   RO          904    i.DrvUART_Open      drvuart.o
    0x0000239c   0x00000040   Code   RO          910    i.DrvUART_Write     drvuart.o
    0x000023dc   0x00000024   Code   RO          381    i.EINT0_IRQHandler  drvgpio.o
    0x00002400   0x00000024   Code   RO          382    i.EINT1_IRQHandler  drvgpio.o
    0x00002424   0x00000044   Code   RO          383    i.GPAB_IRQHandler   drvgpio.o
    0x00002468   0x0000004c   Code   RO          384    i.GPCDE_IRQHandler  drvgpio.o
    0x000024b4   0x00000028   Code   RO         1251    i.GetFreeIF         drvcan.o
    0x000024dc   0x0000004c   Code   RO          911    i.GetUartClk        drvuart.o
    0x00002528   0x0000007c   Code   RO         1082    i.I2C0_IRQHandler   drvi2c.o
    0x000025a4   0x0000007c   Code   RO         1083    i.I2C1_IRQHandler   drvi2c.o
    0x00002620   0x00000038   Code   RO           60    i.InitHCLK12M       smpl_can.o
    0x00002658   0x00000028   Code   RO          639    i.PWRWU_IRQHandler  drvsys.o
    0x00002680   0x00000064   Code   RO         1508    i.SPI0_IRQHandler   drvspi.o
    0x000026e4   0x00000064   Code   RO         1509    i.SPI1_IRQHandler   drvspi.o
    0x00002748   0x00000064   Code   RO         1510    i.SPI2_IRQHandler   drvspi.o
    0x000027ac   0x00000064   Code   RO         1511    i.SPI3_IRQHandler   drvspi.o
    0x00002810   0x000000a0   Code   RO           17    i.SystemCoreClockUpdate  system_nuc1xx.o
    0x000028b0   0x00000002   Code   RO           18    i.SystemInit        system_nuc1xx.o
    0x000028b2   0x00000002   PAD
    0x000028b4   0x0000003c   Code   RO          914    i.UART02_IRQHandler  drvuart.o
    0x000028f0   0x00000020   Code   RO          915    i.UART1_IRQHandler  drvuart.o
    0x00002910   0x0000001c   Code   RO          580    i.__ARM_common_switch8  drvgpio.o
    0x0000292c   0x00000510   Code   RO           61    i.calibrateMPU9250  smpl_can.o
    0x00002e3c   0x00000020   Code   RO           62    i.delay_time        smpl_can.o
    0x00002e5c   0x000000a8   Code   RO           64    i.initMPU9250       smpl_can.o
    0x00002f04   0x00000218   Code   RO           65    i.main              smpl_can.o
    0x0000311c   0x0000012c   Code   RO           67    i.readByte          smpl_can.o
    0x00003248   0x00000086   Code   RO           68    i.readGyroData      smpl_can.o
    0x000032ce   0x0000000e   Code   RO           70    i.resetMPU9250      smpl_can.o
    0x000032dc   0x000000e8   Code   RO           71    i.writeByte         smpl_can.o
    0x000033c4   0x00000064   Code   RO         2061    x$fpl$dleqf         fz_ps.l(dlef.o)
    0x00003428   0x00000068   Code   RO         2065    x$fpl$drleqf        fz_ps.l(drlef.o)
    0x00003490   0x00000000   Code   RO         2087    x$fpl$usenofp       fz_ps.l(usenofp.o)
    0x00003490   0x00000010   Data   RO          640    .constdata          drvsys.o
    0x000034a0   0x00000080   Data   RO         2057    .constdata          fz_ps.l(ddiv.o)
    0x00003520   0x00000040   Data   RO         2076    .constdata          fz_ps.l(fdiv.o)
    0x00003560   0x00000020   Data   RO         2252    Region$$Table       anon$$obj.o


    Execution Region ER_RW (Base: 0x20000000, Size: 0x000000b8, Max: 0xffffffff, ABSOLUTE)

    Base Addr    Size         Type   Attr      Idx    E Section Name        Object

    0x20000000   0x0000001c   Data   RW           19    .data               system_nuc1xx.o
    0x2000001c   0x0000006a   Data   RW           73    .data               smpl_can.o
    0x20000086   0x00000002   PAD
    0x20000088   0x00000010   Data   RW          388    .data               drvgpio.o
    0x20000098   0x00000008   Data   RW          641    .data               drvsys.o
    0x200000a0   0x0000000c   Data   RW          916    .data               drvuart.o
    0x200000ac   0x0000000c   Data   RW         1850    .data               drvadc.o


    Execution Region ER_ZI (Base: 0x200000b8, Size: 0x00000570, Max: 0xffffffff, ABSOLUTE)

    Base Addr    Size         Type   Attr      Idx    E Section Name        Object

    0x200000b8   0x00000078   Zero   RW           72    .bss                smpl_can.o
    0x20000130   0x00000020   Zero   RW         1087    .bss                drvi2c.o
    0x20000150   0x00000018   Zero   RW         1253    .bss                drvcan.o
    0x20000168   0x00000050   Zero   RW         1512    .bss                drvspi.o
    0x200001b8   0x0000000c   Zero   RW         1849    .bss                drvadc.o
    0x200001c4   0x00000060   Zero   RW         2127    .bss                c_p.l(libspace.o)
    0x20000224   0x00000004   PAD
    0x20000228   0x00000000   Zero   RW           54    HEAP                startup_nuc1xx.o
    0x20000228   0x00000400   Zero   RW           53    STACK               startup_nuc1xx.o


==============================================================================

Image component sizes


      Code (inc. data)   RO Data    RW Data    ZI Data      Debug   Object Name

         0          0          0          0          0       4540   core_cm0.o
       156         20          0         12         12       3053   drvadc.o
       336         24          0          0         24       4801   drvcan.o
      2168        128          0         16          0       9807   drvgpio.o
       676         58          0          0         32       4179   drvi2c.o
       400         32          0          0         80       4664   drvspi.o
      1028        134         16          8          0      10510   drvsys.o
      1060         62          0         12          0       7754   drvuart.o
         0          0          0          0          0     118128   retarget.o
      2768        186          0        106        120     131439   smpl_can.o
       100         46        192          0       1024        732   startup_nuc1xx.o
       162         28          0         28          0     120138   system_nuc1xx.o

    ----------------------------------------------------------------------
      8856        718        240        184       1292     419745   Object Totals
         0          0         32          0          0          0   (incl. Generated)
         2          0          0          2          0          0   (incl. Padding)

    ----------------------------------------------------------------------

      Code (inc. data)   RO Data    RW Data    ZI Data      Debug   Library Member Name

         8          0          0          0          0         68   __main.o
         0          0          0          0          0          0   __rtentry.o
        12          0          0          0          0          0   __rtentry2.o
         6          0          0          0          0          0   __rtentry4.o
        60          8          0          0          0          0   __scatter.o
        26          0          0          0          0          0   __scatter_copy.o
        28          0          0          0          0          0   __scatter_zi.o
       346          0          0          0          0         92   aeabi_sdiv.o
        16          0          0          0          0         68   exit.o
         6          0          0          0          0        136   heapauxi.o
         0          0          0          0          0          0   indicate_semi.o
         2          0          0          0          0          0   libinit.o
         2          0          0          0          0          0   libinit2.o
         2          0          0          0          0          0   libshutdown.o
         2          0          0          0          0          0   libshutdown2.o
         8          4          0          0         96         68   libspace.o
         2          0          0          0          0          0   rtexit.o
        10          0          0          0          0          0   rtexit2.o
        12          4          0          0          0         60   sys_exit.o
        62          0          0          0          0         80   sys_stackheap_outer.o
         2          0          0          0          0         68   use_no_semi.o
        46          0          0          0          0         60   cmpret.o
       124          4          0          0          0         72   d2f.o
       856         20          0          0          0        208   daddsub.o
       144          4          0          0          0         76   dcmpin.o
      1096         26        128          0          0        112   ddiv.o
        88          0          0          0          0         92   dflti.o
       100          4          0          0          0         92   dlef.o
       584         26          0          0          0         84   dmul.o
        20          6          0          0          0         68   dnan2.o
       104          4          0          0          0        104   drlef.o
        84          4          0          0          0         60   f2d.o
       352         10         64          0          0         92   fdiv.o
        94          0          0          0          0         92   fflti.o
        94          0          0          0          0         68   retnan.o
         0          0          0          0          0          0   usenofp.o

    ----------------------------------------------------------------------
      4408        124        192          0        100       1920   Library Totals
        10          0          0          0          4          0   (incl. Padding)

    ----------------------------------------------------------------------

      Code (inc. data)   RO Data    RW Data    ZI Data      Debug   Library Name

       612         16          0          0         96        640   c_p.l
      3786        108        192          0          0       1280   fz_ps.l

    ----------------------------------------------------------------------
      4408        124        192          0        100       1920   Library Totals

    ----------------------------------------------------------------------

==============================================================================


      Code (inc. data)   RO Data    RW Data    ZI Data      Debug   

     13264        842        432        184       1392     418909   Grand Totals
     13264        842        432        184       1392     418909   ELF Image Totals
     13264        842        432        184          0          0   ROM Totals

==============================================================================

    Total RO  Size (Code + RO Data)                13696 (  13.38kB)
    Total RW  Size (RW Data + ZI Data)              1576 (   1.54kB)
    Total ROM Size (Code + RO Data + RW Data)      13880 (  13.55kB)

==============================================================================

