ARM Linker, 4.1 [Build 481] [Evaluation]

==============================================================================

Small function inlining results

Inlined function __aeabi_idiv0 from aeabi_idiv0.o at offset 0x154 in aeabi_sdiv.o(.text).
Inlined Instruction: BX       lr
Inlined function __aeabi_idiv0 from aeabi_idiv0.o at offset 0x154 in aeabi_sdiv_div0.o(.text).
Inlined Instruction: BX       lr
Inlined function _platform_pre_stackheap_init from boardinit1.o at offset 0x0 in rtentry2.o(.ARM.Collect$$rtentry$$00000001).
Inlined Instruction: BX       lr
Inlined function _fp_init from fpinit.o at offset 0x2 in libinit.o(.ARM.Collect$$libinit$$00000000).
Inlined Instruction: BX       lr
Inlined function _platform_pre_lib_shutdown from boardshut.o at offset 0x0 in rtexit2.o(.ARM.Collect$$rtexit$$00000001).
Inlined Instruction: BX       lr
Inlined function __ARM_get_argv from no_argv.o at offset 0x2 in argv_veneer.o(.text).
Inlined Instruction: BX       lr
Inlined total of 6 calls.

==============================================================================

Memory Map of the image

  Image Entry point : 0x000001a1

  Load Region LR_1 (Base: 0x00000000, Size: 0x00004050, Max: 0xffffffff, ABSOLUTE)

    Execution Region ER_RO (Base: 0x00000000, Size: 0x000037f0, Max: 0xffffffff, ABSOLUTE)

    Base Addr    Size         Type   Attr      Idx    E Section Name        Object

    0x00000000   0x000000c0   Data   RO           55    RESET               startup_nuc1xx.o
    0x000000c0   0x00000008   Code   RO         2149  * !!!main             c_p.l(__main.o)(c_p.l)
    0x000000c8   0x0000003c   Code   RO         2316    !!!scatter          c_p.l(__scatter.o)(c_p.l)
    0x00000104   0x0000001a   Code   RO         2318    !!handler_copy      c_p.l(__scatter_copy.o)(c_p.l)
    0x0000011e   0x00000002   PAD
    0x00000120   0x0000001c   Code   RO         2320    !!handler_zi        c_p.l(__scatter_zi.o)(c_p.l)
    0x0000013c   0x00000006   Code   RO         2192    .ARM.Collect$$libinit$$00000000  c_p.l(libinit.o)(c_p.l)
    0x00000142   0x00000000   Code   RO         2207    .ARM.Collect$$libinit$$00000006  c_p.l(libinit2.o)(c_p.l)
    0x00000142   0x00000000   Code   RO         2209    .ARM.Collect$$libinit$$00000008  c_p.l(libinit2.o)(c_p.l)
    0x00000142   0x00000000   Code   RO         2211    .ARM.Collect$$libinit$$0000000A  c_p.l(libinit2.o)(c_p.l)
    0x00000142   0x00000000   Code   RO         2214    .ARM.Collect$$libinit$$0000000D  c_p.l(libinit2.o)(c_p.l)
    0x00000142   0x00000000   Code   RO         2216    .ARM.Collect$$libinit$$0000000F  c_p.l(libinit2.o)(c_p.l)
    0x00000142   0x00000000   Code   RO         2218    .ARM.Collect$$libinit$$00000011  c_p.l(libinit2.o)(c_p.l)
    0x00000142   0x00000000   Code   RO         2220    .ARM.Collect$$libinit$$00000013  c_p.l(libinit2.o)(c_p.l)
    0x00000142   0x00000000   Code   RO         2222    .ARM.Collect$$libinit$$00000015  c_p.l(libinit2.o)(c_p.l)
    0x00000142   0x00000000   Code   RO         2224    .ARM.Collect$$libinit$$00000017  c_p.l(libinit2.o)(c_p.l)
    0x00000142   0x00000000   Code   RO         2226    .ARM.Collect$$libinit$$00000019  c_p.l(libinit2.o)(c_p.l)
    0x00000142   0x00000000   Code   RO         2228    .ARM.Collect$$libinit$$0000001B  c_p.l(libinit2.o)(c_p.l)
    0x00000142   0x00000000   Code   RO         2230    .ARM.Collect$$libinit$$0000001D  c_p.l(libinit2.o)(c_p.l)
    0x00000142   0x00000000   Code   RO         2232    .ARM.Collect$$libinit$$0000001F  c_p.l(libinit2.o)(c_p.l)
    0x00000142   0x00000000   Code   RO         2234    .ARM.Collect$$libinit$$00000021  c_p.l(libinit2.o)(c_p.l)
    0x00000142   0x00000000   Code   RO         2238    .ARM.Collect$$libinit$$00000028  c_p.l(libinit2.o)(c_p.l)
    0x00000142   0x00000000   Code   RO         2240    .ARM.Collect$$libinit$$0000002A  c_p.l(libinit2.o)(c_p.l)
    0x00000142   0x00000000   Code   RO         2242    .ARM.Collect$$libinit$$0000002C  c_p.l(libinit2.o)(c_p.l)
    0x00000142   0x00000000   Code   RO         2244    .ARM.Collect$$libinit$$0000002E  c_p.l(libinit2.o)(c_p.l)
    0x00000142   0x00000002   Code   RO         2245    .ARM.Collect$$libinit$$0000002F  c_p.l(libinit2.o)(c_p.l)
    0x00000144   0x00000002   Code   RO         2274    .ARM.Collect$$libshutdown$$00000000  c_p.l(libshutdown.o)(c_p.l)
    0x00000146   0x00000000   Code   RO         2301    .ARM.Collect$$libshutdown$$00000003  c_p.l(libshutdown2.o)(c_p.l)
    0x00000146   0x00000000   Code   RO         2304    .ARM.Collect$$libshutdown$$00000006  c_p.l(libshutdown2.o)(c_p.l)
    0x00000146   0x00000000   Code   RO         2307    .ARM.Collect$$libshutdown$$00000009  c_p.l(libshutdown2.o)(c_p.l)
    0x00000146   0x00000000   Code   RO         2309    .ARM.Collect$$libshutdown$$0000000B  c_p.l(libshutdown2.o)(c_p.l)
    0x00000146   0x00000000   Code   RO         2312    .ARM.Collect$$libshutdown$$0000000E  c_p.l(libshutdown2.o)(c_p.l)
    0x00000146   0x00000002   Code   RO         2313    .ARM.Collect$$libshutdown$$0000000F  c_p.l(libshutdown2.o)(c_p.l)
    0x00000148   0x00000000   Code   RO         2151    .ARM.Collect$$rtentry$$00000000  c_p.l(rtentry.o)(c_p.l)
    0x00000148   0x00000000   Code   RO         2158    .ARM.Collect$$rtentry$$00000002  c_p.l(rtentry2.o)(c_p.l)
    0x00000148   0x00000006   Code   RO         2173    .ARM.Collect$$rtentry$$00000004  c_p.l(rtentry4.o)(c_p.l)
    0x0000014e   0x00000000   Code   RO         2160    .ARM.Collect$$rtentry$$00000009  c_p.l(rtentry2.o)(c_p.l)
    0x0000014e   0x00000004   Code   RO         2161    .ARM.Collect$$rtentry$$0000000A  c_p.l(rtentry2.o)(c_p.l)
    0x00000152   0x00000000   Code   RO         2163    .ARM.Collect$$rtentry$$0000000C  c_p.l(rtentry2.o)(c_p.l)
    0x00000152   0x00000008   Code   RO         2164    .ARM.Collect$$rtentry$$0000000D  c_p.l(rtentry2.o)(c_p.l)
    0x0000015a   0x00000002   Code   RO         2197    .ARM.Collect$$rtexit$$00000000  c_p.l(rtexit.o)(c_p.l)
    0x0000015c   0x00000000   Code   RO         2251    .ARM.Collect$$rtexit$$00000002  c_p.l(rtexit2.o)(c_p.l)
    0x0000015c   0x00000004   Code   RO         2252    .ARM.Collect$$rtexit$$00000003  c_p.l(rtexit2.o)(c_p.l)
    0x00000160   0x00000006   Code   RO         2253    .ARM.Collect$$rtexit$$00000004  c_p.l(rtexit2.o)(c_p.l)
    0x00000166   0x00000002   PAD
    0x00000168   0x00000038   Code   RO         2139    .emb_text           c_p.l(rt_memcpy.o)(c_p.l)
    0x000001a0   0x00000064   Code   RO           56  * .text               startup_nuc1xx.o
    0x00000204   0x00000082   Code   RO         2140    .text               c_p.l(rt_memcpy.o)(c_p.l)
    0x00000286   0x0000015a   Code   RO         2143    .text               c_p.l(aeabi_sdiv.o)(c_p.l)
    0x000003e0   0x00000006   Code   RO         2147    .text               c_p.l(heapauxi.o)(c_p.l)
    0x000003e6   0x0000003e   Code   RO         2177    .text               c_p.l(sys_stackheap_outer.o)(c_p.l)
    0x00000424   0x0000000c   Code   RO         2180    .text               c_p.l(exit.o)(c_p.l)
    0x00000430   0x00000008   Code   RO         2193    .text               c_p.l(libspace.o)(c_p.l)
    0x00000438   0x0000000c   Code   RO         2248    .text               c_p.l(sys_exit.o)(c_p.l)
    0x00000444   0x00000002   Code   RO         2264    .text               c_p.l(use_no_semi.o)(c_p.l)
    0x00000446   0x00000002   PAD
    0x00000448   0x00000028   Code   RO          735    i.BOD_IRQHandler    drvsys.o
    0x00000470   0x00000010   Code   RO           60    i.Delay             smpl_hid_file_io.o
    0x00000480   0x00000758   Code   RO          517    i.DrvGPIO_InitFunction  drvgpio.o
    0x00000bd8   0x00000030   Code   RO         1615    i.DrvSPI_ClrSS      drvspi.o
    0x00000c08   0x0000002c   Code   RO         1619    i.DrvSPI_DisableAutoSS  drvspi.o
    0x00000c34   0x00000030   Code   RO         1622    i.DrvSPI_DumpRxRegister  drvspi.o
    0x00000c64   0x00000014   Code   RO         1634    i.DrvSPI_IsBusy     drvspi.o
    0x00000c78   0x000003cc   Code   RO         1639    i.DrvSPI_Open       drvspi.o
    0x00001044   0x00000040   Code   RO         1641    i.DrvSPI_SetBitLength  drvspi.o
    0x00001084   0x000000d4   Code   RO         1643    i.DrvSPI_SetClockFreq  drvspi.o
    0x00001158   0x0000003c   Code   RO         1644    i.DrvSPI_SetEndian  drvspi.o
    0x00001194   0x00000024   Code   RO         1648    i.DrvSPI_SetSS      drvspi.o
    0x000011b8   0x00000024   Code   RO         1649    i.DrvSPI_SetSlaveSelectActiveLevel  drvspi.o
    0x000011dc   0x00000040   Code   RO         1655    i.DrvSPI_SingleWrite  drvspi.o
    0x0000121c   0x0000006c   Code   RO          754    i.DrvSYS_GetHCLKFreq  drvsys.o
    0x00001288   0x00000078   Code   RO          755    i.DrvSYS_GetPLLClockFreq  drvsys.o
    0x00001300   0x00000038   Code   RO          767    i.DrvSYS_SelectHCLKSource  drvsys.o
    0x00001338   0x00000034   Code   RO          777    i.DrvSYS_SetPLLMode  drvsys.o
    0x0000136c   0x00000098   Code   RO         1183    i.DrvUSB_BusResetCallback  drvusb.o
    0x00001404   0x00000044   Code   RO         1185    i.DrvUSB_ClrCtrlReady  drvusb.o
    0x00001448   0x00000044   Code   RO         1186    i.DrvUSB_ClrCtrlReadyAndTrigStall  drvusb.o
    0x0000148c   0x00000050   Code   RO         1187    i.DrvUSB_CtrlDataInAck  drvusb.o
    0x000014dc   0x00000020   Code   RO         1188    i.DrvUSB_CtrlDataInDefault  drvusb.o
    0x000014fc   0x0000003c   Code   RO         1189    i.DrvUSB_CtrlDataInSetAddress  drvusb.o
    0x00001538   0x00000050   Code   RO         1190    i.DrvUSB_CtrlDataOutAck  drvusb.o
    0x00001588   0x00000020   Code   RO         1191    i.DrvUSB_CtrlDataOutDefault  drvusb.o
    0x000015a8   0x0000009c   Code   RO         1192    i.DrvUSB_CtrlSetupAck  drvusb.o
    0x00001644   0x000000bc   Code   RO         1193    i.DrvUSB_CtrlSetupClearSetFeature  drvusb.o
    0x00001700   0x00000014   Code   RO         1194    i.DrvUSB_CtrlSetupGetConfiguration  drvusb.o
    0x00001714   0x00000012   Code   RO         1195    i.DrvUSB_CtrlSetupGetInterface  drvusb.o
    0x00001726   0x00000002   PAD
    0x00001728   0x00000080   Code   RO         1196    i.DrvUSB_CtrlSetupGetStatus  drvusb.o
    0x000017a8   0x00000040   Code   RO         1197    i.DrvUSB_CtrlSetupSetAddress  drvusb.o
    0x000017e8   0x00000074   Code   RO         1198    i.DrvUSB_CtrlSetupSetConfiguration  drvusb.o
    0x0000185c   0x00000028   Code   RO         1199    i.DrvUSB_CtrlSetupSetInterface  drvusb.o
    0x00001884   0x000000d8   Code   RO         1200    i.DrvUSB_DataIn     drvusb.o
    0x0000195c   0x0000005c   Code   RO         1201    i.DrvUSB_DataOutTrigger  drvusb.o
    0x000019b8   0x0000000c   Code   RO         1202    i.DrvUSB_DisableRemoteWakeup  drvusb.o
    0x000019c4   0x00000010   Code   RO         1204    i.DrvUSB_DisableUsb  drvusb.o
    0x000019d4   0x00000048   Code   RO         1205    i.DrvUSB_DispatchEPEvent  drvusb.o
    0x00001a1c   0x00000014   Code   RO         1206    i.DrvUSB_DispatchEvent  drvusb.o
    0x00001a30   0x00000048   Code   RO         1207    i.DrvUSB_DispatchMiscEvent  drvusb.o
    0x00001a78   0x0000000c   Code   RO         1209    i.DrvUSB_EnableRemoteWakeup  drvusb.o
    0x00001a84   0x00000010   Code   RO         1211    i.DrvUSB_EnableUsb  drvusb.o
    0x00001a94   0x00000030   Code   RO         1212    i.DrvUSB_GetEpId    drvusb.o
    0x00001ac4   0x00000034   Code   RO         1213    i.DrvUSB_GetEpIdentity  drvusb.o
    0x00001af8   0x00000030   Code   RO         1216    i.DrvUSB_GetOutData  drvusb.o
    0x00001b28   0x0000000c   Code   RO         1217    i.DrvUSB_GetSetupBuffer  drvusb.o
    0x00001b34   0x0000000c   Code   RO         1218    i.DrvUSB_GetUsbState  drvusb.o
    0x00001b40   0x00000084   Code   RO         1220    i.DrvUSB_Init       drvusb.o
    0x00001bc4   0x00000010   Code   RO         1221    i.DrvUSB_InstallClassDevice  drvusb.o
    0x00001bd4   0x00000054   Code   RO         1222    i.DrvUSB_InstallCtrlHandler  drvusb.o
    0x00001c28   0x000001a8   Code   RO         1226    i.DrvUSB_Open       drvusb.o
    0x00001dd0   0x00000084   Code   RO         1227    i.DrvUSB_PreDispatchBusEvent  drvusb.o
    0x00001e54   0x00000168   Code   RO         1228    i.DrvUSB_PreDispatchEPEvent  drvusb.o
    0x00001fbc   0x00000088   Code   RO         1229    i.DrvUSB_PreDispatchEvent  drvusb.o
    0x00002044   0x00000042   Code   RO         1230    i.DrvUSB_PreDispatchFDTEvent  drvusb.o
    0x00002086   0x00000002   Code   RO         1231    i.DrvUSB_PreDispatchWakeupEvent  drvusb.o
    0x00002088   0x00000068   Code   RO         1232    i.DrvUSB_Reset      drvusb.o
    0x000020f0   0x0000000c   Code   RO         1234    i.DrvUSB_SetUsbState  drvusb.o
    0x000020fc   0x00000024   Code   RO          525    i.EINT0_IRQHandler  drvgpio.o
    0x00002120   0x00000024   Code   RO          526    i.EINT1_IRQHandler  drvgpio.o
    0x00002144   0x0000003c   Code   RO          527    i.GPAB_IRQHandler   drvgpio.o
    0x00002180   0x00000040   Code   RO          528    i.GPCDE_IRQHandler  drvgpio.o
    0x000021c0   0x00000094   Code   RO          189    i.HID_CtrlGetDescriptorIn  hidsysio.o
    0x00002254   0x0000001c   Code   RO          190    i.HID_CtrlGetDescriptorOut  hidsysio.o
    0x00002270   0x0000011c   Code   RO          191    i.HID_CtrlSetupGetDescriptor  hidsysio.o
    0x0000238c   0x0000003c   Code   RO          192    i.HID_CtrlSetupGetReport  hidsysio.o
    0x000023c8   0x00000018   Code   RO          193    i.HID_CtrlSetupSetIdle  hidsysio.o
    0x000023e0   0x00000018   Code   RO          194    i.HID_CtrlSetupSetProtocol  hidsysio.o
    0x000023f8   0x0000002e   Code   RO          195    i.HID_CtrlSetupSetReport  hidsysio.o
    0x00002426   0x00000002   Code   RO          117    i.HID_GetInReport   hid_api.o
    0x00002428   0x0000002c   Code   RO          118    i.HID_Init          hid_api.o
    0x00002454   0x00000028   Code   RO          197    i.HID_IntInCallback  hidsysio.o
    0x0000247c   0x0000002c   Code   RO          198    i.HID_IntOutCallback  hidsysio.o
    0x000024a8   0x00000018   Code   RO          199    i.HID_IsConfigureValue  hidsysio.o
    0x000024c0   0x000000c4   Code   RO          119    i.HID_MainProcess   hid_api.o
    0x00002584   0x0000006c   Code   RO          200    i.HID_Open          hidsysio.o
    0x000025f0   0x00000070   Code   RO          201    i.HID_PrepareDescriptors  hidsysio.o
    0x00002660   0x00000012   Code   RO          202    i.HID_Reset         hidsysio.o
    0x00002672   0x0000000c   Code   RO          120    i.HID_SetOutReport  hid_api.o
    0x0000267e   0x00000002   PAD
    0x00002680   0x00000028   Code   RO          203    i.HID_SetReportBuf  hidsysio.o
    0x000026a8   0x0000001c   Code   RO          204    i.HID_SetReportDescriptor  hidsysio.o
    0x000026c4   0x00000018   Code   RO          205    i.HID_Start         hidsysio.o
    0x000026dc   0x00000012   Code   RO          206    i.HID_UsbStartCallBack  hidsysio.o
    0x000026ee   0x00000002   PAD
    0x000026f0   0x00000218   Code   RO          430    i.Initial_pannel    lcd_driver.o
    0x00002908   0x00000078   Code   RO         1237    i.NVIC_SetPriority  drvusb.o
    0x00002980   0x0000008c   Code   RO         1987    i.PDMA_IRQHandler   drvpdma.o
    0x00002a0c   0x00000028   Code   RO          783    i.PWRWU_IRQHandler  drvsys.o
    0x00002a34   0x00000064   Code   RO         1659    i.SPI0_IRQHandler   drvspi.o
    0x00002a98   0x00000064   Code   RO         1660    i.SPI1_IRQHandler   drvspi.o
    0x00002afc   0x00000064   Code   RO         1661    i.SPI2_IRQHandler   drvspi.o
    0x00002b60   0x00000064   Code   RO         1662    i.SPI3_IRQHandler   drvspi.o
    0x00002bc4   0x000000f4   Code   RO          431    i.SetPACA           lcd_driver.o
    0x00002cb8   0x00000078   Code   RO          432    i.Show_Word         lcd_driver.o
    0x00002d30   0x0000005c   Code   RO          367    i.SpiFlash_ChipErase  spi_flash.o
    0x00002d8c   0x000000a8   Code   RO          368    i.SpiFlash_PageProgram  spi_flash.o
    0x00002e34   0x00000090   Code   RO          369    i.SpiFlash_ReadData  spi_flash.o
    0x00002ec4   0x000000c8   Code   RO          370    i.SpiFlash_ReadMidDid  spi_flash.o
    0x00002f8c   0x00000044   Code   RO          371    i.SpiFlash_ReadStatusReg1  spi_flash.o
    0x00002fd0   0x00000014   Code   RO          373    i.SpiFlash_WaitReady  spi_flash.o
    0x00002fe4   0x00000024   Code   RO          433    i.SysTimerDelay     lcd_driver.o
    0x00003008   0x000000a0   Code   RO           17    i.SystemCoreClockUpdate  system_nuc1xx.o
    0x000030a8   0x00000002   Code   RO           18    i.SystemInit        system_nuc1xx.o
    0x000030aa   0x00000002   PAD
    0x000030ac   0x0000003c   Code   RO         1058    i.UART02_IRQHandler  drvuart.o
    0x000030e8   0x00000020   Code   RO         1059    i.UART1_IRQHandler  drvuart.o
    0x00003108   0x00000020   Code   RO         1238    i.USBD_IRQHandler   drvusb.o
    0x00003128   0x00000020   Code   RO          121    i.USB_SendBackData  hid_api.o
    0x00003148   0x000003ac   Code   RO          333    i.V6M_ProcessCommand  v6mdebug.o
    0x000034f4   0x00000010   Code   RO          334    i.VCMD_AckCommand   v6mdebug.o
    0x00003504   0x00000018   Code   RO         1239    i.WordsCpy          drvusb.o
    0x0000351c   0x00000058   Code   RO          434    i.WriteData         lcd_driver.o
    0x00003574   0x00000020   Code   RO          208    i._HID_CLR_CTRL_READY_AND_TRIG_STALL  hidsysio.o
    0x00003594   0x0000001a   Code   RO          724    i.__ARM_common_switch8  drvgpio.o
    0x000035ae   0x00000028   Code   RO          435    i.clr_all_pannal    lcd_driver.o
    0x000035d6   0x00000002   PAD
    0x000035d8   0x00000120   Code   RO           61    i.main              smpl_hid_file_io.o
    0x000036f8   0x00000028   Code   RO          436    i.print_lcd         lcd_driver.o
    0x00003720   0x0000009f   Data   RO          125    .constdata          hid_api.o
    0x000037bf   0x00000001   PAD
    0x000037c0   0x00000010   Data   RO          784    .constdata          drvsys.o
    0x000037d0   0x00000020   Data   RO         2314    Region$$Table       anon$$obj.o


    Execution Region ER_RW (Base: 0x20000000, Size: 0x00000860, Max: 0xffffffff, ABSOLUTE)

    Base Addr    Size         Type   Attr      Idx    E Section Name        Object

    0x20000000   0x0000001c   Data   RW           19    .data               system_nuc1xx.o
    0x2000001c   0x000001f1   Data   RW          210    .data               hidsysio.o
    0x2000020d   0x00000003   PAD
    0x20000210   0x00000014   Data   RW          338    .data               v6mdebug.o
    0x20000224   0x00000010   Data   RW          437    .data               lcd_driver.o
    0x20000234   0x000005f0   Data   RW          487    .data               ascii_table.o
    0x20000824   0x00000010   Data   RW          532    .data               drvgpio.o
    0x20000834   0x00000008   Data   RW          785    .data               drvsys.o
    0x2000083c   0x0000000c   Data   RW         1060    .data               drvuart.o
    0x20000848   0x00000008   Data   RW         1241    .data               drvusb.o
    0x20000850   0x00000010   Data   RW         1664    .data               drvspi.o


    Execution Region ER_ZI (Base: 0x20000860, Size: 0x000008c0, Max: 0xffffffff, ABSOLUTE)

    Base Addr    Size         Type   Attr      Idx    E Section Name        Object

    0x20000860   0x00000040   Zero   RW          124    .bss                hid_api.o
    0x200008a0   0x00000028   Zero   RW          209    .bss                hidsysio.o
    0x200008c8   0x00000278   Zero   RW          337    .bss                v6mdebug.o
    0x20000b40   0x000000c0   Zero   RW         1240    .bss                drvusb.o
    0x20000c00   0x00000050   Zero   RW         1663    .bss                drvspi.o
    0x20000c50   0x0000006c   Zero   RW         1988    .bss                drvpdma.o
    0x20000cbc   0x00000060   Zero   RW         2194    .bss                c_p.l(libspace.o)(c_p.l)
    0x20000d1c   0x00000004   PAD
    0x20000d20   0x00000000   Zero   RW           54    HEAP                startup_nuc1xx.o
    0x20000d20   0x00000400   Zero   RW           53    STACK               startup_nuc1xx.o


==============================================================================

Image component sizes


      Code (inc. data)   RO Data    RW Data    ZI Data      Debug   Object Name

         0          0          0       1520          0          0   ascii_table.o
         0          0          0          0          0          0   core_cm0.o
      2102        120          0         16          0          0   drvgpio.o
       140         12          0          0        108          0   drvpdma.o
      2004        106          0         16         80          0   drvspi.o
       416         60         16          8          0          0   drvsys.o
        92         24          0         12          0          0   drvuart.o
      3646        344          0          8        192          0   drvusb.o
       286         62        159          0         64          0   hid_api.o
      1102        178          0        497         40          0   hidsysio.o
      1104         30          0         16          0          0   lcd_driver.o
       304         92          0          0          0          0   smpl_hid_file_io.o
       692         46          0          0          0          0   spi_flash.o
       100         46        192          0       1024          0   startup_nuc1xx.o
       162         30          0         28          0          0   system_nuc1xx.o
       956         42          0         20        632          0   v6mdebug.o

    ----------------------------------------------------------------------
     13116       1192        400       2144       2140          0   Object Totals
         0          0         32          0          0          0   (incl. Generated)
        10          0          1          3          0          1   (incl. Padding)

    ----------------------------------------------------------------------

      Code (inc. data)   RO Data    RW Data    ZI Data      Debug   Library Member Name

         8          0          0          0          0          0   __main.o
        60          8          0          0          0          0   __scatter.o
        26          0          0          0          0          0   __scatter_copy.o
        28          0          0          0          0          0   __scatter_zi.o
       346          0          0          0          0          0   aeabi_sdiv.o
        12          0          0          0          0          0   exit.o
         6          0          0          0          0          0   heapauxi.o
         6          0          0          0          0          0   libinit.o
         2          0          0          0          0          0   libinit2.o
         2          0          0          0          0          0   libshutdown.o
         2          0          0          0          0          0   libshutdown2.o
         8          4          0          0         96          0   libspace.o
       186          0          0          0          0          0   rt_memcpy.o
         0          0          0          0          0          0   rtentry.o
        12          0          0          0          0          0   rtentry2.o
         6          0          0          0          0          0   rtentry4.o
         2          0          0          0          0          0   rtexit.o
        10          0          0          0          0          0   rtexit2.o
        12          4          0          0          0          0   sys_exit.o
        62          0          0          0          0          0   sys_stackheap_outer.o
         2          0          0          0          0          0   use_no_semi.o

    ----------------------------------------------------------------------
       804         16          0          0        100          0   Library Totals
         6          0          0          0          4          0   (incl. Padding)

    ----------------------------------------------------------------------

      Code (inc. data)   RO Data    RW Data    ZI Data      Debug   Library Name

       798         16          0          0         96        776   c_p.l

    ----------------------------------------------------------------------
       804         16          0          0        100          0   Library Totals

    ----------------------------------------------------------------------

==============================================================================


      Code (inc. data)   RO Data    RW Data    ZI Data      Debug   

     13920       1208        400       2144       2240     372816   Grand Totals
     13920       1208        400       2144       2240     372816   ELF Image Totals
     13920       1208        400       2144          0          0   ROM Totals

==============================================================================

    Total RO  Size (Code + RO Data)                14320 (  13.98kB)
    Total RW  Size (RW Data + ZI Data)              4384 (   4.28kB)
    Total ROM Size (Code + RO Data + RW Data)      16464 (  16.08kB)

==============================================================================

