<html>
<body>
<pre>
<h1>µVision Build Log</h1>
<h2>Project:</h2>
C:\Keil\NuvotonPlatform_Keil\Sample\NUC1xx-LB_002\Smpl_VCOM_IO\Smpl_VCOM.uvproj
Project File Date:  08/26/2011

<h2>Output:</h2>
Build target 'Smpl_VCOM'
creating preprocessor file for core_cm0.c...
compiling core_cm0.c...
creating preprocessor file for system_NUC1xx.c...
compiling system_NUC1xx.c...
assembling startup_NUC1xx.s...
creating preprocessor file for Smpl_VCOM.c...
compiling Smpl_VCOM.c...
creating preprocessor file for VCOM_API.c...
compiling VCOM_API.c...
creating preprocessor file for Seven_Segment.c...
compiling Seven_Segment.c...
creating preprocessor file for LCD_Driver.c...
compiling LCD_Driver.c...
creating preprocessor file for Ascii_Table.C...
compiling Ascii_Table.C...
creating preprocessor file for ScanKey.c...
compiling ScanKey.c...
creating preprocessor file for DrvGPIO.c...
compiling DrvGPIO.c...
creating preprocessor file for DrvSYS.c...
compiling DrvSYS.c...
creating preprocessor file for DrvUART.c...
compiling DrvUART.c...
creating preprocessor file for DrvUSB.c...
compiling DrvUSB.c...
creating preprocessor file for retarget.c...
compiling retarget.c...
creating preprocessor file for VCOMSys.c...
compiling VCOMSys.c...
linking...
Program Size: Code=13060 RO-data=424 RW-data=2124 ZI-data=1412  
User command #1: fromelf --bin ".\obj\Smpl_VCOM.axf" --output ".\obj\Smpl_VCOM.bin"
User command #2: fromelf --text -c ".\obj\Smpl_VCOM.axf" --output ".\obj\Smpl_VCOM.txt"
".\obj\Smpl_VCOM.axf" - 0 Error(s), 0 Warning(s).
Load "C:\\Keil\\NuvotonPlatform_Keil\\Sample\\NUC1xx-LB_002\\Smpl_VCOM_IO\\obj\\Smpl_VCOM.AXF" 
