<html>
<body>
<pre>
<h1>µVision Build Log</h1>
<h2>Tool Versions:</h2>
IDE-Version: £gVision V5.23.0.0
Copyright (C) 2017 ARM Ltd and ARM Germany GmbH. All rights reserved.
License Information: asd SA, fds, LIC=----
 
Tool Versions:
Toolchain:       MDK-Lite  Version: 5.23
Toolchain Path:  C:\Keil_v5\ARM\ARMCC\Bin
C Compiler:      Armcc.exe V5.06 update 4 (build 422)
Assembler:       Armasm.exe V5.06 update 4 (build 422)
Linker/Locator:  ArmLink.exe V5.06 update 4 (build 422)
Library Manager: ArmAr.exe V5.06 update 4 (build 422)
Hex Converter:   FromElf.exe V5.06 update 4 (build 422)
CPU DLL:         SARMCM3.DLL V5.23
Dialog DLL:      DARMCM1.DLL V1.17.0.0
Target DLL:      Nu_Link.dll V1.30
Dialog DLL:      TARMCM1.DLL V1.12.0.0
 
<h2>Project:</h2>
C:\Keil\NuvotonPlatform_Keil\Sample\NUC1xx-LB_002\Smpl_LCD_Graphics\Smpl_LCD_Graphics.uvproj
Project File Date:  03/11/2013

<h2>Output:</h2>
*** Using Compiler 'V5.06 update 4 (build 422)', folder: 'C:\Keil_v5\ARM\ARMCC\Bin'
Build target 'Smpl_LCD_Graphics'
creating preprocessor file for core_cm0.c...
creating preprocessor file for system_NUC1xx.c...
compiling core_cm0.c...
assembling startup_NUC1xx.s...
creating preprocessor file for LCD_Driver.c...
compiling system_NUC1xx.c...
creating preprocessor file for Ascii_Table.C...
compiling LCD_Driver.c...
compiling Ascii_Table.C...
creating preprocessor file for 2D_Graphic_Driver.c...
creating preprocessor file for Smpl_LCD_Graphics.c...
creating preprocessor file for DrvGPIO.c...
compiling 2D_Graphic_Driver.c...
compiling Smpl_LCD_Graphics.c...
Smpl_LCD_Graphics.c(65): warning:  #223-D: function "SetPACA" declared implicitly
  			SetPACA(x,(129-y)); 	// set pixel location
Smpl_LCD_Graphics.c(66): warning:  #223-D: function "WriteData" declared implicitly
  			WriteData(buffer[y*8+x]);    //  draw (write buffer data into LCD)
Smpl_LCD_Graphics.c(90): warning:  #223-D: function "Initial_pannel" declared implicitly
  	Initial_pannel();
Smpl_LCD_Graphics.c(91): warning:  #223-D: function "clr_all_pannal" declared implicitly
  	clr_all_pannal();
Smpl_LCD_Graphics.c: 4 warnings, 0 errors
compiling DrvGPIO.c...
linking...
Program Size: Code=4080 RO-data=224 RW-data=32 ZI-data=2144  
After Build - User command #1: fromelf --bin ".\obj\Smpl_LCD_Graphics.axf" --output ".\obj\Smpl_LCD_Graphics.bin"
After Build - User command #2: fromelf --text -c ".\obj\Smpl_LCD_Graphics.axf" --output ".\obj\Smpl_LCD_Graphics.txt"
".\obj\Smpl_LCD_Graphics.axf" - 0 Error(s), 4 Warning(s).
Build Time Elapsed:  00:00:02
</pre>
</body>
</html>
