Component: ARM Compiler 5.06 update 4 (build 422) Tool: armlink [4d35d2]

==============================================================================

Small function inlining results

Inlined function __aeabi_idiv0 from aeabi_idiv0.o at offset 0x154 in aeabi_sdiv.o(.text).
Inlined Instruction: BX       lr
Inlined function __aeabi_idiv0 from aeabi_idiv0.o at offset 0x154 in aeabi_sdiv_div0.o(.text).
Inlined Instruction: BX       lr
Inlined function _platform_pre_stackheap_init from boardinit1.o at offset 0x0 in __rtentry2.o(.ARM.Collect$$rtentry$$00000001).
Inlined Instruction: BX       lr
Inlined function _fp_init from fpinit.o at offset 0x0 in libinit2.o(.ARM.Collect$$libinit$$00000001).
Inlined Instruction: BX       lr
Inlined function _platform_pre_lib_shutdown from boardshut.o at offset 0x0 in rtexit2.o(.ARM.Collect$$rtexit$$00000001).
Inlined Instruction: BX       lr
Inlined function __ARM_get_argv from no_argv.o at offset 0x2 in argv_veneer.o(.text).
Inlined Instruction: BX       lr
Inlined total of 6 calls.

==============================================================================

Section Cross References

    startup_nuc1xx.o(STACK) refers (Special) to heapauxi.o(.text) for __use_two_region_memory
    startup_nuc1xx.o(HEAP) refers (Special) to heapauxi.o(.text) for __use_two_region_memory
    startup_nuc1xx.o(RESET) refers (Special) to heapauxi.o(.text) for __use_two_region_memory
    startup_nuc1xx.o(RESET) refers to startup_nuc1xx.o(STACK) for __initial_sp
    startup_nuc1xx.o(RESET) refers to startup_nuc1xx.o(.text) for Reset_Handler
    startup_nuc1xx.o(RESET) refers to drvsys.o(i.BOD_IRQHandler) for BOD_IRQHandler
    startup_nuc1xx.o(RESET) refers to drvgpio.o(i.EINT0_IRQHandler) for EINT0_IRQHandler
    startup_nuc1xx.o(RESET) refers to drvgpio.o(i.EINT1_IRQHandler) for EINT1_IRQHandler
    startup_nuc1xx.o(RESET) refers to drvgpio.o(i.GPAB_IRQHandler) for GPAB_IRQHandler
    startup_nuc1xx.o(RESET) refers to drvgpio.o(i.GPCDE_IRQHandler) for GPCDE_IRQHandler
    startup_nuc1xx.o(RESET) refers to timer.o(i.TMR0_IRQHandler) for TMR0_IRQHandler
    startup_nuc1xx.o(RESET) refers to drvuart.o(i.UART02_IRQHandler) for UART02_IRQHandler
    startup_nuc1xx.o(RESET) refers to drvuart.o(i.UART1_IRQHandler) for UART1_IRQHandler
    startup_nuc1xx.o(RESET) refers to drvsys.o(i.PWRWU_IRQHandler) for PWRWU_IRQHandler
    startup_nuc1xx.o(RESET) refers to drvadc.o(i.ADC_IRQHandler) for ADC_IRQHandler
    startup_nuc1xx.o(.text) refers (Special) to heapauxi.o(.text) for __use_two_region_memory
    startup_nuc1xx.o(.text) refers to system_nuc1xx.o(i.SystemInit) for SystemInit
    startup_nuc1xx.o(.text) refers to __main.o(!!!main) for __main
    startup_nuc1xx.o(.text) refers to startup_nuc1xx.o(HEAP) for Heap_Mem
    startup_nuc1xx.o(.text) refers to startup_nuc1xx.o(STACK) for Stack_Mem
    system_nuc1xx.o(i.SystemCoreClockUpdate) refers to aeabi_sdiv.o(.text) for __aeabi_uidivmod
    system_nuc1xx.o(i.SystemCoreClockUpdate) refers to system_nuc1xx.o(.data) for gau32ClkSrcTbl
    control.o(i.ADC_average) refers to rt_memclr.o(.text) for __aeabi_memclr4
    control.o(i.ADC_initialize) refers to drvadc.o(i.DrvADC_Open) for DrvADC_Open
    control.o(i.ADC_initialize) refers to drvsys.o(i.DrvSYS_Delay) for DrvSYS_Delay
    control.o(i.EINT1Callback) refers to control.o(i.get_weight) for get_weight
    control.o(i.Init_GPIO) refers to drvgpio.o(i.DrvGPIO_Open) for DrvGPIO_Open
    control.o(i.Init_GPIO) refers to drvgpio.o(i.DrvGPIO_SetBit) for DrvGPIO_SetBit
    control.o(i.Init_GPIO) refers to drvgpio.o(i.DrvGPIO_ClrBit) for DrvGPIO_ClrBit
    control.o(i.RFID_UART_INT_HANDLE) refers to drvuart.o(i.DrvUART_Read) for DrvUART_Read
    control.o(i.RFID_UART_INT_HANDLE) refers to control.o(i.hex_to_Decimal) for hex_to_Decimal
    control.o(i.RFID_UART_INT_HANDLE) refers to control.o(.constdata) for .constdata
    control.o(i.WIFI_UART_INT_HANDLE) refers to drvuart.o(i.DrvUART_Read) for DrvUART_Read
    control.o(i.WIFI_UART_INT_HANDLE) refers to drvgpio.o(i.DrvGPIO_ClrBit) for DrvGPIO_ClrBit
    control.o(i.WIFI_UART_INT_HANDLE) refers to drvgpio.o(i.DrvGPIO_SetBit) for DrvGPIO_SetBit
    control.o(i.WIFI_UART_INT_HANDLE) refers to control.o(.data) for move_flag
    control.o(i.delay_s) refers to drvsys.o(i.DrvSYS_Delay) for DrvSYS_Delay
    control.o(i.get_ADC_value) refers to rt_memclr.o(.text) for __aeabi_memclr4
    control.o(i.get_ADC_value) refers to drvadc.o(i.DrvADC_StartConvert) for DrvADC_StartConvert
    control.o(i.get_ADC_value) refers to drvadc.o(i.DrvADC_IsConversionDone) for DrvADC_IsConversionDone
    control.o(i.get_ADC_value) refers to drvadc.o(i.DrvADC_GetConversionData) for DrvADC_GetConversionData
    control.o(i.get_ADC_value) refers to drvadc.o(i.DrvADC_StopConvert) for DrvADC_StopConvert
    control.o(i.get_ADC_value) refers to control.o(i.ADC_average) for ADC_average
[...]
    control.o(i.main) refers to drvgpio.o(i.DrvGPIO_InitFunction) for DrvGPIO_InitFunction
    control.o(i.main) refers to drvuart.o(i.DrvUART_Open) for DrvUART_Open
    control.o(i.main) refers to drvuart.o(i.DrvUART_Write) for DrvUART_Write
    control.o(i.main) refers to drvuart.o(i.DrvUART_EnableInt) for DrvUART_EnableInt
    control.o(i.main) refers to drvgpio.o(i.DrvGPIO_EnableEINT1) for DrvGPIO_EnableEINT1
    control.o(i.main) refers to drvgpio.o(i.DrvGPIO_EnableDebounce) for DrvGPIO_EnableDebounce
    control.o(i.main) refers to drvgpio.o(i.DrvGPIO_SetDebounceTime) for DrvGPIO_SetDebounceTime
    control.o(i.main) refers to control.o(i.InitPWM) for InitPWM
    control.o(i.main) refers to control.o(i.WIFI_UART_INT_HANDLE) for WIFI_UART_INT_HANDLE
    control.o(i.main) refers to control.o(i.RFID_UART_INT_HANDLE) for RFID_UART_INT_HANDLE
    control.o(i.main) refers to control.o(i.EINT1Callback) for EINT1Callback
    timer.o(i.TMR0_IRQHandler) refers to drvgpio.o(i.DrvGPIO_GetBit) for DrvGPIO_GetBit
    timer.o(i.TMR0_IRQHandler) refers to drvgpio.o(i.DrvGPIO_SetBit) for DrvGPIO_SetBit
    timer.o(i.TMR0_IRQHandler) refers to drvgpio.o(i.DrvGPIO_ClrBit) for DrvGPIO_ClrBit
    timer.o(i.TMR0_IRQHandler) refers to timer.o(.data) for pwm
    drvadc.o(i.ADC_IRQHandler) refers to drvadc.o(.data) for g_ptADCCallBack
    drvadc.o(i.ADC_IRQHandler) refers to drvadc.o(.bss) for g_pu32UserData
    drvadc.o(i.DrvADC_EnableADCCmp0Int) refers to drvadc.o(i.NVIC_SetPriority) for NVIC_SetPriority
    drvadc.o(i.DrvADC_EnableADCCmp0Int) refers to drvadc.o(i.NVIC_EnableIRQ) for NVIC_EnableIRQ
    drvadc.o(i.DrvADC_EnableADCCmp0Int) refers to drvadc.o(.data) for g_ptADCMP0CallBack
    drvadc.o(i.DrvADC_EnableADCCmp0Int) refers to drvadc.o(.bss) for g_pu32UserData
    drvadc.o(i.DrvADC_EnableADCCmp1Int) refers to drvadc.o(i.NVIC_SetPriority) for NVIC_SetPriority
    drvadc.o(i.DrvADC_EnableADCCmp1Int) refers to drvadc.o(i.NVIC_EnableIRQ) for NVIC_EnableIRQ
    drvadc.o(i.DrvADC_EnableADCCmp1Int) refers to drvadc.o(.data) for g_ptADCMP1CallBack
    drvadc.o(i.DrvADC_EnableADCCmp1Int) refers to drvadc.o(.bss) for g_pu32UserData
    drvadc.o(i.DrvADC_EnableADCInt) refers to drvadc.o(i.NVIC_SetPriority) for NVIC_SetPriority
    drvadc.o(i.DrvADC_EnableADCInt) refers to drvadc.o(i.NVIC_EnableIRQ) for NVIC_EnableIRQ
    drvadc.o(i.DrvADC_EnableADCInt) refers to drvadc.o(.data) for g_ptADCCallBack
    drvadc.o(i.DrvADC_EnableADCInt) refers to drvadc.o(.bss) for g_pu32UserData
    drvadc.o(i.DrvADC_GetConversionRate) refers to aeabi_sdiv.o(.text) for __aeabi_uidivmod
    drvadc.o(i.DrvADC_GetConversionRate) refers to drvsys.o(i.DrvSYS_GetPLLClockFreq) for DrvSYS_GetPLLClockFreq
    drvadc.o(i.DrvADC_GetConversionRate) refers to drvsys.o(i.DrvSYS_GetHCLKFreq) for DrvSYS_GetHCLKFreq
    drvgpio.o(i.DrvGPIO_ClrPortMask) refers to drvgpio.o(i.DrvGPIO_GetPortMask) for DrvGPIO_GetPortMask
    drvgpio.o(i.DrvGPIO_DisableEINT0) refers to drvgpio.o(i.NVIC_DisableIRQ) for NVIC_DisableIRQ
    drvgpio.o(i.DrvGPIO_DisableEINT1) refers to drvgpio.o(i.NVIC_DisableIRQ) for NVIC_DisableIRQ
    drvgpio.o(i.DrvGPIO_DisableInt) refers to drvgpio.o(i.NVIC_DisableIRQ) for NVIC_DisableIRQ
    drvgpio.o(i.DrvGPIO_EnableEINT0) refers to drvgpio.o(i.NVIC_SetPriority) for NVIC_SetPriority
    drvgpio.o(i.DrvGPIO_EnableEINT0) refers to drvgpio.o(i.NVIC_EnableIRQ) for NVIC_EnableIRQ
    drvgpio.o(i.DrvGPIO_EnableEINT0) refers to drvgpio.o(.data) for _pfEINT0Callback
    drvgpio.o(i.DrvGPIO_EnableEINT1) refers to drvgpio.o(i.NVIC_SetPriority) for NVIC_SetPriority
    drvgpio.o(i.DrvGPIO_EnableEINT1) refers to drvgpio.o(i.NVIC_EnableIRQ) for NVIC_EnableIRQ
    drvgpio.o(i.DrvGPIO_EnableEINT1) refers to drvgpio.o(.data) for _pfEINT1Callback
    drvgpio.o(i.DrvGPIO_EnableInt) refers to drvgpio.o(i.NVIC_SetPriority) for NVIC_SetPriority
    drvgpio.o(i.DrvGPIO_EnableInt) refers to drvgpio.o(i.NVIC_EnableIRQ) for NVIC_EnableIRQ
    drvgpio.o(i.DrvGPIO_InitFunction) refers to control.o(i.__ARM_common_switch8) for __ARM_common_switch8
    drvgpio.o(i.DrvGPIO_SetIntCallback) refers to drvgpio.o(.data) for _pfGPABCallback
    drvgpio.o(i.DrvGPIO_SetPortMask) refers to drvgpio.o(i.DrvGPIO_GetPortMask) for DrvGPIO_GetPortMask
    drvgpio.o(i.EINT0_IRQHandler) refers to drvgpio.o(.data) for _pfEINT0Callback
    drvgpio.o(i.EINT1_IRQHandler) refers to drvgpio.o(.data) for _pfEINT1Callback
    drvgpio.o(i.GPAB_IRQHandler) refers to drvgpio.o(.data) for _pfGPABCallback
    drvgpio.o(i.GPCDE_IRQHandler) refers to drvgpio.o(.data) for _pfGPCDECallback
    drvsys.o(i.BOD_IRQHandler) refers to drvsys.o(.data) for BOD_callbackFn
    drvsys.o(i.DrvSYS_Delay) refers to system_nuc1xx.o(.data) for CyclesPerUs
    drvsys.o(i.DrvSYS_GetChipClockSourceStatus) refers to control.o(i.__ARM_common_switch8) for __ARM_common_switch8
    drvsys.o(i.DrvSYS_GetHCLKFreq) refers to drvsys.o(i.DrvSYS_GetPLLClockFreq) for DrvSYS_GetPLLClockFreq
    drvsys.o(i.DrvSYS_GetHCLKFreq) refers to aeabi_sdiv.o(.text) for __aeabi_uidivmod
    drvsys.o(i.DrvSYS_GetPLLClockFreq) refers to aeabi_sdiv.o(.text) for __aeabi_uidivmod
    drvsys.o(i.DrvSYS_GetPLLClockFreq) refers to drvsys.o(.constdata) for .constdata
    drvsys.o(i.DrvSYS_GetPLLContent) refers to aeabi_sdiv.o(.text) for __aeabi_uidivmod
    drvsys.o(i.DrvSYS_Open) refers to drvsys.o(i.DrvSYS_IsProtectedRegLocked) for DrvSYS_IsProtectedRegLocked
    drvsys.o(i.DrvSYS_Open) refers to drvsys.o(i.DrvSYS_GetPLLContent) for DrvSYS_GetPLLContent
    drvsys.o(i.DrvSYS_Open) refers to drvsys.o(i.DrvSYS_SetPLLContent) for DrvSYS_SetPLLContent
    drvsys.o(i.DrvSYS_Open) refers to drvsys.o(i.DrvSYS_SelectHCLKSource) for DrvSYS_SelectHCLKSource
    drvsys.o(i.DrvSYS_SelectHCLKSource) refers to system_nuc1xx.o(i.SystemCoreClockUpdate) for SystemCoreClockUpdate
    drvsys.o(i.DrvSYS_SelectIPClockSource) refers to control.o(i.__ARM_common_switch8) for __ARM_common_switch8
    drvsys.o(i.DrvSYS_SetBODFunction) refers to drvsys.o(i.NVIC_DisableIRQ) for NVIC_DisableIRQ
    drvsys.o(i.DrvSYS_SetBODFunction) refers to drvsys.o(i.NVIC_SetPriority) for NVIC_SetPriority
    drvsys.o(i.DrvSYS_SetBODFunction) refers to drvsys.o(i.NVIC_EnableIRQ) for NVIC_EnableIRQ
    drvsys.o(i.DrvSYS_SetBODFunction) refers to drvsys.o(.data) for BOD_callbackFn
    drvsys.o(i.DrvSYS_SetClockDivider) refers to system_nuc1xx.o(i.SystemCoreClockUpdate) for SystemCoreClockUpdate
    drvsys.o(i.DrvSYS_SetFreqDividerOutput) refers to drvsys.o(i.DrvSYS_SetIPClock) for DrvSYS_SetIPClock
    drvsys.o(i.DrvSYS_SetPowerDownWakeUpInt) refers to drvsys.o(i.NVIC_SetPriority) for NVIC_SetPriority
    drvsys.o(i.DrvSYS_SetPowerDownWakeUpInt) refers to drvsys.o(i.NVIC_EnableIRQ) for NVIC_EnableIRQ
    drvsys.o(i.DrvSYS_SetPowerDownWakeUpInt) refers to drvsys.o(i.NVIC_DisableIRQ) for NVIC_DisableIRQ
    drvsys.o(i.DrvSYS_SetPowerDownWakeUpInt) refers to drvsys.o(.data) for PWRWU_callbackFn
    drvsys.o(i.PWRWU_IRQHandler) refers to drvsys.o(.data) for PWRWU_callbackFn
    drvuart.o(i.BaudRateCalculator) refers to aeabi_sdiv.o(.text) for __aeabi_uidivmod
    drvuart.o(i.DrvUART_Close) refers to drvuart.o(i.NVIC_DisableIRQ) for NVIC_DisableIRQ
    drvuart.o(i.DrvUART_Close) refers to drvuart.o(.data) for g_pfnUART1callback
    drvuart.o(i.DrvUART_DisableInt) refers to drvuart.o(i.NVIC_DisableIRQ) for NVIC_DisableIRQ
    drvuart.o(i.DrvUART_DisableInt) refers to drvuart.o(.data) for g_pfnUART0callback
    drvuart.o(i.DrvUART_EnableInt) refers to drvuart.o(i.NVIC_EnableIRQ) for NVIC_EnableIRQ
    drvuart.o(i.DrvUART_EnableInt) refers to drvuart.o(.data) for g_pfnUART0callback
    drvuart.o(i.DrvUART_Open) refers to drvuart.o(i.GetUartClk) for GetUartClk
    drvuart.o(i.DrvUART_Open) refers to drvuart.o(i.BaudRateCalculator) for BaudRateCalculator
    drvuart.o(i.GetUartClk) refers to drvsys.o(i.DrvSYS_GetExtClockFreq) for DrvSYS_GetExtClockFreq
    drvuart.o(i.GetUartClk) refers to drvsys.o(i.DrvSYS_GetPLLClockFreq) for DrvSYS_GetPLLClockFreq
    drvuart.o(i.GetUartClk) refers to aeabi_sdiv.o(.text) for __aeabi_uidivmod
    drvuart.o(i.UART02_IRQHandler) refers to drvuart.o(.data) for g_pfnUART0callback
    drvuart.o(i.UART1_IRQHandler) refers to drvuart.o(.data) for g_pfnUART1callback
    lcd_driver.o(i.Disable_Buzzer) refers to drvgpio.o(i.DrvGPIO_Open) for DrvGPIO_Open
    lcd_driver.o(i.Disable_Buzzer) refers to drvgpio.o(i.DrvGPIO_SetBit) for DrvGPIO_SetBit
    lcd_driver.o(i.Initial_pannel) refers to lcd_driver.o(.data) for SPI_PORT
    lcd_driver.o(i.SetPACA) refers to lcd_driver.o(.data) for SPI_PORT
    lcd_driver.o(i.Show_Word) refers to lcd_driver.o(i.SetPACA) for SetPACA
    lcd_driver.o(i.Show_Word) refers to lcd_driver.o(i.WriteData) for WriteData
    lcd_driver.o(i.Show_Word) refers to ascii_table.o(.data) for Ascii
    lcd_driver.o(i.WriteData) refers to lcd_driver.o(.data) for SPI_PORT
    lcd_driver.o(i.clr_all_pannal) refers to lcd_driver.o(i.SetPACA) for SetPACA
    lcd_driver.o(i.clr_all_pannal) refers to lcd_driver.o(i.WriteData) for WriteData
    lcd_driver.o(i.print_lcd) refers to lcd_driver.o(i.Show_Word) for Show_Word
    __2sprintf.o(.text) refers to _printf_char_common.o(.text) for _printf_char_common
    __2sprintf.o(.text) refers to _sputc.o(.text) for _sputc
    noretval__2sprintf.o(.text) refers to _printf_char_common.o(.text) for _printf_char_common
    noretval__2sprintf.o(.text) refers to _sputc.o(.text) for _sputc
    __printf.o(.text) refers to _printf_percent.o(.ARM.Collect$$_printf_percent$$00000000) for _printf_percent
    _printf_dec.o(.text) refers to rtudiv10.o(.text) for __rt_udiv10
    _printf_dec.o(.text) refers to _printf_intcommon.o(.text) for _printf_int_common
    __printf_flags.o(.text) refers to _printf_percent.o(.ARM.Collect$$_printf_percent$$00000000) for _printf_percent
    __printf_flags.o(.text) refers to __printf_flags.o(.constdata) for .constdata
    __printf_ss.o(.text) refers to _printf_percent.o(.ARM.Collect$$_printf_percent$$00000000) for _printf_percent
    __printf_flags_ss.o(.text) refers to _printf_percent.o(.ARM.Collect$$_printf_percent$$00000000) for _printf_percent
    __printf_flags_ss.o(.text) refers to __printf_flags_ss.o(.constdata) for .constdata
    __printf_wp.o(.text) refers to __printf_wp.o(i._is_digit) for _is_digit
    __printf_wp.o(.text) refers to _printf_percent.o(.ARM.Collect$$_printf_percent$$00000000) for _printf_percent
    __printf_flags_wp.o(.text) refers to __printf_wp.o(i._is_digit) for _is_digit
    __printf_flags_wp.o(.text) refers to _printf_percent.o(.ARM.Collect$$_printf_percent$$00000000) for _printf_percent
    __printf_flags_wp.o(.text) refers to __printf_flags_wp.o(.constdata) for .constdata
    __printf_ss_wp.o(.text) refers to __printf_wp.o(i._is_digit) for _is_digit
    __printf_ss_wp.o(.text) refers to _printf_percent.o(.ARM.Collect$$_printf_percent$$00000000) for _printf_percent
    __printf_flags_ss_wp.o(.text) refers to __printf_wp.o(i._is_digit) for _is_digit
    __printf_flags_ss_wp.o(.text) refers to _printf_percent.o(.ARM.Collect$$_printf_percent$$00000000) for _printf_percent
    __printf_flags_ss_wp.o(.text) refers to __printf_flags_ss_wp.o(.constdata) for .constdata
    _printf_d.o(.ARM.Collect$$_printf_percent$$00000009) refers (Weak) to _printf_dec.o(.text) for _printf_int_dec
    _printf_percent.o(.ARM.Collect$$_printf_percent$$00000000) refers (Special) to _printf_percent_end.o(.ARM.Collect$$_printf_percent$$00000017) for _printf_percent_end
    __main.o(!!!main) refers to __rtentry.o(.ARM.Collect$$rtentry$$00000000) for __rt_entry
    __rtentry.o(.ARM.Collect$$rtentry$$00000000) refers (Special) to __rtentry2.o(.ARM.Collect$$rtentry$$0000000A) for __rt_entry_li
    __rtentry.o(.ARM.Collect$$rtentry$$00000000) refers (Special) to __rtentry2.o(.ARM.Collect$$rtentry$$0000000D) for __rt_entry_main
    __rtentry.o(.ARM.Collect$$rtentry$$00000000) refers (Special) to __rtentry2.o(.ARM.Collect$$rtentry$$0000000C) for __rt_entry_postli_1
    __rtentry.o(.ARM.Collect$$rtentry$$00000000) refers (Special) to __rtentry2.o(.ARM.Collect$$rtentry$$00000009) for __rt_entry_postsh_1
    __rtentry.o(.ARM.Collect$$rtentry$$00000000) refers (Special) to __rtentry2.o(.ARM.Collect$$rtentry$$00000002) for __rt_entry_presh_1
    __rtentry.o(.ARM.Collect$$rtentry$$00000000) refers (Special) to __rtentry4.o(.ARM.Collect$$rtentry$$00000004) for __rt_entry_sh
    aeabi_idiv0_sigfpe.o(.text) refers to rt_div0.o(.text) for __rt_div0
    _printf_char_common.o(.text) refers to __printf.o(.text) for __printf
    __rtentry2.o(.ARM.Collect$$rtentry$$00000008) refers to boardinit2.o(.text) for _platform_post_stackheap_init
    __rtentry2.o(.ARM.Collect$$rtentry$$0000000A) refers to libinit.o(.ARM.Collect$$libinit$$00000000) for __rt_lib_init
    __rtentry2.o(.ARM.Collect$$rtentry$$0000000B) refers to boardinit3.o(.text) for _platform_post_lib_init
    __rtentry2.o(.ARM.Collect$$rtentry$$0000000D) refers to control.o(i.main) for main
    __rtentry2.o(.ARM.Collect$$rtentry$$0000000D) refers to exit.o(.text) for exit
    __rtentry2.o(.ARM.exidx) refers to __rtentry2.o(.ARM.Collect$$rtentry$$00000001) for .ARM.Collect$$rtentry$$00000001
    __rtentry2.o(.ARM.exidx) refers to __rtentry2.o(.ARM.Collect$$rtentry$$00000008) for .ARM.Collect$$rtentry$$00000008
    __rtentry2.o(.ARM.exidx) refers to __rtentry2.o(.ARM.Collect$$rtentry$$0000000A) for .ARM.Collect$$rtentry$$0000000A
    __rtentry2.o(.ARM.exidx) refers to __rtentry2.o(.ARM.Collect$$rtentry$$0000000B) for .ARM.Collect$$rtentry$$0000000B
    __rtentry2.o(.ARM.exidx) refers to __rtentry2.o(.ARM.Collect$$rtentry$$0000000D) for .ARM.Collect$$rtentry$$0000000D
    __rtentry4.o(.ARM.Collect$$rtentry$$00000004) refers to sys_stackheap_outer.o(.text) for __user_setup_stackheap
    __rtentry4.o(.ARM.exidx) refers to __rtentry4.o(.ARM.Collect$$rtentry$$00000004) for .ARM.Collect$$rtentry$$00000004
    rt_div0.o(.text) refers to defsig_fpe_outer.o(.text) for __rt_SIGFPE
    sys_stackheap_outer.o(.text) refers to libspace.o(.text) for __user_perproc_libspace
    sys_stackheap_outer.o(.text) refers to startup_nuc1xx.o(.text) for __user_initial_stackheap
    sys_stackheap_outer.o(__vectab_stack_and_reset_area) refers to tempstk.o(.text) for __temporary_stack_top
    sys_stackheap_outer.o(__vectab_stack_and_reset_area) refers to __main.o(!!!main) for __main
    exit.o(.text) refers to rtexit.o(.ARM.Collect$$rtexit$$00000000) for __rt_exit
    defsig_fpe_outer.o(.text) refers to defsig_fpe_inner.o(.text) for __rt_SIGFPE_inner
    defsig_fpe_outer.o(.text) refers to defsig_exit.o(.text) for __sig_exit
    defsig_fpe_formal.o(.text) refers to rt_raise.o(.text) for __rt_raise
    libinit.o(.ARM.Collect$$libinit$$00000000) refers (Special) to libinit2.o(.ARM.Collect$$libinit$$0000002E) for __rt_lib_init_alloca_1
    libinit.o(.ARM.Collect$$libinit$$00000000) refers (Special) to libinit2.o(.ARM.Collect$$libinit$$0000002C) for __rt_lib_init_argv_1
    libinit.o(.ARM.Collect$$libinit$$00000000) refers (Special) to libinit2.o(.ARM.Collect$$libinit$$0000001B) for __rt_lib_init_atexit_1
    libinit.o(.ARM.Collect$$libinit$$00000000) refers (Special) to libinit2.o(.ARM.Collect$$libinit$$00000021) for __rt_lib_init_clock_1
    libinit.o(.ARM.Collect$$libinit$$00000000) refers (Special) to libinit2.o(.ARM.Collect$$libinit$$00000032) for __rt_lib_init_cpp_1
    libinit.o(.ARM.Collect$$libinit$$00000000) refers (Special) to libinit2.o(.ARM.Collect$$libinit$$00000030) for __rt_lib_init_exceptions_1
    libinit.o(.ARM.Collect$$libinit$$00000000) refers (Special) to libinit2.o(.ARM.Collect$$libinit$$00000002) for __rt_lib_init_fp_1
    libinit.o(.ARM.Collect$$libinit$$00000000) refers (Special) to libinit2.o(.ARM.Collect$$libinit$$0000001F) for __rt_lib_init_fp_trap_1
    libinit.o(.ARM.Collect$$libinit$$00000000) refers (Special) to libinit2.o(.ARM.Collect$$libinit$$00000023) for __rt_lib_init_getenv_1
    libinit.o(.ARM.Collect$$libinit$$00000000) refers (Special) to libinit2.o(.ARM.Collect$$libinit$$0000000A) for __rt_lib_init_heap_1
    libinit.o(.ARM.Collect$$libinit$$00000000) refers (Special) to libinit2.o(.ARM.Collect$$libinit$$00000011) for __rt_lib_init_lc_collate_1
    libinit.o(.ARM.Collect$$libinit$$00000000) refers (Special) to libinit2.o(.ARM.Collect$$libinit$$00000013) for __rt_lib_init_lc_ctype_1
    libinit.o(.ARM.Collect$$libinit$$00000000) refers (Special) to libinit2.o(.ARM.Collect$$libinit$$00000015) for __rt_lib_init_lc_monetary_1
    libinit.o(.ARM.Collect$$libinit$$00000000) refers (Special) to libinit2.o(.ARM.Collect$$libinit$$00000017) for __rt_lib_init_lc_numeric_1
    libinit.o(.ARM.Collect$$libinit$$00000000) refers (Special) to libinit2.o(.ARM.Collect$$libinit$$00000019) for __rt_lib_init_lc_time_1
    libinit.o(.ARM.Collect$$libinit$$00000000) refers (Special) to libinit2.o(.ARM.Collect$$libinit$$00000004) for __rt_lib_init_preinit_1
    libinit.o(.ARM.Collect$$libinit$$00000000) refers (Special) to libinit2.o(.ARM.Collect$$libinit$$0000000E) for __rt_lib_init_rand_1
    libinit.o(.ARM.Collect$$libinit$$00000000) refers (Special) to libinit2.o(.ARM.Collect$$libinit$$00000033) for __rt_lib_init_return
    libinit.o(.ARM.Collect$$libinit$$00000000) refers (Special) to libinit2.o(.ARM.Collect$$libinit$$0000001D) for __rt_lib_init_signal_1
    libinit.o(.ARM.Collect$$libinit$$00000000) refers (Special) to libinit2.o(.ARM.Collect$$libinit$$00000025) for __rt_lib_init_stdio_1
    libinit.o(.ARM.Collect$$libinit$$00000000) refers (Special) to libinit2.o(.ARM.Collect$$libinit$$0000000C) for __rt_lib_init_user_alloc_1
    libspace.o(.text) refers to libspace.o(.bss) for __libspace_start
    rtexit.o(.ARM.Collect$$rtexit$$00000000) refers (Special) to rtexit2.o(.ARM.Collect$$rtexit$$00000004) for __rt_exit_exit
    rtexit.o(.ARM.Collect$$rtexit$$00000000) refers (Special) to rtexit2.o(.ARM.Collect$$rtexit$$00000003) for __rt_exit_ls
    rtexit.o(.ARM.Collect$$rtexit$$00000000) refers (Special) to rtexit2.o(.ARM.Collect$$rtexit$$00000002) for __rt_exit_prels_1
    rtexit.o(.ARM.exidx) refers (Special) to rtexit2.o(.ARM.Collect$$rtexit$$00000004) for __rt_exit_exit
    rtexit.o(.ARM.exidx) refers (Special) to rtexit2.o(.ARM.Collect$$rtexit$$00000003) for __rt_exit_ls
    rtexit.o(.ARM.exidx) refers (Special) to rtexit2.o(.ARM.Collect$$rtexit$$00000002) for __rt_exit_prels_1
    rtexit.o(.ARM.exidx) refers to rtexit.o(.ARM.Collect$$rtexit$$00000000) for .ARM.Collect$$rtexit$$00000000
    rt_raise.o(.text) refers to __raise.o(.text) for __raise
    rt_raise.o(.text) refers to sys_exit.o(.text) for _sys_exit
    defsig_exit.o(.text) refers to sys_exit.o(.text) for _sys_exit
    defsig_fpe_inner.o(.text) refers to defsig_general.o(.text) for __default_signal_display
    libinit2.o(.ARM.Collect$$libinit$$00000010) refers to libinit2.o(.ARM.Collect$$libinit$$0000000F) for .ARM.Collect$$libinit$$0000000F
    libinit2.o(.ARM.Collect$$libinit$$00000012) refers to libinit2.o(.ARM.Collect$$libinit$$0000000F) for .ARM.Collect$$libinit$$0000000F
    libinit2.o(.ARM.Collect$$libinit$$00000014) refers to libinit2.o(.ARM.Collect$$libinit$$0000000F) for .ARM.Collect$$libinit$$0000000F
    libinit2.o(.ARM.Collect$$libinit$$00000016) refers to libinit2.o(.ARM.Collect$$libinit$$0000000F) for .ARM.Collect$$libinit$$0000000F
    libinit2.o(.ARM.Collect$$libinit$$00000018) refers to libinit2.o(.ARM.Collect$$libinit$$0000000F) for .ARM.Collect$$libinit$$0000000F
    libinit2.o(.ARM.Collect$$libinit$$00000026) refers to argv_veneer.o(.text) for __ARM_argv_veneer
    libinit2.o(.ARM.Collect$$libinit$$00000027) refers to argv_veneer.o(.text) for __ARM_argv_veneer
    sys_exit.o(.text) refers (Special) to use_no_semi.o(.text) for __I$use$semihosting
    sys_exit.o(.text) refers (Special) to indicate_semi.o(.text) for __semihosting_library_function
    rtexit2.o(.ARM.Collect$$rtexit$$00000003) refers to libshutdown.o(.ARM.Collect$$libshutdown$$00000000) for __rt_lib_shutdown
    rtexit2.o(.ARM.Collect$$rtexit$$00000004) refers to sys_exit.o(.text) for _sys_exit
    rtexit2.o(.ARM.exidx) refers to rtexit2.o(.ARM.Collect$$rtexit$$00000001) for .ARM.Collect$$rtexit$$00000001
    rtexit2.o(.ARM.exidx) refers to rtexit2.o(.ARM.Collect$$rtexit$$00000003) for .ARM.Collect$$rtexit$$00000003
    rtexit2.o(.ARM.exidx) refers to rtexit2.o(.ARM.Collect$$rtexit$$00000004) for .ARM.Collect$$rtexit$$00000004
    __raise.o(.text) refers to defsig.o(CL$$defsig) for __default_signal_handler
    defsig_general.o(.text) refers to sys_wrch.o(.text) for _ttywrch
    sys_wrch.o(.text) refers (Special) to use_no_semi.o(.text) for __I$use$semihosting
    sys_wrch.o(.text) refers (Special) to indicate_semi.o(.text) for __semihosting_library_function
    defsig.o(CL$$defsig) refers to defsig_fpe_inner.o(.text) for __rt_SIGFPE_inner
    defsig.o(CL$$defsig) refers to defsig_rtmem_inner.o(.text) for __rt_SIGRTMEM_inner
    _get_argv_nomalloc.o(.text) refers (Special) to hrguard.o(.text) for __heap_region$guard
    _get_argv_nomalloc.o(.text) refers to defsig_rtmem_outer.o(.text) for __rt_SIGRTMEM
    _get_argv_nomalloc.o(.text) refers to sys_command.o(.text) for _sys_command_string
    libshutdown.o(.ARM.Collect$$libshutdown$$00000000) refers (Special) to libshutdown2.o(.ARM.Collect$$libshutdown$$00000002) for __rt_lib_shutdown_cpp_1
    libshutdown.o(.ARM.Collect$$libshutdown$$00000000) refers (Special) to libshutdown2.o(.ARM.Collect$$libshutdown$$00000007) for __rt_lib_shutdown_fp_trap_1
    libshutdown.o(.ARM.Collect$$libshutdown$$00000000) refers (Special) to libshutdown2.o(.ARM.Collect$$libshutdown$$0000000F) for __rt_lib_shutdown_heap_1
    libshutdown.o(.ARM.Collect$$libshutdown$$00000000) refers (Special) to libshutdown2.o(.ARM.Collect$$libshutdown$$00000010) for __rt_lib_shutdown_return
    libshutdown.o(.ARM.Collect$$libshutdown$$00000000) refers (Special) to libshutdown2.o(.ARM.Collect$$libshutdown$$0000000A) for __rt_lib_shutdown_signal_1
    libshutdown.o(.ARM.Collect$$libshutdown$$00000000) refers (Special) to libshutdown2.o(.ARM.Collect$$libshutdown$$00000004) for __rt_lib_shutdown_stdio_1
    libshutdown.o(.ARM.Collect$$libshutdown$$00000000) refers (Special) to libshutdown2.o(.ARM.Collect$$libshutdown$$0000000C) for __rt_lib_shutdown_user_alloc_1
    sys_command.o(.text) refers (Special) to use_no_semi.o(.text) for __I$use$semihosting
    sys_command.o(.text) refers (Special) to indicate_semi.o(.text) for __semihosting_library_function
    defsig_abrt_inner.o(.text) refers to defsig_general.o(.text) for __default_signal_display
    defsig_rtred_inner.o(.text) refers to defsig_general.o(.text) for __default_signal_display
    defsig_rtmem_inner.o(.text) refers to defsig_general.o(.text) for __default_signal_display
    defsig_rtmem_outer.o(.text) refers to defsig_rtmem_inner.o(.text) for __rt_SIGRTMEM_inner
    defsig_rtmem_outer.o(.text) refers to defsig_exit.o(.text) for __sig_exit
    defsig_rtmem_formal.o(.text) refers to rt_raise.o(.text) for __rt_raise
    defsig_stak_inner.o(.text) refers to defsig_general.o(.text) for __default_signal_display
    defsig_pvfn_inner.o(.text) refers to defsig_general.o(.text) for __default_signal_display
    defsig_cppl_inner.o(.text) refers to defsig_general.o(.text) for __default_signal_display
    defsig_segv_inner.o(.text) refers to defsig_general.o(.text) for __default_signal_display
    defsig_other.o(.text) refers to defsig_general.o(.text) for __default_signal_display


==============================================================================

Removing Unused input sections from the image.

    Removing core_cm0.o(.emb_text), (32 bytes).
    Removing control.o(i.ADC_average), (116 bytes).
    Removing control.o(i.Start_Move), (20 bytes).
    Removing control.o(i.Stop_Move), (16 bytes).
    Removing control.o(i.get_ADC_value), (66 bytes).
    Removing control.o(.bss), (48 bytes).
    Removing timer.o(i.InitTIMER0), (152 bytes).
    Removing drvadc.o(i.DrvADC_Close), (112 bytes).
    Removing drvadc.o(i.DrvADC_ConfigADCChannel7), (72 bytes).
    Removing drvadc.o(i.DrvADC_DiffModeOutputFormat), (28 bytes).
    Removing drvadc.o(i.DrvADC_DisableADCCmp0), (20 bytes).
    Removing drvadc.o(i.DrvADC_DisableADCCmp0Int), (20 bytes).
    Removing drvadc.o(i.DrvADC_DisableADCCmp1), (20 bytes).
    Removing drvadc.o(i.DrvADC_DisableADCCmp1Int), (20 bytes).
    Removing drvadc.o(i.DrvADC_DisableADCInt), (20 bytes).
    Removing drvadc.o(i.DrvADC_DisableExtTrigger), (20 bytes).
    Removing drvadc.o(i.DrvADC_DisablePDMA), (20 bytes).
    Removing drvadc.o(i.DrvADC_DisableSelfCalibration), (20 bytes).
    Removing drvadc.o(i.DrvADC_EnableADCCmp0), (148 bytes).
    Removing drvadc.o(i.DrvADC_EnableADCCmp0Int), (72 bytes).
    Removing drvadc.o(i.DrvADC_EnableADCCmp1), (148 bytes).
    Removing drvadc.o(i.DrvADC_EnableADCCmp1Int), (72 bytes).
    Removing drvadc.o(i.DrvADC_EnableADCInt), (72 bytes).
    Removing drvadc.o(i.DrvADC_EnableExtTrigger), (80 bytes).
    Removing drvadc.o(i.DrvADC_EnablePDMA), (32 bytes).
    Removing drvadc.o(i.DrvADC_EnableSelfCalibration), (20 bytes).
    Removing drvadc.o(i.DrvADC_GetConversionData), (92 bytes).
    Removing drvadc.o(i.DrvADC_GetConversionRate), (168 bytes).
    Removing drvadc.o(i.DrvADC_GetVersion), (8 bytes).
    Removing drvadc.o(i.DrvADC_IsCalibrationDone), (24 bytes).
    Removing drvadc.o(i.DrvADC_IsConversionDone), (24 bytes).
    Removing drvadc.o(i.DrvADC_IsDataOverrun), (60 bytes).
    Removing drvadc.o(i.DrvADC_IsDataValid), (60 bytes).
    Removing drvadc.o(i.DrvADC_SetADCChannel), (24 bytes).
    Removing drvadc.o(i.DrvADC_SetADCClkSrc), (28 bytes).
    Removing drvadc.o(i.DrvADC_SetADCDivisor), (32 bytes).
    Removing drvadc.o(i.DrvADC_SetADCInputMode), (44 bytes).
    Removing drvadc.o(i.DrvADC_SetADCOperationMode), (60 bytes).
    Removing drvadc.o(i.DrvADC_StartConvert), (36 bytes).
    Removing drvadc.o(i.DrvADC_StopConvert), (20 bytes).
    Removing drvadc.o(i.NVIC_EnableIRQ), (20 bytes).
    Removing drvadc.o(i.NVIC_SetPriority), (120 bytes).
    Removing drvgpio.o(i.DrvGPIO_Close), (68 bytes).
    Removing drvgpio.o(i.DrvGPIO_ClrBitMask), (36 bytes).
    Removing drvgpio.o(i.DrvGPIO_ClrPortMask), (32 bytes).
    Removing drvgpio.o(i.DrvGPIO_DisableDebounce), (52 bytes).
    Removing drvgpio.o(i.DrvGPIO_DisableDigitalInputBit), (40 bytes).
    Removing drvgpio.o(i.DrvGPIO_DisableEINT0), (36 bytes).
    Removing drvgpio.o(i.DrvGPIO_DisableEINT1), (36 bytes).
    Removing drvgpio.o(i.DrvGPIO_DisableInt), (80 bytes).
    Removing drvgpio.o(i.DrvGPIO_EnableDigitalInputBit), (40 bytes).
    Removing drvgpio.o(i.DrvGPIO_EnableEINT0), (152 bytes).
    Removing drvgpio.o(i.DrvGPIO_EnableInt), (240 bytes).
    Removing drvgpio.o(i.DrvGPIO_GetBitMask), (28 bytes).
    Removing drvgpio.o(i.DrvGPIO_GetDebounceSampleCycle), (16 bytes).
    Removing drvgpio.o(i.DrvGPIO_GetDoutBit), (40 bytes).
    Removing drvgpio.o(i.DrvGPIO_GetIntStatus), (16 bytes).
    Removing drvgpio.o(i.DrvGPIO_GetPortBits), (16 bytes).
    Removing drvgpio.o(i.DrvGPIO_GetPortDoutBits), (28 bytes).
    Removing drvgpio.o(i.DrvGPIO_GetPortMask), (16 bytes).
    Removing drvgpio.o(i.DrvGPIO_GetVersion), (8 bytes).
    Removing drvgpio.o(i.DrvGPIO_SetBitMask), (36 bytes).
    Removing drvgpio.o(i.DrvGPIO_SetIntCallback), (20 bytes).
    Removing drvgpio.o(i.DrvGPIO_SetPortBits), (20 bytes).
    Removing drvgpio.o(i.DrvGPIO_SetPortMask), (32 bytes).
    Removing drvgpio.o(i.NVIC_DisableIRQ), (20 bytes).
    Removing drvsys.o(i.DrvSYS_ClearClockSwitchStatus), (20 bytes).
    Removing drvsys.o(i.DrvSYS_ClearResetSource), (12 bytes).
    Removing drvsys.o(i.DrvSYS_DisableBODLowPowerMode), (18 bytes).
    Removing drvsys.o(i.DrvSYS_DisableHighPerformanceMode), (18 bytes).
    Removing drvsys.o(i.DrvSYS_DisableLowVoltReset), (18 bytes).
    Removing drvsys.o(i.DrvSYS_DisablePOR), (12 bytes).
    Removing drvsys.o(i.DrvSYS_DisableTemperatureSensor), (18 bytes).
    Removing drvsys.o(i.DrvSYS_EnableBODLowPowerMode), (20 bytes).
    Removing drvsys.o(i.DrvSYS_EnableHighPerformanceMode), (20 bytes).
    Removing drvsys.o(i.DrvSYS_EnableLowVoltReset), (20 bytes).
    Removing drvsys.o(i.DrvSYS_EnablePOR), (10 bytes).
    Removing drvsys.o(i.DrvSYS_EnableTemperatureSensor), (20 bytes).
    Removing drvsys.o(i.DrvSYS_EnterPowerDown), (56 bytes).
    Removing drvsys.o(i.DrvSYS_GetBODState), (12 bytes).
    Removing drvsys.o(i.DrvSYS_GetChipClockSourceStatus), (88 bytes).
    Removing drvsys.o(i.DrvSYS_GetClockSwitchStatus), (16 bytes).
    Removing drvsys.o(i.DrvSYS_GetHCLKFreq), (112 bytes).
    Removing drvsys.o(i.DrvSYS_GetResetSource), (8 bytes).
    Removing drvsys.o(i.DrvSYS_GetVersion), (8 bytes).
    Removing drvsys.o(i.DrvSYS_LockProtectedReg), (36 bytes).
    Removing drvsys.o(i.DrvSYS_ReadProductID), (8 bytes).
    Removing drvsys.o(i.DrvSYS_ResetCPU), (20 bytes).
    Removing drvsys.o(i.DrvSYS_ResetChip), (20 bytes).
    Removing drvsys.o(i.DrvSYS_ResetIP), (110 bytes).
    Removing drvsys.o(i.DrvSYS_SelectBODVolt), (26 bytes).
    Removing drvsys.o(i.DrvSYS_SelectIPClockSource), (352 bytes).
    Removing drvsys.o(i.DrvSYS_SelectPLLSource), (32 bytes).
    Removing drvsys.o(i.DrvSYS_SelectSysTickSource), (52 bytes).
    Removing drvsys.o(i.DrvSYS_SetBODFunction), (92 bytes).
    Removing drvsys.o(i.DrvSYS_SetClockDivider), (136 bytes).
    Removing drvsys.o(i.DrvSYS_SetFreqDividerOutput), (76 bytes).
    Removing drvsys.o(i.DrvSYS_SetIPClock), (120 bytes).
    Removing drvsys.o(i.DrvSYS_SetOscCtrl), (128 bytes).
    Removing drvsys.o(i.DrvSYS_SetPLLMode), (52 bytes).
    Removing drvsys.o(i.DrvSYS_SetPowerDownWakeUpInt), (108 bytes).
    Removing drvsys.o(i.DrvSYS_UnlockProtectedReg), (44 bytes).
    Removing drvsys.o(i.NVIC_DisableIRQ), (20 bytes).
    Removing drvsys.o(i.NVIC_EnableIRQ), (20 bytes).
    Removing drvsys.o(i.NVIC_SetPriority), (120 bytes).
    Removing drvuart.o(i.DrvUART_ClearIntFlag), (160 bytes).
    Removing drvuart.o(i.DrvUART_Close), (176 bytes).
    Removing drvuart.o(i.DrvUART_DisableInt), (184 bytes).
    Removing drvuart.o(i.DrvUART_DisablePDMA), (76 bytes).
    Removing drvuart.o(i.DrvUART_EnablePDMA), (84 bytes).
    Removing drvuart.o(i.DrvUART_GetCTSInfo), (28 bytes).
    Removing drvuart.o(i.DrvUART_GetIntStatus), (116 bytes).
    Removing drvuart.o(i.DrvUART_GetVersion), (8 bytes).
    Removing drvuart.o(i.DrvUART_SetFnIRDA), (88 bytes).
    Removing drvuart.o(i.DrvUART_SetFnLIN), (76 bytes).
    Removing drvuart.o(i.DrvUART_SetFnRS485), (196 bytes).
    Removing drvuart.o(i.DrvUART_SetRTS), (52 bytes).
    Removing drvuart.o(i.NVIC_DisableIRQ), (20 bytes).
    Removing lcd_driver.o(i.Disable_Buzzer), (22 bytes).
    Removing lcd_driver.o(i.Initial_pannel), (536 bytes).
    Removing lcd_driver.o(i.SetPACA), (244 bytes).
    Removing lcd_driver.o(i.Show_Word), (120 bytes).
    Removing lcd_driver.o(i.SysTimerDelay), (40 bytes).
    Removing lcd_driver.o(i.WriteData), (88 bytes).
    Removing lcd_driver.o(i.clr_all_pannal), (40 bytes).
    Removing lcd_driver.o(i.print_lcd), (40 bytes).
    Removing lcd_driver.o(.data), (16 bytes).
    Removing ascii_table.o(.data), (1520 bytes).

128 unused section(s) (total 9402 bytes) removed from the image.

==============================================================================

Image Symbol Table

    Local Symbols

    Symbol Name                              Value     Ov Type        Size  Object(Section)

    RESET                                    0x00000000   Section      192  startup_nuc1xx.o(RESET)
    ../clib/angel/boardlib.s                 0x00000000   Number         0  boardinit3.o ABSOLUTE
    ../clib/angel/boardlib.s                 0x00000000   Number         0  boardinit1.o ABSOLUTE
    ../clib/angel/boardlib.s                 0x00000000   Number         0  boardinit2.o ABSOLUTE
    ../clib/angel/boardlib.s                 0x00000000   Number         0  boardshut.o ABSOLUTE
    ../clib/angel/handlers.s                 0x00000000   Number         0  __scatter_zi.o ABSOLUTE
    ../clib/angel/handlers.s                 0x00000000   Number         0  __scatter_copy.o ABSOLUTE
    ../clib/angel/kernel.s                   0x00000000   Number         0  __rtentry.o ABSOLUTE
    ../clib/angel/kernel.s                   0x00000000   Number         0  __rtentry2.o ABSOLUTE
    ../clib/angel/kernel.s                   0x00000000   Number         0  __rtentry4.o ABSOLUTE
    ../clib/angel/kernel.s                   0x00000000   Number         0  rtexit2.o ABSOLUTE
    ../clib/angel/kernel.s                   0x00000000   Number         0  rtexit.o ABSOLUTE
    ../clib/angel/rt.s                       0x00000000   Number         0  rt_div0.o ABSOLUTE
    ../clib/angel/rt.s                       0x00000000   Number         0  aeabi_idiv0_sigfpe.o ABSOLUTE
    ../clib/angel/rt.s                       0x00000000   Number         0  aeabi_idiv0.o ABSOLUTE
    ../clib/angel/rt.s                       0x00000000   Number         0  rt_raise.o ABSOLUTE
    ../clib/angel/scatterp.s                 0x00000000   Number         0  __scatter.o ABSOLUTE
    ../clib/angel/startup.s                  0x00000000   Number         0  __main.o ABSOLUTE
    ../clib/angel/sys.s                      0x00000000   Number         0  libspace.o ABSOLUTE
    ../clib/angel/sys.s                      0x00000000   Number         0  use_no_semi.o ABSOLUTE
    ../clib/angel/sys.s                      0x00000000   Number         0  indicate_semi.o ABSOLUTE
    ../clib/angel/sys.s                      0x00000000   Number         0  tempstk.o ABSOLUTE
    ../clib/angel/sys.s                      0x00000000   Number         0  sys_stackheap_outer.o ABSOLUTE
    ../clib/angel/sysapp.c                   0x00000000   Number         0  sys_wrch.o ABSOLUTE
    ../clib/angel/sysapp.c                   0x00000000   Number         0  sys_command.o ABSOLUTE
    ../clib/angel/sysapp.c                   0x00000000   Number         0  sys_exit.o ABSOLUTE
    ../clib/armsys.c                         0x00000000   Number         0  argv_veneer.o ABSOLUTE
    ../clib/armsys.c                         0x00000000   Number         0  no_argv.o ABSOLUTE
    ../clib/armsys.c                         0x00000000   Number         0  _get_argv_nomalloc.o ABSOLUTE
    ../clib/division.c                       0x00000000   Number         0  rtudiv10.o ABSOLUTE
    ../clib/division.s                       0x00000000   Number         0  aeabi_sdiv.o ABSOLUTE
    ../clib/division.s                       0x00000000   Number         0  aeabi_sdiv_div0.o ABSOLUTE
    ../clib/heapalloc.c                      0x00000000   Number         0  hrguard.o ABSOLUTE
    ../clib/heapaux.c                        0x00000000   Number         0  heapauxi.o ABSOLUTE
    ../clib/libinit.s                        0x00000000   Number         0  libshutdown.o ABSOLUTE
    ../clib/libinit.s                        0x00000000   Number         0  libshutdown2.o ABSOLUTE
    ../clib/libinit.s                        0x00000000   Number         0  libinit2.o ABSOLUTE
    ../clib/libinit.s                        0x00000000   Number         0  libinit.o ABSOLUTE
    ../clib/memcpset.c                       0x00000000   Number         0  rt_memclr.o ABSOLUTE
    ../clib/printf.c                         0x00000000   Number         0  __printf_flags_ss.o ABSOLUTE
    ../clib/printf.c                         0x00000000   Number         0  __printf_wp.o ABSOLUTE
    ../clib/printf.c                         0x00000000   Number         0  __printf_ss.o ABSOLUTE
    ../clib/printf.c                         0x00000000   Number         0  __printf_flags.o ABSOLUTE
    ../clib/printf.c                         0x00000000   Number         0  _printf_dec.o ABSOLUTE
    ../clib/printf.c                         0x00000000   Number         0  __2sprintf.o ABSOLUTE
    ../clib/printf.c                         0x00000000   Number         0  __printf.o ABSOLUTE
    ../clib/printf.c                         0x00000000   Number         0  noretval__2sprintf.o ABSOLUTE
    ../clib/printf.c                         0x00000000   Number         0  _printf_intcommon.o ABSOLUTE
    ../clib/printf.c                         0x00000000   Number         0  _printf_char_common.o ABSOLUTE
    ../clib/printf.c                         0x00000000   Number         0  __printf_flags_wp.o ABSOLUTE
    ../clib/printf.c                         0x00000000   Number         0  __printf_nopercent.o ABSOLUTE
    ../clib/printf.c                         0x00000000   Number         0  __printf_flags_ss_wp.o ABSOLUTE
    ../clib/printf.c                         0x00000000   Number         0  __printf_ss_wp.o ABSOLUTE
    ../clib/printf.c                         0x00000000   Number         0  _sputc.o ABSOLUTE
    ../clib/printf_percent.s                 0x00000000   Number         0  _printf_percent.o ABSOLUTE
    ../clib/printf_percent.s                 0x00000000   Number         0  _printf_d.o ABSOLUTE
    ../clib/printf_percent.s                 0x00000000   Number         0  _printf_percent_end.o ABSOLUTE
    ../clib/signal.c                         0x00000000   Number         0  defsig_segv_inner.o ABSOLUTE
    ../clib/signal.c                         0x00000000   Number         0  defsig_cppl_inner.o ABSOLUTE
    ../clib/signal.c                         0x00000000   Number         0  defsig_pvfn_inner.o ABSOLUTE
    ../clib/signal.c                         0x00000000   Number         0  defsig_stak_inner.o ABSOLUTE
    ../clib/signal.c                         0x00000000   Number         0  defsig_rtmem_formal.o ABSOLUTE
    ../clib/signal.c                         0x00000000   Number         0  defsig_rtmem_outer.o ABSOLUTE
    ../clib/signal.c                         0x00000000   Number         0  defsig_fpe_formal.o ABSOLUTE
    ../clib/signal.c                         0x00000000   Number         0  defsig_fpe_outer.o ABSOLUTE
    ../clib/signal.c                         0x00000000   Number         0  defsig_rtmem_inner.o ABSOLUTE
    ../clib/signal.c                         0x00000000   Number         0  defsig_rtred_inner.o ABSOLUTE
    ../clib/signal.c                         0x00000000   Number         0  defsig_abrt_inner.o ABSOLUTE
    ../clib/signal.c                         0x00000000   Number         0  defsig_general.o ABSOLUTE
    ../clib/signal.c                         0x00000000   Number         0  __raise.o ABSOLUTE
    ../clib/signal.c                         0x00000000   Number         0  defsig_fpe_inner.o ABSOLUTE
    ../clib/signal.c                         0x00000000   Number         0  defsig_exit.o ABSOLUTE
    ../clib/signal.c                         0x00000000   Number         0  defsig_other.o ABSOLUTE
    ../clib/signal.s                         0x00000000   Number         0  defsig.o ABSOLUTE
    ../clib/stdlib.c                         0x00000000   Number         0  exit.o ABSOLUTE
    ../clib/string.c                         0x00000000   Number         0  strlen.o ABSOLUTE
    ../fplib/cfplib/fpinit.c                 0x00000000   Number         0  fpinit.o ABSOLUTE
    ..\..\..\..\CMSIS\CM0\CoreSupport\core_cm0.c 0x00000000   Number         0  core_cm0.o ABSOLUTE
    ..\..\..\..\CMSIS\CM0\DeviceSupport\Nuvoton\NUC1xx\system_NUC1xx.c 0x00000000   Number         0  system_nuc1xx.o ABSOLUTE
    ..\..\..\Src\Driver\DrvADC.c             0x00000000   Number         0  drvadc.o ABSOLUTE
    ..\..\..\Src\Driver\DrvGPIO.c            0x00000000   Number         0  drvgpio.o ABSOLUTE
    ..\..\..\Src\Driver\DrvSYS.c             0x00000000   Number         0  drvsys.o ABSOLUTE
    ..\..\..\Src\Driver\DrvUART.c            0x00000000   Number         0  drvuart.o ABSOLUTE
    ..\..\..\Src\NUC1xx-LB_002\Ascii_Table.C 0x00000000   Number         0  ascii_table.o ABSOLUTE
    ..\..\..\Src\NUC1xx-LB_002\LCD_Driver.c  0x00000000   Number         0  lcd_driver.o ABSOLUTE
    ..\\..\\..\\..\\CMSIS\\CM0\\CoreSupport\\core_cm0.c 0x00000000   Number         0  core_cm0.o ABSOLUTE
    Timer.c                                  0x00000000   Number         0  timer.o ABSOLUTE
    control.c                                0x00000000   Number         0  control.o ABSOLUTE
    startup_NUC1xx.s                         0x00000000   Number         0  startup_nuc1xx.o ABSOLUTE
    !!!main                                  0x000000c0   Section        8  __main.o(!!!main)
    !!!scatter                               0x000000c8   Section       60  __scatter.o(!!!scatter)
    !!handler_copy                           0x00000104   Section       26  __scatter_copy.o(!!handler_copy)
    !!handler_zi                             0x00000120   Section       28  __scatter_zi.o(!!handler_zi)
    .ARM.Collect$$_printf_percent$$00000000  0x0000013c   Section        2  _printf_percent.o(.ARM.Collect$$_printf_percent$$00000000)
    .ARM.Collect$$_printf_percent$$00000009  0x0000013e   Section       10  _printf_d.o(.ARM.Collect$$_printf_percent$$00000009)
    .ARM.Collect$$_printf_percent$$00000017  0x00000148   Section        4  _printf_percent_end.o(.ARM.Collect$$_printf_percent$$00000017)
    .ARM.Collect$$libinit$$00000000          0x0000014c   Section        2  libinit.o(.ARM.Collect$$libinit$$00000000)
    .ARM.Collect$$libinit$$00000002          0x0000014e   Section        0  libinit2.o(.ARM.Collect$$libinit$$00000002)
    .ARM.Collect$$libinit$$00000004          0x0000014e   Section        0  libinit2.o(.ARM.Collect$$libinit$$00000004)
    .ARM.Collect$$libinit$$0000000A          0x0000014e   Section        0  libinit2.o(.ARM.Collect$$libinit$$0000000A)
    .ARM.Collect$$libinit$$0000000C          0x0000014e   Section        0  libinit2.o(.ARM.Collect$$libinit$$0000000C)
    .ARM.Collect$$libinit$$0000000E          0x0000014e   Section        0  libinit2.o(.ARM.Collect$$libinit$$0000000E)
    .ARM.Collect$$libinit$$00000011          0x0000014e   Section        0  libinit2.o(.ARM.Collect$$libinit$$00000011)
    .ARM.Collect$$libinit$$00000013          0x0000014e   Section        0  libinit2.o(.ARM.Collect$$libinit$$00000013)
    .ARM.Collect$$libinit$$00000015          0x0000014e   Section        0  libinit2.o(.ARM.Collect$$libinit$$00000015)
    .ARM.Collect$$libinit$$00000017          0x0000014e   Section        0  libinit2.o(.ARM.Collect$$libinit$$00000017)
    .ARM.Collect$$libinit$$00000019          0x0000014e   Section        0  libinit2.o(.ARM.Collect$$libinit$$00000019)
    .ARM.Collect$$libinit$$0000001B          0x0000014e   Section        0  libinit2.o(.ARM.Collect$$libinit$$0000001B)
    .ARM.Collect$$libinit$$0000001D          0x0000014e   Section        0  libinit2.o(.ARM.Collect$$libinit$$0000001D)
    .ARM.Collect$$libinit$$0000001F          0x0000014e   Section        0  libinit2.o(.ARM.Collect$$libinit$$0000001F)
    .ARM.Collect$$libinit$$00000021          0x0000014e   Section        0  libinit2.o(.ARM.Collect$$libinit$$00000021)
    .ARM.Collect$$libinit$$00000023          0x0000014e   Section        0  libinit2.o(.ARM.Collect$$libinit$$00000023)
    .ARM.Collect$$libinit$$00000025          0x0000014e   Section        0  libinit2.o(.ARM.Collect$$libinit$$00000025)
    .ARM.Collect$$libinit$$0000002C          0x0000014e   Section        0  libinit2.o(.ARM.Collect$$libinit$$0000002C)
    .ARM.Collect$$libinit$$0000002E          0x0000014e   Section        0  libinit2.o(.ARM.Collect$$libinit$$0000002E)
    .ARM.Collect$$libinit$$00000030          0x0000014e   Section        0  libinit2.o(.ARM.Collect$$libinit$$00000030)
    .ARM.Collect$$libinit$$00000032          0x0000014e   Section        0  libinit2.o(.ARM.Collect$$libinit$$00000032)
    .ARM.Collect$$libinit$$00000033          0x0000014e   Section        2  libinit2.o(.ARM.Collect$$libinit$$00000033)
    .ARM.Collect$$libshutdown$$00000000      0x00000150   Section        2  libshutdown.o(.ARM.Collect$$libshutdown$$00000000)
    .ARM.Collect$$libshutdown$$00000002      0x00000152   Section        0  libshutdown2.o(.ARM.Collect$$libshutdown$$00000002)
    .ARM.Collect$$libshutdown$$00000004      0x00000152   Section        0  libshutdown2.o(.ARM.Collect$$libshutdown$$00000004)
    .ARM.Collect$$libshutdown$$00000007      0x00000152   Section        0  libshutdown2.o(.ARM.Collect$$libshutdown$$00000007)
    .ARM.Collect$$libshutdown$$0000000A      0x00000152   Section        0  libshutdown2.o(.ARM.Collect$$libshutdown$$0000000A)
    .ARM.Collect$$libshutdown$$0000000C      0x00000152   Section        0  libshutdown2.o(.ARM.Collect$$libshutdown$$0000000C)
    .ARM.Collect$$libshutdown$$0000000F      0x00000152   Section        0  libshutdown2.o(.ARM.Collect$$libshutdown$$0000000F)
    .ARM.Collect$$libshutdown$$00000010      0x00000152   Section        2  libshutdown2.o(.ARM.Collect$$libshutdown$$00000010)
    .ARM.Collect$$rtentry$$00000000          0x00000154   Section        0  __rtentry.o(.ARM.Collect$$rtentry$$00000000)
    .ARM.Collect$$rtentry$$00000002          0x00000154   Section        0  __rtentry2.o(.ARM.Collect$$rtentry$$00000002)
    .ARM.Collect$$rtentry$$00000004          0x00000154   Section        6  __rtentry4.o(.ARM.Collect$$rtentry$$00000004)
    .ARM.Collect$$rtentry$$00000009          0x0000015a   Section        0  __rtentry2.o(.ARM.Collect$$rtentry$$00000009)
    .ARM.Collect$$rtentry$$0000000A          0x0000015a   Section        4  __rtentry2.o(.ARM.Collect$$rtentry$$0000000A)
    .ARM.Collect$$rtentry$$0000000C          0x0000015e   Section        0  __rtentry2.o(.ARM.Collect$$rtentry$$0000000C)
    .ARM.Collect$$rtentry$$0000000D          0x0000015e   Section        8  __rtentry2.o(.ARM.Collect$$rtentry$$0000000D)
    .ARM.Collect$$rtexit$$00000000           0x00000166   Section        2  rtexit.o(.ARM.Collect$$rtexit$$00000000)
    .ARM.Collect$$rtexit$$00000002           0x00000168   Section        0  rtexit2.o(.ARM.Collect$$rtexit$$00000002)
    .ARM.Collect$$rtexit$$00000003           0x00000168   Section        4  rtexit2.o(.ARM.Collect$$rtexit$$00000003)
    .ARM.Collect$$rtexit$$00000004           0x0000016c   Section        6  rtexit2.o(.ARM.Collect$$rtexit$$00000004)
    .text                                    0x00000174   Section      100  startup_nuc1xx.o(.text)
    Default_Handler                          0x0000019f   Thumb Code     2  startup_nuc1xx.o(.text)
    .text                                    0x000001d8   Section        0  noretval__2sprintf.o(.text)
    .text                                    0x00000200   Section        0  __printf.o(.text)
    .text                                    0x0000026c   Section        0  _printf_dec.o(.text)
    .text                                    0x000002d8   Section        0  strlen.o(.text)
    .text                                    0x0000031c   Section      346  aeabi_sdiv.o(.text)
    .text                                    0x00000476   Section        0  heapauxi.o(.text)
    .text                                    0x0000047c   Section        0  _printf_intcommon.o(.text)
    .text                                    0x0000052c   Section        0  _printf_char_common.o(.text)
    _printf_input_char                       0x0000052d   Thumb Code    10  _printf_char_common.o(.text)
    .text                                    0x0000055c   Section        0  _sputc.o(.text)
    .text                                    0x00000566   Section        0  rtudiv10.o(.text)
    .text                                    0x0000058e   Section       62  sys_stackheap_outer.o(.text)
    .text                                    0x000005cc   Section        0  exit.o(.text)
    .text                                    0x000005dc   Section        8  libspace.o(.text)
    .text                                    0x000005e4   Section        0  sys_exit.o(.text)
    .text                                    0x000005f0   Section        2  use_no_semi.o(.text)
    .text                                    0x000005f2   Section        0  indicate_semi.o(.text)
    i.ADC_IRQHandler                         0x000005f4   Section        0  drvadc.o(i.ADC_IRQHandler)
    i.ADC_initialize                         0x00000690   Section        0  control.o(i.ADC_initialize)
    i.BOD_IRQHandler                         0x000006ac   Section        0  drvsys.o(i.BOD_IRQHandler)
    i.BaudRateCalculator                     0x000006d4   Section        0  drvuart.o(i.BaudRateCalculator)
    BaudRateCalculator                       0x000006d5   Thumb Code   204  drvuart.o(i.BaudRateCalculator)
    i.DrvADC_Open                            0x000007a8   Section        0  drvadc.o(i.DrvADC_Open)
    i.DrvGPIO_ClrBit                         0x00000888   Section        0  drvgpio.o(i.DrvGPIO_ClrBit)
    i.DrvGPIO_EnableDebounce                 0x000008b4   Section        0  drvgpio.o(i.DrvGPIO_EnableDebounce)
    i.DrvGPIO_EnableEINT1                    0x000008e8   Section        0  drvgpio.o(i.DrvGPIO_EnableEINT1)
    i.DrvGPIO_GetBit                         0x00000980   Section        0  drvgpio.o(i.DrvGPIO_GetBit)
    i.DrvGPIO_InitFunction                   0x000009ac   Section        0  drvgpio.o(i.DrvGPIO_InitFunction)
    i.DrvGPIO_Open                           0x00001104   Section        0  drvgpio.o(i.DrvGPIO_Open)
    i.DrvGPIO_SetBit                         0x0000118c   Section        0  drvgpio.o(i.DrvGPIO_SetBit)
    i.DrvGPIO_SetDebounceTime                0x000011b8   Section        0  drvgpio.o(i.DrvGPIO_SetDebounceTime)
    i.DrvSYS_Delay                           0x000011f8   Section        0  drvsys.o(i.DrvSYS_Delay)
    i.DrvSYS_GetExtClockFreq                 0x00001224   Section        0  drvsys.o(i.DrvSYS_GetExtClockFreq)
    i.DrvSYS_GetPLLClockFreq                 0x0000122c   Section        0  drvsys.o(i.DrvSYS_GetPLLClockFreq)
    i.DrvSYS_GetPLLContent                   0x000012a4   Section        0  drvsys.o(i.DrvSYS_GetPLLContent)
    i.DrvSYS_IsProtectedRegLocked            0x00001368   Section        0  drvsys.o(i.DrvSYS_IsProtectedRegLocked)
    i.DrvSYS_Open                            0x00001378   Section        0  drvsys.o(i.DrvSYS_Open)
    i.DrvSYS_SelectHCLKSource                0x00001438   Section        0  drvsys.o(i.DrvSYS_SelectHCLKSource)
    i.DrvSYS_SetPLLContent                   0x00001470   Section        0  drvsys.o(i.DrvSYS_SetPLLContent)
    i.DrvUART_EnableInt                      0x000014bc   Section        0  drvuart.o(i.DrvUART_EnableInt)
    i.DrvUART_Open                           0x000015b8   Section        0  drvuart.o(i.DrvUART_Open)
    i.DrvUART_Read                           0x00001820   Section        0  drvuart.o(i.DrvUART_Read)
    i.DrvUART_Write                          0x00001860   Section        0  drvuart.o(i.DrvUART_Write)
    i.EINT0_IRQHandler                       0x000018a0   Section        0  drvgpio.o(i.EINT0_IRQHandler)
    i.EINT1Callback                          0x000018c4   Section        0  control.o(i.EINT1Callback)
    i.EINT1_IRQHandler                       0x000018cc   Section        0  drvgpio.o(i.EINT1_IRQHandler)
    i.GPAB_IRQHandler                        0x000018f0   Section        0  drvgpio.o(i.GPAB_IRQHandler)
    i.GPCDE_IRQHandler                       0x00001934   Section        0  drvgpio.o(i.GPCDE_IRQHandler)
    i.GetUartClk                             0x00001980   Section        0  drvuart.o(i.GetUartClk)
    GetUartClk                               0x00001981   Thumb Code    66  drvuart.o(i.GetUartClk)
    i.InitPWM                                0x000019cc   Section        0  control.o(i.InitPWM)
    i.Init_GPIO                              0x00001b68   Section        0  control.o(i.Init_GPIO)
    i.NVIC_EnableIRQ                         0x00001c30   Section        0  drvgpio.o(i.NVIC_EnableIRQ)
    NVIC_EnableIRQ                           0x00001c31   Thumb Code    14  drvgpio.o(i.NVIC_EnableIRQ)
    i.NVIC_EnableIRQ                         0x00001c44   Section        0  drvuart.o(i.NVIC_EnableIRQ)
    NVIC_EnableIRQ                           0x00001c45   Thumb Code    14  drvuart.o(i.NVIC_EnableIRQ)
    i.NVIC_SetPriority                       0x00001c58   Section        0  drvgpio.o(i.NVIC_SetPriority)
    NVIC_SetPriority                         0x00001c59   Thumb Code   110  drvgpio.o(i.NVIC_SetPriority)
    i.PWRWU_IRQHandler                       0x00001cd0   Section        0  drvsys.o(i.PWRWU_IRQHandler)
    i.RFID_UART_INT_HANDLE                   0x00001cf8   Section        0  control.o(i.RFID_UART_INT_HANDLE)
    i.SystemCoreClockUpdate                  0x00001d54   Section        0  system_nuc1xx.o(i.SystemCoreClockUpdate)
    i.SystemInit                             0x00001df4   Section        0  system_nuc1xx.o(i.SystemInit)
    i.TMR0_IRQHandler                        0x00001df8   Section        0  timer.o(i.TMR0_IRQHandler)
    i.UART02_IRQHandler                      0x00001f40   Section        0  drvuart.o(i.UART02_IRQHandler)
    i.UART1_IRQHandler                       0x00001f7c   Section        0  drvuart.o(i.UART1_IRQHandler)
    i.WIFI_UART_INT_HANDLE                   0x00001f9c   Section        0  control.o(i.WIFI_UART_INT_HANDLE)
    i.__ARM_common_switch8                   0x00002048   Section        0  control.o(i.__ARM_common_switch8)
    i.delay_s                                0x00002064   Section        0  control.o(i.delay_s)
    i.get_weight                             0x00002084   Section        0  control.o(i.get_weight)
    i.hex_to_Decimal                         0x000021b8   Section        0  control.o(i.hex_to_Decimal)
    i.main                                   0x000022b8   Section        0  control.o(i.main)
    .constdata                               0x000023f4   Section       10  control.o(.constdata)
    .constdata                               0x00002400   Section       16  drvsys.o(.constdata)
    .data                                    0x20000000   Section       28  system_nuc1xx.o(.data)
    .data                                    0x2000001c   Section       16  control.o(.data)
    .data                                    0x2000002c   Section        8  timer.o(.data)
    .data                                    0x20000034   Section       12  drvadc.o(.data)
    g_ptADCCallBack                          0x20000034   Data           4  drvadc.o(.data)
    g_ptADCMP0CallBack                       0x20000038   Data           4  drvadc.o(.data)
    g_ptADCMP1CallBack                       0x2000003c   Data           4  drvadc.o(.data)
    .data                                    0x20000040   Section       16  drvgpio.o(.data)
    _pfGPABCallback                          0x20000040   Data           4  drvgpio.o(.data)
    _pfGPCDECallback                         0x20000044   Data           4  drvgpio.o(.data)
    _pfEINT0Callback                         0x20000048   Data           4  drvgpio.o(.data)
    _pfEINT1Callback                         0x2000004c   Data           4  drvgpio.o(.data)
    .data                                    0x20000050   Section        8  drvsys.o(.data)
    BOD_callbackFn                           0x20000050   Data           4  drvsys.o(.data)
    PWRWU_callbackFn                         0x20000054   Data           4  drvsys.o(.data)
    .data                                    0x20000058   Section       12  drvuart.o(.data)
    g_pfnUART0callback                       0x20000058   Data           4  drvuart.o(.data)
    g_pfnUART1callback                       0x2000005c   Data           4  drvuart.o(.data)
    g_pfnUART2callback                       0x20000060   Data           4  drvuart.o(.data)
    .bss                                     0x20000064   Section       12  drvadc.o(.bss)
    g_pu32UserData                           0x20000064   Data          12  drvadc.o(.bss)
    .bss                                     0x20000070   Section       96  libspace.o(.bss)
    HEAP                                     0x200000d0   Section        0  startup_nuc1xx.o(HEAP)
    STACK                                    0x200000d0   Section      512  startup_nuc1xx.o(STACK)
    Heap_Mem                                 0x200000d0   Data           0  startup_nuc1xx.o(HEAP)
    Stack_Mem                                0x200000d0   Data         512  startup_nuc1xx.o(STACK)
    __initial_sp                             0x200002d0   Data           0  startup_nuc1xx.o(STACK)

    Global Symbols

    Symbol Name                              Value     Ov Type        Size  Object(Section)

    BuildAttributes$$THM_ISAv3M$S$PE$A:L22$X:L11$S22$IEEE1$IW$USESV6$~STKCKD$USESV7$~SHL$OSPACE$ROPI$EBA8$UX$STANDARDLIB$REQ8$PRES8$EABIv2 0x00000000   Number         0  anon$$obj.o ABSOLUTE
    __ARM_use_no_argv                        0x00000000   Number         0  control.o ABSOLUTE
    __Vectors                                0x00000000   Data           4  startup_nuc1xx.o(RESET)
    __ARM_exceptions_init                     - Undefined Weak Reference
    __alloca_initialize                       - Undefined Weak Reference
    __arm_preinit_                            - Undefined Weak Reference
    __cpp_initialize__aeabi_                  - Undefined Weak Reference
    __cxa_finalize                            - Undefined Weak Reference
    __rt_locale                               - Undefined Weak Reference
    __sigvec_lookup                           - Undefined Weak Reference
    _atexit_init                              - Undefined Weak Reference
    _call_atexit_fns                          - Undefined Weak Reference
    _clock_init                               - Undefined Weak Reference
    _fp_trap_init                             - Undefined Weak Reference
    _fp_trap_shutdown                         - Undefined Weak Reference
    _get_lc_collate                           - Undefined Weak Reference
    _get_lc_ctype                             - Undefined Weak Reference
    _get_lc_monetary                          - Undefined Weak Reference
    _get_lc_numeric                           - Undefined Weak Reference
    _get_lc_time                              - Undefined Weak Reference
    _getenv_init                              - Undefined Weak Reference
    _handle_redirection                       - Undefined Weak Reference
    _init_alloc                               - Undefined Weak Reference
    _init_user_alloc                          - Undefined Weak Reference
    _initio                                   - Undefined Weak Reference
    _printf_post_padding                      - Undefined Weak Reference
    _printf_pre_padding                       - Undefined Weak Reference
    _printf_truncate_signed                   - Undefined Weak Reference
    _printf_truncate_unsigned                 - Undefined Weak Reference
    _rand_init                                - Undefined Weak Reference
    _signal_finish                            - Undefined Weak Reference
    _signal_init                              - Undefined Weak Reference
    _terminate_alloc                          - Undefined Weak Reference
    _terminate_user_alloc                     - Undefined Weak Reference
    _terminateio                              - Undefined Weak Reference
    __main                                   0x000000c1   Thumb Code     8  __main.o(!!!main)
    __scatterload                            0x000000c9   Thumb Code     0  __scatter.o(!!!scatter)
    __scatterload_rt2                        0x000000c9   Thumb Code    52  __scatter.o(!!!scatter)
    __scatterload_rt2_thumb_only             0x000000c9   Thumb Code     0  __scatter.o(!!!scatter)
    __scatterload_null                       0x000000d9   Thumb Code     0  __scatter.o(!!!scatter)
    __scatterload_copy                       0x00000105   Thumb Code    26  __scatter_copy.o(!!handler_copy)
    __scatterload_zeroinit                   0x00000121   Thumb Code    28  __scatter_zi.o(!!handler_zi)
    _printf_percent                          0x0000013d   Thumb Code     0  _printf_percent.o(.ARM.Collect$$_printf_percent$$00000000)
    _printf_d                                0x0000013f   Thumb Code     0  _printf_d.o(.ARM.Collect$$_printf_percent$$00000009)
    _printf_percent_end                      0x00000149   Thumb Code     0  _printf_percent_end.o(.ARM.Collect$$_printf_percent$$00000017)
    __rt_lib_init                            0x0000014d   Thumb Code     0  libinit.o(.ARM.Collect$$libinit$$00000000)
    __rt_lib_init_alloca_1                   0x0000014f   Thumb Code     0  libinit2.o(.ARM.Collect$$libinit$$0000002E)
    __rt_lib_init_argv_1                     0x0000014f   Thumb Code     0  libinit2.o(.ARM.Collect$$libinit$$0000002C)
    __rt_lib_init_atexit_1                   0x0000014f   Thumb Code     0  libinit2.o(.ARM.Collect$$libinit$$0000001B)
    __rt_lib_init_clock_1                    0x0000014f   Thumb Code     0  libinit2.o(.ARM.Collect$$libinit$$00000021)
    __rt_lib_init_cpp_1                      0x0000014f   Thumb Code     0  libinit2.o(.ARM.Collect$$libinit$$00000032)
    __rt_lib_init_exceptions_1               0x0000014f   Thumb Code     0  libinit2.o(.ARM.Collect$$libinit$$00000030)
    __rt_lib_init_fp_1                       0x0000014f   Thumb Code     0  libinit2.o(.ARM.Collect$$libinit$$00000002)
    __rt_lib_init_fp_trap_1                  0x0000014f   Thumb Code     0  libinit2.o(.ARM.Collect$$libinit$$0000001F)
    __rt_lib_init_getenv_1                   0x0000014f   Thumb Code     0  libinit2.o(.ARM.Collect$$libinit$$00000023)
    __rt_lib_init_heap_1                     0x0000014f   Thumb Code     0  libinit2.o(.ARM.Collect$$libinit$$0000000A)
    __rt_lib_init_lc_collate_1               0x0000014f   Thumb Code     0  libinit2.o(.ARM.Collect$$libinit$$00000011)
    __rt_lib_init_lc_ctype_1                 0x0000014f   Thumb Code     0  libinit2.o(.ARM.Collect$$libinit$$00000013)
    __rt_lib_init_lc_monetary_1              0x0000014f   Thumb Code     0  libinit2.o(.ARM.Collect$$libinit$$00000015)
    __rt_lib_init_lc_numeric_1               0x0000014f   Thumb Code     0  libinit2.o(.ARM.Collect$$libinit$$00000017)
    __rt_lib_init_lc_time_1                  0x0000014f   Thumb Code     0  libinit2.o(.ARM.Collect$$libinit$$00000019)
    __rt_lib_init_preinit_1                  0x0000014f   Thumb Code     0  libinit2.o(.ARM.Collect$$libinit$$00000004)
    __rt_lib_init_rand_1                     0x0000014f   Thumb Code     0  libinit2.o(.ARM.Collect$$libinit$$0000000E)
    __rt_lib_init_return                     0x0000014f   Thumb Code     0  libinit2.o(.ARM.Collect$$libinit$$00000033)
    __rt_lib_init_signal_1                   0x0000014f   Thumb Code     0  libinit2.o(.ARM.Collect$$libinit$$0000001D)
    __rt_lib_init_stdio_1                    0x0000014f   Thumb Code     0  libinit2.o(.ARM.Collect$$libinit$$00000025)
    __rt_lib_init_user_alloc_1               0x0000014f   Thumb Code     0  libinit2.o(.ARM.Collect$$libinit$$0000000C)
    __rt_lib_shutdown                        0x00000151   Thumb Code     0  libshutdown.o(.ARM.Collect$$libshutdown$$00000000)
    __rt_lib_shutdown_cpp_1                  0x00000153   Thumb Code     0  libshutdown2.o(.ARM.Collect$$libshutdown$$00000002)
    __rt_lib_shutdown_fp_trap_1              0x00000153   Thumb Code     0  libshutdown2.o(.ARM.Collect$$libshutdown$$00000007)
    __rt_lib_shutdown_heap_1                 0x00000153   Thumb Code     0  libshutdown2.o(.ARM.Collect$$libshutdown$$0000000F)
    __rt_lib_shutdown_return                 0x00000153   Thumb Code     0  libshutdown2.o(.ARM.Collect$$libshutdown$$00000010)
    __rt_lib_shutdown_signal_1               0x00000153   Thumb Code     0  libshutdown2.o(.ARM.Collect$$libshutdown$$0000000A)
    __rt_lib_shutdown_stdio_1                0x00000153   Thumb Code     0  libshutdown2.o(.ARM.Collect$$libshutdown$$00000004)
    __rt_lib_shutdown_user_alloc_1           0x00000153   Thumb Code     0  libshutdown2.o(.ARM.Collect$$libshutdown$$0000000C)
    __rt_entry                               0x00000155   Thumb Code     0  __rtentry.o(.ARM.Collect$$rtentry$$00000000)
    __rt_entry_presh_1                       0x00000155   Thumb Code     0  __rtentry2.o(.ARM.Collect$$rtentry$$00000002)
    __rt_entry_sh                            0x00000155   Thumb Code     0  __rtentry4.o(.ARM.Collect$$rtentry$$00000004)
    __rt_entry_li                            0x0000015b   Thumb Code     0  __rtentry2.o(.ARM.Collect$$rtentry$$0000000A)
    __rt_entry_postsh_1                      0x0000015b   Thumb Code     0  __rtentry2.o(.ARM.Collect$$rtentry$$00000009)
    __rt_entry_main                          0x0000015f   Thumb Code     0  __rtentry2.o(.ARM.Collect$$rtentry$$0000000D)
    __rt_entry_postli_1                      0x0000015f   Thumb Code     0  __rtentry2.o(.ARM.Collect$$rtentry$$0000000C)
    __rt_exit                                0x00000167   Thumb Code     0  rtexit.o(.ARM.Collect$$rtexit$$00000000)
    __rt_exit_ls                             0x00000169   Thumb Code     0  rtexit2.o(.ARM.Collect$$rtexit$$00000003)
    __rt_exit_prels_1                        0x00000169   Thumb Code     0  rtexit2.o(.ARM.Collect$$rtexit$$00000002)
    __rt_exit_exit                           0x0000016d   Thumb Code     0  rtexit2.o(.ARM.Collect$$rtexit$$00000004)
    Reset_Handler                            0x00000175   Thumb Code    32  startup_nuc1xx.o(.text)
    NMI_Handler                              0x00000195   Thumb Code     2  startup_nuc1xx.o(.text)
    HardFault_Handler                        0x00000197   Thumb Code     2  startup_nuc1xx.o(.text)
    SVC_Handler                              0x00000199   Thumb Code     2  startup_nuc1xx.o(.text)
    PendSV_Handler                           0x0000019b   Thumb Code     2  startup_nuc1xx.o(.text)
    SysTick_Handler                          0x0000019d   Thumb Code     2  startup_nuc1xx.o(.text)
    ACMP_IRQHandler                          0x0000019f   Thumb Code     0  startup_nuc1xx.o(.text)
    CAN0_IRQHandler                          0x0000019f   Thumb Code     0  startup_nuc1xx.o(.text)
    I2C0_IRQHandler                          0x0000019f   Thumb Code     0  startup_nuc1xx.o(.text)
    I2C1_IRQHandler                          0x0000019f   Thumb Code     0  startup_nuc1xx.o(.text)
    I2S_IRQHandler                           0x0000019f   Thumb Code     0  startup_nuc1xx.o(.text)
    PDMA_IRQHandler                          0x0000019f   Thumb Code     0  startup_nuc1xx.o(.text)
    PS2_IRQHandler                           0x0000019f   Thumb Code     0  startup_nuc1xx.o(.text)
    PWMA_IRQHandler                          0x0000019f   Thumb Code     0  startup_nuc1xx.o(.text)
    PWMB_IRQHandler                          0x0000019f   Thumb Code     0  startup_nuc1xx.o(.text)
    RTC_IRQHandler                           0x0000019f   Thumb Code     0  startup_nuc1xx.o(.text)
    SPI0_IRQHandler                          0x0000019f   Thumb Code     0  startup_nuc1xx.o(.text)
    SPI1_IRQHandler                          0x0000019f   Thumb Code     0  startup_nuc1xx.o(.text)
    SPI2_IRQHandler                          0x0000019f   Thumb Code     0  startup_nuc1xx.o(.text)
    SPI3_IRQHandler                          0x0000019f   Thumb Code     0  startup_nuc1xx.o(.text)
    TMR1_IRQHandler                          0x0000019f   Thumb Code     0  startup_nuc1xx.o(.text)
    TMR2_IRQHandler                          0x0000019f   Thumb Code     0  startup_nuc1xx.o(.text)
    TMR3_IRQHandler                          0x0000019f   Thumb Code     0  startup_nuc1xx.o(.text)
    USBD_IRQHandler                          0x0000019f   Thumb Code     0  startup_nuc1xx.o(.text)
    WDT_IRQHandler                           0x0000019f   Thumb Code     0  startup_nuc1xx.o(.text)
    __user_initial_stackheap                 0x000001a1   Thumb Code     0  startup_nuc1xx.o(.text)
    __2sprintf                               0x000001d9   Thumb Code    36  noretval__2sprintf.o(.text)
    __printf                                 0x00000201   Thumb Code   108  __printf.o(.text)
    _printf_int_dec                          0x0000026d   Thumb Code    90  _printf_dec.o(.text)
    strlen                                   0x000002d9   Thumb Code    62  strlen.o(.text)
    __aeabi_uidiv                            0x0000031d   Thumb Code     0  aeabi_sdiv.o(.text)
    __aeabi_uidivmod                         0x0000031d   Thumb Code    20  aeabi_sdiv.o(.text)
    __aeabi_idiv                             0x00000331   Thumb Code     0  aeabi_sdiv.o(.text)
    __aeabi_idivmod                          0x00000331   Thumb Code   326  aeabi_sdiv.o(.text)
    __use_two_region_memory                  0x00000477   Thumb Code     2  heapauxi.o(.text)
    __rt_heap_escrow$2region                 0x00000479   Thumb Code     2  heapauxi.o(.text)
    __rt_heap_expand$2region                 0x0000047b   Thumb Code     2  heapauxi.o(.text)
    _printf_int_common                       0x0000047d   Thumb Code   176  _printf_intcommon.o(.text)
    _printf_char_common                      0x00000537   Thumb Code    32  _printf_char_common.o(.text)
    _sputc                                   0x0000055d   Thumb Code    10  _sputc.o(.text)
    __rt_udiv10                              0x00000567   Thumb Code    40  rtudiv10.o(.text)
    __user_setup_stackheap                   0x0000058f   Thumb Code    62  sys_stackheap_outer.o(.text)
    exit                                     0x000005cd   Thumb Code    16  exit.o(.text)
    __user_libspace                          0x000005dd   Thumb Code     8  libspace.o(.text)
    __user_perproc_libspace                  0x000005dd   Thumb Code     0  libspace.o(.text)
    __user_perthread_libspace                0x000005dd   Thumb Code     0  libspace.o(.text)
    _sys_exit                                0x000005e5   Thumb Code     8  sys_exit.o(.text)
    __I$use$semihosting                      0x000005f1   Thumb Code     0  use_no_semi.o(.text)
    __use_no_semihosting_swi                 0x000005f1   Thumb Code     2  use_no_semi.o(.text)
    __semihosting_library_function           0x000005f3   Thumb Code     0  indicate_semi.o(.text)
    ADC_IRQHandler                           0x000005f5   Thumb Code   136  drvadc.o(i.ADC_IRQHandler)
    ADC_initialize                           0x00000691   Thumb Code    26  control.o(i.ADC_initialize)
    BOD_IRQHandler                           0x000006ad   Thumb Code    36  drvsys.o(i.BOD_IRQHandler)
    DrvADC_Open                              0x000007a9   Thumb Code   216  drvadc.o(i.DrvADC_Open)
    DrvGPIO_ClrBit                           0x00000889   Thumb Code    36  drvgpio.o(i.DrvGPIO_ClrBit)
    DrvGPIO_EnableDebounce                   0x000008b5   Thumb Code    44  drvgpio.o(i.DrvGPIO_EnableDebounce)
    DrvGPIO_EnableEINT1                      0x000008e9   Thumb Code   140  drvgpio.o(i.DrvGPIO_EnableEINT1)
    DrvGPIO_GetBit                           0x00000981   Thumb Code    36  drvgpio.o(i.DrvGPIO_GetBit)
    DrvGPIO_InitFunction                     0x000009ad   Thumb Code  1864  drvgpio.o(i.DrvGPIO_InitFunction)
    DrvGPIO_Open                             0x00001105   Thumb Code   126  drvgpio.o(i.DrvGPIO_Open)
    DrvGPIO_SetBit                           0x0000118d   Thumb Code    36  drvgpio.o(i.DrvGPIO_SetBit)
    DrvGPIO_SetDebounceTime                  0x000011b9   Thumb Code    54  drvgpio.o(i.DrvGPIO_SetDebounceTime)
    DrvSYS_Delay                             0x000011f9   Thumb Code    36  drvsys.o(i.DrvSYS_Delay)
    DrvSYS_GetExtClockFreq                   0x00001225   Thumb Code     4  drvsys.o(i.DrvSYS_GetExtClockFreq)
    DrvSYS_GetPLLClockFreq                   0x0000122d   Thumb Code   104  drvsys.o(i.DrvSYS_GetPLLClockFreq)
    DrvSYS_GetPLLContent                     0x000012a5   Thumb Code   168  drvsys.o(i.DrvSYS_GetPLLContent)
    DrvSYS_IsProtectedRegLocked              0x00001369   Thumb Code    10  drvsys.o(i.DrvSYS_IsProtectedRegLocked)
    DrvSYS_Open                              0x00001379   Thumb Code   174  drvsys.o(i.DrvSYS_Open)
    DrvSYS_SelectHCLKSource                  0x00001439   Thumb Code    46  drvsys.o(i.DrvSYS_SelectHCLKSource)
    DrvSYS_SetPLLContent                     0x00001471   Thumb Code    72  drvsys.o(i.DrvSYS_SetPLLContent)
    DrvUART_EnableInt                        0x000014bd   Thumb Code   236  drvuart.o(i.DrvUART_EnableInt)
    DrvUART_Open                             0x000015b9   Thumb Code   604  drvuart.o(i.DrvUART_Open)
    DrvUART_Read                             0x00001821   Thumb Code    56  drvuart.o(i.DrvUART_Read)
    DrvUART_Write                            0x00001861   Thumb Code    56  drvuart.o(i.DrvUART_Write)
    EINT0_IRQHandler                         0x000018a1   Thumb Code    26  drvgpio.o(i.EINT0_IRQHandler)
    EINT1Callback                            0x000018c5   Thumb Code     8  control.o(i.EINT1Callback)
    EINT1_IRQHandler                         0x000018cd   Thumb Code    26  drvgpio.o(i.EINT1_IRQHandler)
    GPAB_IRQHandler                          0x000018f1   Thumb Code    60  drvgpio.o(i.GPAB_IRQHandler)
    GPCDE_IRQHandler                         0x00001935   Thumb Code    68  drvgpio.o(i.GPCDE_IRQHandler)
    InitPWM                                  0x000019cd   Thumb Code   396  control.o(i.InitPWM)
    Init_GPIO                                0x00001b69   Thumb Code   198  control.o(i.Init_GPIO)
    PWRWU_IRQHandler                         0x00001cd1   Thumb Code    32  drvsys.o(i.PWRWU_IRQHandler)
    RFID_UART_INT_HANDLE                     0x00001cf9   Thumb Code    80  control.o(i.RFID_UART_INT_HANDLE)
    SystemCoreClockUpdate                    0x00001d55   Thumb Code   132  system_nuc1xx.o(i.SystemCoreClockUpdate)
    SystemInit                               0x00001df5   Thumb Code     2  system_nuc1xx.o(i.SystemInit)
    TMR0_IRQHandler                          0x00001df9   Thumb Code   296  timer.o(i.TMR0_IRQHandler)
    UART02_IRQHandler                        0x00001f41   Thumb Code    44  drvuart.o(i.UART02_IRQHandler)
    UART1_IRQHandler                         0x00001f7d   Thumb Code    24  drvuart.o(i.UART1_IRQHandler)
    WIFI_UART_INT_HANDLE                     0x00001f9d   Thumb Code   154  control.o(i.WIFI_UART_INT_HANDLE)
    __ARM_common_switch8                     0x00002049   Thumb Code    28  control.o(i.__ARM_common_switch8)
    delay_s                                  0x00002065   Thumb Code    26  control.o(i.delay_s)
    get_weight                               0x00002085   Thumb Code   254  control.o(i.get_weight)
    hex_to_Decimal                           0x000021b9   Thumb Code   214  control.o(i.hex_to_Decimal)
    main                                     0x000022b9   Thumb Code   236  control.o(i.main)
    Region$$Table$$Base                      0x00002410   Number         0  anon$$obj.o(Region$$Table)
    Region$$Table$$Limit                     0x00002430   Number         0  anon$$obj.o(Region$$Table)
    SystemCoreClock                          0x20000000   Data           4  system_nuc1xx.o(.data)
    CyclesPerUs                              0x20000004   Data           4  system_nuc1xx.o(.data)
    gau32ClkSrcTbl                           0x20000008   Data          20  system_nuc1xx.o(.data)
    command                                  0x2000001c   Data           8  control.o(.data)
    move_flag                                0x20000024   Data           4  control.o(.data)
    fa                                       0x20000028   Data           4  control.o(.data)
    TimerCounter                             0x2000002c   Data           2  timer.o(.data)
    pwm                                      0x20000030   Data           4  timer.o(.data)
    __libspace_start                         0x20000070   Data          96  libspace.o(.bss)
    __temporary_stack_top$libspace           0x200000d0   Data           0  libspace.o(.bss)



==============================================================================

Memory Map of the image

  Image Entry point : 0x00000175

  Load Region LR_1 (Base: 0x00000000, Size: 0x00002494, Max: 0xffffffff, ABSOLUTE)

    Execution Region ER_RO (Base: 0x00000000, Size: 0x00002430, Max: 0xffffffff, ABSOLUTE)

    Base Addr    Size         Type   Attr      Idx    E Section Name        Object

    0x00000000   0x000000c0   Data   RO            3    RESET               startup_nuc1xx.o
    0x000000c0   0x00000008   Code   RO         1244  * !!!main             c_p.l(__main.o)
    0x000000c8   0x0000003c   Code   RO         1424    !!!scatter          c_p.l(__scatter.o)
    0x00000104   0x0000001a   Code   RO         1426    !!handler_copy      c_p.l(__scatter_copy.o)
    0x0000011e   0x00000002   PAD
    0x00000120   0x0000001c   Code   RO         1428    !!handler_zi        c_p.l(__scatter_zi.o)
    0x0000013c   0x00000002   Code   RO         1233    .ARM.Collect$$_printf_percent$$00000000  c_p.l(_printf_percent.o)
    0x0000013e   0x0000000a   Code   RO         1232    .ARM.Collect$$_printf_percent$$00000009  c_p.l(_printf_d.o)
    0x00000148   0x00000004   Code   RO         1257    .ARM.Collect$$_printf_percent$$00000017  c_p.l(_printf_percent_end.o)
    0x0000014c   0x00000002   Code   RO         1293    .ARM.Collect$$libinit$$00000000  c_p.l(libinit.o)
    0x0000014e   0x00000000   Code   RO         1307    .ARM.Collect$$libinit$$00000002  c_p.l(libinit2.o)
    0x0000014e   0x00000000   Code   RO         1309    .ARM.Collect$$libinit$$00000004  c_p.l(libinit2.o)
    0x0000014e   0x00000000   Code   RO         1312    .ARM.Collect$$libinit$$0000000A  c_p.l(libinit2.o)
    0x0000014e   0x00000000   Code   RO         1314    .ARM.Collect$$libinit$$0000000C  c_p.l(libinit2.o)
    0x0000014e   0x00000000   Code   RO         1316    .ARM.Collect$$libinit$$0000000E  c_p.l(libinit2.o)
    0x0000014e   0x00000000   Code   RO         1319    .ARM.Collect$$libinit$$00000011  c_p.l(libinit2.o)
    0x0000014e   0x00000000   Code   RO         1321    .ARM.Collect$$libinit$$00000013  c_p.l(libinit2.o)
    0x0000014e   0x00000000   Code   RO         1323    .ARM.Collect$$libinit$$00000015  c_p.l(libinit2.o)
    0x0000014e   0x00000000   Code   RO         1325    .ARM.Collect$$libinit$$00000017  c_p.l(libinit2.o)
    0x0000014e   0x00000000   Code   RO         1327    .ARM.Collect$$libinit$$00000019  c_p.l(libinit2.o)
    0x0000014e   0x00000000   Code   RO         1329    .ARM.Collect$$libinit$$0000001B  c_p.l(libinit2.o)
    0x0000014e   0x00000000   Code   RO         1331    .ARM.Collect$$libinit$$0000001D  c_p.l(libinit2.o)
    0x0000014e   0x00000000   Code   RO         1333    .ARM.Collect$$libinit$$0000001F  c_p.l(libinit2.o)
    0x0000014e   0x00000000   Code   RO         1335    .ARM.Collect$$libinit$$00000021  c_p.l(libinit2.o)
    0x0000014e   0x00000000   Code   RO         1337    .ARM.Collect$$libinit$$00000023  c_p.l(libinit2.o)
    0x0000014e   0x00000000   Code   RO         1339    .ARM.Collect$$libinit$$00000025  c_p.l(libinit2.o)
    0x0000014e   0x00000000   Code   RO         1343    .ARM.Collect$$libinit$$0000002C  c_p.l(libinit2.o)
    0x0000014e   0x00000000   Code   RO         1345    .ARM.Collect$$libinit$$0000002E  c_p.l(libinit2.o)
    0x0000014e   0x00000000   Code   RO         1347    .ARM.Collect$$libinit$$00000030  c_p.l(libinit2.o)
    0x0000014e   0x00000000   Code   RO         1349    .ARM.Collect$$libinit$$00000032  c_p.l(libinit2.o)
    0x0000014e   0x00000002   Code   RO         1350    .ARM.Collect$$libinit$$00000033  c_p.l(libinit2.o)
    0x00000150   0x00000002   Code   RO         1381    .ARM.Collect$$libshutdown$$00000000  c_p.l(libshutdown.o)
    0x00000152   0x00000000   Code   RO         1407    .ARM.Collect$$libshutdown$$00000002  c_p.l(libshutdown2.o)
    0x00000152   0x00000000   Code   RO         1409    .ARM.Collect$$libshutdown$$00000004  c_p.l(libshutdown2.o)
    0x00000152   0x00000000   Code   RO         1412    .ARM.Collect$$libshutdown$$00000007  c_p.l(libshutdown2.o)
    0x00000152   0x00000000   Code   RO         1415    .ARM.Collect$$libshutdown$$0000000A  c_p.l(libshutdown2.o)
    0x00000152   0x00000000   Code   RO         1417    .ARM.Collect$$libshutdown$$0000000C  c_p.l(libshutdown2.o)
    0x00000152   0x00000000   Code   RO         1420    .ARM.Collect$$libshutdown$$0000000F  c_p.l(libshutdown2.o)
    0x00000152   0x00000002   Code   RO         1421    .ARM.Collect$$libshutdown$$00000010  c_p.l(libshutdown2.o)
    0x00000154   0x00000000   Code   RO         1246    .ARM.Collect$$rtentry$$00000000  c_p.l(__rtentry.o)
    0x00000154   0x00000000   Code   RO         1261    .ARM.Collect$$rtentry$$00000002  c_p.l(__rtentry2.o)
    0x00000154   0x00000006   Code   RO         1273    .ARM.Collect$$rtentry$$00000004  c_p.l(__rtentry4.o)
    0x0000015a   0x00000000   Code   RO         1263    .ARM.Collect$$rtentry$$00000009  c_p.l(__rtentry2.o)
    0x0000015a   0x00000004   Code   RO         1264    .ARM.Collect$$rtentry$$0000000A  c_p.l(__rtentry2.o)
    0x0000015e   0x00000000   Code   RO         1266    .ARM.Collect$$rtentry$$0000000C  c_p.l(__rtentry2.o)
    0x0000015e   0x00000008   Code   RO         1267    .ARM.Collect$$rtentry$$0000000D  c_p.l(__rtentry2.o)
    0x00000166   0x00000002   Code   RO         1298    .ARM.Collect$$rtexit$$00000000  c_p.l(rtexit.o)
    0x00000168   0x00000000   Code   RO         1354    .ARM.Collect$$rtexit$$00000002  c_p.l(rtexit2.o)
    0x00000168   0x00000004   Code   RO         1355    .ARM.Collect$$rtexit$$00000003  c_p.l(rtexit2.o)
    0x0000016c   0x00000006   Code   RO         1356    .ARM.Collect$$rtexit$$00000004  c_p.l(rtexit2.o)
    0x00000172   0x00000002   PAD
    0x00000174   0x00000064   Code   RO            4  * .text               startup_nuc1xx.o
    0x000001d8   0x00000028   Code   RO         1206    .text               c_p.l(noretval__2sprintf.o)
    0x00000200   0x0000006c   Code   RO         1208    .text               c_p.l(__printf.o)
    0x0000026c   0x0000006c   Code   RO         1210    .text               c_p.l(_printf_dec.o)
    0x000002d8   0x00000044   Code   RO         1234    .text               c_p.l(strlen.o)
    0x0000031c   0x0000015a   Code   RO         1238    .text               c_p.l(aeabi_sdiv.o)
    0x00000476   0x00000006   Code   RO         1242    .text               c_p.l(heapauxi.o)
    0x0000047c   0x000000b0   Code   RO         1251    .text               c_p.l(_printf_intcommon.o)
    0x0000052c   0x00000030   Code   RO         1253    .text               c_p.l(_printf_char_common.o)
    0x0000055c   0x0000000a   Code   RO         1255    .text               c_p.l(_sputc.o)
    0x00000566   0x00000028   Code   RO         1258    .text               c_p.l(rtudiv10.o)
    0x0000058e   0x0000003e   Code   RO         1279    .text               c_p.l(sys_stackheap_outer.o)
    0x000005cc   0x00000010   Code   RO         1282    .text               c_p.l(exit.o)
    0x000005dc   0x00000008   Code   RO         1294    .text               c_p.l(libspace.o)
    0x000005e4   0x0000000c   Code   RO         1351    .text               c_p.l(sys_exit.o)
    0x000005f0   0x00000002   Code   RO         1370    .text               c_p.l(use_no_semi.o)
    0x000005f2   0x00000000   Code   RO         1372    .text               c_p.l(indicate_semi.o)
    0x000005f2   0x00000002   PAD
    0x000005f4   0x0000009c   Code   RO          214    i.ADC_IRQHandler    drvadc.o
    0x00000690   0x0000001a   Code   RO           61    i.ADC_initialize    control.o
    0x000006aa   0x00000002   PAD
    0x000006ac   0x00000028   Code   RO          691    i.BOD_IRQHandler    drvsys.o
    0x000006d4   0x000000d4   Code   RO          994    i.BaudRateCalculator  drvuart.o
    0x000007a8   0x000000e0   Code   RO          241    i.DrvADC_Open       drvadc.o
    0x00000888   0x0000002c   Code   RO          453    i.DrvGPIO_ClrBit    drvgpio.o
    0x000008b4   0x00000034   Code   RO          461    i.DrvGPIO_EnableDebounce  drvgpio.o
    0x000008e8   0x00000098   Code   RO          464    i.DrvGPIO_EnableEINT1  drvgpio.o
    0x00000980   0x0000002c   Code   RO          466    i.DrvGPIO_GetBit    drvgpio.o
    0x000009ac   0x00000758   Code   RO          475    i.DrvGPIO_InitFunction  drvgpio.o
    0x00001104   0x00000088   Code   RO          476    i.DrvGPIO_Open      drvgpio.o
    0x0000118c   0x0000002c   Code   RO          477    i.DrvGPIO_SetBit    drvgpio.o
    0x000011b8   0x00000040   Code   RO          479    i.DrvGPIO_SetDebounceTime  drvgpio.o
    0x000011f8   0x0000002c   Code   RO          694    i.DrvSYS_Delay      drvsys.o
    0x00001224   0x00000008   Code   RO          709    i.DrvSYS_GetExtClockFreq  drvsys.o
    0x0000122c   0x00000078   Code   RO          711    i.DrvSYS_GetPLLClockFreq  drvsys.o
    0x000012a4   0x000000c4   Code   RO          712    i.DrvSYS_GetPLLContent  drvsys.o
    0x00001368   0x00000010   Code   RO          715    i.DrvSYS_IsProtectedRegLocked  drvsys.o
    0x00001378   0x000000c0   Code   RO          717    i.DrvSYS_Open       drvsys.o
    0x00001438   0x00000038   Code   RO          723    i.DrvSYS_SelectHCLKSource  drvsys.o
    0x00001470   0x0000004c   Code   RO          732    i.DrvSYS_SetPLLContent  drvsys.o
    0x000014bc   0x000000fc   Code   RO          999    i.DrvUART_EnableInt  drvuart.o
    0x000015b8   0x00000268   Code   RO         1004    i.DrvUART_Open      drvuart.o
    0x00001820   0x00000040   Code   RO         1005    i.DrvUART_Read      drvuart.o
    0x00001860   0x00000040   Code   RO         1010    i.DrvUART_Write     drvuart.o
    0x000018a0   0x00000024   Code   RO          483    i.EINT0_IRQHandler  drvgpio.o
    0x000018c4   0x00000008   Code   RO           62    i.EINT1Callback     control.o
    0x000018cc   0x00000024   Code   RO          484    i.EINT1_IRQHandler  drvgpio.o
    0x000018f0   0x00000044   Code   RO          485    i.GPAB_IRQHandler   drvgpio.o
    0x00001934   0x0000004c   Code   RO          486    i.GPCDE_IRQHandler  drvgpio.o
    0x00001980   0x0000004c   Code   RO         1011    i.GetUartClk        drvuart.o
    0x000019cc   0x0000019c   Code   RO           63    i.InitPWM           control.o
    0x00001b68   0x000000c6   Code   RO           64    i.Init_GPIO         control.o
    0x00001c2e   0x00000002   PAD
    0x00001c30   0x00000014   Code   RO          488    i.NVIC_EnableIRQ    drvgpio.o
    0x00001c44   0x00000014   Code   RO         1013    i.NVIC_EnableIRQ    drvuart.o
    0x00001c58   0x00000078   Code   RO          489    i.NVIC_SetPriority  drvgpio.o
    0x00001cd0   0x00000028   Code   RO          739    i.PWRWU_IRQHandler  drvsys.o
    0x00001cf8   0x0000005c   Code   RO           65    i.RFID_UART_INT_HANDLE  control.o
    0x00001d54   0x000000a0   Code   RO           24    i.SystemCoreClockUpdate  system_nuc1xx.o
    0x00001df4   0x00000002   Code   RO           25    i.SystemInit        system_nuc1xx.o
    0x00001df6   0x00000002   PAD
    0x00001df8   0x00000148   Code   RO          188    i.TMR0_IRQHandler   timer.o
    0x00001f40   0x0000003c   Code   RO         1014    i.UART02_IRQHandler  drvuart.o
    0x00001f7c   0x00000020   Code   RO         1015    i.UART1_IRQHandler  drvuart.o
    0x00001f9c   0x000000ac   Code   RO           68    i.WIFI_UART_INT_HANDLE  control.o
    0x00002048   0x0000001c   Code   RO          150    i.__ARM_common_switch8  control.o
    0x00002064   0x00000020   Code   RO           69    i.delay_s           control.o
    0x00002084   0x00000134   Code   RO           71    i.get_weight        control.o
    0x000021b8   0x00000100   Code   RO           72    i.hex_to_Decimal    control.o
    0x000022b8   0x0000013c   Code   RO           73    i.main              control.o
    0x000023f4   0x0000000a   Data   RO           75    .constdata          control.o
    0x000023fe   0x00000002   PAD
    0x00002400   0x00000010   Data   RO          740    .constdata          drvsys.o
    0x00002410   0x00000020   Data   RO         1422    Region$$Table       anon$$obj.o


    Execution Region ER_RW (Base: 0x20000000, Size: 0x00000064, Max: 0xffffffff, ABSOLUTE)

    Base Addr    Size         Type   Attr      Idx    E Section Name        Object

    0x20000000   0x0000001c   Data   RW           26    .data               system_nuc1xx.o
    0x2000001c   0x00000010   Data   RW           76    .data               control.o
    0x2000002c   0x00000008   Data   RW          189    .data               timer.o
    0x20000034   0x0000000c   Data   RW          252    .data               drvadc.o
    0x20000040   0x00000010   Data   RW          490    .data               drvgpio.o
    0x20000050   0x00000008   Data   RW          741    .data               drvsys.o
    0x20000058   0x0000000c   Data   RW         1016    .data               drvuart.o


    Execution Region ER_ZI (Base: 0x20000064, Size: 0x0000026c, Max: 0xffffffff, ABSOLUTE)

    Base Addr    Size         Type   Attr      Idx    E Section Name        Object

    0x20000064   0x0000000c   Zero   RW          251    .bss                drvadc.o
    0x20000070   0x00000060   Zero   RW         1295    .bss                c_p.l(libspace.o)
    0x200000d0   0x00000000   Zero   RW            2    HEAP                startup_nuc1xx.o
    0x200000d0   0x00000200   Zero   RW            1    STACK               startup_nuc1xx.o


==============================================================================

Image component sizes


      Code (inc. data)   RO Data    RW Data    ZI Data      Debug   Object Name

      1848        252         10         16          0     127861   control.o
         0          0          0          0          0       4508   core_cm0.o
       380         28          0         12         12       3823   drvadc.o
      2772        200          0         16          0      22521   drvgpio.o
       788        106         16          8          0       9397   drvsys.o
      1396         92          0         12          0      17637   drvuart.o
       100         46        192          0        512        644   startup_nuc1xx.o
       162         28          0         28          0       2030   system_nuc1xx.o
       328         32          0          8          0        833   timer.o

    ----------------------------------------------------------------------
      7780        784        252        100        524     189254   Object Totals
         0          0         32          0          0          0   (incl. Generated)
         6          0          2          0          0          0   (incl. Padding)

    ----------------------------------------------------------------------

      Code (inc. data)   RO Data    RW Data    ZI Data      Debug   Library Member Name

         8          0          0          0          0         68   __main.o
       108          0          0          0          0         76   __printf.o
         0          0          0          0          0          0   __rtentry.o
        12          0          0          0          0          0   __rtentry2.o
         6          0          0          0          0          0   __rtentry4.o
        60          8          0          0          0          0   __scatter.o
        26          0          0          0          0          0   __scatter_copy.o
        28          0          0          0          0          0   __scatter_zi.o
        48          6          0          0          0         88   _printf_char_common.o
        10          0          0          0          0          0   _printf_d.o
       108         18          0          0          0         76   _printf_dec.o
       176          0          0          0          0         84   _printf_intcommon.o
         2          0          0          0          0          0   _printf_percent.o
         4          0          0          0          0          0   _printf_percent_end.o
        10          0          0          0          0         60   _sputc.o
       346          0          0          0          0         92   aeabi_sdiv.o
        16          0          0          0          0         68   exit.o
         6          0          0          0          0        136   heapauxi.o
         0          0          0          0          0          0   indicate_semi.o
         2          0          0          0          0          0   libinit.o
         2          0          0          0          0          0   libinit2.o
         2          0          0          0          0          0   libshutdown.o
         2          0          0          0          0          0   libshutdown2.o
         8          4          0          0         96         68   libspace.o
        40          4          0          0          0         84   noretval__2sprintf.o
         2          0          0          0          0          0   rtexit.o
        10          0          0          0          0          0   rtexit2.o
        40          0          0          0          0         60   rtudiv10.o
        68          6          0          0          0         72   strlen.o
        12          4          0          0          0         60   sys_exit.o
        62          0          0          0          0         80   sys_stackheap_outer.o
         2          0          0          0          0         68   use_no_semi.o

    ----------------------------------------------------------------------
      1232         50          0          0         96       1240   Library Totals
         6          0          0          0          0          0   (incl. Padding)

    ----------------------------------------------------------------------

      Code (inc. data)   RO Data    RW Data    ZI Data      Debug   Library Name

      1226         50          0          0         96       1240   c_p.l

    ----------------------------------------------------------------------
      1232         50          0          0         96       1240   Library Totals

    ----------------------------------------------------------------------

==============================================================================


      Code (inc. data)   RO Data    RW Data    ZI Data      Debug   

      9012        834        252        100        620     188018   Grand Totals
      9012        834        252        100        620     188018   ELF Image Totals
      9012        834        252        100          0          0   ROM Totals

==============================================================================

    Total RO  Size (Code + RO Data)                 9264 (   9.05kB)
    Total RW  Size (RW Data + ZI Data)               720 (   0.70kB)
    Total ROM Size (Code + RO Data + RW Data)       9364 (   9.14kB)

==============================================================================

