<html>
<body>
<pre>
<h1>µVision Build Log</h1>
<h2>Tool Versions:</h2>
IDE-Version: £gVision V5.23.0.0
Copyright (C) 2017 ARM Ltd and ARM Germany GmbH. All rights reserved.
License Information: asd SA, fds, LIC=----
 
Tool Versions:
Toolchain:       MDK-Lite  Version: 5.23
Toolchain Path:  C:\Keil_v5\ARM\ARMCC\Bin
C Compiler:      Armcc.exe V5.06 update 4 (build 422)
Assembler:       Armasm.exe V5.06 update 4 (build 422)
Linker/Locator:  ArmLink.exe V5.06 update 4 (build 422)
Library Manager: ArmAr.exe V5.06 update 4 (build 422)
Hex Converter:   FromElf.exe V5.06 update 4 (build 422)
CPU DLL:         SARMCM3.DLL V5.23
Dialog DLL:      DARMCM1.DLL V1.17.0.0
Target DLL:      UL2CM3.DLL V1.159.7.0
Dialog DLL:      TARMCM1.DLL V1.12.0.0
 
<h2>Project:</h2>
C:\Keil\NuvotonPlatform_Keil\Sample\NUC1xx-LB_002\1Âd¤l\a.uvproj
Project File Date:  01/30/2018

<h2>Output:</h2>
*** Using Compiler 'V5.06 update 4 (build 422)', folder: 'C:\Keil_v5\ARM\ARMCC\Bin'
Rebuild target 'Target 1'
assembling startup_NUC1xx.s...
compiling core_cm0.c...
compiling system_NUC1xx.c...
compiling control.c...
control.c(15): warning:  #1295-D: Deprecated declaration action_GPIO - give arg types
  void action_GPIO();
control.c(16): warning:  #1295-D: Deprecated declaration Init_GPIO - give arg types
  void Init_GPIO();
control.c(175): warning:  #167-D: argument of type "void (*)(void)" is incompatible with parameter of type "PFN_DRVUART_CALLBACK *"
  	DrvUART_EnableInt(UART_PORT0, DRVUART_RDAINT, UART_INT_HANDLE);
control.c(184): warning:  #1-D: last line of file ends without a newline
  }
control.c(147): warning:  #177-D: variable "i"  was declared but never referenced
  	uint8_t i =0;
control.c(148): warning:  #177-D: variable "char1"  was declared but never referenced
  	uint8_t char1[8]={0xAA,0xFF,0xFF,0xFF,0xFF,0xFF,0xFF,0xFF};
control.c: 6 warnings, 0 errors
compiling Timer.c...
Timer.c(41): warning:  #1-D: last line of file ends without a newline
  }
Timer.c: 1 warning, 0 errors
compiling DrvADC.c...
compiling DrvGPIO.c...
compiling DrvSYS.c...
compiling Ascii_Table.C...
compiling LCD_Driver.c...
compiling DrvUART.c...
..\..\..\Src\Driver\DrvUART.c(900): warning:  #1-D: last line of file ends without a newline
  }
..\..\..\Src\Driver\DrvUART.c: 1 warning, 0 errors
linking...
Program Size: Code=7940 RO-data=252 RW-data=1624 ZI-data=672  
After Build - User command #1: C:\Keil_v5\ARM\ARMCC\bin\fromelf.exe --bin -o ./objects/bin/control.bin ./objects/control.axf
".\Objects\control.axf" - 0 Error(s), 8 Warning(s).
Build Time Elapsed:  00:00:01
</pre>
</body>
</html>
