Component: ARM Compiler 5.06 update 4 (build 422) Tool: armlink [4d35d2]

==============================================================================

Small function inlining results

Inlined function __aeabi_idiv0 from aeabi_idiv0.o at offset 0x154 in aeabi_sdiv.o(.text).
Inlined Instruction: BX       lr
Inlined function __aeabi_idiv0 from aeabi_idiv0.o at offset 0x154 in aeabi_sdiv_div0.o(.text).
Inlined Instruction: BX       lr
Inlined function __ieee_status from ieee_status.o at offset 0x1c in _printf_fp_dec.o(.text).
Inlined Instruction: MOVS     r0,#0
Inlined function _platform_pre_stackheap_init from boardinit1.o at offset 0x0 in __rtentry2.o(.ARM.Collect$$rtentry$$00000001).
Inlined Instruction: BX       lr
Inlined function __ieee_status from ieee_status.o at offset 0x1ec in btod.o(.text).
Inlined Instruction: MOVS     r0,#0
Inlined function __ieee_status from ieee_status.o at offset 0x3d2 in btod.o(.text).
Inlined Instruction: MOVS     r0,#0
Inlined function __ieee_status from ieee_status.o at offset 0x450 in btod.o(.text).
Inlined Instruction: MOVS     r0,#0
Inlined function _fp_init from fpinit.o at offset 0x0 in libinit2.o(.ARM.Collect$$libinit$$00000001).
Inlined Instruction: BX       lr
Inlined function __ARM_get_argv from no_argv.o at offset 0x2 in argv_veneer.o(.text).
Inlined Instruction: BX       lr
Inlined function _platform_pre_lib_shutdown from boardshut.o at offset 0x0 in rtexit2.o(.ARM.Collect$$rtexit$$00000001).
Inlined Instruction: BX       lr
Inlined total of 10 calls.

==============================================================================

Memory Map of the image

  Image Entry point : 0x0000018d

  Load Region LR_1 (Base: 0x00000000, Size: 0x00006c80, Max: 0xffffffff, ABSOLUTE)

    Execution Region ER_RO (Base: 0x00000000, Size: 0x000065c8, Max: 0xffffffff, ABSOLUTE)

    Base Addr    Size         Type   Attr      Idx    E Section Name        Object

    0x00000000   0x000000c0   Data   RO           55    RESET               startup_nuc1xx.o
    0x000000c0   0x00000008   Code   RO         2098  * !!!main             c_p.l(__main.o)
    0x000000c8   0x0000003c   Code   RO         2442    !!!scatter          c_p.l(__scatter.o)
    0x00000104   0x0000001a   Code   RO         2444    !!handler_copy      c_p.l(__scatter_copy.o)
    0x0000011e   0x00000002   PAD
    0x00000120   0x0000001c   Code   RO         2446    !!handler_zi        c_p.l(__scatter_zi.o)
    0x0000013c   0x00000002   Code   RO         2087    .ARM.Collect$$_printf_percent$$00000000  c_p.l(_printf_percent.o)
    0x0000013e   0x0000000a   Code   RO         2086    .ARM.Collect$$_printf_percent$$00000003  c_p.l(_printf_f.o)
    0x00000148   0x0000000a   Code   RO         2085    .ARM.Collect$$_printf_percent$$00000009  c_p.l(_printf_d.o)
    0x00000152   0x00000004   Code   RO         2185    .ARM.Collect$$_printf_percent$$00000017  c_p.l(_printf_percent_end.o)
    0x00000156   0x00000002   Code   RO         2315    .ARM.Collect$$libinit$$00000000  c_p.l(libinit.o)
    0x00000158   0x00000000   Code   RO         2317    .ARM.Collect$$libinit$$00000002  c_p.l(libinit2.o)
    0x00000158   0x00000000   Code   RO         2319    .ARM.Collect$$libinit$$00000004  c_p.l(libinit2.o)
    0x00000158   0x00000000   Code   RO         2322    .ARM.Collect$$libinit$$0000000A  c_p.l(libinit2.o)
    0x00000158   0x00000000   Code   RO         2324    .ARM.Collect$$libinit$$0000000C  c_p.l(libinit2.o)
    0x00000158   0x00000000   Code   RO         2326    .ARM.Collect$$libinit$$0000000E  c_p.l(libinit2.o)
    0x00000158   0x00000006   Code   RO         2327    .ARM.Collect$$libinit$$0000000F  c_p.l(libinit2.o)
    0x0000015e   0x00000000   Code   RO         2329    .ARM.Collect$$libinit$$00000011  c_p.l(libinit2.o)
    0x0000015e   0x00000000   Code   RO         2331    .ARM.Collect$$libinit$$00000013  c_p.l(libinit2.o)
    0x0000015e   0x00000000   Code   RO         2333    .ARM.Collect$$libinit$$00000015  c_p.l(libinit2.o)
    0x0000015e   0x0000000a   Code   RO         2334    .ARM.Collect$$libinit$$00000016  c_p.l(libinit2.o)
    0x00000168   0x00000000   Code   RO         2335    .ARM.Collect$$libinit$$00000017  c_p.l(libinit2.o)
    0x00000168   0x00000000   Code   RO         2337    .ARM.Collect$$libinit$$00000019  c_p.l(libinit2.o)
    0x00000168   0x00000000   Code   RO         2339    .ARM.Collect$$libinit$$0000001B  c_p.l(libinit2.o)
    0x00000168   0x00000000   Code   RO         2341    .ARM.Collect$$libinit$$0000001D  c_p.l(libinit2.o)
    0x00000168   0x00000000   Code   RO         2343    .ARM.Collect$$libinit$$0000001F  c_p.l(libinit2.o)
    0x00000168   0x00000000   Code   RO         2345    .ARM.Collect$$libinit$$00000021  c_p.l(libinit2.o)
    0x00000168   0x00000000   Code   RO         2347    .ARM.Collect$$libinit$$00000023  c_p.l(libinit2.o)
    0x00000168   0x00000000   Code   RO         2349    .ARM.Collect$$libinit$$00000025  c_p.l(libinit2.o)
    0x00000168   0x00000000   Code   RO         2353    .ARM.Collect$$libinit$$0000002C  c_p.l(libinit2.o)
    0x00000168   0x00000000   Code   RO         2355    .ARM.Collect$$libinit$$0000002E  c_p.l(libinit2.o)
    0x00000168   0x00000000   Code   RO         2357    .ARM.Collect$$libinit$$00000030  c_p.l(libinit2.o)
    0x00000168   0x00000000   Code   RO         2359    .ARM.Collect$$libinit$$00000032  c_p.l(libinit2.o)
    0x00000168   0x00000002   Code   RO         2360    .ARM.Collect$$libinit$$00000033  c_p.l(libinit2.o)
    0x0000016a   0x00000002   Code   RO         2408    .ARM.Collect$$libshutdown$$00000000  c_p.l(libshutdown.o)
    0x0000016c   0x00000000   Code   RO         2426    .ARM.Collect$$libshutdown$$00000002  c_p.l(libshutdown2.o)
    0x0000016c   0x00000000   Code   RO         2428    .ARM.Collect$$libshutdown$$00000004  c_p.l(libshutdown2.o)
    0x0000016c   0x00000000   Code   RO         2431    .ARM.Collect$$libshutdown$$00000007  c_p.l(libshutdown2.o)
    0x0000016c   0x00000000   Code   RO         2434    .ARM.Collect$$libshutdown$$0000000A  c_p.l(libshutdown2.o)
    0x0000016c   0x00000000   Code   RO         2436    .ARM.Collect$$libshutdown$$0000000C  c_p.l(libshutdown2.o)
    0x0000016c   0x00000000   Code   RO         2439    .ARM.Collect$$libshutdown$$0000000F  c_p.l(libshutdown2.o)
    0x0000016c   0x00000002   Code   RO         2440    .ARM.Collect$$libshutdown$$00000010  c_p.l(libshutdown2.o)
    0x0000016e   0x00000000   Code   RO         2170    .ARM.Collect$$rtentry$$00000000  c_p.l(__rtentry.o)
    0x0000016e   0x00000000   Code   RO         2237    .ARM.Collect$$rtentry$$00000002  c_p.l(__rtentry2.o)
    0x0000016e   0x00000006   Code   RO         2249    .ARM.Collect$$rtentry$$00000004  c_p.l(__rtentry4.o)
    0x00000174   0x00000000   Code   RO         2239    .ARM.Collect$$rtentry$$00000009  c_p.l(__rtentry2.o)
    0x00000174   0x00000004   Code   RO         2240    .ARM.Collect$$rtentry$$0000000A  c_p.l(__rtentry2.o)
    0x00000178   0x00000000   Code   RO         2242    .ARM.Collect$$rtentry$$0000000C  c_p.l(__rtentry2.o)
    0x00000178   0x00000008   Code   RO         2243    .ARM.Collect$$rtentry$$0000000D  c_p.l(__rtentry2.o)
    0x00000180   0x00000002   Code   RO         2364    .ARM.Collect$$rtexit$$00000000  c_p.l(rtexit.o)
    0x00000182   0x00000000   Code   RO         2379    .ARM.Collect$$rtexit$$00000002  c_p.l(rtexit2.o)
    0x00000182   0x00000004   Code   RO         2380    .ARM.Collect$$rtexit$$00000003  c_p.l(rtexit2.o)
    0x00000186   0x00000006   Code   RO         2381    .ARM.Collect$$rtexit$$00000004  c_p.l(rtexit2.o)
    0x0000018c   0x00000064   Code   RO           56  * .text               startup_nuc1xx.o
    0x000001f0   0x00000028   Code   RO         2059    .text               c_p.l(noretval__2sprintf.o)
    0x00000218   0x0000006c   Code   RO         2063    .text               c_p.l(_printf_dec.o)
    0x00000284   0x0000010e   Code   RO         2073    .text               c_p.l(__printf_wp.o)
    0x00000392   0x00000002   PAD
    0x00000394   0x00000044   Code   RO         2088    .text               c_p.l(strlen.o)
    0x000003d8   0x0000015a   Code   RO         2092    .text               c_p.l(aeabi_sdiv.o)
    0x00000532   0x00000006   Code   RO         2096    .text               c_p.l(heapauxi.o)
    0x00000538   0x0000007c   Code   RO         2100    .text               fz_ps.l(d2f.o)
    0x000005b4   0x00000358   Code   RO         2102    .text               fz_ps.l(daddsub.o)
    0x0000090c   0x00000448   Code   RO         2104    .text               fz_ps.l(ddiv.o)
    0x00000d54   0x00000058   Code   RO         2107    .text               fz_ps.l(dflti.o)
    0x00000dac   0x00000248   Code   RO         2111    .text               fz_ps.l(dmul.o)
    0x00000ff4   0x00000054   Code   RO         2115    .text               fz_ps.l(f2d.o)
    0x00001048   0x00000160   Code   RO         2123    .text               fz_ps.l(fdiv.o)
    0x000011a8   0x0000005e   Code   RO         2128    .text               fz_ps.l(fflti.o)
    0x00001206   0x00000016   Code   RO         2175    .text               c_p.l(_rserrno.o)
    0x0000121c   0x000000b0   Code   RO         2177    .text               c_p.l(_printf_intcommon.o)
    0x000012cc   0x00000414   Code   RO         2179    .text               c_p.l(_printf_fp_dec.o)
    0x000016e0   0x00000030   Code   RO         2181    .text               c_p.l(_printf_char_common.o)
    0x00001710   0x0000000a   Code   RO         2183    .text               c_p.l(_sputc.o)
    0x0000171a   0x00000028   Code   RO         2186    .text               c_p.l(rtudiv10.o)
    0x00001742   0x00000002   PAD
    0x00001744   0x00000090   Code   RO         2188    .text               fz_ps.l(dcmpin.o)
    0x000017d4   0x00000100   Code   RO         2190    .text               fz_ps.l(dsqrt.o)
    0x000018d4   0x00000064   Code   RO         2192    .text               fz_ps.l(fcmpin.o)
    0x00001938   0x00000008   Code   RO         2256    .text               c_p.l(rt_locale_intlibspace.o)
    0x00001940   0x00000008   Code   RO         2261    .text               c_p.l(rt_errno_addr_intlibspace.o)
    0x00001948   0x0000007a   Code   RO         2263    .text               c_p.l(lludiv10.o)
    0x000019c2   0x00000002   PAD
    0x000019c4   0x00000088   Code   RO         2265    .text               c_p.l(_printf_fp_infnan.o)
    0x00001a4c   0x000000c8   Code   RO         2269    .text               c_p.l(bigflt0.o)
    0x00001b14   0x000004c8   Code   RO         2272    .text               c_p.l(btod.o)
    0x00001fdc   0x0000002e   Code   RO         2280    .text               fz_ps.l(cmpret.o)
    0x0000200a   0x00000002   PAD
    0x0000200c   0x0000006c   Code   RO         2282    .text               fz_ps.l(dfixi.o)
    0x00002078   0x00000014   Code   RO         2284    .text               fz_ps.l(dnan2.o)
    0x0000208c   0x00000060   Code   RO         2286    .text               fz_ps.l(dscalbn.o)
    0x000020ec   0x00000010   Code   RO         2288    .text               fz_ps.l(fnan2.o)
    0x000020fc   0x00000008   Code   RO         2296    .text               c_p.l(libspace.o)
    0x00002104   0x0000003e   Code   RO         2299    .text               c_p.l(sys_stackheap_outer.o)
    0x00002142   0x00000010   Code   RO         2302    .text               c_p.l(exit.o)
    0x00002152   0x00000002   PAD
    0x00002154   0x00000088   Code   RO         2308    .text               c_p.l(strcmp.o)
    0x000021dc   0x0000005e   Code   RO         2361    .text               fz_ps.l(retnan.o)
    0x0000223a   0x00000002   PAD
    0x0000223c   0x0000000c   Code   RO         2376    .text               c_p.l(sys_exit.o)
    0x00002248   0x00000002   Code   RO         2395    .text               c_p.l(use_no_semi.o)
    0x0000224a   0x00000000   Code   RO         2397    .text               c_p.l(indicate_semi.o)
    0x0000224a   0x00000002   PAD
    0x0000224c   0x0000009c   Code   RO         1825    i.ADC_IRQHandler    drvadc.o
    0x000022e8   0x000000bc   Code   RO           61    i.ADC_initialize    smpl_can.o
    0x000023a4   0x00000028   Code   RO          610    i.BOD_IRQHandler    drvsys.o
    0x000023cc   0x000000d4   Code   RO          913    i.BaudRateCalculator  drvuart.o
    0x000024a0   0x000000f0   Code   RO         1231    i.CAN0_IRQHandler   drvcan.o
    0x00002590   0x00000038   Code   RO         1235    i.DrvCAN_ClrIntPnd  drvcan.o
    0x000025c8   0x00000758   Code   RO          392    i.DrvGPIO_InitFunction  drvgpio.o
    0x00002d20   0x00000090   Code   RO         1081    i.DrvI2C_Close      drvi2c.o
    0x00002db0   0x00000054   Code   RO         1082    i.DrvI2C_Ctrl       drvi2c.o
    0x00002e04   0x000000c8   Code   RO         1090    i.DrvI2C_Open       drvi2c.o
    0x00002ecc   0x0000002c   Code   RO          613    i.DrvSYS_Delay      drvsys.o
    0x00002ef8   0x00000008   Code   RO          628    i.DrvSYS_GetExtClockFreq  drvsys.o
    0x00002f00   0x00000070   Code   RO          629    i.DrvSYS_GetHCLKFreq  drvsys.o
    0x00002f70   0x00000078   Code   RO          630    i.DrvSYS_GetPLLClockFreq  drvsys.o
    0x00002fe8   0x000000c4   Code   RO          631    i.DrvSYS_GetPLLContent  drvsys.o
    0x000030ac   0x00000010   Code   RO          634    i.DrvSYS_IsProtectedRegLocked  drvsys.o
    0x000030bc   0x000000c0   Code   RO          636    i.DrvSYS_Open       drvsys.o
    0x0000317c   0x00000038   Code   RO          642    i.DrvSYS_SelectHCLKSource  drvsys.o
    0x000031b4   0x00000080   Code   RO          650    i.DrvSYS_SetOscCtrl  drvsys.o
    0x00003234   0x0000004c   Code   RO          651    i.DrvSYS_SetPLLContent  drvsys.o
    0x00003280   0x000000fc   Code   RO          918    i.DrvUART_EnableInt  drvuart.o
    0x0000337c   0x00000268   Code   RO          923    i.DrvUART_Open      drvuart.o
    0x000035e4   0x00000040   Code   RO          924    i.DrvUART_Read      drvuart.o
    0x00003624   0x00000040   Code   RO          929    i.DrvUART_Write     drvuart.o
    0x00003664   0x00000024   Code   RO          400    i.EINT0_IRQHandler  drvgpio.o
    0x00003688   0x00000024   Code   RO          401    i.EINT1_IRQHandler  drvgpio.o
    0x000036ac   0x00000044   Code   RO          402    i.GPAB_IRQHandler   drvgpio.o
    0x000036f0   0x0000004c   Code   RO          403    i.GPCDE_IRQHandler  drvgpio.o
    0x0000373c   0x00000028   Code   RO         1267    i.GetFreeIF         drvcan.o
    0x00003764   0x0000004c   Code   RO          930    i.GetUartClk        drvuart.o
    0x000037b0   0x0000007c   Code   RO         1098    i.I2C0_IRQHandler   drvi2c.o
    0x0000382c   0x0000007c   Code   RO         1099    i.I2C1_IRQHandler   drvi2c.o
    0x000038a8   0x00000038   Code   RO           62    i.InitHCLK12M       smpl_can.o
    0x000038e0   0x00000218   Code   RO          235    i.Initial_pannel    lcd_driver.o
    0x00003af8   0x00000014   Code   RO          932    i.NVIC_EnableIRQ    drvuart.o
    0x00003b0c   0x00000028   Code   RO          658    i.PWRWU_IRQHandler  drvsys.o
    0x00003b34   0x00000064   Code   RO         1524    i.SPI0_IRQHandler   drvspi.o
    0x00003b98   0x00000064   Code   RO         1525    i.SPI1_IRQHandler   drvspi.o
    0x00003bfc   0x00000064   Code   RO         1526    i.SPI2_IRQHandler   drvspi.o
    0x00003c60   0x00000064   Code   RO         1527    i.SPI3_IRQHandler   drvspi.o
    0x00003cc4   0x000000f4   Code   RO          236    i.SetPACA           lcd_driver.o
    0x00003db8   0x00000078   Code   RO          237    i.Show_Word         lcd_driver.o
    0x00003e30   0x000000a0   Code   RO           17    i.SystemCoreClockUpdate  system_nuc1xx.o
    0x00003ed0   0x00000002   Code   RO           18    i.SystemInit        system_nuc1xx.o
    0x00003ed2   0x00000002   PAD
    0x00003ed4   0x0000003c   Code   RO          933    i.UART02_IRQHandler  drvuart.o
    0x00003f10   0x00000020   Code   RO          934    i.UART1_IRQHandler  drvuart.o
    0x00003f30   0x00000048   Code   RO           65    i.UART_INT_HANDLE   smpl_can.o
    0x00003f78   0x00000058   Code   RO          239    i.WriteData         lcd_driver.o
    0x00003fd0   0x00000030   Code   RO         2275    i.__ARM_common_ll_muluu  c_p.l(btod.o)
    0x00004000   0x0000001c   Code   RO          599    i.__ARM_common_switch8  drvgpio.o
    0x0000401c   0x0000002c   Code   RO         2292    i.__ARM_fpclassify  m_ps.l(fpclassify.o)
    0x00004048   0x0000039c   Code   RO         2223    i.__ieee754_rem_pio2  m_ps.l(rred.o)
    0x000043e4   0x000000f4   Code   RO         2205    i.__kernel_cos      m_ps.l(cos_i.o)
    0x000044d8   0x000000ac   Code   RO         2294    i.__kernel_poly     m_ps.l(poly.o)
    0x00004584   0x000000ec   Code   RO         2230    i.__kernel_sin      m_ps.l(sin_i.o)
    0x00004670   0x0000000a   Code   RO         2209    i.__mathlib_dbl_infnan  m_ps.l(dunder.o)
    0x0000467a   0x00000008   Code   RO         2210    i.__mathlib_dbl_infnan2  m_ps.l(dunder.o)
    0x00004682   0x00000010   Code   RO         2211    i.__mathlib_dbl_invalid  m_ps.l(dunder.o)
    0x00004692   0x00000002   PAD
    0x00004694   0x00000014   Code   RO         2214    i.__mathlib_dbl_underflow  m_ps.l(dunder.o)
    0x000046a8   0x0000000e   Code   RO         2075    i._is_digit         c_p.l(__printf_wp.o)
    0x000046b6   0x00000002   PAD
    0x000046b8   0x0000021c   Code   RO         2196    i.atan              m_ps.l(atan.o)
    0x000048d4   0x00000178   Code   RO         2139    i.atan2             m_ps.l(atan2.o)
    0x00004a4c   0x00000510   Code   RO           66    i.calibrateMPU9250  smpl_can.o
    0x00004f5c   0x00000028   Code   RO          240    i.clr_all_pannal    lcd_driver.o
    0x00004f84   0x00000098   Code   RO         2147    i.cos               m_ps.l(cos.o)
    0x0000501c   0x000000d8   Code   RO           68    i.initAK8963        smpl_can.o
    0x000050f4   0x000000a8   Code   RO           69    i.initMPU9250       smpl_can.o
    0x0000519c   0x000007e0   Code   RO           70    i.main              smpl_can.o
    0x0000597c   0x00000028   Code   RO          241    i.print_lcd         lcd_driver.o
    0x000059a4   0x00000086   Code   RO           71    i.readAccelData     smpl_can.o
    0x00005a2a   0x00000002   PAD
    0x00005a2c   0x0000012c   Code   RO           72    i.readByte          smpl_can.o
    0x00005b58   0x00000086   Code   RO           73    i.readGyroData      smpl_can.o
    0x00005bde   0x000000b0   Code   RO           74    i.readMagData       smpl_can.o
    0x00005c8e   0x0000002a   Code   RO           75    i.readTempData      smpl_can.o
    0x00005cb8   0x0000000e   Code   RO           76    i.resetMPU9250      smpl_can.o
    0x00005cc6   0x00000002   PAD
    0x00005cc8   0x0000009c   Code   RO         2155    i.sin               m_ps.l(sin.o)
    0x00005d64   0x00000048   Code   RO         2163    i.sqrt              m_ps.l(sqrt.o)
    0x00005dac   0x000000e8   Code   RO           79    i.writeByte         smpl_can.o
    0x00005e94   0x0000002c   Code   RO         2278    locale$$code        c_p.l(lc_numeric_c.o)
    0x00005ec0   0x00000064   Code   RO         2109    x$fpl$dleqf         fz_ps.l(dlef.o)
    0x00005f24   0x00000068   Code   RO         2113    x$fpl$drleqf        fz_ps.l(drlef.o)
    0x00005f8c   0x0000008c   Code   RO         2117    x$fpl$fadd          fz_ps.l(faddsub.o)
    0x00006018   0x00000054   Code   RO         2130    x$fpl$fleqf         fz_ps.l(flef.o)
    0x0000606c   0x000000b0   Code   RO         2132    x$fpl$fmul          fz_ps.l(fmul.o)
    0x0000611c   0x00000058   Code   RO         2134    x$fpl$frleqf        fz_ps.l(frlef.o)
    0x00006174   0x000000d0   Code   RO         2119    x$fpl$fsub          fz_ps.l(faddsub.o)
    0x00006244   0x00000010   Code   RO         2136    x$fpl$printf1       fz_ps.l(printf1.o)
    0x00006254   0x00000000   Code   RO         2194    x$fpl$usenofp       fz_ps.l(usenofp.o)
    0x00006254   0x0000000f   Data   RO           81    .constdata          smpl_can.o
    0x00006263   0x00000001   PAD
    0x00006264   0x00000010   Data   RO          659    .constdata          drvsys.o
    0x00006274   0x00000080   Data   RO         2105    .constdata          fz_ps.l(ddiv.o)
    0x000062f4   0x00000040   Data   RO         2124    .constdata          fz_ps.l(fdiv.o)
    0x00006334   0x00000004   PAD
    0x00006338   0x00000098   Data   RO         2197    .constdata          m_ps.l(atan.o)
    0x000063d0   0x00000030   Data   RO         2206    .constdata          m_ps.l(cos_i.o)
    0x00006400   0x00000008   Data   RO         2222    .constdata          m_ps.l(qnan.o)
    0x00006408   0x000000c8   Data   RO         2225    .constdata          m_ps.l(rred.o)
    0x000064d0   0x00000028   Data   RO         2231    .constdata          m_ps.l(sin_i.o)
    0x000064f8   0x00000094   Data   RO         2270    .constdata          c_p.l(bigflt0.o)
    0x0000658c   0x00000020   Data   RO         2441    Region$$Table       anon$$obj.o
    0x000065ac   0x0000001c   Data   RO         2277    locale$$data        c_p.l(lc_numeric_c.o)


    Execution Region ER_RW (Base: 0x20000000, Size: 0x000006b8, Max: 0xffffffff, ABSOLUTE)

    Base Addr    Size         Type   Attr      Idx    E Section Name        Object

    0x20000000   0x0000001c   Data   RW           19    .data               system_nuc1xx.o
    0x2000001c   0x0000006a   Data   RW           82    .data               smpl_can.o
    0x20000086   0x00000002   PAD
    0x20000088   0x00000010   Data   RW          242    .data               lcd_driver.o
    0x20000098   0x000005f0   Data   RW          295    .data               ascii_table.o
    0x20000688   0x00000010   Data   RW          407    .data               drvgpio.o
    0x20000698   0x00000008   Data   RW          660    .data               drvsys.o
    0x200006a0   0x0000000c   Data   RW          935    .data               drvuart.o
    0x200006ac   0x0000000c   Data   RW         1863    .data               drvadc.o


    Execution Region ER_ZI (Base: 0x200006b8, Size: 0x00000550, Max: 0xffffffff, ABSOLUTE)

    Base Addr    Size         Type   Attr      Idx    E Section Name        Object

    0x200006b8   0x0000005a   Zero   RW           80    .bss                smpl_can.o
    0x20000712   0x00000002   PAD
    0x20000714   0x00000020   Zero   RW         1103    .bss                drvi2c.o
    0x20000734   0x00000018   Zero   RW         1269    .bss                drvcan.o
    0x2000074c   0x00000050   Zero   RW         1528    .bss                drvspi.o
    0x2000079c   0x0000000c   Zero   RW         1862    .bss                drvadc.o
    0x200007a8   0x00000060   Zero   RW         2297    .bss                c_p.l(libspace.o)
    0x20000808   0x00000000   Zero   RW           54    HEAP                startup_nuc1xx.o
    0x20000808   0x00000400   Zero   RW           53    STACK               startup_nuc1xx.o


==============================================================================

Image component sizes


      Code (inc. data)   RO Data    RW Data    ZI Data      Debug   Object Name

         0          0          0       1520          0        484   ascii_table.o
         0          0          0          0          0       4540   core_cm0.o
       156         20          0         12         12       3117   drvadc.o
       336         24          0          0         24       4881   drvcan.o
      2124        120          0         16          0       9290   drvgpio.o
       676         58          0          0         32       4291   drvi2c.o
       400         32          0          0         80       4776   drvspi.o
      1028        134         16          8          0      10750   drvsys.o
      1396         92          0         12          0      17741   drvuart.o
      1068         24          0         16          0       4603   lcd_driver.o
      5044        274         15        106         90     134939   smpl_can.o
       100         46        192          0       1024        744   startup_nuc1xx.o
       162         28          0         28          0     120218   system_nuc1xx.o

    ----------------------------------------------------------------------
     12496        852        256       1720       1264     320374   Object Totals
         0          0         32          0          0          0   (incl. Generated)
         6          0          1          2          2          0   (incl. Padding)

    ----------------------------------------------------------------------

      Code (inc. data)   RO Data    RW Data    ZI Data      Debug   Library Member Name

         8          0          0          0          0         68   __main.o
       284          0          0          0          0        136   __printf_wp.o
         0          0          0          0          0          0   __rtentry.o
        12          0          0          0          0          0   __rtentry2.o
         6          0          0          0          0          0   __rtentry4.o
        60          8          0          0          0          0   __scatter.o
        26          0          0          0          0          0   __scatter_copy.o
        28          0          0          0          0          0   __scatter_zi.o
        48          6          0          0          0         88   _printf_char_common.o
        10          0          0          0          0          0   _printf_d.o
       108         18          0          0          0         76   _printf_dec.o
        10          0          0          0          0          0   _printf_f.o
      1044         14          0          0          0        176   _printf_fp_dec.o
       136         16          0          0          0         76   _printf_fp_infnan.o
       176          0          0          0          0         84   _printf_intcommon.o
         2          0          0          0          0          0   _printf_percent.o
         4          0          0          0          0          0   _printf_percent_end.o
        22          0          0          0          0         92   _rserrno.o
        10          0          0          0          0         60   _sputc.o
       346          0          0          0          0         92   aeabi_sdiv.o
       200          4        148          0          0         80   bigflt0.o
      1272         16          0          0          0        328   btod.o
        16          0          0          0          0         68   exit.o
         6          0          0          0          0        136   heapauxi.o
         0          0          0          0          0          0   indicate_semi.o
        44         10         28          0          0         76   lc_numeric_c.o
         2          0          0          0          0          0   libinit.o
        18          0          0          0          0          0   libinit2.o
         2          0          0          0          0          0   libshutdown.o
         2          0          0          0          0          0   libshutdown2.o
         8          4          0          0         96         68   libspace.o
       122          0          0          0          0         72   lludiv10.o
        40          4          0          0          0         84   noretval__2sprintf.o
         8          4          0          0          0         68   rt_errno_addr_intlibspace.o
         8          4          0          0          0         68   rt_locale_intlibspace.o
         2          0          0          0          0          0   rtexit.o
        10          0          0          0          0          0   rtexit2.o
        40          0          0          0          0         60   rtudiv10.o
       136          4          0          0          0         72   strcmp.o
        68          6          0          0          0         72   strlen.o
        12          4          0          0          0         60   sys_exit.o
        62          0          0          0          0         80   sys_stackheap_outer.o
         2          0          0          0          0         68   use_no_semi.o
        46          0          0          0          0         60   cmpret.o
       124          4          0          0          0         72   d2f.o
       856         20          0          0          0        208   daddsub.o
       144          4          0          0          0         76   dcmpin.o
      1096         26        128          0          0        112   ddiv.o
       108         10          0          0          0         72   dfixi.o
        88          0          0          0          0         92   dflti.o
       100          4          0          0          0         92   dlef.o
       584         26          0          0          0         84   dmul.o
        20          6          0          0          0         68   dnan2.o
       104          4          0          0          0        104   drlef.o
        96         12          0          0          0         72   dscalbn.o
       256          8          0          0          0         76   dsqrt.o
        84          4          0          0          0         60   f2d.o
       348          8          0          0          0        160   faddsub.o
       100          4          0          0          0         68   fcmpin.o
       352         10         64          0          0         92   fdiv.o
        94          0          0          0          0         92   fflti.o
        84          4          0          0          0         76   flef.o
       176          4          0          0          0         80   fmul.o
        16          6          0          0          0         68   fnan2.o
        88          4          0          0          0         76   frlef.o
        16          4          0          0          0         76   printf1.o
        94          0          0          0          0         68   retnan.o
         0          0          0          0          0          0   usenofp.o
       540         68        152          0          0        112   atan.o
       376         42          0          0          0        144   atan2.o
       152         10          0          0          0        104   cos.o
       244         20         48          0          0         92   cos_i.o
        54          6          0          0          0        272   dunder.o
        44          4          0          0          0         60   fpclassify.o
       172          0          0          0          0         76   poly.o
         0          0          8          0          0          0   qnan.o
       924         86        200          0          0        120   rred.o
       156         10          0          0          0        104   sin.o
       236         14         40          0          0        100   sin_i.o
        72          6          0          0          0         76   sqrt.o

    ----------------------------------------------------------------------
     12484        560        820          0         96       5772   Library Totals
        20          0          4          0          0          0   (incl. Padding)

    ----------------------------------------------------------------------

      Code (inc. data)   RO Data    RW Data    ZI Data      Debug   Library Name

      4420        122        176          0         96       2408   c_p.l
      5074        172        192          0          0       2104   fz_ps.l
      2970        266        448          0          0       1260   m_ps.l

    ----------------------------------------------------------------------
     12484        560        820          0         96       5772   Library Totals

    ----------------------------------------------------------------------

==============================================================================


      Code (inc. data)   RO Data    RW Data    ZI Data      Debug   

     24980       1412       1076       1720       1360     320722   Grand Totals
     24980       1412       1076       1720       1360     320722   ELF Image Totals
     24980       1412       1076       1720          0          0   ROM Totals

==============================================================================

    Total RO  Size (Code + RO Data)                26056 (  25.45kB)
    Total RW  Size (RW Data + ZI Data)              3080 (   3.01kB)
    Total ROM Size (Code + RO Data + RW Data)      27776 (  27.13kB)

==============================================================================

