Component: ARM Compiler 5.06 update 4 (build 422) Tool: armlink [4d35d2]

==============================================================================

Small function inlining results

Inlined function __aeabi_idiv0 from aeabi_idiv0.o at offset 0x154 in aeabi_sdiv.o(.text).
Inlined Instruction: BX       lr
Inlined function __aeabi_idiv0 from aeabi_idiv0.o at offset 0x154 in aeabi_sdiv_div0.o(.text).
Inlined Instruction: BX       lr
Inlined function _platform_pre_stackheap_init from boardinit1.o at offset 0x0 in __rtentry2.o(.ARM.Collect$$rtentry$$00000001).
Inlined Instruction: BX       lr
Inlined function _fp_init from fpinit.o at offset 0x0 in libinit2.o(.ARM.Collect$$libinit$$00000001).
Inlined Instruction: BX       lr
Inlined function _platform_pre_lib_shutdown from boardshut.o at offset 0x0 in rtexit2.o(.ARM.Collect$$rtexit$$00000001).
Inlined Instruction: BX       lr
Inlined function __ARM_get_argv from no_argv.o at offset 0x2 in argv_veneer.o(.text).
Inlined Instruction: BX       lr
Inlined total of 6 calls.

==============================================================================

Memory Map of the image

  Image Entry point : 0x00000165

  Load Region LR_1 (Base: 0x00000000, Size: 0x000043d8, Max: 0xffffffff, ABSOLUTE)

    Execution Region ER_RO (Base: 0x00000000, Size: 0x00004310, Max: 0xffffffff, ABSOLUTE)

    Base Addr    Size         Type   Attr      Idx    E Section Name        Object

    0x00000000   0x000000c0   Data   RO           55    RESET               startup_nuc1xx.o
    0x000000c0   0x00000008   Code   RO         2053  * !!!main             c_p.l(__main.o)
    0x000000c8   0x0000003c   Code   RO         2263    !!!scatter          c_p.l(__scatter.o)
    0x00000104   0x0000001a   Code   RO         2265    !!handler_copy      c_p.l(__scatter_copy.o)
    0x0000011e   0x00000002   PAD
    0x00000120   0x0000001c   Code   RO         2267    !!handler_zi        c_p.l(__scatter_zi.o)
    0x0000013c   0x00000002   Code   RO         2132    .ARM.Collect$$libinit$$00000000  c_p.l(libinit.o)
    0x0000013e   0x00000000   Code   RO         2148    .ARM.Collect$$libinit$$00000002  c_p.l(libinit2.o)
    0x0000013e   0x00000000   Code   RO         2150    .ARM.Collect$$libinit$$00000004  c_p.l(libinit2.o)
    0x0000013e   0x00000000   Code   RO         2153    .ARM.Collect$$libinit$$0000000A  c_p.l(libinit2.o)
    0x0000013e   0x00000000   Code   RO         2155    .ARM.Collect$$libinit$$0000000C  c_p.l(libinit2.o)
    0x0000013e   0x00000000   Code   RO         2157    .ARM.Collect$$libinit$$0000000E  c_p.l(libinit2.o)
    0x0000013e   0x00000000   Code   RO         2160    .ARM.Collect$$libinit$$00000011  c_p.l(libinit2.o)
    0x0000013e   0x00000000   Code   RO         2162    .ARM.Collect$$libinit$$00000013  c_p.l(libinit2.o)
    0x0000013e   0x00000000   Code   RO         2164    .ARM.Collect$$libinit$$00000015  c_p.l(libinit2.o)
    0x0000013e   0x00000000   Code   RO         2166    .ARM.Collect$$libinit$$00000017  c_p.l(libinit2.o)
    0x0000013e   0x00000000   Code   RO         2168    .ARM.Collect$$libinit$$00000019  c_p.l(libinit2.o)
    0x0000013e   0x00000000   Code   RO         2170    .ARM.Collect$$libinit$$0000001B  c_p.l(libinit2.o)
    0x0000013e   0x00000000   Code   RO         2172    .ARM.Collect$$libinit$$0000001D  c_p.l(libinit2.o)
    0x0000013e   0x00000000   Code   RO         2174    .ARM.Collect$$libinit$$0000001F  c_p.l(libinit2.o)
    0x0000013e   0x00000000   Code   RO         2176    .ARM.Collect$$libinit$$00000021  c_p.l(libinit2.o)
    0x0000013e   0x00000000   Code   RO         2178    .ARM.Collect$$libinit$$00000023  c_p.l(libinit2.o)
    0x0000013e   0x00000000   Code   RO         2180    .ARM.Collect$$libinit$$00000025  c_p.l(libinit2.o)
    0x0000013e   0x00000000   Code   RO         2184    .ARM.Collect$$libinit$$0000002C  c_p.l(libinit2.o)
    0x0000013e   0x00000000   Code   RO         2186    .ARM.Collect$$libinit$$0000002E  c_p.l(libinit2.o)
    0x0000013e   0x00000000   Code   RO         2188    .ARM.Collect$$libinit$$00000030  c_p.l(libinit2.o)
    0x0000013e   0x00000000   Code   RO         2190    .ARM.Collect$$libinit$$00000032  c_p.l(libinit2.o)
    0x0000013e   0x00000002   Code   RO         2191    .ARM.Collect$$libinit$$00000033  c_p.l(libinit2.o)
    0x00000140   0x00000002   Code   RO         2220    .ARM.Collect$$libshutdown$$00000000  c_p.l(libshutdown.o)
    0x00000142   0x00000000   Code   RO         2246    .ARM.Collect$$libshutdown$$00000002  c_p.l(libshutdown2.o)
    0x00000142   0x00000000   Code   RO         2248    .ARM.Collect$$libshutdown$$00000004  c_p.l(libshutdown2.o)
    0x00000142   0x00000000   Code   RO         2251    .ARM.Collect$$libshutdown$$00000007  c_p.l(libshutdown2.o)
    0x00000142   0x00000000   Code   RO         2254    .ARM.Collect$$libshutdown$$0000000A  c_p.l(libshutdown2.o)
    0x00000142   0x00000000   Code   RO         2256    .ARM.Collect$$libshutdown$$0000000C  c_p.l(libshutdown2.o)
    0x00000142   0x00000000   Code   RO         2259    .ARM.Collect$$libshutdown$$0000000F  c_p.l(libshutdown2.o)
    0x00000142   0x00000002   Code   RO         2260    .ARM.Collect$$libshutdown$$00000010  c_p.l(libshutdown2.o)
    0x00000144   0x00000000   Code   RO         2083    .ARM.Collect$$rtentry$$00000000  c_p.l(__rtentry.o)
    0x00000144   0x00000000   Code   RO         2096    .ARM.Collect$$rtentry$$00000002  c_p.l(__rtentry2.o)
    0x00000144   0x00000006   Code   RO         2108    .ARM.Collect$$rtentry$$00000004  c_p.l(__rtentry4.o)
    0x0000014a   0x00000000   Code   RO         2098    .ARM.Collect$$rtentry$$00000009  c_p.l(__rtentry2.o)
    0x0000014a   0x00000004   Code   RO         2099    .ARM.Collect$$rtentry$$0000000A  c_p.l(__rtentry2.o)
    0x0000014e   0x00000000   Code   RO         2101    .ARM.Collect$$rtentry$$0000000C  c_p.l(__rtentry2.o)
    0x0000014e   0x00000008   Code   RO         2102    .ARM.Collect$$rtentry$$0000000D  c_p.l(__rtentry2.o)
    0x00000156   0x00000002   Code   RO         2139    .ARM.Collect$$rtexit$$00000000  c_p.l(rtexit.o)
    0x00000158   0x00000000   Code   RO         2195    .ARM.Collect$$rtexit$$00000002  c_p.l(rtexit2.o)
    0x00000158   0x00000004   Code   RO         2196    .ARM.Collect$$rtexit$$00000003  c_p.l(rtexit2.o)
    0x0000015c   0x00000006   Code   RO         2197    .ARM.Collect$$rtexit$$00000004  c_p.l(rtexit2.o)
    0x00000162   0x00000002   PAD
    0x00000164   0x00000064   Code   RO           56  * .text               startup_nuc1xx.o
    0x000001c8   0x00000028   Code   RO         2041    .text               c_p.l(noretval__2sprintf.o)
    0x000001f0   0x00000044   Code   RO         2043    .text               c_p.l(strlen.o)
    0x00000234   0x00000040   Code   RO         2045    .text               c_p.l(rt_memclr.o)
    0x00000274   0x0000015a   Code   RO         2047    .text               c_p.l(aeabi_sdiv.o)
    0x000003ce   0x00000006   Code   RO         2051    .text               c_p.l(heapauxi.o)
    0x000003d4   0x0000007c   Code   RO         2055    .text               fz_ps.l(d2f.o)
    0x00000450   0x00000358   Code   RO         2057    .text               fz_ps.l(daddsub.o)
    0x000007a8   0x00000448   Code   RO         2059    .text               fz_ps.l(ddiv.o)
    0x00000bf0   0x00000058   Code   RO         2062    .text               fz_ps.l(dflti.o)
    0x00000c48   0x00000248   Code   RO         2066    .text               fz_ps.l(dmul.o)
    0x00000e90   0x00000054   Code   RO         2070    .text               fz_ps.l(f2d.o)
    0x00000ee4   0x00000160   Code   RO         2078    .text               fz_ps.l(fdiv.o)
    0x00001044   0x0000005e   Code   RO         2081    .text               fz_ps.l(fflti.o)
    0x000010a2   0x00000002   PAD
    0x000010a4   0x00000030   Code   RO         2088    .text               c_p.l(_printf_char_common.o)
    0x000010d4   0x0000000a   Code   RO         2090    .text               c_p.l(_sputc.o)
    0x000010de   0x00000002   PAD
    0x000010e0   0x00000090   Code   RO         2092    .text               fz_ps.l(dcmpin.o)
    0x00001170   0x00000024   Code   RO         2112    .text               c_p.l(__printf_nopercent.o)
    0x00001194   0x0000002e   Code   RO         2114    .text               fz_ps.l(cmpret.o)
    0x000011c2   0x00000002   PAD
    0x000011c4   0x00000014   Code   RO         2116    .text               fz_ps.l(dnan2.o)
    0x000011d8   0x0000003e   Code   RO         2118    .text               c_p.l(sys_stackheap_outer.o)
    0x00001216   0x00000010   Code   RO         2121    .text               c_p.l(exit.o)
    0x00001226   0x0000005e   Code   RO         2133    .text               fz_ps.l(retnan.o)
    0x00001284   0x00000008   Code   RO         2135    .text               c_p.l(libspace.o)
    0x0000128c   0x0000000c   Code   RO         2192    .text               c_p.l(sys_exit.o)
    0x00001298   0x00000002   Code   RO         2209    .text               c_p.l(use_no_semi.o)
    0x0000129a   0x00000000   Code   RO         2211    .text               c_p.l(indicate_semi.o)
    0x0000129a   0x00000002   PAD
    0x0000129c   0x0000009c   Code   RO         1807    i.ADC_IRQHandler    drvadc.o
    0x00001338   0x0000001a   Code   RO           61    i.ADC_initialize    smpl_can.o
    0x00001352   0x00000002   PAD
    0x00001354   0x00000028   Code   RO          592    i.BOD_IRQHandler    drvsys.o
    0x0000137c   0x000000d4   Code   RO          895    i.BaudRateCalculator  drvuart.o
    0x00001450   0x000000f0   Code   RO         1213    i.CAN0_IRQHandler   drvcan.o
    0x00001540   0x000000e0   Code   RO         1834    i.DrvADC_Open       drvadc.o
    0x00001620   0x00000038   Code   RO         1217    i.DrvCAN_ClrIntPnd  drvcan.o
    0x00001658   0x0000002c   Code   RO          365    i.DrvGPIO_GetBit    drvgpio.o
    0x00001684   0x00000758   Code   RO          374    i.DrvGPIO_InitFunction  drvgpio.o
    0x00001ddc   0x00000088   Code   RO          375    i.DrvGPIO_Open      drvgpio.o
    0x00001e64   0x00000090   Code   RO         1063    i.DrvI2C_Close      drvi2c.o
    0x00001ef4   0x00000054   Code   RO         1064    i.DrvI2C_Ctrl       drvi2c.o
    0x00001f48   0x000000c8   Code   RO         1072    i.DrvI2C_Open       drvi2c.o
    0x00002010   0x0000002c   Code   RO          595    i.DrvSYS_Delay      drvsys.o
    0x0000203c   0x00000008   Code   RO          610    i.DrvSYS_GetExtClockFreq  drvsys.o
    0x00002044   0x00000070   Code   RO          611    i.DrvSYS_GetHCLKFreq  drvsys.o
    0x000020b4   0x00000078   Code   RO          612    i.DrvSYS_GetPLLClockFreq  drvsys.o
    0x0000212c   0x000000c4   Code   RO          613    i.DrvSYS_GetPLLContent  drvsys.o
    0x000021f0   0x00000010   Code   RO          616    i.DrvSYS_IsProtectedRegLocked  drvsys.o
    0x00002200   0x000000c0   Code   RO          618    i.DrvSYS_Open       drvsys.o
    0x000022c0   0x00000038   Code   RO          624    i.DrvSYS_SelectHCLKSource  drvsys.o
    0x000022f8   0x00000080   Code   RO          632    i.DrvSYS_SetOscCtrl  drvsys.o
    0x00002378   0x0000004c   Code   RO          633    i.DrvSYS_SetPLLContent  drvsys.o
    0x000023c4   0x000000fc   Code   RO          900    i.DrvUART_EnableInt  drvuart.o
    0x000024c0   0x00000268   Code   RO          905    i.DrvUART_Open      drvuart.o
    0x00002728   0x00000040   Code   RO          906    i.DrvUART_Read      drvuart.o
    0x00002768   0x00000040   Code   RO          911    i.DrvUART_Write     drvuart.o
    0x000027a8   0x00000024   Code   RO          382    i.EINT0_IRQHandler  drvgpio.o
    0x000027cc   0x00000024   Code   RO          383    i.EINT1_IRQHandler  drvgpio.o
    0x000027f0   0x00000044   Code   RO          384    i.GPAB_IRQHandler   drvgpio.o
    0x00002834   0x0000004c   Code   RO          385    i.GPCDE_IRQHandler  drvgpio.o
    0x00002880   0x00000028   Code   RO         1249    i.GetFreeIF         drvcan.o
    0x000028a8   0x0000004c   Code   RO          912    i.GetUartClk        drvuart.o
    0x000028f4   0x0000007c   Code   RO         1080    i.I2C0_IRQHandler   drvi2c.o
    0x00002970   0x0000007c   Code   RO         1081    i.I2C1_IRQHandler   drvi2c.o
    0x000029ec   0x00000038   Code   RO           62    i.InitHCLK12M       smpl_can.o
    0x00002a24   0x00000218   Code   RO          217    i.Initial_pannel    lcd_driver.o
    0x00002c3c   0x00000014   Code   RO          914    i.NVIC_EnableIRQ    drvuart.o
    0x00002c50   0x00000028   Code   RO          640    i.PWRWU_IRQHandler  drvsys.o
    0x00002c78   0x00000064   Code   RO         1506    i.SPI0_IRQHandler   drvspi.o
    0x00002cdc   0x00000064   Code   RO         1507    i.SPI1_IRQHandler   drvspi.o
    0x00002d40   0x00000064   Code   RO         1508    i.SPI2_IRQHandler   drvspi.o
    0x00002da4   0x00000064   Code   RO         1509    i.SPI3_IRQHandler   drvspi.o
    0x00002e08   0x000000f4   Code   RO          218    i.SetPACA           lcd_driver.o
    0x00002efc   0x000000a0   Code   RO           17    i.SystemCoreClockUpdate  system_nuc1xx.o
    0x00002f9c   0x00000002   Code   RO           18    i.SystemInit        system_nuc1xx.o
    0x00002f9e   0x00000002   PAD
    0x00002fa0   0x0000003c   Code   RO          915    i.UART02_IRQHandler  drvuart.o
    0x00002fdc   0x00000020   Code   RO          916    i.UART1_IRQHandler  drvuart.o
    0x00002ffc   0x00000024   Code   RO           63    i.UART_INT_HANDLE   smpl_can.o
    0x00003020   0x00000058   Code   RO          221    i.WriteData         lcd_driver.o
    0x00003078   0x0000001c   Code   RO          581    i.__ARM_common_switch8  drvgpio.o
    0x00003094   0x00000510   Code   RO           65    i.calibrateMPU9250  smpl_can.o
    0x000035a4   0x00000028   Code   RO          222    i.clr_all_pannal    lcd_driver.o
    0x000035cc   0x00000020   Code   RO           66    i.delay_time        smpl_can.o
    0x000035ec   0x000000d8   Code   RO           68    i.initAK8963        smpl_can.o
    0x000036c4   0x000000a8   Code   RO           69    i.initMPU9250       smpl_can.o
    0x0000376c   0x00000498   Code   RO           70    i.main              smpl_can.o
    0x00003c04   0x00000086   Code   RO           71    i.readAccelData     smpl_can.o
    0x00003c8a   0x00000002   PAD
    0x00003c8c   0x0000012c   Code   RO           72    i.readByte          smpl_can.o
    0x00003db8   0x00000086   Code   RO           73    i.readGyroData      smpl_can.o
    0x00003e3e   0x000000b0   Code   RO           74    i.readMagData       smpl_can.o
    0x00003eee   0x0000000e   Code   RO           75    i.resetMPU9250      smpl_can.o
    0x00003efc   0x000000e8   Code   RO           76    i.writeByte         smpl_can.o
    0x00003fe4   0x00000064   Code   RO         2064    x$fpl$dleqf         fz_ps.l(dlef.o)
    0x00004048   0x00000068   Code   RO         2068    x$fpl$drleqf        fz_ps.l(drlef.o)
    0x000040b0   0x0000008c   Code   RO         2072    x$fpl$fadd          fz_ps.l(faddsub.o)
    0x0000413c   0x000000d0   Code   RO         2074    x$fpl$fsub          fz_ps.l(faddsub.o)
    0x0000420c   0x00000000   Code   RO         2094    x$fpl$usenofp       fz_ps.l(usenofp.o)
    0x0000420c   0x00000014   Data   RO           78    .constdata          smpl_can.o
    0x00004220   0x00000010   Data   RO          641    .constdata          drvsys.o
    0x00004230   0x00000080   Data   RO         2060    .constdata          fz_ps.l(ddiv.o)
    0x000042b0   0x00000040   Data   RO         2079    .constdata          fz_ps.l(fdiv.o)
    0x000042f0   0x00000020   Data   RO         2261    Region$$Table       anon$$obj.o


    Execution Region ER_RW (Base: 0x20000000, Size: 0x000000c8, Max: 0xffffffff, ABSOLUTE)

    Base Addr    Size         Type   Attr      Idx    E Section Name        Object

    0x20000000   0x0000001c   Data   RW           19    .data               system_nuc1xx.o
    0x2000001c   0x0000006c   Data   RW           79    .data               smpl_can.o
    0x20000088   0x00000010   Data   RW          224    .data               lcd_driver.o
    0x20000098   0x00000010   Data   RW          389    .data               drvgpio.o
    0x200000a8   0x00000008   Data   RW          642    .data               drvsys.o
    0x200000b0   0x0000000c   Data   RW          917    .data               drvuart.o
    0x200000bc   0x0000000c   Data   RW         1845    .data               drvadc.o


    Execution Region ER_ZI (Base: 0x200000c8, Size: 0x00000570, Max: 0xffffffff, ABSOLUTE)

    Base Addr    Size         Type   Attr      Idx    E Section Name        Object

    0x200000c8   0x00000078   Zero   RW           77    .bss                smpl_can.o
    0x20000140   0x00000020   Zero   RW         1085    .bss                drvi2c.o
    0x20000160   0x00000018   Zero   RW         1251    .bss                drvcan.o
    0x20000178   0x00000050   Zero   RW         1510    .bss                drvspi.o
    0x200001c8   0x0000000c   Zero   RW         1844    .bss                drvadc.o
    0x200001d4   0x00000060   Zero   RW         2136    .bss                c_p.l(libspace.o)
    0x20000234   0x00000004   PAD
    0x20000238   0x00000000   Zero   RW           54    HEAP                startup_nuc1xx.o
    0x20000238   0x00000400   Zero   RW           53    STACK               startup_nuc1xx.o


==============================================================================

Image component sizes


      Code (inc. data)   RO Data    RW Data    ZI Data      Debug   Object Name

         0          0          0          0          0       4540   core_cm0.o
       380         28          0         12         12       3751   drvadc.o
       336         24          0          0         24       4781   drvcan.o
      2304        138          0         16          0      10446   drvgpio.o
       676         58          0          0         32       4131   drvi2c.o
       400         32          0          0         80       4616   drvspi.o
      1028        134         16          8          0      10430   drvsys.o
      1396         92          0         12          0      17457   drvuart.o
       908         20          0         16          0       3043   lcd_driver.o
      3996        202         20        108        120     134558   smpl_can.o
       100         46        192          0       1024        728   startup_nuc1xx.o
       162         28          0         28          0     120102   system_nuc1xx.o

    ----------------------------------------------------------------------
     11692        802        260        200       1292     318583   Object Totals
         0          0         32          0          0          0   (incl. Generated)
         6          0          0          0          0          0   (incl. Padding)

    ----------------------------------------------------------------------

      Code (inc. data)   RO Data    RW Data    ZI Data      Debug   Library Member Name

         8          0          0          0          0         68   __main.o
        36          0          0          0          0         76   __printf_nopercent.o
         0          0          0          0          0          0   __rtentry.o
        12          0          0          0          0          0   __rtentry2.o
         6          0          0          0          0          0   __rtentry4.o
        60          8          0          0          0          0   __scatter.o
        26          0          0          0          0          0   __scatter_copy.o
        28          0          0          0          0          0   __scatter_zi.o
        48          6          0          0          0         88   _printf_char_common.o
        10          0          0          0          0         60   _sputc.o
       346          0          0          0          0         92   aeabi_sdiv.o
        16          0          0          0          0         68   exit.o
         6          0          0          0          0        136   heapauxi.o
         0          0          0          0          0          0   indicate_semi.o
         2          0          0          0          0          0   libinit.o
         2          0          0          0          0          0   libinit2.o
         2          0          0          0          0          0   libshutdown.o
         2          0          0          0          0          0   libshutdown2.o
         8          4          0          0         96         68   libspace.o
        40          4          0          0          0         84   noretval__2sprintf.o
        64          0          0          0          0        108   rt_memclr.o
         2          0          0          0          0          0   rtexit.o
        10          0          0          0          0          0   rtexit2.o
        68          6          0          0          0         72   strlen.o
        12          4          0          0          0         60   sys_exit.o
        62          0          0          0          0         80   sys_stackheap_outer.o
         2          0          0          0          0         68   use_no_semi.o
        46          0          0          0          0         60   cmpret.o
       124          4          0          0          0         72   d2f.o
       856         20          0          0          0        208   daddsub.o
       144          4          0          0          0         76   dcmpin.o
      1096         26        128          0          0        112   ddiv.o
        88          0          0          0          0         92   dflti.o
       100          4          0          0          0         92   dlef.o
       584         26          0          0          0         84   dmul.o
        20          6          0          0          0         68   dnan2.o
       104          4          0          0          0        104   drlef.o
        84          4          0          0          0         60   f2d.o
       348          8          0          0          0        160   faddsub.o
       352         10         64          0          0         92   fdiv.o
        94          0          0          0          0         92   fflti.o
        94          0          0          0          0         68   retnan.o
         0          0          0          0          0          0   usenofp.o

    ----------------------------------------------------------------------
      5024        148        192          0        100       2568   Library Totals
        12          0          0          0          4          0   (incl. Padding)

    ----------------------------------------------------------------------

      Code (inc. data)   RO Data    RW Data    ZI Data      Debug   Library Name

       878         32          0          0         96       1128   c_p.l
      4134        116        192          0          0       1440   fz_ps.l

    ----------------------------------------------------------------------
      5024        148        192          0        100       2568   Library Totals

    ----------------------------------------------------------------------

==============================================================================


      Code (inc. data)   RO Data    RW Data    ZI Data      Debug   

     16716        950        452        200       1392     317411   Grand Totals
     16716        950        452        200       1392     317411   ELF Image Totals
     16716        950        452        200          0          0   ROM Totals

==============================================================================

    Total RO  Size (Code + RO Data)                17168 (  16.77kB)
    Total RW  Size (RW Data + ZI Data)              1592 (   1.55kB)
    Total ROM Size (Code + RO Data + RW Data)      17368 (  16.96kB)

==============================================================================

