<html>
<body>
<pre>
<h1>猩ision Build Log</h1>
<h2>Tool Versions:</h2>
IDE-Version: μVision V5.23.0.0
Copyright (C) 2017 ARM Ltd and ARM Germany GmbH. All rights reserved.
License Information: asd SA, fds, LIC=----
 
Tool Versions:
Toolchain:       MDK-Lite  Version: 5.23
Toolchain Path:  C:\Keil_v5\ARM\ARMCC\Bin
C Compiler:      Armcc.exe V5.06 update 4 (build 422)
Assembler:       Armasm.exe V5.06 update 4 (build 422)
Linker/Locator:  ArmLink.exe V5.06 update 4 (build 422)
Library Manager: ArmAr.exe V5.06 update 4 (build 422)
Hex Converter:   FromElf.exe V5.06 update 4 (build 422)
CPU DLL:         SARMCM3.DLL V5.23
Dialog DLL:      DARMCM1.DLL V1.17.0.0
Target DLL:      Nu_Link.dll V1.30
Dialog DLL:      TARMCM1.DLL V1.12.0.0
 
<h2>Project:</h2>
C:\Keil\NuvotonPlatform_Keil\Sample\NUC1xx-LB_002\藍牙接收指令複合式2.0\Smpl_CAN.uvproj
Project File Date:  05/22/2017

<h2>Output:</h2>
*** Using Compiler 'V5.06 update 4 (build 422)', folder: 'C:\Keil_v5\ARM\ARMCC\Bin'
Build target 'Smpl_CAN'
creating preprocessor file for core_cm0.c...
creating preprocessor file for system_NUC1xx.c...
creating preprocessor file for Smpl_CAN.c...
creating preprocessor file for LCD_Driver.c...
creating preprocessor file for Ascii_Table.C...
creating preprocessor file for HID_API.c...
creating preprocessor file for retarget.c...
creating preprocessor file for DrvGPIO.c...
compiling HID_API.c...
HID_API.c(381): warning:  #223-D: function "atoi" declared implicitly
    buf[0] = atoi(comRbuf3); 														   //s10t8a0  上,右,案件
HID_API.c(397): warning:  #177-D: variable "i"  was declared but never referenced
  	int32_t i;
HID_API.c(520): warning:  #167-D: argument of type "void (*)(void)" is incompatible with parameter of type "PFN_DRVUART_CALLBACK *"
  		DrvUART_EnableInt(UART_PORT0, DRVUART_RDAINT, UART_INT_HANDLE);  
HID_API.c: 3 warnings, 0 errors
creating preprocessor file for DrvSYS.c...
creating preprocessor file for DrvUART.c...
creating preprocessor file for EEPROM_24LC64.c...
creating preprocessor file for DrvI2C.c...
creating preprocessor file for DrvCAN.c...
creating preprocessor file for DrvSPI.c...
creating preprocessor file for DrvADC.c...
creating preprocessor file for HIDSys.c...
creating preprocessor file for DrvUSB.c...
linking...
Program Size: Code=13940 RO-data=1336 RW-data=2228 ZI-data=1540  
After Build - User command #1: fromelf --bin ".\obj\Smpl_CAN.axf" --output ".\obj\Smpl_CAN.bin"
After Build - User command #2: fromelf --text -c ".\obj\Smpl_CAN.axf" --output ".\obj\Smpl_CAN.txt"
".\obj\Smpl_CAN.axf" - 0 Error(s), 3 Warning(s).
Build Time Elapsed:  00:00:02
</pre>
</body>
</html>
