<html>
<body>
<pre>
<h1>µVision Build Log</h1>
<h2>Tool Versions:</h2>
IDE-Version: £gVision V5.23.0.0
Copyright (C) 2017 ARM Ltd and ARM Germany GmbH. All rights reserved.
License Information: asd SA, fds, LIC=----
 
Tool Versions:
Toolchain:       MDK-Lite  Version: 5.23
Toolchain Path:  C:\Keil_v5\ARM\ARMCC\Bin
C Compiler:      Armcc.exe V5.06 update 4 (build 422)
Assembler:       Armasm.exe V5.06 update 4 (build 422)
Linker/Locator:  ArmLink.exe V5.06 update 4 (build 422)
Library Manager: ArmAr.exe V5.06 update 4 (build 422)
Hex Converter:   FromElf.exe V5.06 update 4 (build 422)
CPU DLL:         SARMCM3.DLL V5.23
Dialog DLL:      DARMCM1.DLL V1.17.0.0
Target DLL:      Nu_Link.dll V1.30
Dialog DLL:      TARMCM1.DLL V1.12.0.0
 
<h2>Project:</h2>
C:\Keil\NuvotonPlatform_Keil\Sample\NUC1xx-LB_002\Smpl_SPI_Flashx2\Smpl_DrvSPI.uvproj
Project File Date:  07/24/2017

<h2>Output:</h2>
*** Using Compiler 'V5.06 update 4 (build 422)', folder: 'C:\Keil_v5\ARM\ARMCC\Bin'
Rebuild target 'Smpl_DrvSPI'
creating preprocessor file for core_cm0.c...
creating preprocessor file for system_NUC1xx.c...
compiling core_cm0.c...
assembling startup_NUC1xx.s...
creating preprocessor file for Smpl_DrvSPI.c...
compiling system_NUC1xx.c...
creating preprocessor file for LCD_Driver.c...
compiling Smpl_DrvSPI.c...
creating preprocessor file for Ascii_Table.C...
compiling LCD_Driver.c...
compiling Ascii_Table.C...
creating preprocessor file for DrvSPI.c...
creating preprocessor file for DrvSYS.c...
compiling DrvSPI.c...
creating preprocessor file for DrvUART.c...
compiling DrvSYS.c...
creating preprocessor file for DrvGPIO.c...
compiling DrvUART.c...
..\..\..\Src\Driver\DrvUART.c(900): warning:  #1-D: last line of file ends without a newline
  }
..\..\..\Src\Driver\DrvUART.c: 1 warning, 0 errors
creating preprocessor file for retarget.c...
compiling DrvGPIO.c...
compiling retarget.c...
linking...
Program Size: Code=9116 RO-data=244 RW-data=1616 ZI-data=1200  
After Build - User command #1: fromelf --bin ".\obj\Smpl_DrvSPI.axf" --output ".\obj\Smpl_DrvSPI.bin"
After Build - User command #2: fromelf --text -c ".\obj\Smpl_DrvSPI.axf" --output ".\obj\Smpl_DrvSPI.txt"
".\obj\Smpl_DrvSPI.axf" - 0 Error(s), 1 Warning(s).
Build Time Elapsed:  00:00:06
</pre>
</body>
</html>
