<html>
<body>
<pre>
<h1>µVision Build Log</h1>
<h2>Tool Versions:</h2>
IDE-Version: £gVision V5.23.0.0
Copyright (C) 2017 ARM Ltd and ARM Germany GmbH. All rights reserved.
License Information: asd SA, fds, LIC=----
 
Tool Versions:
Toolchain:       MDK-Lite  Version: 5.23
Toolchain Path:  C:\Keil_v5\ARM\ARMCC\Bin
C Compiler:      Armcc.exe V5.06 update 4 (build 422)
Assembler:       Armasm.exe V5.06 update 4 (build 422)
Linker/Locator:  ArmLink.exe V5.06 update 4 (build 422)
Library Manager: ArmAr.exe V5.06 update 4 (build 422)
Hex Converter:   FromElf.exe V5.06 update 4 (build 422)
CPU DLL:         SARMCM3.DLL V5.23
Dialog DLL:      DARMCM1.DLL V1.17.0.0
Target DLL:      Nu_Link.dll V1.30
Dialog DLL:      TARMCM1.DLL V1.12.0.0
 
<h2>Project:</h2>
C:\Keil\NuvotonPlatform_Keil\Sample\NUC1xx-LB_002\Smpl_FATFS_SDCard\Smpl_FAT_FS.uvproj
Project File Date:  05/25/2018

<h2>Output:</h2>
*** Using Compiler 'V5.06 update 4 (build 422)', folder: 'C:\Keil_v5\ARM\ARMCC\Bin'
Build target 'Smpl_UDC'
creating preprocessor file for core_cm0.c...
creating preprocessor file for system_NUC1xx.c...
assembling startup_NUC1xx.s...
compiling core_cm0.c...
creating preprocessor file for Smpl_FAT_FS.c...
compiling system_NUC1xx.c...
creating preprocessor file for ff.c...
compiling Smpl_FAT_FS.c...
creating preprocessor file for diskio.c...
creating preprocessor file for ccsbcs.c...
compiling diskio.c...
compiling ff.c...
creating preprocessor file for DrvUART.c...
compiling ccsbcs.c...
creating preprocessor file for DrvSYS.c...
compiling DrvUART.c...
..\..\..\Src\Driver\DrvUART.c(900): warning:  #1-D: last line of file ends without a newline
  }
..\..\..\Src\Driver\DrvUART.c: 1 warning, 0 errors
creating preprocessor file for DrvGPIO.c...
compiling DrvSYS.c...
creating preprocessor file for retarget.c...
compiling DrvGPIO.c...
creating preprocessor file for DrvSPI.c...
compiling retarget.c...
creating preprocessor file for DrvSDCard.c...
compiling DrvSPI.c...
compiling DrvSDCard.c...
linking...
Program Size: Code=20680 RO-data=3208 RW-data=312 ZI-data=3848  
After Build - User command #1: fromelf --bin ".\obj\Smpl_UDC.axf" --output ".\obj\Smpl_UDC.bin"
After Build - User command #2: fromelf --text -c ".\obj\Smpl_UDC.axf" --output ".\obj\Smpl_UDC.txt"
".\obj\Smpl_UDC.axf" - 0 Error(s), 1 Warning(s).
Build Time Elapsed:  00:00:08
</pre>
</body>
</html>
