Component: ARM Compiler 5.06 update 4 (build 422) Tool: armlink [4d35d2]

==============================================================================

Small function inlining results

Inlined function __aeabi_idiv0 from aeabi_idiv0.o at offset 0x154 in aeabi_sdiv.o(.text).
Inlined Instruction: BX       lr
Inlined function __aeabi_idiv0 from aeabi_idiv0.o at offset 0x154 in aeabi_sdiv_div0.o(.text).
Inlined Instruction: BX       lr
Inlined function _platform_pre_stackheap_init from boardinit1.o at offset 0x0 in __rtentry2.o(.ARM.Collect$$rtentry$$00000001).
Inlined Instruction: BX       lr
Inlined function _fp_init from fpinit.o at offset 0x0 in libinit2.o(.ARM.Collect$$libinit$$00000001).
Inlined Instruction: BX       lr
Inlined function _platform_pre_lib_shutdown from boardshut.o at offset 0x0 in rtexit2.o(.ARM.Collect$$rtexit$$00000001).
Inlined Instruction: BX       lr
Inlined function __ARM_get_argv from no_argv.o at offset 0x2 in argv_veneer.o(.text).
Inlined Instruction: BX       lr
Inlined total of 6 calls.

==============================================================================

Memory Map of the image

  Image Entry point : 0x00000175

  Load Region LR_1 (Base: 0x00000000, Size: 0x000021c0, Max: 0xffffffff, ABSOLUTE)

    Execution Region ER_RO (Base: 0x00000000, Size: 0x00001b48, Max: 0xffffffff, ABSOLUTE)

    Base Addr    Size         Type   Attr      Idx    E Section Name        Object

    0x00000000   0x000000c0   Data   RO           55    RESET               startup_nuc1xx.o
    0x000000c0   0x00000008   Code   RO          931  * !!!main             c_p.l(__main.o)
    0x000000c8   0x0000003c   Code   RO         1109    !!!scatter          c_p.l(__scatter.o)
    0x00000104   0x0000001a   Code   RO         1111    !!handler_copy      c_p.l(__scatter_copy.o)
    0x0000011e   0x00000002   PAD
    0x00000120   0x0000001c   Code   RO         1113    !!handler_zi        c_p.l(__scatter_zi.o)
    0x0000013c   0x00000002   Code   RO          922    .ARM.Collect$$_printf_percent$$00000000  c_p.l(_printf_percent.o)
    0x0000013e   0x0000000a   Code   RO          921    .ARM.Collect$$_printf_percent$$00000014  c_p.l(_printf_s.o)
    0x00000148   0x00000004   Code   RO          944    .ARM.Collect$$_printf_percent$$00000017  c_p.l(_printf_percent_end.o)
    0x0000014c   0x00000002   Code   RO          978    .ARM.Collect$$libinit$$00000000  c_p.l(libinit.o)
    0x0000014e   0x00000000   Code   RO          992    .ARM.Collect$$libinit$$00000002  c_p.l(libinit2.o)
    0x0000014e   0x00000000   Code   RO          994    .ARM.Collect$$libinit$$00000004  c_p.l(libinit2.o)
    0x0000014e   0x00000000   Code   RO          997    .ARM.Collect$$libinit$$0000000A  c_p.l(libinit2.o)
    0x0000014e   0x00000000   Code   RO          999    .ARM.Collect$$libinit$$0000000C  c_p.l(libinit2.o)
    0x0000014e   0x00000000   Code   RO         1001    .ARM.Collect$$libinit$$0000000E  c_p.l(libinit2.o)
    0x0000014e   0x00000000   Code   RO         1004    .ARM.Collect$$libinit$$00000011  c_p.l(libinit2.o)
    0x0000014e   0x00000000   Code   RO         1006    .ARM.Collect$$libinit$$00000013  c_p.l(libinit2.o)
    0x0000014e   0x00000000   Code   RO         1008    .ARM.Collect$$libinit$$00000015  c_p.l(libinit2.o)
    0x0000014e   0x00000000   Code   RO         1010    .ARM.Collect$$libinit$$00000017  c_p.l(libinit2.o)
    0x0000014e   0x00000000   Code   RO         1012    .ARM.Collect$$libinit$$00000019  c_p.l(libinit2.o)
    0x0000014e   0x00000000   Code   RO         1014    .ARM.Collect$$libinit$$0000001B  c_p.l(libinit2.o)
    0x0000014e   0x00000000   Code   RO         1016    .ARM.Collect$$libinit$$0000001D  c_p.l(libinit2.o)
    0x0000014e   0x00000000   Code   RO         1018    .ARM.Collect$$libinit$$0000001F  c_p.l(libinit2.o)
    0x0000014e   0x00000000   Code   RO         1020    .ARM.Collect$$libinit$$00000021  c_p.l(libinit2.o)
    0x0000014e   0x00000000   Code   RO         1022    .ARM.Collect$$libinit$$00000023  c_p.l(libinit2.o)
    0x0000014e   0x00000000   Code   RO         1024    .ARM.Collect$$libinit$$00000025  c_p.l(libinit2.o)
    0x0000014e   0x00000000   Code   RO         1028    .ARM.Collect$$libinit$$0000002C  c_p.l(libinit2.o)
    0x0000014e   0x00000000   Code   RO         1030    .ARM.Collect$$libinit$$0000002E  c_p.l(libinit2.o)
    0x0000014e   0x00000000   Code   RO         1032    .ARM.Collect$$libinit$$00000030  c_p.l(libinit2.o)
    0x0000014e   0x00000000   Code   RO         1034    .ARM.Collect$$libinit$$00000032  c_p.l(libinit2.o)
    0x0000014e   0x00000002   Code   RO         1035    .ARM.Collect$$libinit$$00000033  c_p.l(libinit2.o)
    0x00000150   0x00000002   Code   RO         1066    .ARM.Collect$$libshutdown$$00000000  c_p.l(libshutdown.o)
    0x00000152   0x00000000   Code   RO         1092    .ARM.Collect$$libshutdown$$00000002  c_p.l(libshutdown2.o)
    0x00000152   0x00000000   Code   RO         1094    .ARM.Collect$$libshutdown$$00000004  c_p.l(libshutdown2.o)
    0x00000152   0x00000000   Code   RO         1097    .ARM.Collect$$libshutdown$$00000007  c_p.l(libshutdown2.o)
    0x00000152   0x00000000   Code   RO         1100    .ARM.Collect$$libshutdown$$0000000A  c_p.l(libshutdown2.o)
    0x00000152   0x00000000   Code   RO         1102    .ARM.Collect$$libshutdown$$0000000C  c_p.l(libshutdown2.o)
    0x00000152   0x00000000   Code   RO         1105    .ARM.Collect$$libshutdown$$0000000F  c_p.l(libshutdown2.o)
    0x00000152   0x00000002   Code   RO         1106    .ARM.Collect$$libshutdown$$00000010  c_p.l(libshutdown2.o)
    0x00000154   0x00000000   Code   RO          933    .ARM.Collect$$rtentry$$00000000  c_p.l(__rtentry.o)
    0x00000154   0x00000000   Code   RO          946    .ARM.Collect$$rtentry$$00000002  c_p.l(__rtentry2.o)
    0x00000154   0x00000006   Code   RO          958    .ARM.Collect$$rtentry$$00000004  c_p.l(__rtentry4.o)
    0x0000015a   0x00000000   Code   RO          948    .ARM.Collect$$rtentry$$00000009  c_p.l(__rtentry2.o)
    0x0000015a   0x00000004   Code   RO          949    .ARM.Collect$$rtentry$$0000000A  c_p.l(__rtentry2.o)
    0x0000015e   0x00000000   Code   RO          951    .ARM.Collect$$rtentry$$0000000C  c_p.l(__rtentry2.o)
    0x0000015e   0x00000008   Code   RO          952    .ARM.Collect$$rtentry$$0000000D  c_p.l(__rtentry2.o)
    0x00000166   0x00000002   Code   RO          983    .ARM.Collect$$rtexit$$00000000  c_p.l(rtexit.o)
    0x00000168   0x00000000   Code   RO         1039    .ARM.Collect$$rtexit$$00000002  c_p.l(rtexit2.o)
    0x00000168   0x00000004   Code   RO         1040    .ARM.Collect$$rtexit$$00000003  c_p.l(rtexit2.o)
    0x0000016c   0x00000006   Code   RO         1041    .ARM.Collect$$rtexit$$00000004  c_p.l(rtexit2.o)
    0x00000172   0x00000002   PAD
    0x00000174   0x00000064   Code   RO           56  * .text               startup_nuc1xx.o
    0x000001d8   0x00000028   Code   RO          895    .text               c_p.l(noretval__2sprintf.o)
    0x00000200   0x0000006c   Code   RO          897    .text               c_p.l(__printf.o)
    0x0000026c   0x00000052   Code   RO          899    .text               c_p.l(_printf_str.o)
    0x000002be   0x00000040   Code   RO          923    .text               c_p.l(rt_memclr.o)
    0x000002fe   0x0000015a   Code   RO          925    .text               c_p.l(aeabi_sdiv.o)
    0x00000458   0x00000006   Code   RO          929    .text               c_p.l(heapauxi.o)
    0x0000045e   0x00000002   PAD
    0x00000460   0x00000030   Code   RO          938    .text               c_p.l(_printf_char_common.o)
    0x00000490   0x0000000a   Code   RO          940    .text               c_p.l(_sputc.o)
    0x0000049a   0x0000002e   Code   RO          942    .text               c_p.l(_printf_char.o)
    0x000004c8   0x0000003e   Code   RO          964    .text               c_p.l(sys_stackheap_outer.o)
    0x00000506   0x00000010   Code   RO          967    .text               c_p.l(exit.o)
    0x00000516   0x00000002   PAD
    0x00000518   0x00000008   Code   RO          979    .text               c_p.l(libspace.o)
    0x00000520   0x0000000c   Code   RO         1036    .text               c_p.l(sys_exit.o)
    0x0000052c   0x00000002   Code   RO         1055    .text               c_p.l(use_no_semi.o)
    0x0000052e   0x00000000   Code   RO         1057    .text               c_p.l(indicate_semi.o)
    0x0000052e   0x00000002   PAD
    0x00000530   0x00000028   Code   RO          201    i.BOD_IRQHandler    drvsys.o
    0x00000558   0x000000d4   Code   RO          512    i.BaudRateCalculator  drvuart.o
    0x0000062c   0x00000758   Code   RO          680    i.DrvGPIO_InitFunction  drvgpio.o
    0x00000d84   0x0000002c   Code   RO          204    i.DrvSYS_Delay      drvsys.o
    0x00000db0   0x00000008   Code   RO          219    i.DrvSYS_GetExtClockFreq  drvsys.o
    0x00000db8   0x00000078   Code   RO          221    i.DrvSYS_GetPLLClockFreq  drvsys.o
    0x00000e30   0x000000c4   Code   RO          222    i.DrvSYS_GetPLLContent  drvsys.o
    0x00000ef4   0x00000010   Code   RO          225    i.DrvSYS_IsProtectedRegLocked  drvsys.o
    0x00000f04   0x000000c0   Code   RO          227    i.DrvSYS_Open       drvsys.o
    0x00000fc4   0x00000038   Code   RO          233    i.DrvSYS_SelectHCLKSource  drvsys.o
    0x00000ffc   0x0000004c   Code   RO          242    i.DrvSYS_SetPLLContent  drvsys.o
    0x00001048   0x00000268   Code   RO          522    i.DrvUART_Open      drvuart.o
    0x000012b0   0x00000040   Code   RO          523    i.DrvUART_Read      drvuart.o
    0x000012f0   0x00000040   Code   RO          528    i.DrvUART_Write     drvuart.o
    0x00001330   0x00000024   Code   RO          688    i.EINT0_IRQHandler  drvgpio.o
    0x00001354   0x00000024   Code   RO          689    i.EINT1_IRQHandler  drvgpio.o
    0x00001378   0x00000044   Code   RO          690    i.GPAB_IRQHandler   drvgpio.o
    0x000013bc   0x0000004c   Code   RO          691    i.GPCDE_IRQHandler  drvgpio.o
    0x00001408   0x0000004c   Code   RO          529    i.GetUartClk        drvuart.o
    0x00001454   0x00000218   Code   RO           61    i.Initial_pannel    lcd_driver.o
    0x0000166c   0x00000028   Code   RO          249    i.PWRWU_IRQHandler  drvsys.o
    0x00001694   0x000000f4   Code   RO           62    i.SetPACA           lcd_driver.o
    0x00001788   0x00000078   Code   RO           63    i.Show_Word         lcd_driver.o
    0x00001800   0x000000a0   Code   RO           17    i.SystemCoreClockUpdate  system_nuc1xx.o
    0x000018a0   0x00000002   Code   RO           18    i.SystemInit        system_nuc1xx.o
    0x000018a2   0x00000002   PAD
    0x000018a4   0x0000003c   Code   RO          532    i.UART02_IRQHandler  drvuart.o
    0x000018e0   0x00000020   Code   RO          533    i.UART1_IRQHandler  drvuart.o
    0x00001900   0x00000058   Code   RO           65    i.WriteData         lcd_driver.o
    0x00001958   0x0000001c   Code   RO          498    i.__ARM_common_switch8  drvsys.o
    0x00001974   0x00000028   Code   RO           66    i.clr_all_pannal    lcd_driver.o
    0x0000199c   0x00000020   Code   RO          142    i.delay_time        smpl_uart0.o
    0x000019bc   0x00000124   Code   RO          143    i.main              smpl_uart0.o
    0x00001ae0   0x00000028   Code   RO           67    i.print_lcd         lcd_driver.o
    0x00001b08   0x00000010   Data   RO          144    .constdata          smpl_uart0.o
    0x00001b18   0x00000010   Data   RO          250    .constdata          drvsys.o
    0x00001b28   0x00000020   Data   RO         1107    Region$$Table       anon$$obj.o


    Execution Region ER_RW (Base: 0x20000000, Size: 0x00000678, Max: 0xffffffff, ABSOLUTE)

    Base Addr    Size         Type   Attr      Idx    E Section Name        Object

    0x20000000   0x0000001c   Data   RW           19    .data               system_nuc1xx.o
    0x2000001c   0x00000010   Data   RW           68    .data               lcd_driver.o
    0x2000002c   0x000005f0   Data   RW          134    .data               ascii_table.o
    0x2000061c   0x00000036   Data   RW          145    .data               smpl_uart0.o
    0x20000652   0x00000002   PAD
    0x20000654   0x00000008   Data   RW          251    .data               drvsys.o
    0x2000065c   0x0000000c   Data   RW          534    .data               drvuart.o
    0x20000668   0x00000010   Data   RW          695    .data               drvgpio.o


    Execution Region ER_ZI (Base: 0x20000678, Size: 0x00000460, Max: 0xffffffff, ABSOLUTE)

    Base Addr    Size         Type   Attr      Idx    E Section Name        Object

    0x20000678   0x00000060   Zero   RW          980    .bss                c_p.l(libspace.o)
    0x200006d8   0x00000000   Zero   RW           54    HEAP                startup_nuc1xx.o
    0x200006d8   0x00000400   Zero   RW           53    STACK               startup_nuc1xx.o


==============================================================================

Image component sizes


      Code (inc. data)   RO Data    RW Data    ZI Data      Debug   Object Name

         0          0          0       1520          0        468   ascii_table.o
         0          0          0          0          0       4540   core_cm0.o
      2096        120          0         16          0       9134   drvgpio.o
       816        106         16          8          0     127585   drvsys.o
      1124         70          0         12          0       8657   drvuart.o
      1068         24          0         16          0       4527   lcd_driver.o
       324         86         16         54          0       5118   smpl_uart0.o
       100         46        192          0       1024        736   startup_nuc1xx.o
       162         28          0         28          0     120162   system_nuc1xx.o

    ----------------------------------------------------------------------
      5692        480        256       1656       1024     280927   Object Totals
         0          0         32          0          0          0   (incl. Generated)
         2          0          0          2          0          0   (incl. Padding)

    ----------------------------------------------------------------------

      Code (inc. data)   RO Data    RW Data    ZI Data      Debug   Library Member Name

         8          0          0          0          0         68   __main.o
       108          0          0          0          0         76   __printf.o
         0          0          0          0          0          0   __rtentry.o
        12          0          0          0          0          0   __rtentry2.o
         6          0          0          0          0          0   __rtentry4.o
        60          8          0          0          0          0   __scatter.o
        26          0          0          0          0          0   __scatter_copy.o
        28          0          0          0          0          0   __scatter_zi.o
        46          0          0          0          0        100   _printf_char.o
        48          6          0          0          0         88   _printf_char_common.o
         2          0          0          0          0          0   _printf_percent.o
         4          0          0          0          0          0   _printf_percent_end.o
        10          0          0          0          0          0   _printf_s.o
        82          0          0          0          0         72   _printf_str.o
        10          0          0          0          0         60   _sputc.o
       346          0          0          0          0         92   aeabi_sdiv.o
        16          0          0          0          0         68   exit.o
         6          0          0          0          0        136   heapauxi.o
         0          0          0          0          0          0   indicate_semi.o
         2          0          0          0          0          0   libinit.o
         2          0          0          0          0          0   libinit2.o
         2          0          0          0          0          0   libshutdown.o
         2          0          0          0          0          0   libshutdown2.o
         8          4          0          0         96         68   libspace.o
        40          4          0          0          0         84   noretval__2sprintf.o
        64          0          0          0          0        108   rt_memclr.o
         2          0          0          0          0          0   rtexit.o
        10          0          0          0          0          0   rtexit2.o
        12          4          0          0          0         60   sys_exit.o
        62          0          0          0          0         80   sys_stackheap_outer.o
         2          0          0          0          0         68   use_no_semi.o

    ----------------------------------------------------------------------
      1036         26          0          0         96       1228   Library Totals
        10          0          0          0          0          0   (incl. Padding)

    ----------------------------------------------------------------------

      Code (inc. data)   RO Data    RW Data    ZI Data      Debug   Library Name

      1026         26          0          0         96       1228   c_p.l

    ----------------------------------------------------------------------
      1036         26          0          0         96       1228   Library Totals

    ----------------------------------------------------------------------

==============================================================================


      Code (inc. data)   RO Data    RW Data    ZI Data      Debug   

      6728        506        256       1656       1120     280427   Grand Totals
      6728        506        256       1656       1120     280427   ELF Image Totals
      6728        506        256       1656          0          0   ROM Totals

==============================================================================

    Total RO  Size (Code + RO Data)                 6984 (   6.82kB)
    Total RW  Size (RW Data + ZI Data)              2776 (   2.71kB)
    Total ROM Size (Code + RO Data + RW Data)       8640 (   8.44kB)

==============================================================================

